09-15 11:35:41.861  1341  1979 V SystemServerTimingAsync: ssm.onStartUser-10_com.android.server.ondevicepersonalization.OnDevicePersonalizationSystemService$Lifecycle took to complete: 0ms
09-15 11:35:41.861  1341  1981 V StorageManagerService: Package vendor.qti.qesdk.sysservice has legacy storage
09-15 11:35:41.861  1341  1979 D SystemServerTimingAsync: ssm.onStartUser-10_com.android.server.selectiontoolbar.SelectionToolbarManagerService
09-15 11:35:41.861  1341  1980 V SystemServerTimingAsync: ssm.onStartUser-10_com.android.server.MmsServiceBroker took to complete: 0ms
09-15 11:35:41.861  1341  1981 V StorageManagerService: Package org.codeaurora.ims does not have legacy storage
09-15 11:35:41.861  1341  1980 D SystemServerTimingAsync: ssm.onStartUser-10_com.android.server.clipboard.ClipboardService
09-15 11:35:41.861  1341  1979 V SystemServerTimingAsync: ssm.onStartUser-10_com.android.server.selectiontoolbar.SelectionToolbarManagerService took to complete: 0ms
09-15 11:35:41.861  1341  1980 V SystemServerTimingAsync: ssm.onStartUser-10_com.android.server.clipboard.ClipboardService took to complete: 0ms
09-15 11:35:41.861  1341  1979 D SystemServerTimingAsync: ssm.onStartUser-10_com.android.server.appbinding.AppBindingService$Lifecycle
09-15 11:35:41.861  1341  1981 V StorageManagerService: Package com.android.statementservice does not have legacy storage
09-15 11:35:41.861  1341  1980 D SystemServerTimingAsync: ssm.onStartUser-10_com.android.server.tracing.TracingServiceProxy
09-15 11:35:41.861  1341  1981 V StorageManagerService: Package com.android.car.developeroptions has legacy storage
09-15 11:35:41.861  1341  1981 V StorageManagerService: Package android.overlay.target does not have legacy storage
09-15 11:35:41.861  1341  1980 V SystemServerTimingAsync: ssm.onStartUser-10_com.android.server.tracing.TracingServiceProxy took to complete: 0ms
09-15 11:35:41.861  1341  1980 D SystemServerTimingAsync: ssm.onStartUser-10_com.android.server.policy.PermissionPolicyService
09-15 11:35:41.861  1341  1981 V StorageManagerService: Package com.android.car.test.one.hotworddetectionservice does not have legacy storage
09-15 11:35:41.861  1341  1980 D SystemServerTiming: Permission_grant_default_permissions-10
09-15 11:35:41.861  1341  1981 V StorageManagerService: Package com.android.settings.intelligence does not have legacy storage
09-15 11:35:41.861  1341  1980 V SystemServerTiming: Permission_grant_default_permissions-10 took to complete: 0ms
09-15 11:35:41.861  1341  1979 V SystemServerTimingAsync: ssm.onStartUser-10_com.android.server.appbinding.AppBindingService$Lifecycle took to complete: 1ms
09-15 11:35:41.861  1341  1981 V StorageManagerService: Package com.android.car.systemui.rro does not have legacy storage
09-15 11:35:41.861  1341  1979 D SystemServerTimingAsync: ssm.onStartUser-10_com.android.server.pm.StagingManager$Lifecycle
09-15 11:35:41.861  1341  1979 V SystemServerTimingAsync: ssm.onStartUser-10_com.android.server.pm.StagingManager$Lifecycle took to complete: 0ms
09-15 11:35:41.861  1341  1981 V StorageManagerService: Package com.koushikdutta.vysor does not have legacy storage
09-15 11:35:41.861  1341  1979 D SystemServerTimingAsync: ssm.onStartUser-10_com.android.server.app.GameManagerService$Lifecycle
09-15 11:35:41.861  1341  1980 D SystemServerTiming: Permission_synchronize_permissions-10
09-15 11:35:41.861  1341  1981 V StorageManagerService: Package com.android.internal.systemui.navbar.gestural_extra_wide_back does not have legacy storage
09-15 11:35:41.861  1341  1981 V StorageManagerService: Package com.android.systemui.accessibility.accessibilitymenu does not have legacy storage
09-15 11:35:41.861  1341  1979 D GameManagerService: Starting user 10
09-15 11:35:41.861  1341  1981 V StorageManagerService: Package com.android.car.settings has legacy storage
09-15 11:35:41.861  1341  1981 V StorageManagerService: Package com.qualcomm.qti.dynamicddsservice does not have legacy storage
09-15 11:35:41.861  1341  1981 V StorageManagerService: Package com.google.android.wifi.resources.overlay.common does not have legacy storage
09-15 11:35:41.861  1341  1981 V StorageManagerService: Package com.qualcomm.qti.xrvd.service has legacy storage
09-15 11:35:41.861  1341  1981 V StorageManagerService: Package com.qualcomm.qcrilmsgtunnel does not have legacy storage
09-15 11:35:41.861  1341  1981 V StorageManagerService: Package com.android.providers.settings has legacy storage
09-15 11:35:41.861  1341  1981 V StorageManagerService: Package com.android.sharedstoragebackup does not have legacy storage
09-15 11:35:41.861  1341  1981 V StorageManagerService: Package com.android.printspooler does not have legacy storage
09-15 11:35:41.861  1341  1981 V StorageManagerService: Package com.android.car.frameworkpackagestubs does not have legacy storage
09-15 11:35:41.862  1341  1981 V StorageManagerService: Package com.qualcomm.qti.services.systemhelper does not have legacy storage
09-15 11:35:41.862  1341  1981 V StorageManagerService: Package com.android.wifi.resources.overlay.common does not have legacy storage
09-15 11:35:41.862  1341  1981 V StorageManagerService: Package com.android.dreams.basic does not have legacy storage
09-15 11:35:41.862  1341  1981 V StorageManagerService: Package com.android.webview does not have legacy storage
09-15 11:35:41.862  1341  1981 V StorageManagerService: Package com.android.car.hidecameraapps does not have legacy storage
09-15 11:35:41.862  1341  1981 V StorageManagerService: Package com.android.se does not have legacy storage
09-15 11:35:41.862  1341  1981 V StorageManagerService: Package com.android.inputdevices has legacy storage
09-15 11:35:41.862  1341  1981 V StorageManagerService: Package com.android.rkpdapp does not have legacy storage
09-15 11:35:41.862  1341  1981 V StorageManagerService: Package com.qti.dpmserviceapp does not have legacy storage
09-15 11:35:41.862  1341  1981 V StorageManagerService: Package com.google.android.car.defaultstoragemonitoringcompanionapp does not have legacy storage
09-15 11:35:41.862  1341  1981 V StorageManagerService: Package com.qti.xdivert does not have legacy storage
09-15 11:35:41.862  1341  1981 V StorageManagerService: Package com.android.musicfx does not have legacy storage
09-15 11:35:41.862  1341  1981 V StorageManagerService: Package com.android.settings.overlay.common does not have legacy storage
09-15 11:35:41.862  1341  1980 D SystemServerTiming: Permission_synchronize_addPackages-10
09-15 11:35:41.862  1341  1981 V StorageManagerService: Package com.example.android.locationattribution does not have legacy storage
09-15 11:35:41.862  1341  1981 V StorageManagerService: Package android.ext.shared does not have legacy storage
09-15 11:35:41.862  1341  1981 V StorageManagerService: Package com.android.server.telecom has legacy storage
09-15 11:35:41.862  1341  1981 V StorageManagerService: Package com.google.android.car.networking.preferenceupdater has legacy storage
09-15 11:35:41.862  1341  1981 V StorageManagerService: Package com.qualcomm.qti.ramdumpcopyui does not have legacy storage
09-15 11:35:41.862  1341  1981 V StorageManagerService: Package com.android.keychain has legacy storage
09-15 11:35:41.862  1341  1981 V StorageManagerService: Package com.qti.snapdragon.qdcm_ff has legacy storage
09-15 11:35:41.862  1341  1981 V StorageManagerService: Package com.android.wifi.resources.overlay.target does not have legacy storage
09-15 11:35:41.862  1341  1981 V StorageManagerService: Package com.android.gallery3d has legacy storage
09-15 11:35:41.863  1341  1981 V StorageManagerService: Package android.ext.services does not have legacy storage
09-15 11:35:41.863  1341  1981 V StorageManagerService: Package com.android.wifi.resources does not have legacy storage
09-15 11:35:41.863  1341  1981 V StorageManagerService: Package com.android.phone.overlay.common does not have legacy storage
09-15 11:35:41.863  1341  1981 V StorageManagerService: Package com.android.carrierconfig.overlay.common does not have legacy storage
09-15 11:35:41.863  1341  1981 V StorageManagerService: Package com.android.systemui.overlay.common does not have legacy storage
09-15 11:35:41.863  1341  1981 V StorageManagerService: Package com.android.cameraextensions does not have legacy storage
09-15 11:35:41.863  1341  1981 V StorageManagerService: Package com.android.server.telecom.overlay.common does not have legacy storage
09-15 11:35:41.863  1341  1981 V StorageManagerService: Package com.android.localtransport has legacy storage
09-15 11:35:41.863  1341  1981 V StorageManagerService: Package org.codelinaro.bike.bikelauncher has legacy storage
09-15 11:35:41.863  1341  1981 V StorageManagerService: Package com.android.packageinstaller does not have legacy storage
09-15 11:35:41.863  1341  1981 V StorageManagerService: Package com.android.carrierdefaultapp does not have legacy storage
09-15 11:35:41.863  1341  1981 V StorageManagerService: Package com.qualcomm.qti.powersavemode does not have legacy storage
09-15 11:35:41.864  1341  1981 V StorageManagerService: Package com.qualcomm.qti.remoteSimlockAuth does not have legacy storage
09-15 11:35:41.864  1341  1981 V StorageManagerService: Package com.android.credentialmanager does not have legacy storage
09-15 11:35:41.864  1341  1981 V StorageManagerService: Package com.qualcomm.qti.devicestatisticsservice does not have legacy storage
09-15 11:35:41.864  1341  1981 V StorageManagerService: Package com.android.theme.font.notoserifsource does not have legacy storage
09-15 11:35:41.864  1341  1981 V StorageManagerService: Package com.android.proxyhandler does not have legacy storage
09-15 11:35:41.864  1341  1981 V StorageManagerService: Package com.android.internal.display.cutout.emulation.waterfall does not have legacy storage
09-15 11:35:41.864  1341  1981 V StorageManagerService: Package com.android.intentresolver does not have legacy storage
09-15 11:35:41.864  1341  1981 V StorageManagerService: Package com.qualcomm.qti.workloadclassifier does not have legacy storage
09-15 11:35:41.864  1341  1981 V StorageManagerService: Package com.android.nearby.halfsheet does not have legacy storage
09-15 11:35:41.864  1341  1981 V StorageManagerService: Package com.android.inputmethod.latin does not have legacy storage
09-15 11:35:41.864  1341  1981 V StorageManagerService: Package com.android.internal.systemui.navbar.transparent does not have legacy storage
09-15 11:35:41.864  1341  1981 V StorageManagerService: Package android.car.usb.handler does not have legacy storage
09-15 11:35:41.864  1341  1981 V StorageManagerService: Package com.android.managedprovisioning does not have legacy storage
09-15 11:35:41.864  1341  1981 V StorageManagerService: Package com.android.networkstack.tethering does not have legacy storage
09-15 11:35:41.864  1341  1981 V StorageManagerService: Package com.android.soundpicker does not have legacy storage
09-15 11:35:41.864  1341  1981 V StorageManagerService: Package com.example.vehiclemqttservice does not have legacy storage
09-15 11:35:41.865  1341  1981 V StorageManagerService: Package com.android.car.bugreport does not have legacy storage
09-15 11:35:41.865  1341  1981 V StorageManagerService: Package com.qualcomm.qct.dlt does not have legacy storage
09-15 11:35:41.865  1341  1981 V StorageManagerService: Package com.android.smspush does not have legacy storage
09-15 11:35:41.865  1341  1981 V StorageManagerService: Package com.qualcomm.qti.dcf.client.service does not have legacy storage
09-15 11:35:41.865  1341  1981 V StorageManagerService: Package com.android.role.notes.enabled does not have legacy storage
09-15 11:35:41.865  1341  1981 V StorageManagerService: Package com.qualcomm.atfwd2 does not have legacy storage
09-15 11:35:41.865  1341  1981 V StorageManagerService: Package com.android.car.cartelemetryapp does not have legacy storage
09-15 11:35:41.865  1341  1981 V StorageManagerService: Package com.android.experimentalcar has legacy storage
09-15 11:35:41.865  1341  1981 V StorageManagerService: Package com.android.apps.tag does not have legacy storage
09-15 11:35:41.865  1341  1981 V StorageManagerService: Package com.android.imsserviceentitlement does not have legacy storage
09-15 11:35:41.865  1341  1981 V StorageManagerService: Package com.android.storagemanager does not have legacy storage
09-15 11:35:41.865  1341  1981 V StorageManagerService: Package com.quicinc.voiceassistant.reference does not have legacy storage
09-15 11:35:41.866  1341  1981 V StorageManagerService: Package my.tests.snapdragonsdktest does not have legacy storage
09-15 11:35:41.866  1341  1981 V StorageManagerService: Package com.qualcomm.qti.cne does not have legacy storage
09-15 11:35:41.866  1341  1981 V StorageManagerService: Package com.qualcomm.qti.ims does not have legacy storage
09-15 11:35:41.866  1341  1981 V StorageManagerService: Package com.qualcomm.qti.lpa does not have legacy storage
09-15 11:35:41.866  1341  1981 V StorageManagerService: Package com.qualcomm.qti.smq does not have legacy storage
09-15 11:35:41.866  1341  1981 V StorageManagerService: Package com.qualcomm.qti.sva does not have legacy storage
09-15 11:35:41.866  1341  1981 V StorageManagerService: Package com.qualcomm.qti.uim does not have legacy storage
09-15 11:35:41.866  1341  1981 V StorageManagerService: Package com.android.cts.ctsshim does not have legacy storage
09-15 11:35:41.866  1341  1981 V StorageManagerService: Package com.qti.telephonysettings does not have legacy storage
09-15 11:35:41.866  1341  1981 V StorageManagerService: Package com.ultraviolette.fotaservice has legacy storage
09-15 11:35:41.866  1341  1981 V StorageManagerService: Package com.qualcomm.qti.uimGbaApp does not have legacy storage
09-15 11:35:41.866  1341  1981 V StorageManagerService: Package com.caf.fmradio does not have legacy storage
09-15 11:35:41.866  1341  1981 V StorageManagerService: Package com.qti.diagservices has legacy storage
09-15 11:35:41.866  1341  1981 V StorageManagerService: Package com.android.permissioncontroller.car.rro does not have legacy storage
09-15 11:35:41.866  1341  1981 V StorageManagerService: Package com.android.vpndialogs does not have legacy storage
09-15 11:35:41.867  1341  1981 V StorageManagerService: Package com.android.ecall does not have legacy storage
09-15 11:35:41.867  1341  1981 V StorageManagerService: Package com.android.music does not have legacy storage
09-15 11:35:41.867  1341  1981 V StorageManagerService: Package com.android.phone does not have legacy storage
09-15 11:35:41.867  1341  1981 V StorageManagerService: Package com.android.shell does not have legacy storage
09-15 11:35:41.867  1341  1981 V StorageManagerService: Package com.android.sdksandbox does not have legacy storage
09-15 11:35:41.867  1341  1981 V StorageManagerService: Package org.codeaurora.snapcam does not have legacy storage
09-15 11:35:41.867  1341  1981 V StorageManagerService: Package com.android.providers.userdictionary does not have legacy storage
09-15 11:35:41.867  1341  1981 V StorageManagerService: Package com.android.providers.media.module does not have legacy storage
09-15 11:35:41.867  1341  1981 V StorageManagerService: Package com.qualcomm.qti.cam2test does not have legacy storage
09-15 11:35:41.867  1341  1981 V StorageManagerService: Package com.android.emergency does not have legacy storage
09-15 11:35:41.867  1341  1981 V StorageManagerService: Package com.android.hotspot2.osulogin does not have legacy storage
09-15 11:35:41.867  1341  1981 V StorageManagerService: Package com.qualcomm.qti.qmmi has legacy storage
09-15 11:35:41.867  1341  1981 V StorageManagerService: Package com.qualcomm.qti.usta does not have legacy storage
09-15 11:35:41.867  1341  1981 V StorageManagerService: Package com.qualcomm.qti.xrcb does not have legacy storage
09-15 11:35:41.867  1341  1981 V StorageManagerService: Package com.android.internal.systemui.navbar.gestural does not have legacy storage
09-15 11:35:41.867  1341  1981 V StorageManagerService: Package com.android.location.fused has legacy storage
09-15 11:35:41.867  1341  1981 V StorageManagerService: Package com.android.systemui does not have legacy storage
09-15 11:35:41.867  1341  1981 V StorageManagerService: Package com.android.bluetoothmidiservice does not have legacy storage
09-15 11:35:41.867  1341  1981 V StorageManagerService: Package com.qualcomm.qti.confdialer does not have legacy storage
09-15 11:35:41.868  1341  1979 V SystemServerTimingAsync: ssm.onStartUser-10_com.android.server.app.GameManagerService$Lifecycle took to complete: 6ms
09-15 11:35:41.868  1341  1981 V StorageManagerService: Package com.qualcomm.qti.poweroffalarm does not have legacy storage
09-15 11:35:41.868  1341  1979 D SystemServerTimingAsync: ssm.onStartUser-10_com.android.safetycenter.SafetyCenterService
09-15 11:35:41.868  1341  1979 V SystemServerTimingAsync: ssm.onStartUser-10_com.android.safetycenter.SafetyCenterService took to complete: 0ms
09-15 11:35:41.868  1341  1979 D SystemServerTimingAsync: ssm.onStartUser-10_com.android.server.appsearch.AppSearchModule$Lifecycle
09-15 11:35:41.868  1341  1979 V SystemServerTimingAsync: ssm.onStartUser-10_com.android.server.appsearch.AppSearchModule$Lifecycle took to complete: 0ms
09-15 11:35:41.868  1341  1979 D SystemServerTimingAsync: ssm.onStartUser-10_com.android.server.media.MediaCommunicationService
09-15 11:35:41.868  1341  1979 V SystemServerTimingAsync: ssm.onStartUser-10_com.android.server.media.MediaCommunicationService took to complete: 0ms
09-15 11:35:41.868  1341  1979 D SystemServerTimingAsync: ssm.onStartUser-10_com.android.server.compat.overrides.AppCompatOverridesService$Lifecycle
09-15 11:35:41.868  1341  1979 V SystemServerTimingAsync: ssm.onStartUser-10_com.android.server.compat.overrides.AppCompatOverridesService$Lifecycle took to complete: 0ms
09-15 11:35:41.868  1341  1979 D SystemServerTimingAsync: ssm.onStartUser-10_com.android.server.healthconnect.HealthConnectManagerService
09-15 11:35:41.868  1341  1979 V SystemServerTimingAsync: ssm.onStartUser-10_com.android.server.healthconnect.HealthConnectManagerService took to complete: 0ms
09-15 11:35:41.868  1341  1979 D SystemServerTimingAsync: ssm.onStartUser-10_com.android.server.devicelock.DeviceLockService
09-15 11:35:41.868  1341  1979 V SystemServerTimingAsync: ssm.onStartUser-10_com.android.server.devicelock.DeviceLockService took to complete: 0ms
09-15 11:35:41.868  1341  1979 D SystemServerTimingAsync: ssm.onStartUser-10_com.android.internal.car.CarServiceHelperService
09-15 11:35:41.868  1341  1979 D CarServiceHelper: onUserStarting(10)
09-15 11:35:41.868  1341  1979 V SystemServerTimingAsync: ssm.onStartUser-10_com.android.internal.car.CarServiceHelperService took to complete: 0ms
09-15 11:35:41.868  1756  1968 D ICarImpl: onUserLifecycleEvent(STARTING, 10)
09-15 11:35:41.869  1341  1981 V StorageManagerService: Package com.android.car.updatable does not have legacy storage
09-15 11:35:41.869  1756  1886 V CarUserService: notify-listener-com.android.car.user.InternalLifecycleListener@5a8e99 took to complete: 0ms
09-15 11:35:41.869  1756  1886 V CarUserService: notify-listeners-user-10-event-1 took to complete: 1ms
09-15 11:35:41.870  1341  1981 V StorageManagerService: Package com.qti.ltebc does not have legacy storage
09-15 11:35:41.870  1341  1981 V StorageManagerService: Package com.qti.phone does not have legacy storage
09-15 11:35:41.870  1341  1981 V StorageManagerService: Package com.qualcomm.qti.dcf.nearbyclient does not have legacy storage
09-15 11:35:41.870  1341  1981 V StorageManagerService: Package com.android.permissioncontroller does not have legacy storage
09-15 11:35:41.870  1341  1981 V StorageManagerService: Package com.android.traceur does not have legacy storage
09-15 11:35:41.870  1341  1981 V StorageManagerService: Package com.qualcomm.qti.qms.service.trustzoneaccess does not have legacy storage
09-15 11:35:41.870  1341  1981 V StorageManagerService: Package com.qti.dcf does not have legacy storage
09-15 11:35:41.870  1341  1981 V StorageManagerService: Package com.qti.qcc does not have legacy storage
09-15 11:35:41.870  1341  1981 V StorageManagerService: Package com.qualcomm.qtil.aptxui does not have legacy storage
09-15 11:35:41.870  1341  1981 V StorageManagerService: Package com.android.ondevicepersonalization.services does not have legacy storage
09-15 11:35:41.870  1341  1981 V StorageManagerService: Package com.qualcomm.qti.server.wigig.tethering.rro does not have legacy storage
09-15 11:35:41.870  1341  1981 V StorageManagerService: Package com.qualcomm.qtil.btdsda does not have legacy storage
09-15 11:35:41.870  1341  1981 V StorageManagerService: Package com.android.bluetooth does not have legacy storage
09-15 11:35:41.870  1341  1981 V StorageManagerService: Package com.qualcomm.timeservice does not have legacy storage
09-15 11:35:41.870  1341  1981 V StorageManagerService: Package com.qualcomm.atfwd does not have legacy storage
09-15 11:35:41.870  1341  1981 V StorageManagerService: Package com.android.providers.contacts does not have legacy storage
09-15 11:35:41.870  1341  1981 V StorageManagerService: Package com.android.captiveportallogin does not have legacy storage
09-15 11:35:41.870  1341  1981 V StorageManagerService: Package com.android.internal.systemui.navbar.gestural_narrow_back does not have legacy storage
09-15 11:35:41.870  1341  1981 V StorageManagerService: Package com.android.devicelockcontroller does not have legacy storage
09-15 11:35:41.870  1341  1981 V StorageManagerService: Package com.android.ext.adservices.api does not have legacy storage
09-15 11:35:41.870  1341  1981 V StorageManagerService: Package com.android.cellbroadcastreceiver.overlay.common does not have legacy storage
09-15 11:35:41.870  1341  1981 V StorageManagerService: Package com.qualcomm.qti.sensors.qsensortest does not have legacy storage
09-15 11:35:41.870  1341  1981 V StorageManagerService: Package com.google.android.car.adaslocation does not have legacy storage
09-15 11:35:41.871  1341  1981 V SystemServerTimingAsync: ssm.onStartUser-10_com.android.server.StorageManagerService$Lifecycle took to complete: 20ms
09-15 11:35:41.880  1341  1514 W CameraService_proxy: Could not notify cameraserver, camera service not available.
09-15 11:35:41.880  1341  1514 I CameraService_proxy: Could not notify camera service of user switch, retrying...
09-15 11:35:41.891  1341  1341 D CompatibilityChangeReporter: Compat change id reported: 184838306; UID 1001000; state: DISABLED
09-15 11:35:41.891  1341  1341 D CompatibilityChangeReporter: Compat change id reported: 185004937; UID 1001000; state: DISABLED
09-15 11:35:41.892  1341  1341 D CompatibilityChangeReporter: Compat change id reported: 194480991; UID 1001000; state: ENABLED
09-15 11:35:41.897  1341  1341 I ActivityTaskManager: Loaded persisted task ids for user 10
09-15 11:35:41.901  1341  1514 W CameraService_proxy: Could not notify cameraserver, camera service not available.
09-15 11:35:41.901  1341  1514 I CameraService_proxy: Could not notify camera service of user switch, retrying...
09-15 11:35:41.905  1341  1980 V SystemServerTiming: Permission_synchronize_addPackages-10 took to complete: 42ms
09-15 11:35:41.905  1341  1980 D SystemServerTiming: Permission_syncPackages-10
09-15 11:35:41.907  1341  1982 W ContextImpl: Calling a method in the system process without a qualified user: android.app.ContextImpl.bindService:1988 android.content.ContextWrapper.bindService:861 com.qualcomm.qti.activityextension.ActivityNotifier.bindToDynamicDDSService:103 com.qualcomm.qti.activityextension.ActivityNotifier.handleSendActivityInvokeNotification:184 com.qualcomm.qti.activityextension.ActivityNotifier.access$300:26 
09-15 11:35:41.908  1341  1341 I ActivityTaskManager: START u10 {act=android.intent.action.MAIN cat=[android.intent.category.HOME] flg=0x10000100 cmp=com.android.car.settings/.FallbackHome (has extras)} with LAUNCH_MULTIPLE from uid 0 (BAL_ALLOW_ALLOWLISTED_UID) result code=0
09-15 11:35:41.909  1341  1341 V SystemServerTiming: moveUserToForeground took to complete: 106ms
09-15 11:35:41.909  1341  1341 D SystemServerTiming: sendRestartBroadcast
09-15 11:35:41.909  1341  1392 I ActivityTaskManager: Config changes=80000000 {1.0 ?mcc0mnc [en_US] ldltr sw720dp w720dp h1280dp 160dpi xlrg long port car finger -keyb/h/h -nav/h winConfig={ mBounds=Rect(0, 0 - 720, 1280) mAppBounds=Rect(0, 0 - 720, 1280) mMaxBounds=Rect(0, 0 - 720, 1280) mDisplayRotation=ROTATION_0 mWindowingMode=fullscreen mDisplayWindowingMode=fullscreen mActivityType=undefined mAlwaysOnTop=undefined mRotation=ROTATION_0} as.2 s.16 fontWeightAdjustment=0}
09-15 11:35:41.912  1341  1392 I WindowManager: Override config changes=80000000 {1.0 ?mcc0mnc [en_US] ldltr sw720dp w720dp h1280dp 160dpi xlrg long port car finger -keyb/h/h -nav/h winConfig={ mBounds=Rect(0, 0 - 720, 1280) mAppBounds=Rect(0, 0 - 720, 1280) mMaxBounds=Rect(0, 0 - 720, 1280) mDisplayRotation=ROTATION_0 mWindowingMode=fullscreen mDisplayWindowingMode=fullscreen mActivityType=undefined mAlwaysOnTop=undefined mRotation=ROTATION_0} as.2 s.16 fontWeightAdjustment=0} for displayId=0
09-15 11:35:41.913  1341  1980 V SystemServerTiming: Permission_syncPackages-10 took to complete: 8ms
09-15 11:35:41.913  1341  1980 V SystemServerTiming: Permission_synchronize_permissions-10 took to complete: 52ms
09-15 11:35:41.913  1341  1980 D SystemServerTiming: Permission_onInitialized-10
09-15 11:35:41.915  1341  1980 I PermissionManager: Permission ownership changed. Updating all permissions.
09-15 11:35:41.918  1341  1982 D CompatibilityChangeReporter: Compat change id reported: 135634846; UID 1001; state: DISABLED
09-15 11:35:41.919  1341  1982 D CompatibilityChangeReporter: Compat change id reported: 177438394; UID 1001; state: DISABLED
09-15 11:35:41.919  1341  1982 D CompatibilityChangeReporter: Compat change id reported: 135772972; UID 1001; state: DISABLED
09-15 11:35:41.919  1341  1982 D CompatibilityChangeReporter: Compat change id reported: 135754954; UID 1001; state: ENABLED
09-15 11:35:41.920  1341  1341 V SystemServerTiming: sendRestartBroadcast took to complete: 11ms
09-15 11:35:41.920  1341  1341 V SystemServerTiming: UserController.startUser-10-fg-start-mode-1 took to complete: 578ms
09-15 11:35:41.920  1341  1341 V SystemServerTiming: switchToBootUser-10 took to complete: 578ms
09-15 11:35:41.920  1341  1341 V SystemServerTiming: HsumBootUserInitializer.systemRunning took to complete: 877ms
09-15 11:35:41.920  1341  1341 D SystemServerTiming: StartNetworkStack
09-15 11:35:41.921  1341  1514 W CameraService_proxy: Could not notify cameraserver, camera service not available.
09-15 11:35:41.921  1341  1514 I CameraService_proxy: Could not notify camera service of user switch, retrying...
09-15 11:35:41.926  1341  1341 D CompatibilityChangeReporter: Compat change id reported: 135634846; UID 1073; state: DISABLED
09-15 11:35:41.926  1341  1341 D CompatibilityChangeReporter: Compat change id reported: 177438394; UID 1073; state: DISABLED
09-15 11:35:41.927  1341  1341 D CompatibilityChangeReporter: Compat change id reported: 135772972; UID 1073; state: DISABLED
09-15 11:35:41.927  1341  1341 D CompatibilityChangeReporter: Compat change id reported: 135754954; UID 1073; state: ENABLED
09-15 11:35:41.928  1341  1341 V SystemServerTiming: StartNetworkStack took to complete: 8ms
09-15 11:35:41.928  1341  1341 D SystemServerTiming: StartTethering
09-15 11:35:41.929  1341  1403 I ActivityManager: Start proc 1983:.dataservices/1001 for service {com.qualcomm.qti.dynamicddsservice/com.qualcomm.qti.dynamicddsservice.DynamicDDSService}
09-15 11:35:41.938  1341  1341 V SystemServerTiming: StartTethering took to complete: 9ms
09-15 11:35:41.938  1341  1341 D SystemServerTiming: MakeCountryDetectionServiceReady
09-15 11:35:41.938  1341  1403 I ActivityManager: Start proc 1984:com.android.networkstack.process/1073 for service {com.android.networkstack/com.android.server.NetworkStackService}
09-15 11:35:41.938  1341  1341 V SystemServerTiming: MakeCountryDetectionServiceReady took to complete: 1ms
09-15 11:35:41.938  1341  1341 D SystemServerTiming: MakeNetworkTimeUpdateReady
09-15 11:35:41.940  1341  1341 V SystemServerTiming: MakeNetworkTimeUpdateReady took to complete: 1ms
09-15 11:35:41.940  1341  1341 D SystemServerTiming: MakeInputManagerServiceReady
09-15 11:35:41.942  1341  1514 W CameraService_proxy: Could not notify cameraserver, camera service not available.
09-15 11:35:41.942  1341  1514 I CameraService_proxy: Could not notify camera service of user switch, retrying...
01-01 06:41:06.741     0     0 I servicemanager: Could not find android.hardware.input.processor.IInputProcessor/default in the VINTF manifest.
09-15 11:35:41.944  1341  1401 D CountryDetector: Using custom country detector class: com.android.server.location.ComprehensiveCountryDetector
09-15 11:35:41.944  1341  1401 E CountryDetector: Could not instantiate the custom country detector class
09-15 11:35:41.944  1341  1401 D CountryDetector: Using default country detector
09-15 11:35:41.949  1341  1341 V SystemServerTiming: MakeInputManagerServiceReady took to complete: 9ms
09-15 11:35:41.949  1341  1341 D SystemServerTiming: MakeTelephonyRegistryReady
09-15 11:35:41.950  1341  1341 V SystemServerTiming: MakeTelephonyRegistryReady took to complete: 0ms
09-15 11:35:41.950  1341  1341 D SystemServerTiming: MakeMediaRouterServiceReady
09-15 11:35:41.950  1341  1341 I MR2ServiceImpl: switchUser | user: 10
09-15 11:35:41.950  1341  1341 V SystemServerTiming: MakeMediaRouterServiceReady took to complete: 1ms
09-15 11:35:41.950  1341  1341 D SystemServerTiming: MakeMmsServiceReady
09-15 11:35:41.951  1341  1341 I MmsServiceBroker: Delay connecting to MmsService until an API is called
09-15 11:35:41.951  1341  1341 V SystemServerTiming: MakeMmsServiceReady took to complete: 0ms
09-15 11:35:41.951  1341  1341 D SystemServerTiming: IncidentDaemonReady
09-15 11:35:41.952  1341  1341 V SystemServerTiming: IncidentDaemonReady took to complete: 1ms
09-15 11:35:41.952  1341  1341 D SystemServerTiming: MakeIncrementalServiceReady
09-15 11:35:41.953  1341  1341 V SystemServerTiming: MakeIncrementalServiceReady took to complete: 0ms
09-15 11:35:41.953  1341  1341 D SystemServerTiming: OdsignStatsLogger
09-15 11:35:41.953  1341  1341 V SystemServerTiming: OdsignStatsLogger took to complete: 1ms
09-15 11:35:41.953  1341  1341 D SystemServerTiming: getCurrentUser
09-15 11:35:41.953  1341  1341 I ActivityManager: Current user:10
09-15 11:35:41.953  1341  1341 V SystemServerTiming: getCurrentUser took to complete: 0ms
09-15 11:35:41.953  1341  1341 D SystemServerTiming: ActivityManagerStartApps
09-15 11:35:41.953  1341  1341 D SystemServerTiming: startPersistentApps
09-15 11:35:41.957  1341  1341 D CompatibilityChangeReporter: Compat change id reported: 135634846; UID 10081; state: DISABLED
09-15 11:35:41.957  1341  1341 D CompatibilityChangeReporter: Compat change id reported: 177438394; UID 10081; state: DISABLED
09-15 11:35:41.958  1341  1341 D CompatibilityChangeReporter: Compat change id reported: 135772972; UID 10081; state: DISABLED
09-15 11:35:41.958  1341  1341 D CompatibilityChangeReporter: Compat change id reported: 135754954; UID 10081; state: ENABLED
09-15 11:35:41.958  1341  1403 D CompatibilityChangeReporter: Compat change id reported: 143937733; UID 10081; state: ENABLED
09-15 11:35:41.963  1341  1514 W CameraService_proxy: Could not notify cameraserver, camera service not available.
09-15 11:35:41.963  1341  1514 I CameraService_proxy: Could not notify camera service of user switch, retrying...
09-15 11:35:41.964  1341  1341 D CompatibilityChangeReporter: Compat change id reported: 135634846; UID 10109; state: DISABLED
09-15 11:35:41.964  1341  1341 D CompatibilityChangeReporter: Compat change id reported: 177438394; UID 10109; state: DISABLED
09-15 11:35:41.965  1341  1341 D CompatibilityChangeReporter: Compat change id reported: 135772972; UID 10109; state: DISABLED
09-15 11:35:41.965  1341  1341 D CompatibilityChangeReporter: Compat change id reported: 135754954; UID 10109; state: ENABLED
01-01 06:41:06.760     0     0 I binder  : 1983:1983 ioctl 40046210 7fd7d70190 returned -22
09-15 11:35:41.970  1341  1341 D CompatibilityChangeReporter: Compat change id reported: 135634846; UID 10112; state: DISABLED
09-15 11:35:41.970  1341  1341 D CompatibilityChangeReporter: Compat change id reported: 177438394; UID 10112; state: DISABLED
09-15 11:35:41.970  1341  1341 D CompatibilityChangeReporter: Compat change id reported: 135772972; UID 10112; state: DISABLED
09-15 11:35:41.971  1341  1341 D CompatibilityChangeReporter: Compat change id reported: 135754954; UID 10112; state: ENABLED
01-01 06:41:06.766     0     0 I binder  : 1984:1984 ioctl 40046210 7fd7d70190 returned -22
09-15 11:35:41.972  1341  1341 D CompatibilityChangeReporter: Compat change id reported: 135634846; UID 1000; state: DISABLED
09-15 11:35:41.973  1341  1341 D CompatibilityChangeReporter: Compat change id reported: 177438394; UID 1000; state: DISABLED
09-15 11:35:41.973  1341  1341 D CompatibilityChangeReporter: Compat change id reported: 135772972; UID 1000; state: DISABLED
09-15 11:35:41.974  1341  1341 D CompatibilityChangeReporter: Compat change id reported: 135754954; UID 1000; state: ENABLED
09-15 11:35:41.977  1341  1341 D CompatibilityChangeReporter: Compat change id reported: 135634846; UID 10117; state: DISABLED
09-15 11:35:41.977  1341  1341 D CompatibilityChangeReporter: Compat change id reported: 177438394; UID 10117; state: DISABLED
09-15 11:35:41.977  1341  1341 D CompatibilityChangeReporter: Compat change id reported: 135772972; UID 10117; state: DISABLED
09-15 11:35:41.977  1341  1341 D CompatibilityChangeReporter: Compat change id reported: 135754954; UID 10117; state: ENABLED
09-15 11:35:41.979  1341  1341 D CompatibilityChangeReporter: Compat change id reported: 135634846; UID 1068; state: DISABLED
09-15 11:35:41.982  1341  1341 D CompatibilityChangeReporter: Compat change id reported: 135634846; UID 10124; state: DISABLED
09-15 11:35:41.982  1341  1341 D CompatibilityChangeReporter: Compat change id reported: 177438394; UID 10124; state: DISABLED
09-15 11:35:41.982  1341  1341 D CompatibilityChangeReporter: Compat change id reported: 135772972; UID 10124; state: DISABLED
09-15 11:35:41.982  1341  1341 D CompatibilityChangeReporter: Compat change id reported: 135754954; UID 10124; state: ENABLED
09-15 11:35:41.983  1341  1341 D CompatibilityChangeReporter: Compat change id reported: 135634846; UID 10148; state: DISABLED
09-15 11:35:41.984  1341  1341 D CompatibilityChangeReporter: Compat change id reported: 177438394; UID 10148; state: DISABLED
09-15 11:35:41.984  1341  1514 W CameraService_proxy: Could not notify cameraserver, camera service not available.
09-15 11:35:41.984  1341  1514 I CameraService_proxy: Could not notify camera service of user switch, retrying...
09-15 11:35:41.984  1341  1341 D CompatibilityChangeReporter: Compat change id reported: 135772972; UID 10148; state: DISABLED
09-15 11:35:41.984  1341  1341 D CompatibilityChangeReporter: Compat change id reported: 135754954; UID 10148; state: ENABLED
09-15 11:35:41.986  1341  1341 D CompatibilityChangeReporter: Compat change id reported: 135634846; UID 10111; state: DISABLED
09-15 11:35:41.986  1341  1341 D CompatibilityChangeReporter: Compat change id reported: 177438394; UID 10111; state: DISABLED
09-15 11:35:41.986  1341  1341 D CompatibilityChangeReporter: Compat change id reported: 135772972; UID 10111; state: DISABLED
09-15 11:35:41.986  1341  1341 D CompatibilityChangeReporter: Compat change id reported: 135754954; UID 10111; state: ENABLED
09-15 11:35:41.986  1341  1341 V SystemServerTiming: startPersistentApps took to complete: 33ms
09-15 11:35:41.986  1341  1341 D SystemServerTiming: showSystemReadyErrorDialogs
01-01 06:41:06.795     0     0 I binder  : 2013:2013 ioctl 40046210 7fd7d70190 returned -22
09-15 11:35:42.004  1341  1514 W CameraService_proxy: Could not notify cameraserver, camera service not available.
09-15 11:35:42.004  1341  1514 I CameraService_proxy: Could not notify camera service of user switch, retrying...
09-15 11:35:42.022  1341  1980 V SystemServerTiming: Permission_onInitialized-10 took to complete: 109ms
09-15 11:35:42.022  1341  1980 W SystemServiceManager: Service com.android.server.policy.PermissionPolicyService took 161 ms in onStartUser-10
09-15 11:35:42.022  1341  1980 V SystemServerTimingAsync: ssm.onStartUser-10_com.android.server.policy.PermissionPolicyService took to complete: 161ms
09-15 11:35:42.022  1341  1402 V SystemServerTimingAsync: ssm.StartUser-10 took to complete: 220ms
09-15 11:35:42.023  1341  1402 D SystemServerTimingAsync: ssm.SwitchUser-10
09-15 11:35:42.023  1341  1402 I SystemServiceManager: Calling onSwitchUser 10 (from 0)
09-15 11:35:42.023  1341  1402 D SystemServerTimingAsync: ssm.onSwitchUser-10_com.android.server.security.FileIntegrityService
09-15 11:35:42.024  1341  1402 V SystemServerTimingAsync: ssm.onSwitchUser-10_com.android.server.security.FileIntegrityService took to complete: 0ms
09-15 11:35:42.024  1341  1402 D SystemServerTimingAsync: ssm.onSwitchUser-10_com.android.server.pm.Installer
09-15 11:35:42.024  1341  1402 V SystemServerTimingAsync: ssm.onSwitchUser-10_com.android.server.pm.Installer took to complete: 0ms
09-15 11:35:42.024  1341  1402 D SystemServerTimingAsync: ssm.onSwitchUser-10_com.android.server.os.DeviceIdentifiersPolicyService
09-15 11:35:42.024  1341  1402 V SystemServerTimingAsync: ssm.onSwitchUser-10_com.android.server.os.DeviceIdentifiersPolicyService took to complete: 0ms
09-15 11:35:42.024  1341  1402 D SystemServerTimingAsync: ssm.onSwitchUser-10_com.android.server.uri.UriGrantsManagerService$Lifecycle
09-15 11:35:42.024  1341  1402 V SystemServerTimingAsync: ssm.onSwitchUser-10_com.android.server.uri.UriGrantsManagerService$Lifecycle took to complete: 0ms
09-15 11:35:42.024  1341  1402 D SystemServerTimingAsync: ssm.onSwitchUser-10_com.android.server.powerstats.PowerStatsService
09-15 11:35:42.024  1341  1402 V SystemServerTimingAsync: ssm.onSwitchUser-10_com.android.server.powerstats.PowerStatsService took to complete: 0ms
09-15 11:35:42.024  1341  1402 D SystemServerTimingAsync: ssm.onSwitchUser-10_com.android.server.permission.access.AccessCheckingService
09-15 11:35:42.024  1341  1402 V SystemServerTimingAsync: ssm.onSwitchUser-10_com.android.server.permission.access.AccessCheckingService took to complete: 0ms
09-15 11:35:42.024  1341  1402 D SystemServerTimingAsync: ssm.onSwitchUser-10_com.android.server.wm.ActivityTaskManagerService$Lifecycle
09-15 11:35:42.024  1341  1402 V SystemServerTimingAsync: ssm.onSwitchUser-10_com.android.server.wm.ActivityTaskManagerService$Lifecycle took to complete: 0ms
09-15 11:35:42.024  1341  1402 D SystemServerTimingAsync: ssm.onSwitchUser-10_com.android.server.am.ActivityManagerService$Lifecycle
09-15 11:35:42.024  1341  1402 V SystemServerTimingAsync: ssm.onSwitchUser-10_com.android.server.am.ActivityManagerService$Lifecycle took to complete: 0ms
09-15 11:35:42.024  1341  1402 D SystemServerTimingAsync: ssm.onSwitchUser-10_com.android.server.pm.DataLoaderManagerService
09-15 11:35:42.024  1341  1402 V SystemServerTimingAsync: ssm.onSwitchUser-10_com.android.server.pm.DataLoaderManagerService took to complete: 0ms
09-15 11:35:42.024  1341  1402 D SystemServerTimingAsync: ssm.onSwitchUser-10_com.android.server.power.PowerManagerService
09-15 11:35:42.024  1341  1402 V SystemServerTimingAsync: ssm.onSwitchUser-10_com.android.server.power.PowerManagerService took to complete: 0ms
09-15 11:35:42.024  1341  1402 D SystemServerTimingAsync: ssm.onSwitchUser-10_com.android.server.power.ThermalManagerService
09-15 11:35:42.024  1341  1402 V SystemServerTimingAsync: ssm.onSwitchUser-10_com.android.server.power.ThermalManagerService took to complete: 0ms
09-15 11:35:42.024  1341  1402 D SystemServerTimingAsync: ssm.onSwitchUser-10_com.android.server.power.hint.HintManagerService
09-15 11:35:42.024  1341  1402 V SystemServerTimingAsync: ssm.onSwitchUser-10_com.android.server.power.hint.HintManagerService took to complete: 0ms
09-15 11:35:42.024  1341  1402 D SystemServerTimingAsync: ssm.onSwitchUser-10_com.android.server.recoverysystem.RecoverySystemService$Lifecycle
09-15 11:35:42.024  1341  1402 V SystemServerTimingAsync: ssm.onSwitchUser-10_com.android.server.recoverysystem.RecoverySystemService$Lifecycle took to complete: 0ms
09-15 11:35:42.024  1341  1402 D SystemServerTimingAsync: ssm.onSwitchUser-10_com.android.server.lights.LightsService
09-15 11:35:42.024  1341  1402 V SystemServerTimingAsync: ssm.onSwitchUser-10_com.android.server.lights.LightsService took to complete: 0ms
09-15 11:35:42.024  1341  1402 D SystemServerTimingAsync: ssm.onSwitchUser-10_com.android.server.display.DisplayManagerService
09-15 11:35:42.024  1341  1402 V SystemServerTimingAsync: ssm.onSwitchUser-10_com.android.server.display.DisplayManagerService took to complete: 0ms
09-15 11:35:42.024  1341  1402 D SystemServerTimingAsync: ssm.onSwitchUser-10_com.android.server.pm.verify.domain.DomainVerificationService
09-15 11:35:42.024  1341  1402 V SystemServerTimingAsync: ssm.onSwitchUser-10_com.android.server.pm.verify.domain.DomainVerificationService took to complete: 0ms
09-15 11:35:42.024  1341  1402 D SystemServerTimingAsync: ssm.onSwitchUser-10_com.android.server.pm.PackageInstallerService$Lifecycle
09-15 11:35:42.024  1341  1402 V SystemServerTimingAsync: ssm.onSwitchUser-10_com.android.server.pm.PackageInstallerService$Lifecycle took to complete: 0ms
09-15 11:35:42.024  1341  1402 D SystemServerTimingAsync: ssm.onSwitchUser-10_com.android.server.pm.UserManagerService$LifeCycle
09-15 11:35:42.025  1341  1402 V SystemServerTimingAsync: ssm.onSwitchUser-10_com.android.server.pm.UserManagerService$LifeCycle took to complete: 0ms
09-15 11:35:42.025  1341  1402 D SystemServerTimingAsync: ssm.onSwitchUser-10_com.android.server.om.OverlayManagerService
09-15 11:35:42.025  1341  1402 V SystemServerTimingAsync: ssm.onSwitchUser-10_com.android.server.om.OverlayManagerService took to complete: 0ms
09-15 11:35:42.025  1341  1402 D SystemServerTimingAsync: ssm.onSwitchUser-10_com.android.server.resources.ResourcesManagerService
09-15 11:35:42.025  1341  1402 V SystemServerTimingAsync: ssm.onSwitchUser-10_com.android.server.resources.ResourcesManagerService took to complete: 0ms
09-15 11:35:42.025  1341  1402 D SystemServerTimingAsync: ssm.onSwitchUser-10_com.android.server.sensorprivacy.SensorPrivacyService
09-15 11:35:42.025  1341  1402 V SystemServerTimingAsync: ssm.onSwitchUser-10_com.android.server.sensorprivacy.SensorPrivacyService took to complete: 0ms
09-15 11:35:42.025  1341  1402 D SystemServerTimingAsync: ssm.onSwitchUser-10_com.android.server.sensors.SensorService
09-15 11:35:42.025  1341  1402 V SystemServerTimingAsync: ssm.onSwitchUser-10_com.android.server.sensors.SensorService took to complete: 0ms
09-15 11:35:42.025  1341  1402 D SystemServerTimingAsync: ssm.onSwitchUser-10_com.android.server.SystemConfigService
09-15 11:35:42.025  1341  1402 V SystemServerTimingAsync: ssm.onSwitchUser-10_com.android.server.SystemConfigService took to complete: 0ms
09-15 11:35:42.025  1341  1402 D SystemServerTimingAsync: ssm.onSwitchUser-10_com.android.server.BatteryService
09-15 11:35:42.025  1341  1402 V SystemServerTimingAsync: ssm.onSwitchUser-10_com.android.server.BatteryService took to complete: 0ms
09-15 11:35:42.025  1341  1402 D SystemServerTimingAsync: ssm.onSwitchUser-10_com.android.server.usage.UsageStatsService
09-15 11:35:42.025  1341  1402 V SystemServerTimingAsync: ssm.onSwitchUser-10_com.android.server.usage.UsageStatsService took to complete: 0ms
09-15 11:35:42.025  1341  1402 D SystemServerTimingAsync: ssm.onSwitchUser-10_com.android.server.webkit.WebViewUpdateService
09-15 11:35:42.025  1341  1514 W CameraService_proxy: Could not notify cameraserver, camera service not available.
09-15 11:35:42.025  1341  1514 I CameraService_proxy: Could not notify camera service of user switch, retrying...
09-15 11:35:42.025  1341  1402 V SystemServerTimingAsync: ssm.onSwitchUser-10_com.android.server.webkit.WebViewUpdateService took to complete: 0ms
09-15 11:35:42.025  1341  1402 D SystemServerTimingAsync: ssm.onSwitchUser-10_com.android.server.CachedDeviceStateService
09-15 11:35:42.025  1341  1402 V SystemServerTimingAsync: ssm.onSwitchUser-10_com.android.server.CachedDeviceStateService took to complete: 0ms
09-15 11:35:42.025  1341  1402 D SystemServerTimingAsync: ssm.onSwitchUser-10_com.android.server.BinderCallsStatsService$LifeCycle
09-15 11:35:42.025  1341  1402 V SystemServerTimingAsync: ssm.onSwitchUser-10_com.android.server.BinderCallsStatsService$LifeCycle took to complete: 0ms
09-15 11:35:42.025  1341  1402 D SystemServerTimingAsync: ssm.onSwitchUser-10_com.android.server.LooperStatsService$Lifecycle
09-15 11:35:42.025  1341  1402 V SystemServerTimingAsync: ssm.onSwitchUser-10_com.android.server.LooperStatsService$Lifecycle took to complete: 0ms
09-15 11:35:42.025  1341  1402 D SystemServerTimingAsync: ssm.onSwitchUser-10_com.android.server.rollback.RollbackManagerService
09-15 11:35:42.025  1341  1402 V SystemServerTimingAsync: ssm.onSwitchUser-10_com.android.server.rollback.RollbackManagerService took to complete: 0ms
09-15 11:35:42.025  1341  1402 D SystemServerTimingAsync: ssm.onSwitchUser-10_com.android.server.os.NativeTombstoneManagerService
09-15 11:35:42.025  1341  1402 V SystemServerTimingAsync: ssm.onSwitchUser-10_com.android.server.os.NativeTombstoneManagerService took to complete: 0ms
09-15 11:35:42.025  1341  1402 D SystemServerTimingAsync: ssm.onSwitchUser-10_com.android.server.os.BugreportManagerService
09-15 11:35:42.025  1341  1402 V SystemServerTimingAsync: ssm.onSwitchUser-10_com.android.server.os.BugreportManagerService took to complete: 0ms
09-15 11:35:42.025  1341  1402 D SystemServerTimingAsync: ssm.onSwitchUser-10_com.android.server.gpu.GpuService
09-15 11:35:42.025  1341  1402 V SystemServerTimingAsync: ssm.onSwitchUser-10_com.android.server.gpu.GpuService took to complete: 0ms
09-15 11:35:42.025  1341  1402 D SystemServerTimingAsync: ssm.onSwitchUser-10_com.android.server.security.rkp.RemoteProvisioningService
09-15 11:35:42.025  1341  1402 V SystemServerTimingAsync: ssm.onSwitchUser-10_com.android.server.security.rkp.RemoteProvisioningService took to complete: 0ms
09-15 11:35:42.025  1341  1402 D SystemServerTimingAsync: ssm.onSwitchUser-10_com.android.server.cpu.CpuMonitorService
09-15 11:35:42.025  1341  1402 V SystemServerTimingAsync: ssm.onSwitchUser-10_com.android.server.cpu.CpuMonitorService took to complete: 0ms
09-15 11:35:42.025  1341  1402 D SystemServerTimingAsync: ssm.onSwitchUser-10_com.android.server.security.KeyChainSystemService
09-15 11:35:42.025  1341  1402 V SystemServerTimingAsync: ssm.onSwitchUser-10_com.android.server.security.KeyChainSystemService took to complete: 0ms
09-15 11:35:42.025  1341  1402 D SystemServerTimingAsync: ssm.onSwitchUser-10_com.android.server.BinaryTransparencyService
09-15 11:35:42.025  1341  1402 V SystemServerTimingAsync: ssm.onSwitchUser-10_com.android.server.BinaryTransparencyService took to complete: 0ms
09-15 11:35:42.025  1341  1402 D SystemServerTimingAsync: ssm.onSwitchUser-10_com.android.server.telecom.TelecomLoaderService
09-15 11:35:42.025  1341  1402 V SystemServerTimingAsync: ssm.onSwitchUser-10_com.android.server.telecom.TelecomLoaderService took to complete: 0ms
09-15 11:35:42.025  1341  1402 D SystemServerTimingAsync: ssm.onSwitchUser-10_com.android.server.accounts.AccountManagerService$Lifecycle
09-15 11:35:42.025  1341  1402 V SystemServerTimingAsync: ssm.onSwitchUser-10_com.android.server.accounts.AccountManagerService$Lifecycle took to complete: 0ms
09-15 11:35:42.025  1341  1402 D SystemServerTimingAsync: ssm.onSwitchUser-10_com.android.server.content.ContentService$Lifecycle
09-15 11:35:42.025  1341  1402 V SystemServerTimingAsync: ssm.onSwitchUser-10_com.android.server.content.ContentService$Lifecycle took to complete: 0ms
09-15 11:35:42.025  1341  1402 D SystemServerTimingAsync: ssm.onSwitchUser-10_com.android.server.deviceconfig.DeviceConfigInit$Lifecycle
09-15 11:35:42.025  1341  1402 V SystemServerTimingAsync: ssm.onSwitchUser-10_com.android.server.deviceconfig.DeviceConfigInit$Lifecycle took to complete: 0ms
09-15 11:35:42.025  1341  1402 D SystemServerTimingAsync: ssm.onSwitchUser-10_com.android.server.DropBoxManagerService
09-15 11:35:42.025  1341  1402 V SystemServerTimingAsync: ssm.onSwitchUser-10_com.android.server.DropBoxManagerService took to complete: 0ms
09-15 11:35:42.025  1341  1402 D SystemServerTimingAsync: ssm.onSwitchUser-10_com.android.role.RoleService
09-15 11:35:42.025  1341  1402 V SystemServerTimingAsync: ssm.onSwitchUser-10_com.android.role.RoleService took to complete: 0ms
09-15 11:35:42.025  1341  1402 D SystemServerTimingAsync: ssm.onSwitchUser-10_com.android.server.vibrator.VibratorManagerService$Lifecycle
09-15 11:35:42.025  1341  1402 V SystemServerTimingAsync: ssm.onSwitchUser-10_com.android.server.vibrator.VibratorManagerService$Lifecycle took to complete: 0ms
09-15 11:35:42.025  1341  1402 D SystemServerTimingAsync: ssm.onSwitchUser-10_com.android.server.tare.InternalResourceService
09-15 11:35:42.025  1341  1402 V SystemServerTimingAsync: ssm.onSwitchUser-10_com.android.server.tare.InternalResourceService took to complete: 0ms
09-15 11:35:42.025  1341  1402 D SystemServerTimingAsync: ssm.onSwitchUser-10_com.android.server.alarm.AlarmManagerService
09-15 11:35:42.025  1341  1402 V SystemServerTimingAsync: ssm.onSwitchUser-10_com.android.server.alarm.AlarmManagerService took to complete: 0ms
