11-11 18:38:40.655  1414  1474 W ActivityManager: Slow operation: 146ms so far, now at startProcess: done updating pids map
11-11 18:38:40.655  1414  1474 W ActivityManager: Slow operation: 142ms so far, now at startProcess: asking zygote to start proc
11-11 18:38:40.665  1414  1474 W ActivityManager: Slow operation: 152ms so far, now at startProcess: returned from zygote!
11-11 18:38:40.666  1414  1474 W ActivityManager: Slow operation: 152ms so far, now at startProcess: done updating battery stats
11-11 18:38:40.666  1414  1474 W ActivityManager: Slow operation: 153ms so far, now at startProcess: building log message
11-11 18:38:40.666  1414  1474 I ActivityManager: Start proc 1819:WebViewLoader-arm64-v8a/1037 [android.webkit.WebViewLibraryLoader$RelroFileCreator] for 
11-11 18:38:40.666  1414  1474 W ActivityManager: Slow operation: 153ms so far, now at startProcess: starting to update pids map
11-11 18:38:40.666  1414  1474 W ActivityManager: Slow operation: 153ms so far, now at startProcess: done updating pids map
11-11 18:38:40.666  1414  1474 W ActivityManager: Slow operation: 137ms so far, now at startProcess: asking zygote to start proc
11-11 18:38:40.675  1414  1474 W ActivityManager: Slow operation: 145ms so far, now at startProcess: returned from zygote!
11-11 18:38:40.675  1414  1474 W ActivityManager: Slow operation: 146ms so far, now at startProcess: done updating battery stats
11-11 18:38:40.675  1414  1474 W ActivityManager: Slow operation: 146ms so far, now at startProcess: building log message
11-11 18:38:40.675  1414  1474 I ActivityManager: Start proc 1821:com.android.car/1000 for service {com.android.car/com.android.car.CarService}
11-11 18:38:40.675  1414  1474 W ActivityManager: Slow operation: 146ms so far, now at startProcess: starting to update pids map
11-11 18:38:40.676  1414  1474 W ActivityManager: Slow operation: 147ms so far, now at startProcess: done updating pids map
11-11 18:38:40.692  1414  1414 V SystemServerTiming: MakeConnectivityServiceReady took to complete: 151ms
11-11 18:38:40.692  1414  1414 D SystemServerTiming: MakeVpnManagerServiceReady
11-11 18:38:40.706     0     0 I binder  : 1819:1819 ioctl 40046210 7fea663b10 returned -22
11-11 18:38:40.698  1414  1414 V SystemServerTiming: MakeVpnManagerServiceReady took to complete: 7ms
11-11 18:38:40.698  1414  1414 D SystemServerTiming: MakeVcnManagementServiceReady
11-11 18:38:40.708     0     0 I binder  : 1812:1812 ioctl 40046210 ffcf45e0 returned -22
11-11 18:38:40.706  1414  1448 D GameManagerService: User ID '0' does not have a Game Mode selected for package: 'android'
11-11 18:38:40.706  1414  1448 D CompatibilityChangeReporter: Compat change id reported: 168419799; UID 1000; state: DISABLED
11-11 18:38:40.706  1414  1448 D CompatibilityChangeReporter: Compat change id reported: 273564678; UID 1000; state: DISABLED
11-11 18:38:40.708  1414  1414 V SystemServerTiming: MakeVcnManagementServiceReady took to complete: 9ms
11-11 18:38:40.708  1414  1414 D SystemServerTiming: MakeNetworkPolicyServiceReady
11-11 18:38:40.711  1414  1670 I VcnManagementService: new snapshot: TelephonySubscriptionSnapshot{ mActiveDataSubId=-1, mSubIdToInfoMap={}, mSubIdToCarrierConfigMap={}, mPrivilegedPackages={} }
11-11 18:38:40.721     0     0 I msm_vidc: high: 00000001: ....d: Opening video instance: 00000000d24ddb34, 1
11-11 18:38:40.714  1414  1746 D GameManagerService: User ID '0' does not have a Game Mode selected for package: 'android'
11-11 18:38:40.715  1414  1414 V SystemServerTiming: MakeNetworkPolicyServiceReady took to complete: 8ms
11-11 18:38:40.716  1414  1414 D SystemServerTiming: PhaseThirdPartyAppsCanStart
11-11 18:38:40.716  1414  1414 I SystemServiceManager: Starting phase 600
11-11 18:38:40.716  1414  1414 D SystemServerTiming: OnBootPhase_600
11-11 18:38:40.716  1414  1414 D SystemServerTiming: OnBootPhase_600_com.android.server.security.FileIntegrityService
11-11 18:38:40.716  1414  1414 V SystemServerTiming: OnBootPhase_600_com.android.server.security.FileIntegrityService took to complete: 0ms
11-11 18:38:40.716  1414  1414 D SystemServerTiming: OnBootPhase_600_com.android.server.pm.Installer
11-11 18:38:40.716  1414  1414 V SystemServerTiming: OnBootPhase_600_com.android.server.pm.Installer took to complete: 0ms
11-11 18:38:40.716  1414  1414 D SystemServerTiming: OnBootPhase_600_com.android.server.os.DeviceIdentifiersPolicyService
11-11 18:38:40.716  1414  1414 V SystemServerTiming: OnBootPhase_600_com.android.server.os.DeviceIdentifiersPolicyService took to complete: 0ms
11-11 18:38:40.716  1414  1414 D SystemServerTiming: OnBootPhase_600_com.android.server.uri.UriGrantsManagerService$Lifecycle
11-11 18:38:40.716  1414  1414 V SystemServerTiming: OnBootPhase_600_com.android.server.uri.UriGrantsManagerService$Lifecycle took to complete: 0ms
11-11 18:38:40.716  1414  1414 D SystemServerTiming: OnBootPhase_600_com.android.server.powerstats.PowerStatsService
11-11 18:38:40.716  1414  1414 V SystemServerTiming: OnBootPhase_600_com.android.server.powerstats.PowerStatsService took to complete: 0ms
11-11 18:38:40.716  1414  1414 D SystemServerTiming: OnBootPhase_600_com.android.server.permission.access.AccessCheckingService
11-11 18:38:40.716  1414  1414 V SystemServerTiming: OnBootPhase_600_com.android.server.permission.access.AccessCheckingService took to complete: 0ms
11-11 18:38:40.716  1414  1414 D SystemServerTiming: OnBootPhase_600_com.android.server.wm.ActivityTaskManagerService$Lifecycle
11-11 18:38:40.716  1414  1414 V SystemServerTiming: OnBootPhase_600_com.android.server.wm.ActivityTaskManagerService$Lifecycle took to complete: 0ms
11-11 18:38:40.716  1414  1414 D SystemServerTiming: OnBootPhase_600_com.android.server.am.ActivityManagerService$Lifecycle
11-11 18:38:40.723     0     0 I binder  : 1821:1821 ioctl 40046210 7fea663b10 returned -22
11-11 18:38:40.718  1414  1414 I ExplicitHealthCheckController: Explicit health checks enabled.
11-11 18:38:40.718  1414  1414 I PackageWatchdog: Syncing state, reason: health check state enabled
11-11 18:38:40.718  1414  1414 V SystemServerTiming: OnBootPhase_600_com.android.server.am.ActivityManagerService$Lifecycle took to complete: 3ms
11-11 18:38:40.719  1414  1414 D SystemServerTiming: OnBootPhase_600_com.android.server.pm.DataLoaderManagerService
11-11 18:38:40.719  1414  1414 V SystemServerTiming: OnBootPhase_600_com.android.server.pm.DataLoaderManagerService took to complete: 0ms
11-11 18:38:40.719  1414  1414 D SystemServerTiming: OnBootPhase_600_com.android.server.power.PowerManagerService
11-11 18:38:40.719  1414  1472 I PackageWatchdog: Saving observer state to file
11-11 18:38:40.719  1414  1414 V SystemServerTiming: OnBootPhase_600_com.android.server.power.PowerManagerService took to complete: 1ms
11-11 18:38:40.719  1414  1414 D SystemServerTiming: OnBootPhase_600_com.android.server.power.ThermalManagerService
11-11 18:38:40.719  1414  1414 V SystemServerTiming: OnBootPhase_600_com.android.server.power.ThermalManagerService took to complete: 0ms
11-11 18:38:40.720  1414  1414 D SystemServerTiming: OnBootPhase_600_com.android.server.power.hint.HintManagerService
11-11 18:38:40.720  1414  1414 V SystemServerTiming: OnBootPhase_600_com.android.server.power.hint.HintManagerService took to complete: 0ms
11-11 18:38:40.720  1414  1414 D SystemServerTiming: OnBootPhase_600_com.android.server.recoverysystem.RecoverySystemService$Lifecycle
11-11 18:38:40.720  1414  1414 V SystemServerTiming: OnBootPhase_600_com.android.server.recoverysystem.RecoverySystemService$Lifecycle took to complete: 0ms
11-11 18:38:40.720  1414  1414 D SystemServerTiming: OnBootPhase_600_com.android.server.lights.LightsService
11-11 18:38:40.720  1414  1414 V SystemServerTiming: OnBootPhase_600_com.android.server.lights.LightsService took to complete: 0ms
11-11 18:38:40.720  1414  1414 D SystemServerTiming: OnBootPhase_600_com.android.server.display.DisplayManagerService
11-11 18:38:40.720  1414  1414 V SystemServerTiming: OnBootPhase_600_com.android.server.display.DisplayManagerService took to complete: 0ms
11-11 18:38:40.720  1414  1414 D SystemServerTiming: OnBootPhase_600_com.android.server.pm.verify.domain.DomainVerificationService
11-11 18:38:40.720  1414  1414 V SystemServerTiming: OnBootPhase_600_com.android.server.pm.verify.domain.DomainVerificationService took to complete: 0ms
11-11 18:38:40.720  1414  1414 D SystemServerTiming: OnBootPhase_600_com.android.server.pm.PackageInstallerService$Lifecycle
11-11 18:38:40.720  1414  1414 V SystemServerTiming: OnBootPhase_600_com.android.server.pm.PackageInstallerService$Lifecycle took to complete: 0ms
11-11 18:38:40.720  1414  1414 D SystemServerTiming: OnBootPhase_600_com.android.server.pm.UserManagerService$LifeCycle
11-11 18:38:40.720  1414  1414 V SystemServerTiming: OnBootPhase_600_com.android.server.pm.UserManagerService$LifeCycle took to complete: 0ms
11-11 18:38:40.720  1414  1414 D SystemServerTiming: OnBootPhase_600_com.android.server.om.OverlayManagerService
11-11 18:38:40.720  1414  1414 V SystemServerTiming: OnBootPhase_600_com.android.server.om.OverlayManagerService took to complete: 0ms
11-11 18:38:40.720  1414  1414 D SystemServerTiming: OnBootPhase_600_com.android.server.resources.ResourcesManagerService
11-11 18:38:40.720  1414  1414 V SystemServerTiming: OnBootPhase_600_com.android.server.resources.ResourcesManagerService took to complete: 0ms
11-11 18:38:40.720  1414  1414 D SystemServerTiming: OnBootPhase_600_com.android.server.sensorprivacy.SensorPrivacyService
11-11 18:38:40.720  1414  1414 V SystemServerTiming: OnBootPhase_600_com.android.server.sensorprivacy.SensorPrivacyService took to complete: 0ms
11-11 18:38:40.720  1414  1414 D SystemServerTiming: OnBootPhase_600_com.android.server.sensors.SensorService
11-11 18:38:40.720  1414  1414 V SystemServerTiming: OnBootPhase_600_com.android.server.sensors.SensorService took to complete: 0ms
11-11 18:38:40.720  1414  1414 D SystemServerTiming: OnBootPhase_600_com.android.server.SystemConfigService
11-11 18:38:40.720  1414  1414 V SystemServerTiming: OnBootPhase_600_com.android.server.SystemConfigService took to complete: 0ms
11-11 18:38:40.720  1414  1414 D SystemServerTiming: OnBootPhase_600_com.android.server.BatteryService
11-11 18:38:40.720  1414  1414 V SystemServerTiming: OnBootPhase_600_com.android.server.BatteryService took to complete: 0ms
11-11 18:38:40.720  1414  1414 D SystemServerTiming: OnBootPhase_600_com.android.server.usage.UsageStatsService
11-11 18:38:40.720  1414  1414 V SystemServerTiming: OnBootPhase_600_com.android.server.usage.UsageStatsService took to complete: 0ms
11-11 18:38:40.720  1414  1414 D SystemServerTiming: OnBootPhase_600_com.android.server.webkit.WebViewUpdateService
11-11 18:38:40.720  1414  1414 V SystemServerTiming: OnBootPhase_600_com.android.server.webkit.WebViewUpdateService took to complete: 0ms
11-11 18:38:40.720  1414  1414 D SystemServerTiming: OnBootPhase_600_com.android.server.CachedDeviceStateService
11-11 18:38:40.720  1414  1414 V SystemServerTiming: OnBootPhase_600_com.android.server.CachedDeviceStateService took to complete: 0ms
11-11 18:38:40.720  1414  1414 D SystemServerTiming: OnBootPhase_600_com.android.server.BinderCallsStatsService$LifeCycle
11-11 18:38:40.720  1414  1414 V SystemServerTiming: OnBootPhase_600_com.android.server.BinderCallsStatsService$LifeCycle took to complete: 0ms
11-11 18:38:40.720  1414  1414 D SystemServerTiming: OnBootPhase_600_com.android.server.LooperStatsService$Lifecycle
11-11 18:38:40.720  1414  1414 V SystemServerTiming: OnBootPhase_600_com.android.server.LooperStatsService$Lifecycle took to complete: 0ms
11-11 18:38:40.720  1414  1414 D SystemServerTiming: OnBootPhase_600_com.android.server.rollback.RollbackManagerService
11-11 18:38:40.720  1414  1414 V SystemServerTiming: OnBootPhase_600_com.android.server.rollback.RollbackManagerService took to complete: 0ms
11-11 18:38:40.720  1414  1414 D SystemServerTiming: OnBootPhase_600_com.android.server.os.NativeTombstoneManagerService
11-11 18:38:40.720  1414  1414 V SystemServerTiming: OnBootPhase_600_com.android.server.os.NativeTombstoneManagerService took to complete: 0ms
11-11 18:38:40.720  1414  1414 D SystemServerTiming: OnBootPhase_600_com.android.server.os.BugreportManagerService
11-11 18:38:40.720  1414  1414 V SystemServerTiming: OnBootPhase_600_com.android.server.os.BugreportManagerService took to complete: 0ms
11-11 18:38:40.720  1414  1414 D SystemServerTiming: OnBootPhase_600_com.android.server.gpu.GpuService
11-11 18:38:40.720  1414  1414 V SystemServerTiming: OnBootPhase_600_com.android.server.gpu.GpuService took to complete: 0ms
11-11 18:38:40.720  1414  1414 D SystemServerTiming: OnBootPhase_600_com.android.server.security.rkp.RemoteProvisioningService
11-11 18:38:40.721  1414  1414 V SystemServerTiming: OnBootPhase_600_com.android.server.security.rkp.RemoteProvisioningService took to complete: 0ms
11-11 18:38:40.721  1414  1414 D SystemServerTiming: OnBootPhase_600_com.android.server.cpu.CpuMonitorService
11-11 18:38:40.721  1414  1414 V SystemServerTiming: OnBootPhase_600_com.android.server.cpu.CpuMonitorService took to complete: 0ms
11-11 18:38:40.721  1414  1414 D SystemServerTiming: OnBootPhase_600_com.android.server.security.KeyChainSystemService
11-11 18:38:40.721  1414  1414 V SystemServerTiming: OnBootPhase_600_com.android.server.security.KeyChainSystemService took to complete: 0ms
11-11 18:38:40.721  1414  1414 D SystemServerTiming: OnBootPhase_600_com.android.server.BinaryTransparencyService
11-11 18:38:40.721  1414  1414 V SystemServerTiming: OnBootPhase_600_com.android.server.BinaryTransparencyService took to complete: 0ms
11-11 18:38:40.721  1414  1414 D SystemServerTiming: OnBootPhase_600_com.android.server.telecom.TelecomLoaderService
11-11 18:38:40.721  1414  1414 V SystemServerTiming: OnBootPhase_600_com.android.server.telecom.TelecomLoaderService took to complete: 0ms
11-11 18:38:40.721  1414  1414 D SystemServerTiming: OnBootPhase_600_com.android.server.accounts.AccountManagerService$Lifecycle
11-11 18:38:40.721  1414  1414 V SystemServerTiming: OnBootPhase_600_com.android.server.accounts.AccountManagerService$Lifecycle took to complete: 0ms
11-11 18:38:40.721  1414  1414 D SystemServerTiming: OnBootPhase_600_com.android.server.content.ContentService$Lifecycle
11-11 18:38:40.721  1414  1414 V SystemServerTiming: OnBootPhase_600_com.android.server.content.ContentService$Lifecycle took to complete: 0ms
11-11 18:38:40.721  1414  1414 D SystemServerTiming: OnBootPhase_600_com.android.server.deviceconfig.DeviceConfigInit$Lifecycle
11-11 18:38:40.721  1414  1414 V SystemServerTiming: OnBootPhase_600_com.android.server.deviceconfig.DeviceConfigInit$Lifecycle took to complete: 0ms
11-11 18:38:40.721  1414  1414 D SystemServerTiming: OnBootPhase_600_com.android.server.DropBoxManagerService
11-11 18:38:40.721  1414  1414 V SystemServerTiming: OnBootPhase_600_com.android.server.DropBoxManagerService took to complete: 0ms
11-11 18:38:40.721  1414  1414 D SystemServerTiming: OnBootPhase_600_com.android.role.RoleService
11-11 18:38:40.721  1414  1414 V SystemServerTiming: OnBootPhase_600_com.android.role.RoleService took to complete: 0ms
11-11 18:38:40.721  1414  1414 D SystemServerTiming: OnBootPhase_600_com.android.server.vibrator.VibratorManagerService$Lifecycle
11-11 18:38:40.721  1414  1414 V SystemServerTiming: OnBootPhase_600_com.android.server.vibrator.VibratorManagerService$Lifecycle took to complete: 0ms
11-11 18:38:40.721  1414  1414 D SystemServerTiming: OnBootPhase_600_com.android.server.tare.InternalResourceService
11-11 18:38:40.721  1414  1414 V SystemServerTiming: OnBootPhase_600_com.android.server.tare.InternalResourceService took to complete: 0ms
11-11 18:38:40.721  1414  1414 D SystemServerTiming: OnBootPhase_600_com.android.server.alarm.AlarmManagerService
11-11 18:38:40.721  1414  1414 V SystemServerTiming: OnBootPhase_600_com.android.server.alarm.AlarmManagerService took to complete: 0ms
11-11 18:38:40.721  1414  1414 D SystemServerTiming: OnBootPhase_600_com.android.server.devicestate.DeviceStateManagerService
11-11 18:38:40.721  1414  1414 V SystemServerTiming: OnBootPhase_600_com.android.server.devicestate.DeviceStateManagerService took to complete: 0ms
11-11 18:38:40.721  1414  1414 D SystemServerTiming: OnBootPhase_600_com.android.server.camera.CameraServiceProxy
11-11 18:38:40.721  1414  1414 V SystemServerTiming: OnBootPhase_600_com.android.server.camera.CameraServiceProxy took to complete: 0ms
11-11 18:38:40.721  1414  1414 D SystemServerTiming: OnBootPhase_600_com.android.server.bluetooth.BluetoothService
11-11 18:38:40.721  1414  1414 V SystemServerTiming: OnBootPhase_600_com.android.server.bluetooth.BluetoothService took to complete: 0ms
11-11 18:38:40.721  1414  1414 D SystemServerTiming: OnBootPhase_600_com.android.server.connectivity.IpConnectivityMetrics
11-11 18:38:40.722  1414  1414 V SystemServerTiming: OnBootPhase_600_com.android.server.connectivity.IpConnectivityMetrics took to complete: 0ms
11-11 18:38:40.722  1414  1414 D SystemServerTiming: OnBootPhase_600_com.android.server.net.watchlist.NetworkWatchlistService$Lifecycle
11-11 18:38:40.722  1414  1414 V SystemServerTiming: OnBootPhase_600_com.android.server.net.watchlist.NetworkWatchlistService$Lifecycle took to complete: 0ms
11-11 18:38:40.722  1414  1414 D SystemServerTiming: OnBootPhase_600_com.android.server.PinnerService
11-11 18:38:40.722  1414  1414 V SystemServerTiming: OnBootPhase_600_com.android.server.PinnerService took to complete: 0ms
11-11 18:38:40.722  1414  1414 D SystemServerTiming: OnBootPhase_600_com.android.server.ActivityTriggerService
11-11 18:38:40.722  1414  1414 V SystemServerTiming: OnBootPhase_600_com.android.server.ActivityTriggerService took to complete: 0ms
11-11 18:38:40.722  1414  1414 D SystemServerTiming: OnBootPhase_600_com.android.server.integrity.AppIntegrityManagerService
11-11 18:38:40.722  1414  1414 V SystemServerTiming: OnBootPhase_600_com.android.server.integrity.AppIntegrityManagerService took to complete: 0ms
11-11 18:38:40.722  1414  1414 D SystemServerTiming: OnBootPhase_600_com.android.server.logcat.LogcatManagerService
11-11 18:38:40.722  1414  1414 V SystemServerTiming: OnBootPhase_600_com.android.server.logcat.LogcatManagerService took to complete: 0ms
11-11 18:38:40.722  1414  1414 D SystemServerTiming: OnBootPhase_600_com.android.server.inputmethod.InputMethodManagerService$Lifecycle
11-11 18:38:40.722  1414  1414 V SystemServerTiming: OnBootPhase_600_com.android.server.inputmethod.InputMethodManagerService$Lifecycle took to complete: 0ms
11-11 18:38:40.722  1414  1448 D GameManagerService: User ID '0' does not have a Game Mode selected for package: 'com.android.car'
11-11 18:38:40.723  1414  1448 D CompatibilityChangeReporter: Compat change id reported: 168419799; UID 1000; state: DISABLED
11-11 18:38:40.723  1414  1448 D CompatibilityChangeReporter: Compat change id reported: 273564678; UID 1000; state: DISABLED
11-11 18:38:40.723  1414  1414 D SystemServerTiming: OnBootPhase_600_com.android.server.accessibility.AccessibilityManagerService$Lifecycle
11-11 18:38:40.731     0     0 I msm_vidc: high: 00000001:  vp9d: Closed video instance: 00000000d24ddb34
11-11 18:38:40.725  1414  1414 V SystemServerTiming: OnBootPhase_600_com.android.server.accessibility.AccessibilityManagerService$Lifecycle took to complete: 1ms
11-11 18:38:40.725  1414  1414 D SystemServerTiming: OnBootPhase_600_com.android.server.StorageManagerService$Lifecycle
11-11 18:38:40.725  1414  1414 V SystemServerTiming: OnBootPhase_600_com.android.server.StorageManagerService$Lifecycle took to complete: 0ms
11-11 18:38:40.725  1414  1414 D SystemServerTiming: OnBootPhase_600_com.android.server.usage.StorageStatsService$Lifecycle
11-11 18:38:40.725  1414  1414 V SystemServerTiming: OnBootPhase_600_com.android.server.usage.StorageStatsService$Lifecycle took to complete: 0ms
11-11 18:38:40.725  1414  1414 D SystemServerTiming: OnBootPhase_600_com.android.server.UiModeManagerService
11-11 18:38:40.725  1414  1414 V SystemServerTiming: OnBootPhase_600_com.android.server.UiModeManagerService took to complete: 0ms
11-11 18:38:40.725  1414  1414 D SystemServerTiming: OnBootPhase_600_com.android.server.locales.LocaleManagerService
11-11 18:38:40.725  1414  1414 V SystemServerTiming: OnBootPhase_600_com.android.server.locales.LocaleManagerService took to complete: 0ms
11-11 18:38:40.725  1414  1414 D SystemServerTiming: OnBootPhase_600_com.android.server.grammaticalinflection.GrammaticalInflectionService
11-11 18:38:40.725  1414  1414 V SystemServerTiming: OnBootPhase_600_com.android.server.grammaticalinflection.GrammaticalInflectionService took to complete: 0ms
11-11 18:38:40.725  1414  1414 D SystemServerTiming: OnBootPhase_600_com.android.server.apphibernation.AppHibernationService
11-11 18:38:40.725  1414  1414 V SystemServerTiming: OnBootPhase_600_com.android.server.apphibernation.AppHibernationService took to complete: 0ms
11-11 18:38:40.725  1414  1414 D SystemServerTiming: OnBootPhase_600_com.android.server.locksettings.LockSettingsService$Lifecycle
11-11 18:38:40.725  1414  1414 V SystemServerTiming: OnBootPhase_600_com.android.server.locksettings.LockSettingsService$Lifecycle took to complete: 0ms
11-11 18:38:40.725  1414  1414 D SystemServerTiming: OnBootPhase_600_com.android.server.PersistentDataBlockService
11-11 18:38:40.725  1414  1414 V SystemServerTiming: OnBootPhase_600_com.android.server.PersistentDataBlockService took to complete: 0ms
11-11 18:38:40.725  1414  1414 D SystemServerTiming: OnBootPhase_600_com.android.server.testharness.TestHarnessModeService
11-11 18:38:40.725  1414  1414 V SystemServerTiming: OnBootPhase_600_com.android.server.testharness.TestHarnessModeService took to complete: 0ms
11-11 18:38:40.725  1414  1414 D SystemServerTiming: OnBootPhase_600_com.android.server.oemlock.OemLockService
11-11 18:38:40.725  1414  1414 V SystemServerTiming: OnBootPhase_600_com.android.server.oemlock.OemLockService took to complete: 0ms
11-11 18:38:40.725  1414  1414 D SystemServerTiming: OnBootPhase_600_com.android.server.DeviceIdleController
11-11 18:38:40.725  1414  1414 V SystemServerTiming: OnBootPhase_600_com.android.server.DeviceIdleController took to complete: 0ms
11-11 18:38:40.725  1414  1414 D SystemServerTiming: OnBootPhase_600_com.android.server.devicepolicy.DevicePolicyManagerService$Lifecycle
11-11 18:38:40.725  1414  1414 V SystemServerTiming: OnBootPhase_600_com.android.server.devicepolicy.DevicePolicyManagerService$Lifecycle took to complete: 0ms
11-11 18:38:40.725  1414  1414 D SystemServerTiming: OnBootPhase_600_com.android.server.texttospeech.TextToSpeechManagerService
11-11 18:38:40.726  1414  1414 V SystemServerTiming: OnBootPhase_600_com.android.server.texttospeech.TextToSpeechManagerService took to complete: 0ms
11-11 18:38:40.726  1414  1414 D SystemServerTiming: OnBootPhase_600_com.android.server.ambientcontext.AmbientContextManagerService
11-11 18:38:40.726  1414  1414 V SystemServerTiming: OnBootPhase_600_com.android.server.ambientcontext.AmbientContextManagerService took to complete: 0ms
11-11 18:38:40.726  1414  1414 D SystemServerTiming: OnBootPhase_600_com.android.server.wearable.WearableSensingManagerService
11-11 18:38:40.726  1414  1414 V SystemServerTiming: OnBootPhase_600_com.android.server.wearable.WearableSensingManagerService took to complete: 0ms
11-11 18:38:40.726  1414  1414 D SystemServerTiming: OnBootPhase_600_com.android.server.speech.SpeechRecognitionManagerService
11-11 18:38:40.726  1414  1414 V SystemServerTiming: OnBootPhase_600_com.android.server.speech.SpeechRecognitionManagerService took to complete: 1ms
11-11 18:38:40.726  1414  1414 D SystemServerTiming: OnBootPhase_600_com.android.server.searchui.SearchUiManagerService
11-11 18:38:40.726  1414  1414 V SystemServerTiming: OnBootPhase_600_com.android.server.searchui.SearchUiManagerService took to complete: 0ms
11-11 18:38:40.726  1414  1414 D SystemServerTiming: OnBootPhase_600_com.android.server.smartspace.SmartspaceManagerService
11-11 18:38:40.726  1414  1414 V SystemServerTiming: OnBootPhase_600_com.android.server.smartspace.SmartspaceManagerService took to complete: 0ms
11-11 18:38:40.726  1414  1414 D SystemServerTiming: OnBootPhase_600_com.android.server.graphics.fonts.FontManagerService$Lifecycle
11-11 18:38:40.726  1414  1414 V SystemServerTiming: OnBootPhase_600_com.android.server.graphics.fonts.FontManagerService$Lifecycle took to complete: 0ms
11-11 18:38:40.726  1414  1414 D SystemServerTiming: OnBootPhase_600_com.android.server.textservices.TextServicesManagerService$Lifecycle
11-11 18:38:40.726  1414  1414 V SystemServerTiming: OnBootPhase_600_com.android.server.textservices.TextServicesManagerService$Lifecycle took to complete: 0ms
11-11 18:38:40.726  1414  1414 D SystemServerTiming: OnBootPhase_600_com.android.server.NetworkScoreService$Lifecycle
11-11 18:38:40.727  1414  1414 V SystemServerTiming: OnBootPhase_600_com.android.server.NetworkScoreService$Lifecycle took to complete: 0ms
11-11 18:38:40.727  1414  1414 D SystemServerTiming: OnBootPhase_600_com.android.server.NetworkStatsServiceInitializer
11-11 18:38:40.727  1414  1414 V SystemServerTiming: OnBootPhase_600_com.android.server.NetworkStatsServiceInitializer took to complete: 0ms
11-11 18:38:40.727  1414  1414 D SystemServerTiming: OnBootPhase_600_com.android.server.wifi.WifiService
11-11 18:38:40.727  1414  1414 V SystemServerTiming: OnBootPhase_600_com.android.server.wifi.WifiService took to complete: 0ms
11-11 18:38:40.727  1414  1414 D SystemServerTiming: OnBootPhase_600_com.android.server.wifi.scanner.WifiScanningService
11-11 18:38:40.727  1414  1414 V SystemServerTiming: OnBootPhase_600_com.android.server.wifi.scanner.WifiScanningService took to complete: 0ms
11-11 18:38:40.727  1414  1414 D SystemServerTiming: OnBootPhase_600_com.android.server.wifi.rtt.RttService
11-11 18:38:40.727  1414  1414 V SystemServerTiming: OnBootPhase_600_com.android.server.wifi.rtt.RttService took to complete: 0ms
11-11 18:38:40.727  1414  1414 D SystemServerTiming: OnBootPhase_600_com.android.server.wifi.aware.WifiAwareService
11-11 18:38:40.727  1414  1414 V SystemServerTiming: OnBootPhase_600_com.android.server.wifi.aware.WifiAwareService took to complete: 0ms
11-11 18:38:40.727  1414  1414 D SystemServerTiming: OnBootPhase_600_com.android.server.wifi.p2p.WifiP2pService
11-11 18:38:40.727  1414  1414 V SystemServerTiming: OnBootPhase_600_com.android.server.wifi.p2p.WifiP2pService took to complete: 0ms
11-11 18:38:40.727  1414  1414 D SystemServerTiming: OnBootPhase_600_com.android.server.ConnectivityServiceInitializer
11-11 18:38:40.729  1414  1414 V SystemServerTiming: OnBootPhase_600_com.android.server.ConnectivityServiceInitializer took to complete: 3ms
11-11 18:38:40.729  1414  1414 D SystemServerTiming: OnBootPhase_600_com.android.server.notification.NotificationManagerService
11-11 18:38:40.734  1414  1652 W BroadcastLoopers: Found previously unknown looper Thread[NetworkStats,5,main]
11-11 18:38:40.737  1414  1414 V SystemServerTiming: OnBootPhase_600_com.android.server.notification.NotificationManagerService took to complete: 8ms
11-11 18:38:40.738  1414  1414 D SystemServerTiming: OnBootPhase_600_com.android.server.storage.DeviceStorageMonitorService
11-11 18:38:40.738  1414  1414 V SystemServerTiming: OnBootPhase_600_com.android.server.storage.DeviceStorageMonitorService took to complete: 0ms
11-11 18:38:40.738  1414  1414 D SystemServerTiming: OnBootPhase_600_com.android.server.timedetector.TimeDetectorService$Lifecycle
11-11 18:38:40.738  1414  1414 V SystemServerTiming: OnBootPhase_600_com.android.server.timedetector.TimeDetectorService$Lifecycle took to complete: 0ms
11-11 18:38:40.738  1414  1414 D SystemServerTiming: OnBootPhase_600_com.android.server.location.LocationManagerService$Lifecycle
11-11 18:38:40.741  1414  1448 W PackageManager: Invalid dex load report. loadingPackageName=null, uid=1037
11-11 18:38:40.750     0     0 I msm_vidc: high: 00000001: ....e: Opening video instance: 00000000afbcb814, 0
11-11 18:38:40.751     0     0 I msm_vidc: err : 00000001: ....e: Unsupported WxH (320)x(240), max supported is (0)x(0)
11-11 18:38:40.751     0     0 I msm_vidc: err : 00000001: ....e: msm_vidc_check_session_supported: Resolution unsupported
11-11 18:38:40.751     0     0 I msm_vidc: err : 00000001: ....e: msm_venc_s_fmt: session not supported
11-11 18:38:40.751     0     0 I msm_vidc: err : 00000001: ....e: msm_vidc_comm_update_ctrl: failed: control name Video B Frames, min 0, max 0, step 0, default_value 0
11-11 18:38:40.756     0     0 I msm_vidc: high: 00000001: h264e: Closed video instance: 00000000afbcb814
11-11 18:38:40.784  1414  1448 W PackageManager: Invalid dex load report. loadingPackageName=null, uid=1037
11-11 18:38:40.826  1414  1465 I DropBoxManagerService: add tag=system_app_strictmode isTagEnabled=true flags=0x2
11-11 18:38:40.828  1414  1465 I DropBoxManagerService: add tag=system_app_strictmode isTagEnabled=true flags=0x2
11-11 18:38:40.831  1414  1448 I ActivityManager: Flag disabled. Ignoring finishAttachApplication from uid: 1000. pid: 1821
11-11 18:38:40.841     0     0 I msm_vidc: high: 00000001: ....e: Opening video instance: 000000003aaf5062, 0
11-11 18:38:40.841     0     0 I msm_vidc: err : 00000001: ....e: Unsupported WxH (320)x(240), max supported is (0)x(0)
11-11 18:38:40.841     0     0 I msm_vidc: err : 00000001: ....e: msm_vidc_check_session_supported: Resolution unsupported
11-11 18:38:40.841     0     0 I msm_vidc: err : 00000001: ....e: msm_venc_s_fmt: session not supported
11-11 18:38:40.841     0     0 I msm_vidc: err : 00000001: ....e: msm_vidc_comm_update_ctrl: failed: control name Video B Frames, min 0, max 0, step 0, default_value 0
11-11 18:38:40.835  1414  1465 I DropBoxManagerService: add tag=system_app_strictmode isTagEnabled=true flags=0x2
11-11 18:38:40.847     0     0 I msm_vidc: high: 00000001: h265e: Closed video instance: 000000003aaf5062
11-11 18:38:40.841  1821  1821 V SLog    : static_init took to complete: 1ms
11-11 18:38:40.841  1821  1821 D UpdatablePackageContext: No eligible RRO package to enable.
11-11 18:38:40.844  1414  1465 I DropBoxManagerService: add tag=system_app_strictmode isTagEnabled=true flags=0x2
11-11 18:38:40.869     0     0 I msm_vidc: high: 00000001: ....e: Opening video instance: 00000000f33c1ff8, 0
11-11 18:38:40.869     0     0 I msm_vidc: err : 00000001: ....e: Unsupported WxH (320)x(240), max supported is (0)x(0)
11-11 18:38:40.869     0     0 I msm_vidc: err : 00000001: ....e: msm_vidc_check_session_supported: Resolution unsupported
11-11 18:38:40.869     0     0 I msm_vidc: err : 00000001: ....e: msm_venc_s_fmt: session not supported
11-11 18:38:40.869     0     0 I msm_vidc: err : 00000001: ....e: msm_vidc_comm_update_ctrl: failed: control name Video B Frames, min 0, max 0, step 0, default_value 0
11-11 18:38:40.874     0     0 I msm_vidc: high: 00000001: h265e: Closed video instance: 00000000f33c1ff8
11-11 18:38:40.870  1414  1447 I ActivityManager: Process WebViewLoader-arm64-v8a (pid 1819) has died: psvc PER 
11-11 18:38:40.886     0     0 E init    : Control message: Could not find 'vendor.qti.hardware.iop@2.0::IIop/default' for ctl.interface_start from pid: 470 (/system/bin/hwservicemanager)
11-11 18:38:40.896  1414  1414 W SystemServiceManager: Service com.android.server.location.LocationManagerService$Lifecycle took 159 ms in onBootPhase
11-11 18:38:40.896  1414  1414 V SystemServerTiming: OnBootPhase_600_com.android.server.location.LocationManagerService$Lifecycle took to complete: 159ms
11-11 18:38:40.896  1414  1414 D SystemServerTiming: OnBootPhase_600_com.android.server.timezonedetector.TimeZoneDetectorService$Lifecycle
11-11 18:38:40.896  1414  1414 V SystemServerTiming: OnBootPhase_600_com.android.server.timezonedetector.TimeZoneDetectorService$Lifecycle took to complete: 0ms
11-11 18:38:40.896  1414  1414 D SystemServerTiming: OnBootPhase_600_com.android.server.location.altitude.AltitudeService$Lifecycle
11-11 18:38:40.896  1414  1414 V SystemServerTiming: OnBootPhase_600_com.android.server.location.altitude.AltitudeService$Lifecycle took to complete: 0ms
11-11 18:38:40.896  1414  1414 D SystemServerTiming: OnBootPhase_600_com.android.server.timezonedetector.location.LocationTimeZoneManagerService$Lifecycle
11-11 18:38:40.897  1414  1414 V SystemServerTiming: OnBootPhase_600_com.android.server.timezonedetector.location.LocationTimeZoneManagerService$Lifecycle took to complete: 0ms
11-11 18:38:40.897  1414  1414 D SystemServerTiming: OnBootPhase_600_com.android.server.search.SearchManagerService$Lifecycle
11-11 18:38:40.897  1414  1414 V SystemServerTiming: OnBootPhase_600_com.android.server.search.SearchManagerService$Lifecycle took to complete: 0ms
11-11 18:38:40.897  1414  1414 D SystemServerTiming: OnBootPhase_600_com.android.server.wallpapereffectsgeneration.WallpaperEffectsGenerationManagerService
11-11 18:38:40.897  1414  1414 V SystemServerTiming: OnBootPhase_600_com.android.server.wallpapereffectsgeneration.WallpaperEffectsGenerationManagerService took to complete: 1ms
11-11 18:38:40.897  1414  1414 D SystemServerTiming: OnBootPhase_600_com.android.server.audio.AudioService$Lifecycle
11-11 18:38:40.897  1414  1414 V SystemServerTiming: OnBootPhase_600_com.android.server.audio.AudioService$Lifecycle took to complete: 0ms
11-11 18:38:40.897  1414  1414 D SystemServerTiming: OnBootPhase_600_com.android.server.soundtrigger_middleware.SoundTriggerMiddlewareService$Lifecycle
11-11 18:38:40.897  1414  1414 V SystemServerTiming: OnBootPhase_600_com.android.server.soundtrigger_middleware.SoundTriggerMiddlewareService$Lifecycle took to complete: 0ms
11-11 18:38:40.897  1414  1414 D SystemServerTiming: OnBootPhase_600_com.android.server.broadcastradio.BroadcastRadioService
11-11 18:38:40.897  1414  1414 V SystemServerTiming: OnBootPhase_600_com.android.server.broadcastradio.BroadcastRadioService took to complete: 0ms
11-11 18:38:40.897  1414  1414 D SystemServerTiming: OnBootPhase_600_com.android.server.DockObserver
11-11 18:38:40.897  1414  1414 V SystemServerTiming: OnBootPhase_600_com.android.server.DockObserver took to complete: 0ms
11-11 18:38:40.897  1414  1414 D SystemServerTiming: OnBootPhase_600_com.android.server.midi.MidiService$Lifecycle
11-11 18:38:40.897  1414  1414 V SystemServerTiming: OnBootPhase_600_com.android.server.midi.MidiService$Lifecycle took to complete: 0ms
11-11 18:38:40.898  1414  1414 D SystemServerTiming: OnBootPhase_600_com.android.server.adb.AdbService$Lifecycle
11-11 18:38:40.898  1414  1414 V SystemServerTiming: OnBootPhase_600_com.android.server.adb.AdbService$Lifecycle took to complete: 0ms
11-11 18:38:40.898  1414  1414 D SystemServerTiming: OnBootPhase_600_com.android.server.usb.UsbService$Lifecycle
11-11 18:38:40.898  1414  1414 V SystemServerTiming: OnBootPhase_600_com.android.server.usb.UsbService$Lifecycle took to complete: 0ms
11-11 18:38:40.898  1414  1414 D SystemServerTiming: OnBootPhase_600_com.android.server.twilight.TwilightService
11-11 18:38:40.898  1414  1414 V SystemServerTiming: OnBootPhase_600_com.android.server.twilight.TwilightService took to complete: 0ms
11-11 18:38:40.898  1414  1414 D SystemServerTiming: OnBootPhase_600_com.android.server.display.color.ColorDisplayService
11-11 18:38:40.898  1414  1414 V SystemServerTiming: OnBootPhase_600_com.android.server.display.color.ColorDisplayService took to complete: 0ms
11-11 18:38:40.898  1414  1414 D SystemServerTiming: OnBootPhase_600_com.android.server.job.JobSchedulerService
11-11 18:38:40.906  1821  1821 I CarServiceUtils: Starting HandlerThread:AidlVehicleStub
11-11 18:38:40.910  1821  1821 I CAR.SERVICE: No AIDL vehicle HAL found, fall back to HIDL version
11-11 18:38:40.912  1414  1414 V SystemServerTiming: OnBootPhase_600_com.android.server.job.JobSchedulerService took to complete: 14ms
11-11 18:38:40.912  1414  1414 D SystemServerTiming: OnBootPhase_600_com.android.server.soundtrigger.SoundTriggerService
11-11 18:38:40.912  1414  1414 D SoundTriggerService: onBootPhase: 600 : false
11-11 18:38:40.919     0     0 I binder  : 1821:1821 ioctl 40046210 7fea662794 returned -22
11-11 18:38:40.917  1414  1414 V SystemServerTiming: OnBootPhase_600_com.android.server.soundtrigger.SoundTriggerService took to complete: 5ms
11-11 18:38:40.917  1414  1414 D SystemServerTiming: OnBootPhase_600_com.android.server.trust.TrustManagerService
11-11 18:38:40.918  1821  1821 V CAR.InitTiming: getVehicle took to complete: 16ms
11-11 18:38:40.919  1821  1821 I CAR.SERVICE: Connected to android.hardware.automotive.vehicle@2.0::IVehicle
11-11 18:38:40.920   537   566 I keystore2: system/security/keystore2/src/authorization.rs:143 - on_lock_screen_event(r#UNLOCK, user_id=0, password.is_some()=false, unlocking_sids=Some([]))
11-11 18:38:40.922   537   566 I keystore2: system/security/keystore2/src/authorization.rs:143 - on_lock_screen_event(r#UNLOCK, user_id=10, password.is_some()=false, unlocking_sids=Some([]))
11-11 18:38:40.923  1414  1414 V SystemServerTiming: OnBootPhase_600_com.android.server.trust.TrustManagerService took to complete: 5ms
11-11 18:38:40.923  1414  1414 D SystemServerTiming: OnBootPhase_600_com.android.server.appwidget.AppWidgetService
11-11 18:38:40.923  1414  1414 V SystemServerTiming: OnBootPhase_600_com.android.server.appwidget.AppWidgetService took to complete: 0ms
11-11 18:38:40.923  1414  1414 D SystemServerTiming: OnBootPhase_600_com.android.server.voiceinteraction.VoiceInteractionManagerService
11-11 18:38:40.924  1414  1414 V SystemServerTiming: OnBootPhase_600_com.android.server.voiceinteraction.VoiceInteractionManagerService took to complete: 1ms
11-11 18:38:40.924  1414  1414 D SystemServerTiming: OnBootPhase_600_com.android.server.GestureLauncherService
11-11 18:38:40.925  1414  1414 V SystemServerTiming: OnBootPhase_600_com.android.server.GestureLauncherService took to complete: 2ms
11-11 18:38:40.925  1414  1414 D SystemServerTiming: OnBootPhase_600_com.android.server.SensorNotificationService
11-11 18:38:40.927  1414  1414 V SystemServerTiming: OnBootPhase_600_com.android.server.SensorNotificationService took to complete: 1ms
11-11 18:38:40.927  1414  1414 D SystemServerTiming: OnBootPhase_600_com.android.server.emergency.EmergencyAffordanceService
11-11 18:38:40.929  1414  1414 V SystemServerTiming: OnBootPhase_600_com.android.server.emergency.EmergencyAffordanceService took to complete: 1ms
11-11 18:38:40.929  1414  1414 D SystemServerTiming: OnBootPhase_600_com.android.server.blob.BlobStoreManagerService
11-11 18:38:40.931  1414  1790 D CompatibilityChangeReporter: Compat change id reported: 135634846; UID 10100; state: DISABLED
11-11 18:38:40.931  1414  1790 D CompatibilityChangeReporter: Compat change id reported: 177438394; UID 10100; state: DISABLED
11-11 18:38:40.931  1414  1790 D CompatibilityChangeReporter: Compat change id reported: 135772972; UID 10100; state: DISABLED
11-11 18:38:40.931  1414  1790 D CompatibilityChangeReporter: Compat change id reported: 135754954; UID 10100; state: ENABLED
11-11 18:38:40.931  1414  1790 D CompatibilityChangeReporter: Compat change id reported: 207557677; UID 10100; state: ENABLED
11-11 18:38:40.937  1821  1821 I CarOemProxyService: Oem Car Service Config. Connection timeout:5000, Service Ready timeout:5000, component Name:
11-11 18:38:40.937  1821  1821 I CarOemProxyService: **CarOemService is disabled.**
11-11 18:38:40.937  1821  1821 V CAR.InitTiming: CarOemProxyService took to complete: 4ms
11-11 18:38:40.938  1821  1821 I CarServiceUtils: Starting HandlerThread:VehicleHal
11-11 18:38:40.940  1414  1414 V SystemServerTiming: OnBootPhase_600_com.android.server.blob.BlobStoreManagerService took to complete: 12ms
11-11 18:38:40.940  1414  1414 D SystemServerTiming: OnBootPhase_600_com.android.server.dreams.DreamManagerService
11-11 18:38:40.945  1414  1414 V SystemServerTiming: OnBootPhase_600_com.android.server.dreams.DreamManagerService took to complete: 4ms
11-11 18:38:40.945  1821  1821 I CarServiceUtils: Starting HandlerThread:PropertyHalService
11-11 18:38:40.945  1414  1414 D SystemServerTiming: OnBootPhase_600_com.android.server.security.AttestationVerificationManagerService
11-11 18:38:40.945  1414  1414 V SystemServerTiming: OnBootPhase_600_com.android.server.security.AttestationVerificationManagerService took to complete: 0ms
11-11 18:38:40.945  1414  1414 D SystemServerTiming: OnBootPhase_600_com.android.server.companion.CompanionDeviceManagerService
11-11 18:38:40.945  1414  1414 V SystemServerTiming: OnBootPhase_600_com.android.server.companion.CompanionDeviceManagerService took to complete: 0ms
11-11 18:38:40.945  1414  1414 D SystemServerTiming: OnBootPhase_600_com.android.server.companion.virtual.VirtualDeviceManagerService
11-11 18:38:40.945  1414  1414 V SystemServerTiming: OnBootPhase_600_com.android.server.companion.virtual.VirtualDeviceManagerService took to complete: 0ms
11-11 18:38:40.945  1414  1414 D SystemServerTiming: OnBootPhase_600_com.android.server.restrictions.RestrictionsManagerService
11-11 18:38:40.945  1414  1414 V SystemServerTiming: OnBootPhase_600_com.android.server.restrictions.RestrictionsManagerService took to complete: 0ms
11-11 18:38:40.945  1414  1414 D SystemServerTiming: OnBootPhase_600_com.android.server.media.MediaSessionService
11-11 18:38:40.945  1414  1414 V SystemServerTiming: OnBootPhase_600_com.android.server.media.MediaSessionService took to complete: 0ms
11-11 18:38:40.945  1414  1414 D SystemServerTiming: OnBootPhase_600_com.android.server.biometrics.BiometricService
11-11 18:38:40.945  1414  1414 V SystemServerTiming: OnBootPhase_600_com.android.server.biometrics.BiometricService took to complete: 0ms
11-11 18:38:40.945  1414  1414 D SystemServerTiming: OnBootPhase_600_com.android.server.biometrics.AuthService
11-11 18:38:40.945  1414  1414 V SystemServerTiming: OnBootPhase_600_com.android.server.biometrics.AuthService took to complete: 0ms
11-11 18:38:40.945  1414  1414 D SystemServerTiming: OnBootPhase_600_com.android.server.pm.ShortcutService$Lifecycle
11-11 18:38:40.945  1414  1414 V SystemServerTiming: OnBootPhase_600_com.android.server.pm.ShortcutService$Lifecycle took to complete: 0ms
11-11 18:38:40.945  1414  1414 D SystemServerTiming: OnBootPhase_600_com.android.server.pm.LauncherAppsService
11-11 18:38:40.945  1414  1414 V SystemServerTiming: OnBootPhase_600_com.android.server.pm.LauncherAppsService took to complete: 0ms
11-11 18:38:40.945  1414  1414 D SystemServerTiming: OnBootPhase_600_com.android.server.pm.CrossProfileAppsService
11-11 18:38:40.945  1414  1414 V SystemServerTiming: OnBootPhase_600_com.android.server.pm.CrossProfileAppsService took to complete: 0ms
11-11 18:38:40.945  1414  1414 D SystemServerTiming: OnBootPhase_600_com.android.server.people.PeopleService
11-11 18:38:40.945  1414  1414 V SystemServerTiming: OnBootPhase_600_com.android.server.people.PeopleService took to complete: 0ms
11-11 18:38:40.945  1414  1414 D SystemServerTiming: OnBootPhase_600_com.android.server.media.metrics.MediaMetricsManagerService
11-11 18:38:40.945  1414  1414 V SystemServerTiming: OnBootPhase_600_com.android.server.media.metrics.MediaMetricsManagerService took to complete: 0ms
11-11 18:38:40.945  1414  1414 D SystemServerTiming: OnBootPhase_600_com.android.server.pm.BackgroundInstallControlService
11-11 18:38:40.945  1414  1414 V SystemServerTiming: OnBootPhase_600_com.android.server.pm.BackgroundInstallControlService took to complete: 0ms
11-11 18:38:40.945  1414  1414 D SystemServerTiming: OnBootPhase_600_com.android.server.media.projection.MediaProjectionManagerService
11-11 18:38:40.945  1414  1414 V SystemServerTiming: OnBootPhase_600_com.android.server.media.projection.MediaProjectionManagerService took to complete: 0ms
11-11 18:38:40.945  1414  1414 D SystemServerTiming: OnBootPhase_600_com.android.server.slice.SliceManagerService$Lifecycle
11-11 18:38:40.945  1414  1414 V SystemServerTiming: OnBootPhase_600_com.android.server.slice.SliceManagerService$Lifecycle took to complete: 0ms
11-11 18:38:40.945  1414  1414 D SystemServerTiming: OnBootPhase_600_com.android.server.stats.StatsCompanion$Lifecycle
11-11 18:38:40.947  1821  1821 I CarServiceUtils: Starting HandlerThread:VmsHalService
11-11 18:38:40.953  1821  1821 I CAR.VmsHalService: Metrics collection disabled
11-11 18:38:40.953  1821  1821 I CarServiceUtils: Starting HandlerThread:UserService
11-11 18:38:40.954  1414  1448 I ActivityManager: Process WebViewLoader-armeabi-v7a (pid 1812) has died: psvc PER 
11-11 18:38:40.956  1414  1464 D DisplayManagerService: Drop pending events for gone uid 1037
11-11 18:38:40.958  1821  1821 V CAR.InitTiming: VehicleHal took to complete: 21ms
11-11 18:38:40.960  1821  1821 D CAR.HidlVehicleStub: Use getAllPropConfigs to fetch all property configs
11-11 18:38:40.962  1821  1821 I CarServiceUtils: Starting HandlerThread:CarFeatureController
11-11 18:38:40.963  1821  1821 I CarFeatureController: mDefaultEnabledFeaturesFromConfig:[car_navigation_service, car_telemetry_service, cluster_service, com.android.car.user.CarUserNoticeService, diagnostic, storage_monitoring, vehicle_map_service],mDisabledFeaturesFromVhal:[]
11-11 18:38:40.965  1414  1414 V SystemServerTiming: OnBootPhase_600_com.android.server.stats.StatsCompanion$Lifecycle took to complete: 19ms
11-11 18:38:40.965  1414  1414 D SystemServerTiming: OnBootPhase_600_com.android.server.scheduling.RebootReadinessManagerService$Lifecycle
11-11 18:38:40.965  1414  1414 V SystemServerTiming: OnBootPhase_600_com.android.server.scheduling.RebootReadinessManagerService$Lifecycle took to complete: 0ms
11-11 18:38:40.965  1414  1414 D SystemServerTiming: OnBootPhase_600_com.android.server.stats.pull.StatsPullAtomService
11-11 18:38:40.965  1414  1414 V SystemServerTiming: OnBootPhase_600_com.android.server.stats.pull.StatsPullAtomService took to complete: 0ms
11-11 18:38:40.965  1414  1414 D SystemServerTiming: OnBootPhase_600_com.android.server.stats.bootstrap.StatsBootstrapAtomService$Lifecycle
11-11 18:38:40.965  1414  1414 V SystemServerTiming: OnBootPhase_600_com.android.server.stats.bootstrap.StatsBootstrapAtomService$Lifecycle took to complete: 0ms
11-11 18:38:40.965  1414  1472 D StatsPullAtomService: Registering NetworkStats pullers with statsd
11-11 18:38:40.965  1414  1414 D SystemServerTiming: OnBootPhase_600_com.android.server.incident.IncidentCompanionService
11-11 18:38:40.965  1414  1414 V SystemServerTiming: OnBootPhase_600_com.android.server.incident.IncidentCompanionService took to complete: 0ms
11-11 18:38:40.965  1414  1414 D SystemServerTiming: OnBootPhase_600_com.android.server.sdksandbox.SdkSandboxManagerService$Lifecycle
11-11 18:38:40.965  1414  1414 V SystemServerTiming: OnBootPhase_600_com.android.server.sdksandbox.SdkSandboxManagerService$Lifecycle took to complete: 0ms
11-11 18:38:40.965  1414  1414 D SystemServerTiming: OnBootPhase_600_com.android.server.adservices.AdServicesManagerService$Lifecycle
11-11 18:38:40.965  1414  1414 V SystemServerTiming: OnBootPhase_600_com.android.server.adservices.AdServicesManagerService$Lifecycle took to complete: 0ms
11-11 18:38:40.965  1414  1414 D SystemServerTiming: OnBootPhase_600_com.android.server.ondevicepersonalization.OnDevicePersonalizationSystemService$Lifecycle
11-11 18:38:40.965  1414  1414 V SystemServerTiming: OnBootPhase_600_com.android.server.ondevicepersonalization.OnDevicePersonalizationSystemService$Lifecycle took to complete: 0ms
11-11 18:38:40.965  1414  1414 D SystemServerTiming: OnBootPhase_600_com.android.server.MmsServiceBroker
11-11 18:38:40.965  1414  1414 V SystemServerTiming: OnBootPhase_600_com.android.server.MmsServiceBroker took to complete: 0ms
11-11 18:38:40.965  1414  1414 D SystemServerTiming: OnBootPhase_600_com.android.server.selectiontoolbar.SelectionToolbarManagerService
11-11 18:38:40.965  1414  1414 V SystemServerTiming: OnBootPhase_600_com.android.server.selectiontoolbar.SelectionToolbarManagerService took to complete: 0ms
11-11 18:38:40.966  1414  1414 D SystemServerTiming: OnBootPhase_600_com.android.server.clipboard.ClipboardService
11-11 18:38:40.966  1414  1414 V SystemServerTiming: OnBootPhase_600_com.android.server.clipboard.ClipboardService took to complete: 0ms
11-11 18:38:40.966  1414  1414 D SystemServerTiming: OnBootPhase_600_com.android.server.appbinding.AppBindingService$Lifecycle
11-11 18:38:40.966  1414  1414 V SystemServerTiming: OnBootPhase_600_com.android.server.appbinding.AppBindingService$Lifecycle took to complete: 0ms
11-11 18:38:40.966  1414  1414 D SystemServerTiming: OnBootPhase_600_com.android.server.tracing.TracingServiceProxy
11-11 18:38:40.966  1414  1414 V SystemServerTiming: OnBootPhase_600_com.android.server.tracing.TracingServiceProxy took to complete: 0ms
11-11 18:38:40.966  1414  1414 D SystemServerTiming: OnBootPhase_600_com.android.server.policy.PermissionPolicyService
11-11 18:38:40.966  1414  1414 V SystemServerTiming: OnBootPhase_600_com.android.server.policy.PermissionPolicyService took to complete: 0ms
11-11 18:38:40.966  1414  1414 D SystemServerTiming: OnBootPhase_600_com.android.server.pm.StagingManager$Lifecycle
11-11 18:38:40.966  1414  1414 V SystemServerTiming: OnBootPhase_600_com.android.server.pm.StagingManager$Lifecycle took to complete: 0ms
11-11 18:38:40.966  1414  1414 D SystemServerTiming: OnBootPhase_600_com.android.server.app.GameManagerService$Lifecycle
11-11 18:38:40.966  1414  1414 V SystemServerTiming: OnBootPhase_600_com.android.server.app.GameManagerService$Lifecycle took to complete: 0ms
11-11 18:38:40.966  1414  1414 D SystemServerTiming: OnBootPhase_600_com.android.safetycenter.SafetyCenterService
11-11 18:38:40.966  1414  1414 V SystemServerTiming: OnBootPhase_600_com.android.safetycenter.SafetyCenterService took to complete: 0ms
