09-15 11:35:41.441  1341  1402 V StorageManagerService: Package com.android.theme.font.notoserifsource does not have legacy storage
09-15 11:35:41.442  1341  1402 V StorageManagerService: Package com.android.proxyhandler does not have legacy storage
09-15 11:35:41.443  1341  1402 V StorageManagerService: Package com.android.internal.display.cutout.emulation.waterfall does not have legacy storage
09-15 11:35:41.443  1341  1402 V StorageManagerService: Package com.android.intentresolver does not have legacy storage
09-15 11:35:41.443  1341  1402 V StorageManagerService: Package com.qualcomm.qti.workloadclassifier does not have legacy storage
09-15 11:35:41.443  1341  1402 V StorageManagerService: Package com.android.nearby.halfsheet does not have legacy storage
09-15 11:35:41.443  1341  1402 V StorageManagerService: Package com.android.inputmethod.latin does not have legacy storage
09-15 11:35:41.444  1341  1402 V StorageManagerService: Package com.android.internal.systemui.navbar.transparent does not have legacy storage
09-15 11:35:41.444  1341  1402 V StorageManagerService: Package android.car.usb.handler does not have legacy storage
09-15 11:35:41.444  1341  1402 V StorageManagerService: Package com.android.managedprovisioning does not have legacy storage
09-15 11:35:41.444  1341  1402 V StorageManagerService: Package com.android.networkstack.tethering does not have legacy storage
09-15 11:35:41.444  1341  1402 V StorageManagerService: Package com.android.soundpicker does not have legacy storage
09-15 11:35:41.444  1341  1402 V StorageManagerService: Package com.example.vehiclemqttservice does not have legacy storage
09-15 11:35:41.444  1341  1402 V StorageManagerService: Package com.android.car.bugreport does not have legacy storage
09-15 11:35:41.444  1341  1402 V StorageManagerService: Package com.qualcomm.qct.dlt does not have legacy storage
01-01 06:41:06.237     0     0 I binder  : 1926:1926 ioctl 40046210 7fd7d70190 returned -22
09-15 11:35:41.445  1341  1402 V StorageManagerService: Package com.android.smspush does not have legacy storage
09-15 11:35:41.445  1341  1402 V StorageManagerService: Package com.qualcomm.qti.dcf.client.service does not have legacy storage
09-15 11:35:41.445  1341  1402 V StorageManagerService: Package com.android.role.notes.enabled does not have legacy storage
09-15 11:35:41.445  1341  1402 V StorageManagerService: Package com.qualcomm.atfwd2 does not have legacy storage
09-15 11:35:41.445  1341  1402 V StorageManagerService: Package com.android.car.cartelemetryapp does not have legacy storage
09-15 11:35:41.445  1341  1402 V StorageManagerService: Package com.android.experimentalcar does not have legacy storage
09-15 11:35:41.445  1341  1402 V StorageManagerService: Package com.android.apps.tag does not have legacy storage
09-15 11:35:41.445  1341  1402 V StorageManagerService: Package com.android.imsserviceentitlement does not have legacy storage
09-15 11:35:41.445  1341  1402 V StorageManagerService: Package com.android.storagemanager does not have legacy storage
09-15 11:35:41.445  1341  1402 V StorageManagerService: Package com.quicinc.voiceassistant.reference does not have legacy storage
09-15 11:35:41.445  1341  1402 V StorageManagerService: Package my.tests.snapdragonsdktest does not have legacy storage
09-15 11:35:41.445  1341  1402 V StorageManagerService: Package com.qualcomm.qti.cne does not have legacy storage
09-15 11:35:41.445  1341  1402 V StorageManagerService: Package com.qualcomm.qti.ims does not have legacy storage
09-15 11:35:41.445  1756  1756 I OveruseConfigurationCache: Ignoring I/O overuse threshold for invalid component type: 3
09-15 11:35:41.445  1341  1402 V StorageManagerService: Package com.qualcomm.qti.lpa does not have legacy storage
09-15 11:35:41.445  1341  1402 V StorageManagerService: Package com.qualcomm.qti.smq does not have legacy storage
09-15 11:35:41.445  1341  1402 V StorageManagerService: Package com.qualcomm.qti.sva does not have legacy storage
09-15 11:35:41.446  1341  1402 V StorageManagerService: Package com.qualcomm.qti.uim does not have legacy storage
09-15 11:35:41.446  1341  1402 V StorageManagerService: Package com.android.cts.ctsshim does not have legacy storage
09-15 11:35:41.446  1341  1402 V StorageManagerService: Package com.qti.telephonysettings does not have legacy storage
09-15 11:35:41.446  1341  1402 V StorageManagerService: Package com.ultraviolette.fotaservice does not have legacy storage
09-15 11:35:41.446  1341  1402 V StorageManagerService: Package com.qualcomm.qti.uimGbaApp does not have legacy storage
09-15 11:35:41.446  1341  1402 V StorageManagerService: Package com.caf.fmradio does not have legacy storage
09-15 11:35:41.446  1341  1402 V StorageManagerService: Package com.qti.diagservices does not have legacy storage
09-15 11:35:41.446  1341  1402 V StorageManagerService: Package com.android.permissioncontroller.car.rro does not have legacy storage
09-15 11:35:41.446  1341  1402 V StorageManagerService: Package com.android.vpndialogs does not have legacy storage
09-15 11:35:41.446  1341  1402 V StorageManagerService: Package com.android.ecall does not have legacy storage
09-15 11:35:41.446  1341  1402 V StorageManagerService: Package com.android.music does not have legacy storage
09-15 11:35:41.446  1341  1402 V StorageManagerService: Package com.android.phone does not have legacy storage
09-15 11:35:41.446  1341  1402 V StorageManagerService: Package com.android.shell does not have legacy storage
09-15 11:35:41.446  1341  1402 V StorageManagerService: Package com.android.sdksandbox does not have legacy storage
09-15 11:35:41.446  1341  1402 V StorageManagerService: Package org.codeaurora.snapcam does not have legacy storage
09-15 11:35:41.446  1341  1402 V StorageManagerService: Package com.android.providers.userdictionary does not have legacy storage
09-15 11:35:41.446  1341  1402 V StorageManagerService: Package com.android.providers.media.module does not have legacy storage
09-15 11:35:41.446  1341  1402 V StorageManagerService: Package com.qualcomm.qti.cam2test does not have legacy storage
09-15 11:35:41.447  1341  1402 V StorageManagerService: Package com.android.emergency does not have legacy storage
09-15 11:35:41.447  1341  1402 V StorageManagerService: Package com.android.hotspot2.osulogin does not have legacy storage
09-15 11:35:41.447  1341  1402 V StorageManagerService: Package com.qualcomm.qti.qmmi does not have legacy storage
09-15 11:35:41.447  1341  1402 V StorageManagerService: Package com.qualcomm.qti.usta does not have legacy storage
09-15 11:35:41.447  1341  1402 V StorageManagerService: Package com.qualcomm.qti.xrcb does not have legacy storage
09-15 11:35:41.447  1341  1402 V StorageManagerService: Package com.android.internal.systemui.navbar.gestural does not have legacy storage
09-15 11:35:41.447  1341  1402 V StorageManagerService: Package com.android.location.fused does not have legacy storage
09-15 11:35:41.447  1341  1402 V StorageManagerService: Package com.android.systemui does not have legacy storage
09-15 11:35:41.447  1341  1402 V StorageManagerService: Package com.android.bluetoothmidiservice does not have legacy storage
09-15 11:35:41.447  1341  1402 V StorageManagerService: Package com.qualcomm.qti.confdialer does not have legacy storage
09-15 11:35:41.447  1341  1402 V StorageManagerService: Package com.qualcomm.qti.poweroffalarm does not have legacy storage
09-15 11:35:41.449  1341  1514 W CameraService_proxy: Could not notify cameraserver, camera service not available.
09-15 11:35:41.449  1341  1514 I CameraService_proxy: Could not notify camera service of user switch, retrying...
09-15 11:35:41.451  1341  1922 D GameManagerService: User ID '0' does not have a Game Mode selected for package: 'com.android.experimentalcar'
09-15 11:35:41.452  1341  1922 D CompatibilityChangeReporter: Compat change id reported: 168419799; UID 1000; state: DISABLED
09-15 11:35:41.452  1341  1922 D CompatibilityChangeReporter: Compat change id reported: 273564678; UID 1000; state: DISABLED
09-15 11:35:41.458  1341  1402 V StorageManagerService: Package com.android.car.updatable does not have legacy storage
09-15 11:35:41.459  1756  1916 V CAR.TELEMETRY: init took to complete: 101ms
09-15 11:35:41.460  1756  1899 W CAR.FastPairProvider: Fast Pair Provider not configured, disabling, model=0, key=N/A
09-15 11:35:41.460  1341  1402 V StorageManagerService: Package com.qti.ltebc does not have legacy storage
09-15 11:35:41.460  1341  1402 V StorageManagerService: Package com.qti.phone does not have legacy storage
09-15 11:35:41.460  1341  1402 V StorageManagerService: Package com.qualcomm.qti.dcf.nearbyclient does not have legacy storage
09-15 11:35:41.460  1341  1402 V StorageManagerService: Package com.android.permissioncontroller does not have legacy storage
09-15 11:35:41.460  1341  1402 V StorageManagerService: Package com.android.traceur does not have legacy storage
09-15 11:35:41.461  1756  1899 I CarServiceUtils: Starting HandlerThread:CarBluetoothService
09-15 11:35:41.461  1341  1402 V StorageManagerService: Package com.qualcomm.qti.qms.service.trustzoneaccess does not have legacy storage
09-15 11:35:41.461  1341  1402 V StorageManagerService: Package com.qti.dcf does not have legacy storage
09-15 11:35:41.461  1341  1402 V StorageManagerService: Package com.qti.qcc does not have legacy storage
09-15 11:35:41.466  1341  1402 V StorageManagerService: Package com.qualcomm.qtil.aptxui does not have legacy storage
09-15 11:35:41.468  1341  1402 V StorageManagerService: Package com.android.ondevicepersonalization.services does not have legacy storage
09-15 11:35:41.468  1341  1402 V StorageManagerService: Package com.qualcomm.qti.server.wigig.tethering.rro does not have legacy storage
09-15 11:35:41.468  1341  1402 V StorageManagerService: Package com.qualcomm.qtil.btdsda does not have legacy storage
09-15 11:35:41.468  1341  1402 V StorageManagerService: Package com.android.bluetooth does not have legacy storage
09-15 11:35:41.470  1341  1402 V StorageManagerService: Package com.qualcomm.timeservice does not have legacy storage
09-15 11:35:41.470  1341  1514 W CameraService_proxy: Could not notify cameraserver, camera service not available.
09-15 11:35:41.470  1341  1514 I CameraService_proxy: Could not notify camera service of user switch, retrying...
09-15 11:35:41.472  1341  1402 V StorageManagerService: Package com.qualcomm.atfwd does not have legacy storage
09-15 11:35:41.472  1341  1402 V StorageManagerService: Package com.android.providers.contacts does not have legacy storage
09-15 11:35:41.472  1341  1402 V StorageManagerService: Package com.android.captiveportallogin does not have legacy storage
09-15 11:35:41.473  1341  1402 V StorageManagerService: Package com.android.internal.systemui.navbar.gestural_narrow_back does not have legacy storage
09-15 11:35:41.473  1341  1402 V StorageManagerService: Package com.android.devicelockcontroller does not have legacy storage
09-15 11:35:41.474  1341  1402 V StorageManagerService: Package com.android.ext.adservices.api does not have legacy storage
09-15 11:35:41.474  1341  1402 V StorageManagerService: Package com.android.cellbroadcastreceiver.overlay.common does not have legacy storage
09-15 11:35:41.474  1341  1402 V StorageManagerService: Package com.qualcomm.qti.sensors.qsensortest does not have legacy storage
09-15 11:35:41.474  1341  1402 V StorageManagerService: Package com.google.android.car.adaslocation does not have legacy storage
09-15 11:35:41.477  1341  1341 V UserDataPreparer: Found /data/user_de/10 with serial number 10
09-15 11:35:41.478  1341  1341 V UserDataPreparer: Found /data/system_de/10 with serial number 10
09-15 11:35:41.479  1341  1341 V SystemServerTiming: prepareUserData took to complete: 119ms
09-15 11:35:41.479  1341  1341 D SystemServerTiming: reconcileAppsData
09-15 11:35:41.479  1341  1341 V PackageManager: reconcileAppsData for null u10 0x1 migrateAppData=false
09-15 11:35:41.481  1341  1402 W SystemServiceManager: Service com.android.server.StorageManagerService$Lifecycle took 53 ms in onStartUser-0
09-15 11:35:41.481  1341  1402 V SystemServerTimingAsync: ssm.onStartUser-0_com.android.server.StorageManagerService$Lifecycle took to complete: 53ms
09-15 11:35:41.481  1341  1402 D SystemServerTimingAsync: ssm.onStartUser-0_com.android.server.usage.StorageStatsService$Lifecycle
09-15 11:35:41.481  1341  1402 V SystemServerTimingAsync: ssm.onStartUser-0_com.android.server.usage.StorageStatsService$Lifecycle took to complete: 0ms
09-15 11:35:41.481  1341  1402 D SystemServerTimingAsync: ssm.onStartUser-0_com.android.server.UiModeManagerService
09-15 11:35:41.481  1341  1402 V SystemServerTimingAsync: ssm.onStartUser-0_com.android.server.UiModeManagerService took to complete: 0ms
09-15 11:35:41.481  1341  1402 D SystemServerTimingAsync: ssm.onStartUser-0_com.android.server.locales.LocaleManagerService
09-15 11:35:41.481  1341  1402 V SystemServerTimingAsync: ssm.onStartUser-0_com.android.server.locales.LocaleManagerService took to complete: 0ms
09-15 11:35:41.481  1341  1402 D SystemServerTimingAsync: ssm.onStartUser-0_com.android.server.grammaticalinflection.GrammaticalInflectionService
09-15 11:35:41.481  1341  1402 V SystemServerTimingAsync: ssm.onStartUser-0_com.android.server.grammaticalinflection.GrammaticalInflectionService took to complete: 0ms
09-15 11:35:41.481  1341  1402 D SystemServerTimingAsync: ssm.onStartUser-0_com.android.server.apphibernation.AppHibernationService
09-15 11:35:41.481  1341  1402 V SystemServerTimingAsync: ssm.onStartUser-0_com.android.server.apphibernation.AppHibernationService took to complete: 0ms
09-15 11:35:41.481  1341  1402 D SystemServerTimingAsync: ssm.onStartUser-0_com.android.server.locksettings.LockSettingsService$Lifecycle
09-15 11:35:41.481  1341  1402 V SystemServerTimingAsync: ssm.onStartUser-0_com.android.server.locksettings.LockSettingsService$Lifecycle took to complete: 0ms
09-15 11:35:41.481  1341  1402 D SystemServerTimingAsync: ssm.onStartUser-0_com.android.server.PersistentDataBlockService
09-15 11:35:41.481  1341  1402 V SystemServerTimingAsync: ssm.onStartUser-0_com.android.server.PersistentDataBlockService took to complete: 0ms
09-15 11:35:41.481  1341  1402 D SystemServerTimingAsync: ssm.onStartUser-0_com.android.server.testharness.TestHarnessModeService
09-15 11:35:41.481  1341  1402 V SystemServerTimingAsync: ssm.onStartUser-0_com.android.server.testharness.TestHarnessModeService took to complete: 0ms
09-15 11:35:41.482  1341  1402 D SystemServerTimingAsync: ssm.onStartUser-0_com.android.server.oemlock.OemLockService
09-15 11:35:41.482  1341  1402 V SystemServerTimingAsync: ssm.onStartUser-0_com.android.server.oemlock.OemLockService took to complete: 0ms
09-15 11:35:41.482  1341  1402 D SystemServerTimingAsync: ssm.onStartUser-0_com.android.server.DeviceIdleController
09-15 11:35:41.482  1341  1402 V SystemServerTimingAsync: ssm.onStartUser-0_com.android.server.DeviceIdleController took to complete: 0ms
09-15 11:35:41.482  1341  1402 D SystemServerTimingAsync: ssm.onStartUser-0_com.android.server.devicepolicy.DevicePolicyManagerService$Lifecycle
09-15 11:35:41.483  1756  1916 D CAR.TELEMETRY: Data from the previous session is not found. Quitting.
09-15 11:35:41.488  1341  1341 W PackageManager: Skipping preparing app data for com.android.sdksandbox
09-15 11:35:41.491  1341  1514 W CameraService_proxy: Could not notify cameraserver, camera service not available.
09-15 11:35:41.491  1341  1514 I CameraService_proxy: Could not notify camera service of user switch, retrying...
09-15 11:35:41.492  1341  1402 V SystemServerTimingAsync: ssm.onStartUser-0_com.android.server.devicepolicy.DevicePolicyManagerService$Lifecycle took to complete: 10ms
09-15 11:35:41.492  1341  1402 D SystemServerTimingAsync: ssm.onStartUser-0_com.android.server.texttospeech.TextToSpeechManagerService
09-15 11:35:41.492  1341  1402 V SystemServerTimingAsync: ssm.onStartUser-0_com.android.server.texttospeech.TextToSpeechManagerService took to complete: 0ms
09-15 11:35:41.492  1341  1402 D SystemServerTimingAsync: ssm.onStartUser-0_com.android.server.ambientcontext.AmbientContextManagerService
09-15 11:35:41.492  1341  1402 V SystemServerTimingAsync: ssm.onStartUser-0_com.android.server.ambientcontext.AmbientContextManagerService took to complete: 0ms
09-15 11:35:41.492  1341  1402 D SystemServerTimingAsync: ssm.onStartUser-0_com.android.server.wearable.WearableSensingManagerService
09-15 11:35:41.492  1341  1402 V SystemServerTimingAsync: ssm.onStartUser-0_com.android.server.wearable.WearableSensingManagerService took to complete: 0ms
09-15 11:35:41.492  1341  1402 D SystemServerTimingAsync: ssm.onStartUser-0_com.android.server.speech.SpeechRecognitionManagerService
09-15 11:35:41.492  1341  1402 V SystemServerTimingAsync: ssm.onStartUser-0_com.android.server.speech.SpeechRecognitionManagerService took to complete: 0ms
09-15 11:35:41.492  1341  1402 D SystemServerTimingAsync: ssm.onStartUser-0_com.android.server.searchui.SearchUiManagerService
09-15 11:35:41.492  1341  1402 V SystemServerTimingAsync: ssm.onStartUser-0_com.android.server.searchui.SearchUiManagerService took to complete: 0ms
09-15 11:35:41.492  1341  1402 D SystemServerTimingAsync: ssm.onStartUser-0_com.android.server.smartspace.SmartspaceManagerService
09-15 11:35:41.492  1341  1402 V SystemServerTimingAsync: ssm.onStartUser-0_com.android.server.smartspace.SmartspaceManagerService took to complete: 0ms
09-15 11:35:41.492  1341  1402 D SystemServerTimingAsync: ssm.onStartUser-0_com.android.server.graphics.fonts.FontManagerService$Lifecycle
09-15 11:35:41.492  1341  1402 V SystemServerTimingAsync: ssm.onStartUser-0_com.android.server.graphics.fonts.FontManagerService$Lifecycle took to complete: 0ms
09-15 11:35:41.492  1341  1402 D SystemServerTimingAsync: ssm.onStartUser-0_com.android.server.textservices.TextServicesManagerService$Lifecycle
09-15 11:35:41.492  1341  1402 V SystemServerTimingAsync: ssm.onStartUser-0_com.android.server.textservices.TextServicesManagerService$Lifecycle took to complete: 0ms
09-15 11:35:41.492  1341  1402 D SystemServerTimingAsync: ssm.onStartUser-0_com.android.server.NetworkScoreService$Lifecycle
09-15 11:35:41.492  1341  1402 V SystemServerTimingAsync: ssm.onStartUser-0_com.android.server.NetworkScoreService$Lifecycle took to complete: 0ms
09-15 11:35:41.492  1341  1402 D SystemServerTimingAsync: ssm.onStartUser-0_com.android.server.NetworkStatsServiceInitializer
09-15 11:35:41.493  1341  1402 V SystemServerTimingAsync: ssm.onStartUser-0_com.android.server.NetworkStatsServiceInitializer took to complete: 0ms
09-15 11:35:41.493  1341  1402 D SystemServerTimingAsync: ssm.onStartUser-0_com.android.server.wifi.WifiService
09-15 11:35:41.493  1341  1402 V SystemServerTimingAsync: ssm.onStartUser-0_com.android.server.wifi.WifiService took to complete: 0ms
09-15 11:35:41.493  1341  1402 D SystemServerTimingAsync: ssm.onStartUser-0_com.android.server.wifi.scanner.WifiScanningService
09-15 11:35:41.493  1341  1402 V SystemServerTimingAsync: ssm.onStartUser-0_com.android.server.wifi.scanner.WifiScanningService took to complete: 0ms
09-15 11:35:41.493  1341  1402 D SystemServerTimingAsync: ssm.onStartUser-0_com.android.server.wifi.rtt.RttService
09-15 11:35:41.493  1341  1402 V SystemServerTimingAsync: ssm.onStartUser-0_com.android.server.wifi.rtt.RttService took to complete: 0ms
09-15 11:35:41.493  1341  1402 D SystemServerTimingAsync: ssm.onStartUser-0_com.android.server.wifi.aware.WifiAwareService
09-15 11:35:41.493  1341  1402 V SystemServerTimingAsync: ssm.onStartUser-0_com.android.server.wifi.aware.WifiAwareService took to complete: 0ms
09-15 11:35:41.493  1341  1402 D SystemServerTimingAsync: ssm.onStartUser-0_com.android.server.wifi.p2p.WifiP2pService
09-15 11:35:41.493  1341  1402 V SystemServerTimingAsync: ssm.onStartUser-0_com.android.server.wifi.p2p.WifiP2pService took to complete: 0ms
09-15 11:35:41.493  1341  1402 D SystemServerTimingAsync: ssm.onStartUser-0_com.android.server.ConnectivityServiceInitializer
09-15 11:35:41.493  1341  1402 V SystemServerTimingAsync: ssm.onStartUser-0_com.android.server.ConnectivityServiceInitializer took to complete: 0ms
09-15 11:35:41.493  1341  1402 D SystemServerTimingAsync: ssm.onStartUser-0_com.android.server.notification.NotificationManagerService
09-15 11:35:41.493  1341  1402 V SystemServerTimingAsync: ssm.onStartUser-0_com.android.server.notification.NotificationManagerService took to complete: 0ms
09-15 11:35:41.493  1341  1402 D SystemServerTimingAsync: ssm.onStartUser-0_com.android.server.storage.DeviceStorageMonitorService
09-15 11:35:41.493  1341  1402 V SystemServerTimingAsync: ssm.onStartUser-0_com.android.server.storage.DeviceStorageMonitorService took to complete: 0ms
09-15 11:35:41.493  1341  1402 D SystemServerTimingAsync: ssm.onStartUser-0_com.android.server.timedetector.TimeDetectorService$Lifecycle
09-15 11:35:41.493  1341  1402 V SystemServerTimingAsync: ssm.onStartUser-0_com.android.server.timedetector.TimeDetectorService$Lifecycle took to complete: 0ms
09-15 11:35:41.493  1341  1402 D SystemServerTimingAsync: ssm.onStartUser-0_com.android.server.location.LocationManagerService$Lifecycle
09-15 11:35:41.494  1341  1402 V SystemServerTimingAsync: ssm.onStartUser-0_com.android.server.location.LocationManagerService$Lifecycle took to complete: 1ms
09-15 11:35:41.495  1341  1402 D SystemServerTimingAsync: ssm.onStartUser-0_com.android.server.timezonedetector.TimeZoneDetectorService$Lifecycle
09-15 11:35:41.495  1341  1402 V SystemServerTimingAsync: ssm.onStartUser-0_com.android.server.timezonedetector.TimeZoneDetectorService$Lifecycle took to complete: 0ms
09-15 11:35:41.495  1341  1402 D SystemServerTimingAsync: ssm.onStartUser-0_com.android.server.location.altitude.AltitudeService$Lifecycle
09-15 11:35:41.495  1341  1402 V SystemServerTimingAsync: ssm.onStartUser-0_com.android.server.location.altitude.AltitudeService$Lifecycle took to complete: 0ms
09-15 11:35:41.495  1341  1402 D SystemServerTimingAsync: ssm.onStartUser-0_com.android.server.timezonedetector.location.LocationTimeZoneManagerService$Lifecycle
09-15 11:35:41.495  1341  1402 V SystemServerTimingAsync: ssm.onStartUser-0_com.android.server.timezonedetector.location.LocationTimeZoneManagerService$Lifecycle took to complete: 0ms
09-15 11:35:41.495  1341  1402 D SystemServerTimingAsync: ssm.onStartUser-0_com.android.server.search.SearchManagerService$Lifecycle
09-15 11:35:41.495  1341  1402 V SystemServerTimingAsync: ssm.onStartUser-0_com.android.server.search.SearchManagerService$Lifecycle took to complete: 0ms
09-15 11:35:41.495  1341  1402 D SystemServerTimingAsync: ssm.onStartUser-0_com.android.server.wallpapereffectsgeneration.WallpaperEffectsGenerationManagerService
09-15 11:35:41.495  1341  1402 V SystemServerTimingAsync: ssm.onStartUser-0_com.android.server.wallpapereffectsgeneration.WallpaperEffectsGenerationManagerService took to complete: 0ms
09-15 11:35:41.495  1341  1402 D SystemServerTimingAsync: ssm.onStartUser-0_com.android.server.audio.AudioService$Lifecycle
09-15 11:35:41.495  1341  1402 V SystemServerTimingAsync: ssm.onStartUser-0_com.android.server.audio.AudioService$Lifecycle took to complete: 0ms
09-15 11:35:41.495  1341  1402 D SystemServerTimingAsync: ssm.onStartUser-0_com.android.server.soundtrigger_middleware.SoundTriggerMiddlewareService$Lifecycle
09-15 11:35:41.495  1341  1402 V SystemServerTimingAsync: ssm.onStartUser-0_com.android.server.soundtrigger_middleware.SoundTriggerMiddlewareService$Lifecycle took to complete: 0ms
09-15 11:35:41.495  1341  1402 D SystemServerTimingAsync: ssm.onStartUser-0_com.android.server.broadcastradio.BroadcastRadioService
09-15 11:35:41.495  1341  1402 V SystemServerTimingAsync: ssm.onStartUser-0_com.android.server.broadcastradio.BroadcastRadioService took to complete: 0ms
09-15 11:35:41.495  1341  1402 D SystemServerTimingAsync: ssm.onStartUser-0_com.android.server.DockObserver
09-15 11:35:41.495  1341  1402 V SystemServerTimingAsync: ssm.onStartUser-0_com.android.server.DockObserver took to complete: 0ms
09-15 11:35:41.495  1341  1402 D SystemServerTimingAsync: ssm.onStartUser-0_com.android.server.midi.MidiService$Lifecycle
09-15 11:35:41.495  1341  1402 V SystemServerTimingAsync: ssm.onStartUser-0_com.android.server.midi.MidiService$Lifecycle took to complete: 0ms
09-15 11:35:41.495  1341  1402 D SystemServerTimingAsync: ssm.onStartUser-0_com.android.server.adb.AdbService$Lifecycle
09-15 11:35:41.495  1341  1402 V SystemServerTimingAsync: ssm.onStartUser-0_com.android.server.adb.AdbService$Lifecycle took to complete: 0ms
09-15 11:35:41.495  1341  1402 D SystemServerTimingAsync: ssm.onStartUser-0_com.android.server.usb.UsbService$Lifecycle
09-15 11:35:41.495  1341  1402 V SystemServerTimingAsync: ssm.onStartUser-0_com.android.server.usb.UsbService$Lifecycle took to complete: 0ms
09-15 11:35:41.495  1341  1402 D SystemServerTimingAsync: ssm.onStartUser-0_com.android.server.twilight.TwilightService
09-15 11:35:41.495  1341  1402 V SystemServerTimingAsync: ssm.onStartUser-0_com.android.server.twilight.TwilightService took to complete: 0ms
09-15 11:35:41.495  1341  1402 D SystemServerTimingAsync: ssm.onStartUser-0_com.android.server.display.color.ColorDisplayService
09-15 11:35:41.495  1341  1402 V SystemServerTimingAsync: ssm.onStartUser-0_com.android.server.display.color.ColorDisplayService took to complete: 0ms
09-15 11:35:41.495  1341  1402 D SystemServerTimingAsync: ssm.onStartUser-0_com.android.server.job.JobSchedulerService
09-15 11:35:41.496  1341  1402 V SystemServerTimingAsync: ssm.onStartUser-0_com.android.server.job.JobSchedulerService took to complete: 0ms
09-15 11:35:41.496  1341  1402 D SystemServerTimingAsync: ssm.onStartUser-0_com.android.server.soundtrigger.SoundTriggerService
09-15 11:35:41.496  1341  1402 V SystemServerTimingAsync: ssm.onStartUser-0_com.android.server.soundtrigger.SoundTriggerService took to complete: 0ms
09-15 11:35:41.496  1341  1402 D SystemServerTimingAsync: ssm.onStartUser-0_com.android.server.trust.TrustManagerService
09-15 11:35:41.496  1341  1402 V SystemServerTimingAsync: ssm.onStartUser-0_com.android.server.trust.TrustManagerService took to complete: 0ms
09-15 11:35:41.496  1341  1402 D SystemServerTimingAsync: ssm.onStartUser-0_com.android.server.appwidget.AppWidgetService
09-15 11:35:41.496  1341  1402 V SystemServerTimingAsync: ssm.onStartUser-0_com.android.server.appwidget.AppWidgetService took to complete: 0ms
09-15 11:35:41.496  1341  1402 I SystemServiceManager: Skipping StartUser-0 on com.android.server.voiceinteraction.VoiceInteractionManagerService
09-15 11:35:41.496  1341  1402 D SystemServerTimingAsync: ssm.onStartUser-0_com.android.server.GestureLauncherService
09-15 11:35:41.496  1341  1402 V SystemServerTimingAsync: ssm.onStartUser-0_com.android.server.GestureLauncherService took to complete: 0ms
09-15 11:35:41.496  1341  1402 D SystemServerTimingAsync: ssm.onStartUser-0_com.android.server.SensorNotificationService
09-15 11:35:41.496  1341  1402 V SystemServerTimingAsync: ssm.onStartUser-0_com.android.server.SensorNotificationService took to complete: 0ms
09-15 11:35:41.496  1341  1402 D SystemServerTimingAsync: ssm.onStartUser-0_com.android.server.emergency.EmergencyAffordanceService
09-15 11:35:41.496  1341  1402 V SystemServerTimingAsync: ssm.onStartUser-0_com.android.server.emergency.EmergencyAffordanceService took to complete: 0ms
09-15 11:35:41.496  1341  1402 D SystemServerTimingAsync: ssm.onStartUser-0_com.android.server.blob.BlobStoreManagerService
09-15 11:35:41.496  1341  1402 V SystemServerTimingAsync: ssm.onStartUser-0_com.android.server.blob.BlobStoreManagerService took to complete: 0ms
09-15 11:35:41.496  1341  1402 D SystemServerTimingAsync: ssm.onStartUser-0_com.android.server.dreams.DreamManagerService
09-15 11:35:41.496  1341  1402 V SystemServerTimingAsync: ssm.onStartUser-0_com.android.server.dreams.DreamManagerService took to complete: 0ms
09-15 11:35:41.496  1341  1402 D SystemServerTimingAsync: ssm.onStartUser-0_com.android.server.security.AttestationVerificationManagerService
09-15 11:35:41.496  1341  1402 V SystemServerTimingAsync: ssm.onStartUser-0_com.android.server.security.AttestationVerificationManagerService took to complete: 0ms
09-15 11:35:41.496  1341  1402 D SystemServerTimingAsync: ssm.onStartUser-0_com.android.server.companion.CompanionDeviceManagerService
09-15 11:35:41.496  1341  1402 V SystemServerTimingAsync: ssm.onStartUser-0_com.android.server.companion.CompanionDeviceManagerService took to complete: 0ms
09-15 11:35:41.496  1341  1402 D SystemServerTimingAsync: ssm.onStartUser-0_com.android.server.companion.virtual.VirtualDeviceManagerService
09-15 11:35:41.496  1341  1402 V SystemServerTimingAsync: ssm.onStartUser-0_com.android.server.companion.virtual.VirtualDeviceManagerService took to complete: 0ms
09-15 11:35:41.496  1341  1402 D SystemServerTimingAsync: ssm.onStartUser-0_com.android.server.restrictions.RestrictionsManagerService
09-15 11:35:41.496  1341  1402 V SystemServerTimingAsync: ssm.onStartUser-0_com.android.server.restrictions.RestrictionsManagerService took to complete: 0ms
09-15 11:35:41.496  1341  1402 D SystemServerTimingAsync: ssm.onStartUser-0_com.android.server.media.MediaSessionService
09-15 11:35:41.496  1341  1402 V SystemServerTimingAsync: ssm.onStartUser-0_com.android.server.media.MediaSessionService took to complete: 0ms
09-15 11:35:41.496  1341  1402 D SystemServerTimingAsync: ssm.onStartUser-0_com.android.server.biometrics.BiometricService
09-15 11:35:41.497  1341  1402 V SystemServerTimingAsync: ssm.onStartUser-0_com.android.server.biometrics.BiometricService took to complete: 0ms
09-15 11:35:41.497  1341  1402 D SystemServerTimingAsync: ssm.onStartUser-0_com.android.server.biometrics.AuthService
09-15 11:35:41.497  1341  1402 V SystemServerTimingAsync: ssm.onStartUser-0_com.android.server.biometrics.AuthService took to complete: 0ms
09-15 11:35:41.497  1341  1402 D SystemServerTimingAsync: ssm.onStartUser-0_com.android.server.pm.ShortcutService$Lifecycle
09-15 11:35:41.497  1341  1402 V SystemServerTimingAsync: ssm.onStartUser-0_com.android.server.pm.ShortcutService$Lifecycle took to complete: 0ms
09-15 11:35:41.497  1341  1402 D SystemServerTimingAsync: ssm.onStartUser-0_com.android.server.pm.LauncherAppsService
09-15 11:35:41.497  1341  1402 V SystemServerTimingAsync: ssm.onStartUser-0_com.android.server.pm.LauncherAppsService took to complete: 0ms
09-15 11:35:41.497  1341  1402 D SystemServerTimingAsync: ssm.onStartUser-0_com.android.server.pm.CrossProfileAppsService
09-15 11:35:41.497  1341  1402 V SystemServerTimingAsync: ssm.onStartUser-0_com.android.server.pm.CrossProfileAppsService took to complete: 0ms
09-15 11:35:41.497  1341  1402 D SystemServerTimingAsync: ssm.onStartUser-0_com.android.server.people.PeopleService
09-15 11:35:41.497  1341  1402 V SystemServerTimingAsync: ssm.onStartUser-0_com.android.server.people.PeopleService took to complete: 0ms
09-15 11:35:41.497  1341  1402 D SystemServerTimingAsync: ssm.onStartUser-0_com.android.server.media.metrics.MediaMetricsManagerService
09-15 11:35:41.497  1341  1402 V SystemServerTimingAsync: ssm.onStartUser-0_com.android.server.media.metrics.MediaMetricsManagerService took to complete: 0ms
09-15 11:35:41.497  1341  1402 D SystemServerTimingAsync: ssm.onStartUser-0_com.android.server.pm.BackgroundInstallControlService
09-15 11:35:41.497  1341  1402 V SystemServerTimingAsync: ssm.onStartUser-0_com.android.server.pm.BackgroundInstallControlService took to complete: 0ms
09-15 11:35:41.497  1341  1402 D SystemServerTimingAsync: ssm.onStartUser-0_com.android.server.media.projection.MediaProjectionManagerService
09-15 11:35:41.497  1341  1402 V SystemServerTimingAsync: ssm.onStartUser-0_com.android.server.media.projection.MediaProjectionManagerService took to complete: 0ms
09-15 11:35:41.497  1341  1402 D SystemServerTimingAsync: ssm.onStartUser-0_com.android.server.slice.SliceManagerService$Lifecycle
09-15 11:35:41.497  1341  1402 V SystemServerTimingAsync: ssm.onStartUser-0_com.android.server.slice.SliceManagerService$Lifecycle took to complete: 0ms
09-15 11:35:41.497  1341  1402 D SystemServerTimingAsync: ssm.onStartUser-0_com.android.server.stats.StatsCompanion$Lifecycle
09-15 11:35:41.497  1341  1402 V SystemServerTimingAsync: ssm.onStartUser-0_com.android.server.stats.StatsCompanion$Lifecycle took to complete: 0ms
09-15 11:35:41.497  1341  1402 D SystemServerTimingAsync: ssm.onStartUser-0_com.android.server.scheduling.RebootReadinessManagerService$Lifecycle
09-15 11:35:41.497  1341  1402 V SystemServerTimingAsync: ssm.onStartUser-0_com.android.server.scheduling.RebootReadinessManagerService$Lifecycle took to complete: 0ms
09-15 11:35:41.497  1341  1402 D SystemServerTimingAsync: ssm.onStartUser-0_com.android.server.stats.pull.StatsPullAtomService
09-15 11:35:41.497  1341  1402 V SystemServerTimingAsync: ssm.onStartUser-0_com.android.server.stats.pull.StatsPullAtomService took to complete: 0ms
09-15 11:35:41.497  1341  1402 D SystemServerTimingAsync: ssm.onStartUser-0_com.android.server.stats.bootstrap.StatsBootstrapAtomService$Lifecycle
09-15 11:35:41.497  1341  1402 V SystemServerTimingAsync: ssm.onStartUser-0_com.android.server.stats.bootstrap.StatsBootstrapAtomService$Lifecycle took to complete: 0ms
09-15 11:35:41.497  1341  1402 D SystemServerTimingAsync: ssm.onStartUser-0_com.android.server.incident.IncidentCompanionService
09-15 11:35:41.497  1341  1402 V SystemServerTimingAsync: ssm.onStartUser-0_com.android.server.incident.IncidentCompanionService took to complete: 0ms
09-15 11:35:41.497  1341  1402 D SystemServerTimingAsync: ssm.onStartUser-0_com.android.server.sdksandbox.SdkSandboxManagerService$Lifecycle
09-15 11:35:41.497  1341  1402 V SystemServerTimingAsync: ssm.onStartUser-0_com.android.server.sdksandbox.SdkSandboxManagerService$Lifecycle took to complete: 0ms
09-15 11:35:41.497  1341  1402 D SystemServerTimingAsync: ssm.onStartUser-0_com.android.server.adservices.AdServicesManagerService$Lifecycle
09-15 11:35:41.497  1341  1402 V SystemServerTimingAsync: ssm.onStartUser-0_com.android.server.adservices.AdServicesManagerService$Lifecycle took to complete: 0ms
09-15 11:35:41.497  1341  1402 D SystemServerTimingAsync: ssm.onStartUser-0_com.android.server.ondevicepersonalization.OnDevicePersonalizationSystemService$Lifecycle
09-15 11:35:41.497  1341  1402 V SystemServerTimingAsync: ssm.onStartUser-0_com.android.server.ondevicepersonalization.OnDevicePersonalizationSystemService$Lifecycle took to complete: 0ms
09-15 11:35:41.497  1341  1402 D SystemServerTimingAsync: ssm.onStartUser-0_com.android.server.MmsServiceBroker
09-15 11:35:41.497  1341  1402 V SystemServerTimingAsync: ssm.onStartUser-0_com.android.server.MmsServiceBroker took to complete: 0ms
09-15 11:35:41.497  1341  1402 D SystemServerTimingAsync: ssm.onStartUser-0_com.android.server.selectiontoolbar.SelectionToolbarManagerService
09-15 11:35:41.497  1341  1402 V SystemServerTimingAsync: ssm.onStartUser-0_com.android.server.selectiontoolbar.SelectionToolbarManagerService took to complete: 0ms
09-15 11:35:41.497  1341  1402 D SystemServerTimingAsync: ssm.onStartUser-0_com.android.server.clipboard.ClipboardService
09-15 11:35:41.497  1341  1402 V SystemServerTimingAsync: ssm.onStartUser-0_com.android.server.clipboard.ClipboardService took to complete: 0ms
09-15 11:35:41.497  1341  1402 D SystemServerTimingAsync: ssm.onStartUser-0_com.android.server.appbinding.AppBindingService$Lifecycle
09-15 11:35:41.499  1341  1402 V SystemServerTimingAsync: ssm.onStartUser-0_com.android.server.appbinding.AppBindingService$Lifecycle took to complete: 2ms
09-15 11:35:41.499  1341  1402 D SystemServerTimingAsync: ssm.onStartUser-0_com.android.server.tracing.TracingServiceProxy
09-15 11:35:41.499  1341  1402 V SystemServerTimingAsync: ssm.onStartUser-0_com.android.server.tracing.TracingServiceProxy took to complete: 0ms
09-15 11:35:41.499  1341  1402 D SystemServerTimingAsync: ssm.onStartUser-0_com.android.server.policy.PermissionPolicyService
09-15 11:35:41.499  1341  1402 V SystemServerTimingAsync: ssm.onStartUser-0_com.android.server.policy.PermissionPolicyService took to complete: 0ms
09-15 11:35:41.499  1341  1402 D SystemServerTimingAsync: ssm.onStartUser-0_com.android.server.pm.StagingManager$Lifecycle
09-15 11:35:41.500  1341  1402 V SystemServerTimingAsync: ssm.onStartUser-0_com.android.server.pm.StagingManager$Lifecycle took to complete: 0ms
09-15 11:35:41.500  1341  1402 D SystemServerTimingAsync: ssm.onStartUser-0_com.android.server.app.GameManagerService$Lifecycle
09-15 11:35:41.500  1341  1402 D GameManagerService: Starting user 0
09-15 11:35:41.500  1756  1899 E CarPropertyService: registerListenerSafe() failed for property ID: SEAT_OCCUPANCY updateRateHz: 0.000000
09-15 11:35:41.500  1756  1899 E CarPropertyService: java.lang.IllegalArgumentException: property ID is not in carPropertyConfig list, and so it is not supported: SEAT_OCCUPANCY
09-15 11:35:41.500  1756  1899 E CarPropertyService: 	at com.android.internal.util.Preconditions.checkArgument(Preconditions.java:77)
09-15 11:35:41.500  1756  1899 E CarPropertyService: 	at com.android.car.CarPropertyService.assertConfigIsNotNull(CarPropertyService.java:939)
09-15 11:35:41.500  1756  1899 E CarPropertyService: 	at com.android.car.CarPropertyService.validateRegisterParameter(CarPropertyService.java:982)
09-15 11:35:41.500  1756  1899 E CarPropertyService: 	at com.android.car.CarPropertyService.registerListener(CarPropertyService.java:333)
09-15 11:35:41.500  1756  1899 E CarPropertyService: 	at com.android.car.CarPropertyService.registerListenerSafe(CarPropertyService.java:386)
09-15 11:35:41.500  1756  1899 E CarPropertyService: 	at com.android.car.bluetooth.BluetoothDeviceConnectionPolicy$CarServicesHelper.init(BluetoothDeviceConnectionPolicy.java:124)
09-15 11:35:41.500  1756  1899 E CarPropertyService: 	at com.android.car.bluetooth.BluetoothDeviceConnectionPolicy.init(BluetoothDeviceConnectionPolicy.java:302)
09-15 11:35:41.500  1756  1899 E CarPropertyService: 	at com.android.car.bluetooth.CarBluetoothService.createBluetoothDeviceConnectionPolicyLocked(CarBluetoothService.java:412)
09-15 11:35:41.500  1756  1899 E CarPropertyService: 	at com.android.car.bluetooth.CarBluetoothService.initializeUserLocked(CarBluetoothService.java:209)
09-15 11:35:41.500  1756  1899 E CarPropertyService: 	at com.android.car.bluetooth.CarBluetoothService.-$$Nest$minitializeUserLocked(Unknown Source:0)
09-15 11:35:41.500  1756  1899 E CarPropertyService: 	at com.android.car.bluetooth.CarBluetoothService$1.onServiceConnected(CarBluetoothService.java:114)
09-15 11:35:41.500  1756  1899 E CarPropertyService: 	at com.android.car.CarPerUserServiceHelper$1.lambda$onServiceConnected$0(CarPerUserServiceHelper.java:147)
09-15 11:35:41.500  1756  1899 E CarPropertyService: 	at com.android.car.CarPerUserServiceHelper$1.$r8$lambda$mnN8yDLI0Nb_046mdQ_M7_baowE(Unknown Source:0)
09-15 11:35:41.500  1756  1899 E CarPropertyService: 	at com.android.car.CarPerUserServiceHelper$1$$ExternalSyntheticLambda0.run(Unknown Source:4)
09-15 11:35:41.500  1756  1899 E CarPropertyService: 	at android.os.Handler.handleCallback(Handler.java:958)
09-15 11:35:41.500  1756  1899 E CarPropertyService: 	at android.os.Handler.dispatchMessage(Handler.java:99)
09-15 11:35:41.500  1756  1899 E CarPropertyService: 	at android.os.Looper.loopOnce(Looper.java:205)
09-15 11:35:41.500  1756  1899 E CarPropertyService: 	at android.os.Looper.loop(Looper.java:294)
09-15 11:35:41.500  1756  1899 E CarPropertyService: 	at android.os.HandlerThread.run(HandlerThread.java:67)
09-15 11:35:41.503  1341  1402 V SystemServerTimingAsync: ssm.onStartUser-0_com.android.server.app.GameManagerService$Lifecycle took to complete: 3ms
09-15 11:35:41.503  1341  1402 D SystemServerTimingAsync: ssm.onStartUser-0_com.android.safetycenter.SafetyCenterService
09-15 11:35:41.503  1341  1402 V SystemServerTimingAsync: ssm.onStartUser-0_com.android.safetycenter.SafetyCenterService took to complete: 0ms
09-15 11:35:41.503  1341  1402 D SystemServerTimingAsync: ssm.onStartUser-0_com.android.server.appsearch.AppSearchModule$Lifecycle
09-15 11:35:41.503  1341  1402 V SystemServerTimingAsync: ssm.onStartUser-0_com.android.server.appsearch.AppSearchModule$Lifecycle took to complete: 0ms
09-15 11:35:41.503  1341  1402 D SystemServerTimingAsync: ssm.onStartUser-0_com.android.server.media.MediaCommunicationService
09-15 11:35:41.503  1341  1402 V SystemServerTimingAsync: ssm.onStartUser-0_com.android.server.media.MediaCommunicationService took to complete: 1ms
09-15 11:35:41.503  1341  1402 D SystemServerTimingAsync: ssm.onStartUser-0_com.android.server.compat.overrides.AppCompatOverridesService$Lifecycle
09-15 11:35:41.503  1341  1402 V SystemServerTimingAsync: ssm.onStartUser-0_com.android.server.compat.overrides.AppCompatOverridesService$Lifecycle took to complete: 0ms
09-15 11:35:41.503  1341  1402 D SystemServerTimingAsync: ssm.onStartUser-0_com.android.server.healthconnect.HealthConnectManagerService
09-15 11:35:41.503  1341  1402 V SystemServerTimingAsync: ssm.onStartUser-0_com.android.server.healthconnect.HealthConnectManagerService took to complete: 0ms
09-15 11:35:41.503  1341  1402 D SystemServerTimingAsync: ssm.onStartUser-0_com.android.server.devicelock.DeviceLockService
09-15 11:35:41.503  1341  1402 V SystemServerTimingAsync: ssm.onStartUser-0_com.android.server.devicelock.DeviceLockService took to complete: 0ms
09-15 11:35:41.503  1341  1402 D SystemServerTimingAsync: ssm.onStartUser-0_com.android.internal.car.CarServiceHelperService
09-15 11:35:41.503  1341  1402 D CarServiceHelper: onUserStarting(0)
09-15 11:35:41.505  1756  1800 D ICarImpl: onUserLifecycleEvent(STARTING, 0)
09-15 11:35:41.505  1341  1402 V SystemServerTimingAsync: ssm.onStartUser-0_com.android.internal.car.CarServiceHelperService took to complete: 1ms
09-15 11:35:41.505  1341  1402 V SystemServerTimingAsync: ssm.StartUser-0 took to complete: 171ms
09-15 11:35:41.507  1341  1394 I DropBoxManagerService: add tag=system_server_strictmode isTagEnabled=true flags=0x2
09-15 11:35:41.507  1756  1886 V CarUserService: notify-listener-com.android.car.user.InternalLifecycleListener@5a8e99 took to complete: 2ms
09-15 11:35:41.507  1756  1886 V CarUserService: notify-listeners-user-0-event-1 took to complete: 2ms
09-15 11:35:41.508  1341  1394 I DropBoxManagerService: add tag=system_server_strictmode isTagEnabled=true flags=0x2
09-15 11:35:41.509  1341  1394 I DropBoxManagerService: add tag=system_server_strictmode isTagEnabled=true flags=0x2
09-15 11:35:41.511  1341  1394 I DropBoxManagerService: add tag=system_server_strictmode isTagEnabled=true flags=0x2
09-15 11:35:41.513  1341  1514 W CameraService_proxy: Could not notify cameraserver, camera service not available.
09-15 11:35:41.513  1341  1514 I CameraService_proxy: Could not notify camera service of user switch, retrying...
09-15 11:35:41.514  1341  1394 I DropBoxManagerService: add tag=system_server_strictmode isTagEnabled=true flags=0x2
09-15 11:35:41.534  1341  1514 W CameraService_proxy: Could not notify cameraserver, camera service not available.
09-15 11:35:41.534  1341  1514 I CameraService_proxy: Could not notify camera service of user switch, retrying...
09-15 11:35:41.557  1341  1514 W CameraService_proxy: Could not notify cameraserver, camera service not available.
09-15 11:35:41.557  1341  1514 I CameraService_proxy: Could not notify camera service of user switch, retrying...
09-15 11:35:41.561  1341  1394 I DropBoxManagerService: add tag=system_app_strictmode isTagEnabled=true flags=0x2
09-15 11:35:41.567  1341  1394 I DropBoxManagerService: add tag=system_app_strictmode isTagEnabled=true flags=0x2
09-15 11:35:41.573  1341  1394 I DropBoxManagerService: add tag=system_app_strictmode isTagEnabled=true flags=0x2
09-15 11:35:41.575  1341  1394 I DropBoxManagerService: add tag=system_app_strictmode isTagEnabled=true flags=0x2
01-01 06:41:06.363     0     0 E SELinux : avc:  denied  { find } for pid=1019 uid=1000 name=vendor.qti.hardware.perf2.IPerf/default scontext=u:r:vendor_perfservice:s0 tcontext=u:object_r:default_android_service:s0 tclass=service_manager permissive=0
01-01 06:41:06.384     0     0 I binder  : 1019:1019 ioctl 40046210 7fc65d9c14 returned -22
09-15 11:35:41.591  1341  1514 W CameraService_proxy: Could not notify cameraserver, camera service not available.
09-15 11:35:41.591  1341  1514 I CameraService_proxy: Could not notify camera service of user switch, retrying...
09-15 11:35:41.593  1341  1961 I ActivityManager: Flag disabled. Ignoring finishAttachApplication from uid: 1000. pid: 1926
09-15 11:35:41.605  1926  1926 W ContextImpl: Calling a method in the system process without a qualified user: android.app.ContextImpl.bindService:1988 android.content.ContextWrapper.bindService:861 android.car.Car.startCarService:2819 android.car.Car.createCar:2015 android.car.Car.createCar:1979 
09-15 11:35:41.607  1341  1922 D CompatibilityChangeReporter: Compat change id reported: 261072174; UID 1000; state: ENABLED
09-15 11:35:41.612  1341  1514 W CameraService_proxy: Could not notify cameraserver, camera service not available.
09-15 11:35:41.612  1341  1514 I CameraService_proxy: Could not notify camera service of user switch, retrying...
09-15 11:35:41.615  1756  1968 I CarExperimentalFeatureServiceController: Available experimental features:[android.car.experimental.test_demo_experimental_feature_service, android.car.experimental.driver_distraction_experimental_feature_service]
09-15 11:35:41.615  1756  1968 I CarExperimentalFeatureServiceController: Started experimental features:[]
09-15 11:35:41.632  1341  1514 W CameraService_proxy: Could not notify cameraserver, camera service not available.
09-15 11:35:41.632  1341  1514 I CameraService_proxy: Could not notify camera service of user switch, retrying...
09-15 11:35:41.654  1341  1514 W CameraService_proxy: Could not notify cameraserver, camera service not available.
09-15 11:35:41.654  1341  1514 I CameraService_proxy: Could not notify camera service of user switch, retrying...
09-15 11:35:41.675  1341  1514 W CameraService_proxy: Could not notify cameraserver, camera service not available.
09-15 11:35:41.675  1341  1514 I CameraService_proxy: Could not notify camera service of user switch, retrying...
09-15 11:35:41.679  1756  1916 V CAR.TELEMETRY: ConnectivityPublisher.pullInitialNetstats took to complete: 196ms
09-15 11:35:41.695  1341  1514 W CameraService_proxy: Could not notify cameraserver, camera service not available.
09-15 11:35:41.695  1341  1514 I CameraService_proxy: Could not notify camera service of user switch, retrying...
09-15 11:35:41.716  1341  1514 W CameraService_proxy: Could not notify cameraserver, camera service not available.
09-15 11:35:41.716  1341  1514 I CameraService_proxy: Could not notify camera service of user switch, retrying...
09-15 11:35:41.736  1341  1514 W CameraService_proxy: Could not notify cameraserver, camera service not available.
09-15 11:35:41.736  1341  1514 I CameraService_proxy: Could not notify camera service of user switch, retrying...
09-15 11:35:41.757  1341  1514 W CameraService_proxy: Could not notify cameraserver, camera service not available.
09-15 11:35:41.757  1341  1514 I CameraService_proxy: Could not notify camera service of user switch, retrying...
09-15 11:35:41.777  1341  1514 W CameraService_proxy: Could not notify cameraserver, camera service not available.
09-15 11:35:41.777  1341  1514 I CameraService_proxy: Could not notify camera service of user switch, retrying...
09-15 11:35:41.798  1341  1514 W CameraService_proxy: Could not notify cameraserver, camera service not available.
09-15 11:35:41.798  1341  1514 I CameraService_proxy: Could not notify camera service of user switch, retrying...
09-15 11:35:41.802  1341  1341 V PackageManager: reconcileAppsData finished 210 packages
09-15 11:35:41.802  1341  1341 V SystemServerTiming: reconcileAppsData took to complete: 324ms
09-15 11:35:41.802  1341  1341 D SystemServerTiming: applyUserRestrictions
09-15 11:35:41.802  1341  1341 V SystemServerTiming: applyUserRestrictions took to complete: 0ms
09-15 11:35:41.802  1341  1341 V SystemServerTiming: onBeforeStartUser-10 took to complete: 443ms
09-15 11:35:41.802  1341  1341 V SystemServerTiming: updateStateBooting took to complete: 443ms
09-15 11:35:41.802  1341  1341 D SystemServerTiming: sendMessages
09-15 11:35:41.802  1341  1402 D SystemServerTimingAsync: ssm.StartUser-10
09-15 11:35:41.802  1341  1402 I SystemServiceManager: Calling onStartUser 10
09-15 11:35:41.802  1341  1341 V SystemServerTiming: sendMessages took to complete: 0ms
09-15 11:35:41.802  1341  1402 D SystemServerTimingAsync: ssm.onStartUser-10_com.android.server.security.FileIntegrityService
09-15 11:35:41.802  1341  1341 D SystemServerTiming: moveUserToForeground
09-15 11:35:41.802  1341  1402 V SystemServerTimingAsync: ssm.onStartUser-10_com.android.server.security.FileIntegrityService took to complete: 0ms
09-15 11:35:41.802  1341  1402 D SystemServerTimingAsync: ssm.onStartUser-10_com.android.server.pm.Installer
09-15 11:35:41.802  1341  1402 V SystemServerTimingAsync: ssm.onStartUser-10_com.android.server.pm.Installer took to complete: 0ms
09-15 11:35:41.802  1341  1402 D SystemServerTimingAsync: ssm.onStartUser-10_com.android.server.os.DeviceIdentifiersPolicyService
09-15 11:35:41.802  1341  1402 V SystemServerTimingAsync: ssm.onStartUser-10_com.android.server.os.DeviceIdentifiersPolicyService took to complete: 0ms
09-15 11:35:41.802  1341  1402 D SystemServerTimingAsync: ssm.onStartUser-10_com.android.server.uri.UriGrantsManagerService$Lifecycle
