11-10 20:22:15.538  1161  7347 D LOWI-9.0.1.68: [LOWI-Scan] 
11-10 20:22:15.538  1161  7347 D LOWI-9.0.1.68: [LOWI-Scan] is_qcom_ie, bss_age: 0
11-10 20:22:15.538  1161  7347 D LOWI-9.0.1.68: [LOWI-Scan] BSS e2:55:b8:**:**:ec FREQ: 5240, cFreq1[40:80:160] = [5230:5210:0] cFreq2 = 0 SSID A71 - Design, RSSI(dBM): -73, 11mcRanging: No, Country Code = IN
11-10 20:22:15.538  1161  7347 D LOWI-9.0.1.68: [LOWI-Scan] 
11-10 20:22:15.538  1161  7347 D LOWI-9.0.1.68: [LOWI-Scan] is_qcom_ie, bss_age: 0
11-10 20:22:15.538  1161  7347 D LOWI-9.0.1.68: [LOWI-Scan] BSS ee:55:b8:**:**:ec FREQ: 5240, cFreq1[40:80:160] = [5230:5210:0] cFreq2 = 0 SSID A71 - Engineering, RSSI(dBM): -72, 11mcRanging: No, Country Code = IN
11-10 20:22:15.538  1161  7347 D LOWI-9.0.1.68: [LOWI-Scan] 
11-10 20:22:15.538  1161  7347 D LOWI-9.0.1.68: [LOWI-Scan] is_qcom_ie, bss_age: 0
11-10 20:22:15.538  1161  7347 D LOWI-9.0.1.68: [LOWI-Scan] BSS ea:55:b8:**:**:ec FREQ: 5240, cFreq1[40:80:160] = [5230:5210:0] cFreq2 = 0 SSID A71 - Electronics, RSSI(dBM): -72, 11mcRanging: No, Country Code = IN
11-10 20:22:15.538  1161  7347 D LOWI-9.0.1.68: [LOWI-Scan] 
11-10 20:22:15.538  1161  7347 D LOWI-9.0.1.68: [LOWI-Scan] is_qcom_ie, bss_age: 0
11-10 20:22:15.538  1161  7347 D LOWI-9.0.1.68: [LOWI-Scan] BSS f6:55:b8:**:**:ec FREQ: 5240, cFreq1[40:80:160] = [5230:5210:0] cFreq2 = 0 SSID A71 - Operations, RSSI(dBM): -73, 11mcRanging: No, Country Code = IN
11-10 20:22:15.538  1161  7347 D LOWI-9.0.1.68: [LOWI-Scan] 
11-10 20:22:15.538  1161  7347 D LOWI-9.0.1.68: [LOWI-Scan] is_qcom_ie, bss_age: 0
11-10 20:22:15.538  1161  7347 D LOWI-9.0.1.68: [LOWI-Scan] BSS f2:55:b8:**:**:ec FREQ: 5240, cFreq1[40:80:160] = [5230:5210:0] cFreq2 = 0 SSID A71 - Guest, RSSI(dBM): -72, 11mcRanging: No, Country Code = IN
11-10 20:22:15.538  1161  7347 D LOWI-9.0.1.68: [LOWI-Scan] 
11-10 20:22:15.538  1161  7347 D LOWI-9.0.1.68: [LOWI-Scan] is_qcom_ie, bss_age: 0
11-10 20:22:15.538  1161  7347 D LOWI-9.0.1.68: [LOWI-Scan] BSS fe:55:b8:**:**:ec FREQ: 5240, cFreq1[40:80:160] = [5230:5210:0] cFreq2 = 0 SSID A71 - Printers, RSSI(dBM): -72, 11mcRanging: No, Country Code = IN
11-10 20:22:15.538  1161  7347 D LOWI-9.0.1.68: [LOWI-Scan]  -- associated
11-10 20:22:15.538  1161  7347 D LOWI-9.0.1.68: [LOWI-Scan] 
11-10 20:22:15.538  1161  7347 D LOWI-9.0.1.68: [LOWI-Scan] is_qcom_ie, bss_age: 0
11-10 20:22:15.538  1161  7347 D LOWI-9.0.1.68: [LOWI-Scan] BSS ae:7a:e9:**:**:43 FREQ: 2437, cFreq1[40:80:160] = [0:0:0] cFreq2 = 0 SSID Xiaomi 11i, RSSI(dBM): -71, 11mcRanging: No, Country Code =    
11-10 20:22:15.538  1161  7347 D LOWI-9.0.1.68: [LOWI-Scan] 
11-10 20:22:15.538  1161  7347 D LOWI-9.0.1.68: [LOWI-Scan] is_qcom_ie, bss_age: 0
11-10 20:22:15.538  1161  7347 D LOWI-9.0.1.68: [LOWI-Scan] BSS e6:55:b8:**:**:a0 FREQ: 5320, cFreq1[40:80:160] = [5310:5290:0] cFreq2 = 0 SSID A71 - IT Infra, RSSI(dBM): -78, 11mcRanging: No, Country Code = IN
11-10 20:22:15.539  1161  7347 D LOWI-9.0.1.68: [LOWI-Scan] 
11-10 20:22:15.539  1161  7347 D LOWI-9.0.1.68: [LOWI-Scan] is_qcom_ie, bss_age: 0
11-10 20:22:15.539  1161  7347 D LOWI-9.0.1.68: [LOWI-Scan] BSS e2:55:b8:**:**:a0 FREQ: 5320, cFreq1[40:80:160] = [5310:5290:0] cFreq2 = 0 SSID A71 - Design, RSSI(dBM): -77, 11mcRanging: No, Country Code = IN
11-10 20:22:15.539  1161  7347 D LOWI-9.0.1.68: [LOWI-Scan] 
11-10 20:22:15.539  1161  7347 D LOWI-9.0.1.68: [LOWI-Scan] is_qcom_ie, bss_age: 0
11-10 20:22:15.539  1161  7347 D LOWI-9.0.1.68: [LOWI-Scan] BSS ee:55:b8:**:**:a0 FREQ: 5320, cFreq1[40:80:160] = [5310:5290:0] cFreq2 = 0 SSID A71 - Engineering, RSSI(dBM): -78, 11mcRanging: No, Country Code = IN
11-10 20:22:15.539  1161  7347 D LOWI-9.0.1.68: [LOWI-Scan] 
11-10 20:22:15.539  1161  7347 D LOWI-9.0.1.68: [LOWI-Scan] is_qcom_ie, bss_age: 0
11-10 20:22:15.539  1161  7347 D LOWI-9.0.1.68: [LOWI-Scan] BSS ea:55:b8:**:**:a0 FREQ: 5320, cFreq1[40:80:160] = [5310:5290:0] cFreq2 = 0 SSID A71 - Electronics, RSSI(dBM): -78, 11mcRanging: No, Country Code = IN
11-10 20:22:15.539  1161  7347 D LOWI-9.0.1.68: [LOWI-Scan] 
11-10 20:22:15.539  1161  7347 D LOWI-9.0.1.68: [LOWI-Scan] is_qcom_ie, bss_age: 0
11-10 20:22:15.539  1161  7347 D LOWI-9.0.1.68: [LOWI-Scan] BSS f6:55:b8:**:**:a0 FREQ: 5320, cFreq1[40:80:160] = [5310:5290:0] cFreq2 = 0 SSID A71 - Operations, RSSI(dBM): -79, 11mcRanging: No, Country Code = IN
11-10 20:22:15.539  1161  7347 D LOWI-9.0.1.68: [LOWI-Scan] 
11-10 20:22:15.539  1161  7347 D LOWI-9.0.1.68: [LOWI-Scan] is_qcom_ie, bss_age: 0
11-10 20:22:15.539  1161  7347 D LOWI-9.0.1.68: [LOWI-Scan] BSS f2:55:b8:**:**:a0 FREQ: 5320, cFreq1[40:80:160] = [5310:5290:0] cFreq2 = 0 SSID A71 - Guest, RSSI(dBM): -77, 11mcRanging: No, Country Code = IN
11-10 20:22:15.539  1161  7347 D LOWI-9.0.1.68: [LOWI-Scan] 
11-10 20:22:15.539  1161  7347 D LOWI-9.0.1.68: [LOWI-Scan] is_qcom_ie, bss_age: 0
11-10 20:22:15.539  1161  7347 D LOWI-9.0.1.68: [LOWI-Scan] BSS fe:55:b8:**:**:a0 FREQ: 5320, cFreq1[40:80:160] = [5310:5290:0] cFreq2 = 0 SSID A71 - Printers, RSSI(dBM): -78, 11mcRanging: No, Country Code = IN
11-10 20:22:15.540  1374  3008 D WifiNl80211Manager: Scan result ready event
11-10 20:22:15.540  1374  3008 D WifiNative: Scan result ready event
11-10 20:22:15.544  1374  1604 W IE_Capabilities: Unknown RSN cipher suite: 6ac0f00
11-10 20:22:15.547  1161  7347 D LOWI-9.0.1.68: [LOWI-Scan] 
11-10 20:22:15.547  1161  7347 D LOWI-9.0.1.68: [LOWI-Scan] is_qcom_ie, bss_age: 0
11-10 20:22:15.547  1161  7347 D LOWI-9.0.1.68: [LOWI-Scan] BSS da:55:b8:**:**:a0 FREQ: 5320, cFreq1[40:80:160] = [5310:5290:0] cFreq2 = 0 SSID , RSSI(dBM): -77, 11mcRanging: No, Country Code = IN
11-10 20:22:15.547  1161  7347 D LOWI-9.0.1.68: [LOWI-Scan] 
11-10 20:22:15.548  1161  7347 D LOWI-9.0.1.68: [LOWI-Scan] is_qcom_ie, bss_age: 0
11-10 20:22:15.548  1161  7347 D LOWI-9.0.1.68: [LOWI-Scan] BSS d2:ad:08:**:**:f6 FREQ: 2412, cFreq1[40:80:160] = [0:0:0] cFreq2 = 0 SSID DIRECT-F6-HP 4104dw LJ, RSSI(dBM): -85, 11mcRanging: No, Country Code =    
11-10 20:22:15.548  1161  7347 D LOWI-9.0.1.68: [LOWIDiagLog] Log: lowiMeasResult->request: invalid null argument
11-10 20:22:15.548  1161  7347 I LOWI-9.0.1.68: [LOWI-Scan] lowi_close_record:Scan done in 419960ms, 18 APs in scan results
11-10 20:22:15.548  1161  7347 D LOWI-9.0.1.68: [LOWI-Scan] WipsScanUsingNL: passive scan cached 0, took 10063 ms, err 0
11-10 20:22:15.548  1161  7347 D LOWI-9.0.1.68: [LOWI-Scan] lowi_proc_req_passive_scan_with_live_meas - No WLAN Frames to be parsed
11-10 20:22:15.548  1161  7347 D LOWI-9.0.1.68: [LOWIScanResultReceiver] Send scan meas to listener
11-10 20:22:15.548  1161  7347 D LOWI-9.0.1.68: [LOWIScanResultReceiver] Enter passive listening mode
11-10 20:22:15.548  1161  7347 D LOWI-9.0.1.68: [LOWIWifiDriverInterface] getMeasurements - Passive listening mode
11-10 20:22:15.548  1161  1202 D LOWI-9.0.1.68: [LOWIEventReceiver] handleEvent:FROM:NA, TO:NA, REQ:NA, IREQ:NA, REQ_ID:0, RESP:NA, INFO:NA
11-10 20:22:15.548  1161  1202 D LOWI-9.0.1.68: [LOWIBackgroundScanMgr] isRspForBgScanMgr: evt(LOWI_NO_EVT) - not handled
11-10 20:22:15.548  1161  1202 D LOWI-9.0.1.68: [LOWIScheduler] manageMsg: NULL results or NULL request in results
11-10 20:22:15.548  1161  1202 D LOWI-9.0.1.68: [LOWIController] Measurements received
11-10 20:22:15.548  1161  1202 D LOWI-9.0.1.68: [LOWICacheManager] putInCache:Num of Meas to add: 18
11-10 20:22:15.548  1161  7347 D LOWI-9.0.1.68: [LOWI-Scan] WipsScanUsingNL:wait -1 sec for netlink message
11-10 20:22:15.549  1161  1202 D LOWI-9.0.1.68: [LOWIController] processMeasurementResults: No current Request. Cache measurements
11-10 20:22:15.549  1161  1202 D LOWI-9.0.1.68: [LOWIController] sendAsyncScanResponse: Request FreeWifiScanObserver_0 is from a different client.
11-10 20:22:15.549  1161  1202 D LOWI-9.0.1.68: [LOWIController] generateResponse: Type (ASYNC_DISCOVERY_SCAN_RESULTS) ScanStatus (1) request FreeWifiScanObserver_0
11-10 20:22:15.549  1161  1202 D LOWI-9.0.1.68: [LOWIEventDispatcher] sendResponse - originator = FreeWifiScanObserver
11-10 20:22:15.549  1161  1202 D LOWI-9.0.1.68: [LOWIUtils] injectScanMeasurements - num of APs = 18
11-10 20:22:15.550  1161  1202 I LOWI-9.0.1.68: [LOWIUtils] responseToOutPostcard - TO: FreeWifiScanObserver, FROM:   LOWI-SERVER, RESP:  LOWI_ASYNC_DISCOVERY_SCAN_RESULTS
11-10 20:22:15.550  1161  1202 D LOWI-9.0.1.68: [LOWIControllerExtn] sendLOWILpDiscoveryScanResponse: Not a discovery scan response
11-10 20:22:15.552  1374  1604 W IE_Capabilities: Unknown RSN cipher suite: aac0f00
11-10 20:22:15.560   748  1825 I LocSvc_api_v02: ---> locClientSendReq line 2412 QMI_LOC_INJECT_WIFI_AP_DATA_REQ_V02
11-10 20:22:15.561   748  3244 I LocSvc_ApiV02: <--- globalRespCb line 277 QMI_LOC_INJECT_WIFI_AP_DATA_REQ_V02
11-10 20:22:15.893  1062  1062 E Bikelogs: recvfrom error: Try again
11-10 20:22:16.917  1062  1062 E Bikelogs: recvfrom error: Try again
11-10 20:22:17.035     0     0 I init    : starting service 'mc_logger'...
11-10 20:22:17.048     0     0 I init    : ... started service 'mc_logger' has pid 7782
11-10 20:22:17.050     0     0 I init    : starting service 'my_uv_service'...
11-10 20:22:17.045  1374  7590 E UdpServiceJNI: udpReceiverThread: recvfrom failed: Try again
11-10 20:22:17.063     0     0 I init    : ... started service 'my_uv_service' has pid 7783
11-10 20:22:17.072  7782  7782 I MC_LOGGER: Motor Controller Logger Service Starting...
11-10 20:22:17.072  7782  7782 E MC_LOGGER: Failed to open UART device /dev/ttyMSM0: Permission denied
11-10 20:22:17.072  7782  7782 E MC_LOGGER: Motor Controller UART Initialization failed!
11-10 20:22:17.083     0     0 I init    : Service 'mc_logger' (pid 7782) exited with status 1
11-10 20:22:17.083     0     0 I init    : Sending signal 9 to service 'mc_logger' (pid 7782) process group...
11-10 20:22:17.084     0     0 I libprocessgroup: Successfully killed process cgroup uid 1000 pid 7782 in 0ms
11-10 20:22:17.079  7783  7783 W my_uv_service: type=1400 audit(0.0:262): avc:  denied  { read write } for  name="vndbinder" dev="binder" ino=6 scontext=u:r:my_uv_service:s0 tcontext=u:object_r:vndbinder_device:s0 tclass=chr_file permissive=0
11-10 20:22:17.083  7783  7783 W ProcessState: Opening '/dev/vndbinder' failed: Permission denied
11-10 20:22:17.083  7783  7783 F ProcessState: Binder driver '/dev/vndbinder' could not be opened.  Terminating.
11-10 20:22:17.083  7783  7783 F libc    : Fatal signal 6 (SIGABRT), code -1 (SI_QUEUE) in tid 7783 (my_uv_service), pid 7783 (my_uv_service)
11-10 20:22:17.104  7786  7786 I crash_dump64: obtaining output fd from tombstoned, type: kDebuggerdTombstoneProto
11-10 20:22:17.105   586   586 I tombstoned: received crash request for pid 7783
11-10 20:22:17.106  7786  7786 I crash_dump64: performing dump of process 7783 (target tid = 7783)
11-10 20:22:17.154     0     0 I logd    : logdr: UID=1000 GID=1000 PID=7786 n tail=500 logMask=8 pid=7783 start=0ns deadline=0ns
11-10 20:22:17.155     0     0 I logd    : logdr: UID=1000 GID=1000 PID=7786 n tail=500 logMask=1 pid=7783 start=0ns deadline=0ns
11-10 20:22:17.153  7786  7786 F DEBUG   : *** *** *** *** *** *** *** *** *** *** *** *** *** *** *** ***
11-10 20:22:17.153  7786  7786 F DEBUG   : Build fingerprint: 'qti/bengal_2w/bengal_2w:14/UKQ1.250303.001/eng.uvbuil.20250915.113541:userdebug/test-keys'
11-10 20:22:17.153  7786  7786 F DEBUG   : Revision: '0'
11-10 20:22:17.153  7786  7786 F DEBUG   : ABI: 'arm64'
11-10 20:22:17.153  7786  7786 F DEBUG   : Timestamp: 2025-11-10 20:22:17.110371287+0530
11-10 20:22:17.153  7786  7786 F DEBUG   : Process uptime: 1s
11-10 20:22:17.153  7786  7786 F DEBUG   : Cmdline: /vendor/bin/my_uv_service
11-10 20:22:17.154  7786  7786 F DEBUG   : pid: 7783, tid: 7783, name: my_uv_service  >>> /vendor/bin/my_uv_service <<<
11-10 20:22:17.154  7786  7786 F DEBUG   : uid: 1000
11-10 20:22:17.154  7786  7786 F DEBUG   : signal 6 (SIGABRT), code -1 (SI_QUEUE), fault addr --------
11-10 20:22:17.154  7786  7786 F DEBUG   : Abort message: 'Binder driver '/dev/vndbinder' could not be opened.  Terminating.'
11-10 20:22:17.154  7786  7786 F DEBUG   :     x0  0000000000000000  x1  0000000000001e67  x2  0000000000000006  x3  0000007fd8ae0a40
11-10 20:22:17.154  7786  7786 F DEBUG   :     x4  621f267164636d68  x5  621f267164636d68  x6  621f267164636d68  x7  7f7f7f7f7f7f7f7f
11-10 20:22:17.154  7786  7786 F DEBUG   :     x8  00000000000000f0  x9  0000007b27ac61b8  x10 0000000000000001  x11 0000007b27b0e924
11-10 20:22:17.154  7786  7786 F DEBUG   :     x12 0000007fd8ae0a00  x13 0000000000000042  x14 0000007fd8ae0bd0  x15 0000000000000000
11-10 20:22:17.154  7786  7786 F DEBUG   :     x16 0000007b27b76d18  x17 0000007b27b523b0  x18 0000007b29d48000  x19 0000000000001e67
11-10 20:22:17.154  7786  7786 F DEBUG   :     x20 0000000000001e67  x21 00000000ffffffff  x22 0000007b249c3028  x23 0000000000000000
11-10 20:22:17.154  7786  7786 F DEBUG   :     x24 0000000000000000  x25 0000000000000000  x26 0000000000000000  x27 0000000000000000
11-10 20:22:17.154  7786  7786 F DEBUG   :     x28 0000000000000000  x29 0000007fd8ae0ac0
11-10 20:22:17.154  7786  7786 F DEBUG   :     lr  0000007b27aff624  sp  0000007fd8ae0a20  pc  0000007b27aff650  pst 0000000000000000
11-10 20:22:17.154  7786  7786 F DEBUG   : 7 total frames
11-10 20:22:17.154  7786  7786 F DEBUG   : backtrace:
11-10 20:22:17.154  7786  7786 F DEBUG   :       #00 pc 000000000005b650  /apex/com.android.runtime/lib64/bionic/libc.so (abort+168) (BuildId: 50118287324a156bc7be11d3d940c7be)
11-10 20:22:17.154  7786  7786 F DEBUG   :       #01 pc 0000000000006424  /system/lib64/liblog.so (__android_log_default_aborter+16) (BuildId: e05aefcb936d3c511dd026d3e152503f)
11-10 20:22:17.154  7786  7786 F DEBUG   :       #02 pc 000000000000701c  /system/lib64/liblog.so (__android_log_assert+312) (BuildId: e05aefcb936d3c511dd026d3e152503f)
11-10 20:22:17.154  7786  7786 F DEBUG   :       #03 pc 000000000006adf0  /apex/com.android.vndk.v30/lib64/libbinder.so (android::ProcessState::ProcessState(char const*)+372) (BuildId: 7703b5b080cfabac26e5ae3585f2c76c)
11-10 20:22:17.155  7786  7786 F DEBUG   :       #04 pc 000000000006abe4  /apex/com.android.vndk.v30/lib64/libbinder.so (android::ProcessState::self()+112) (BuildId: 7703b5b080cfabac26e5ae3585f2c76c)
11-10 20:22:17.155  7786  7786 F DEBUG   :       #05 pc 0000000000002074  /vendor/bin/my_uv_service (main+44) (BuildId: 9b47a07ec1d9d741dcbed4bd6570e468)
11-10 20:22:17.155  7786  7786 F DEBUG   :       #06 pc 0000000000053e48  /apex/com.android.runtime/lib64/bionic/libc.so (__libc_init+108) (BuildId: 50118287324a156bc7be11d3d940c7be)
11-10 20:22:17.163  1374  1730 W NativeCrashListener: Couldn't find ProcessRecord for pid 7783
11-10 20:22:17.164  7786  7786 E crash_dump64: AM data write failed: Broken pipe
11-10 20:22:17.164   586   586 E tombstoned: Tombstone written to: tombstone_16
11-10 20:22:17.168  1374  1507 E NativeTombstoneManager: Tombstone's UID (1000) not an app, ignoring
11-10 20:22:17.175     0     0 I init    : Service 'my_uv_service' (pid 7783) received signal 6
11-10 20:22:17.175     0     0 I init    : Sending signal 9 to service 'my_uv_service' (pid 7783) process group...
11-10 20:22:17.170  1374  1507 E NativeTombstoneManager: Tombstone's UID (1000) not an app, ignoring
11-10 20:22:17.181     0     0 I libprocessgroup: Successfully killed process cgroup uid 1000 pid 7783 in 5ms
11-10 20:22:17.941  1062  1062 E Bikelogs: recvfrom error: Try again
11-10 20:22:18.671  2680  2720 E inform_hb_driver: Unable to open /sys/qti_heartbeat/sysstate_value
11-10 20:22:18.965  1062  1062 E Bikelogs: recvfrom error: Try again
11-10 20:22:19.087  2680  2720 E inform_hb_driver: Unable to open /sys/qti_heartbeat/sysstate_value
11-10 20:22:19.989  1062  1062 E Bikelogs: recvfrom error: Try again
11-10 20:22:20.117  1374  7590 E UdpServiceJNI: udpReceiverThread: recvfrom failed: Try again
11-10 20:22:20.673  1374  1591 I WifiService: startScan uid=1001000
11-10 20:22:20.673  1374  3734 I WifiService: startScan uid=1001000
11-10 20:22:20.676  1374  3008 I WifiService: startScan uid=1001000
11-10 20:22:20.694  1161  7347 D LOWI-9.0.1.68: [LOWI-Scan] wait_event:Wait done with Cmd 33
11-10 20:22:20.694  1161  7347 D LOWI-9.0.1.68: [LOWI-Scan] do_listen_events: Rcvd valid Netlink Cmd 0 Err 0
11-10 20:22:20.695   756  5798 V WifiHAL : event received NL80211_CMD_TRIGGER_SCAN
11-10 20:22:21.013  1062  1062 E Bikelogs: recvfrom error: Try again
11-10 20:22:22.043     0     0 I init    : starting service 'mc_logger'...
11-10 20:22:22.037  1062  1062 E Bikelogs: recvfrom error: Try again
11-10 20:22:22.055     0     0 I init    : ... started service 'mc_logger' has pid 7799
11-10 20:22:22.060     0     0 I init    : starting service 'my_uv_service'...
11-10 20:22:22.070     0     0 I init    : ... started service 'my_uv_service' has pid 7800
11-10 20:22:22.077  7799  7799 I MC_LOGGER: Motor Controller Logger Service Starting...
11-10 20:22:22.077  7799  7799 E MC_LOGGER: Failed to open UART device /dev/ttyMSM0: Permission denied
11-10 20:22:22.077  7799  7799 E MC_LOGGER: Motor Controller UART Initialization failed!
11-10 20:22:22.087     0     0 I init    : Service 'mc_logger' (pid 7799) exited with status 1
11-10 20:22:22.087     0     0 I init    : Sending signal 9 to service 'mc_logger' (pid 7799) process group...
11-10 20:22:22.087     0     0 I libprocessgroup: Successfully killed process cgroup uid 1000 pid 7799 in 0ms
11-10 20:22:22.087  7800  7800 W my_uv_service: type=1400 audit(0.0:263): avc:  denied  { read write } for  name="vndbinder" dev="binder" ino=6 scontext=u:r:my_uv_service:s0 tcontext=u:object_r:vndbinder_device:s0 tclass=chr_file permissive=0
11-10 20:22:22.090  7800  7800 W ProcessState: Opening '/dev/vndbinder' failed: Permission denied
11-10 20:22:22.090  7800  7800 F ProcessState: Binder driver '/dev/vndbinder' could not be opened.  Terminating.
11-10 20:22:22.090  7800  7800 F libc    : Fatal signal 6 (SIGABRT), code -1 (SI_QUEUE) in tid 7800 (my_uv_service), pid 7800 (my_uv_service)
11-10 20:22:22.112  7803  7803 I crash_dump64: obtaining output fd from tombstoned, type: kDebuggerdTombstoneProto
11-10 20:22:22.112   586   586 I tombstoned: received crash request for pid 7800
11-10 20:22:22.113  7803  7803 I crash_dump64: performing dump of process 7800 (target tid = 7800)
11-10 20:22:22.147     0     0 I logd    : logdr: UID=1000 GID=1000 PID=7803 n tail=500 logMask=8 pid=7800 start=0ns deadline=0ns
11-10 20:22:22.148     0     0 I logd    : logdr: UID=1000 GID=1000 PID=7803 n tail=500 logMask=1 pid=7800 start=0ns deadline=0ns
11-10 20:22:22.145  7803  7803 F DEBUG   : *** *** *** *** *** *** *** *** *** *** *** *** *** *** *** ***
11-10 20:22:22.146  7803  7803 F DEBUG   : Build fingerprint: 'qti/bengal_2w/bengal_2w:14/UKQ1.250303.001/eng.uvbuil.20250915.113541:userdebug/test-keys'
11-10 20:22:22.146  7803  7803 F DEBUG   : Revision: '0'
11-10 20:22:22.146  7803  7803 F DEBUG   : ABI: 'arm64'
11-10 20:22:22.146  7803  7803 F DEBUG   : Timestamp: 2025-11-10 20:22:22.115906181+0530
11-10 20:22:22.146  7803  7803 F DEBUG   : Process uptime: 1s
11-10 20:22:22.146  7803  7803 F DEBUG   : Cmdline: /vendor/bin/my_uv_service
11-10 20:22:22.146  7803  7803 F DEBUG   : pid: 7800, tid: 7800, name: my_uv_service  >>> /vendor/bin/my_uv_service <<<
11-10 20:22:22.146  7803  7803 F DEBUG   : uid: 1000
11-10 20:22:22.146  7803  7803 F DEBUG   : signal 6 (SIGABRT), code -1 (SI_QUEUE), fault addr --------
11-10 20:22:22.146  7803  7803 F DEBUG   : Abort message: 'Binder driver '/dev/vndbinder' could not be opened.  Terminating.'
11-10 20:22:22.146  7803  7803 F DEBUG   :     x0  0000000000000000  x1  0000000000001e78  x2  0000000000000006  x3  0000007ffaf33b70
11-10 20:22:22.146  7803  7803 F DEBUG   :     x4  621f267164636d68  x5  621f267164636d68  x6  621f267164636d68  x7  7f7f7f7f7f7f7f7f
11-10 20:22:22.146  7803  7803 F DEBUG   :     x8  00000000000000f0  x9  00000079da0911b8  x10 0000000000000001  x11 00000079da0d9924
11-10 20:22:22.146  7803  7803 F DEBUG   :     x12 0000007ffaf33b30  x13 0000000000000042  x14 0000007ffaf33d00  x15 0000000000000000
11-10 20:22:22.146  7803  7803 F DEBUG   :     x16 00000079da141d18  x17 00000079da11d3b0  x18 00000079dd8fe000  x19 0000000000001e78
11-10 20:22:22.146  7803  7803 F DEBUG   :     x20 0000000000001e78  x21 00000000ffffffff  x22 00000079d8bf8028  x23 0000000000000000
11-10 20:22:22.146  7803  7803 F DEBUG   :     x24 0000000000000000  x25 0000000000000000  x26 0000000000000000  x27 0000000000000000
11-10 20:22:22.146  7803  7803 F DEBUG   :     x28 0000000000000000  x29 0000007ffaf33bf0
11-10 20:22:22.146  7803  7803 F DEBUG   :     lr  00000079da0ca624  sp  0000007ffaf33b50  pc  00000079da0ca650  pst 0000000000000000
11-10 20:22:22.146  7803  7803 F DEBUG   : 7 total frames
11-10 20:22:22.146  7803  7803 F DEBUG   : backtrace:
11-10 20:22:22.146  7803  7803 F DEBUG   :       #00 pc 000000000005b650  /apex/com.android.runtime/lib64/bionic/libc.so (abort+168) (BuildId: 50118287324a156bc7be11d3d940c7be)
11-10 20:22:22.146  7803  7803 F DEBUG   :       #01 pc 0000000000006424  /system/lib64/liblog.so (__android_log_default_aborter+16) (BuildId: e05aefcb936d3c511dd026d3e152503f)
11-10 20:22:22.146  7803  7803 F DEBUG   :       #02 pc 000000000000701c  /system/lib64/liblog.so (__android_log_assert+312) (BuildId: e05aefcb936d3c511dd026d3e152503f)
11-10 20:22:22.146  7803  7803 F DEBUG   :       #03 pc 000000000006adf0  /apex/com.android.vndk.v30/lib64/libbinder.so (android::ProcessState::ProcessState(char const*)+372) (BuildId: 7703b5b080cfabac26e5ae3585f2c76c)
11-10 20:22:22.146  7803  7803 F DEBUG   :       #04 pc 000000000006abe4  /apex/com.android.vndk.v30/lib64/libbinder.so (android::ProcessState::self()+112) (BuildId: 7703b5b080cfabac26e5ae3585f2c76c)
11-10 20:22:22.146  7803  7803 F DEBUG   :       #05 pc 0000000000002074  /vendor/bin/my_uv_service (main+44) (BuildId: 9b47a07ec1d9d741dcbed4bd6570e468)
11-10 20:22:22.146  7803  7803 F DEBUG   :       #06 pc 0000000000053e48  /apex/com.android.runtime/lib64/bionic/libc.so (__libc_init+108) (BuildId: 50118287324a156bc7be11d3d940c7be)
11-10 20:22:22.153  1374  1730 W NativeCrashListener: Couldn't find ProcessRecord for pid 7800
11-10 20:22:22.154  7803  7803 E crash_dump64: AM data write failed: Broken pipe
11-10 20:22:22.154   586   586 E tombstoned: Tombstone written to: tombstone_17
11-10 20:22:22.155  1374  1507 E NativeTombstoneManager: Tombstone's UID (1000) not an app, ignoring
11-10 20:22:22.156  1374  1507 E NativeTombstoneManager: Tombstone's UID (1000) not an app, ignoring
11-10 20:22:22.167     0     0 I init    : Untracked pid 7803 exited with status 0
11-10 20:22:22.167     0     0 I init    : Untracked pid 7803 did not have an associated service entry and will not be reaped
11-10 20:22:22.167     0     0 I init    : Service 'my_uv_service' (pid 7800) received signal 6
11-10 20:22:23.061  1062  1062 E Bikelogs: recvfrom error: Try again
11-10 20:22:23.189  1374  7590 E UdpServiceJNI: udpReceiverThread: recvfrom failed: Try again
11-10 20:22:23.666  2680  2720 E inform_hb_driver: Unable to open /sys/qti_heartbeat/sysstate_value
11-10 20:22:24.085  1062  1062 E Bikelogs: recvfrom error: Try again
11-10 20:22:24.086  2680  2720 E inform_hb_driver: Unable to open /sys/qti_heartbeat/sysstate_value
11-10 20:22:25.109  1062  1062 E Bikelogs: recvfrom error: Try again
11-10 20:22:25.442  1161  7347 D LOWI-9.0.1.68: [LOWI-Scan] wait_event:Wait done with Cmd 34
11-10 20:22:25.442  1161  7347 D LOWI-9.0.1.68: [LOWI-Scan] do_listen_events: Rcvd valid Netlink Cmd 34 Err 0
11-10 20:22:25.442  1374  3008 D WifiNl80211Manager: Scan result ready event
11-10 20:22:25.442  1374  3008 D WifiNative: Scan result ready event
11-10 20:22:25.443  1161  7347 D LOWI-9.0.1.68: [LOWI-Scan] 
11-10 20:22:25.443  1161  7347 D LOWI-9.0.1.68: [LOWI-Scan] is_qcom_ie, bss_age: 0
11-10 20:22:25.443  1161  7347 D LOWI-9.0.1.68: [LOWI-Scan] BSS e6:e4:b7:**:**:20 FREQ: 2462, cFreq1[40:80:160] = [0:0:0] cFreq2 = 0 SSID Shrihari pixel, RSSI(dBM): -79, 11mcRanging: No, Country Code = IN 
11-10 20:22:25.443  1161  7347 D LOWI-9.0.1.68: [LOWI-Scan] 
11-10 20:22:25.443  1161  7347 D LOWI-9.0.1.68: [LOWI-Scan] is_qcom_ie, bss_age: 0
11-10 20:22:25.443  1161  7347 D LOWI-9.0.1.68: [LOWI-Scan] BSS e6:55:b8:**:**:ec FREQ: 5240, cFreq1[40:80:160] = [5230:5210:0] cFreq2 = 0 SSID A71 - IT Infra, RSSI(dBM): -73, 11mcRanging: No, Country Code = IN
11-10 20:22:25.443  1161  7347 D LOWI-9.0.1.68: [LOWI-Scan] 
11-10 20:22:25.443  1161  7347 D LOWI-9.0.1.68: [LOWI-Scan] is_qcom_ie, bss_age: 0
11-10 20:22:25.443  1161  7347 D LOWI-9.0.1.68: [LOWI-Scan] BSS e2:55:b8:**:**:ec FREQ: 5240, cFreq1[40:80:160] = [5230:5210:0] cFreq2 = 0 SSID A71 - Design, RSSI(dBM): -72, 11mcRanging: No, Country Code = IN
11-10 20:22:25.444  1161  7347 D LOWI-9.0.1.68: [LOWI-Scan] 
11-10 20:22:25.444  1161  7347 D LOWI-9.0.1.68: [LOWI-Scan] is_qcom_ie, bss_age: 0
11-10 20:22:25.444  1161  7347 D LOWI-9.0.1.68: [LOWI-Scan] BSS ee:55:b8:**:**:ec FREQ: 5240, cFreq1[40:80:160] = [5230:5210:0] cFreq2 = 0 SSID A71 - Engineering, RSSI(dBM): -74, 11mcRanging: No, Country Code = IN
11-10 20:22:25.444  1161  7347 D LOWI-9.0.1.68: [LOWI-Scan] 
11-10 20:22:25.444  1161  7347 D LOWI-9.0.1.68: [LOWI-Scan] is_qcom_ie, bss_age: 0
11-10 20:22:25.444  1161  7347 D LOWI-9.0.1.68: [LOWI-Scan] BSS ea:55:b8:**:**:ec FREQ: 5240, cFreq1[40:80:160] = [5230:5210:0] cFreq2 = 0 SSID A71 - Electronics, RSSI(dBM): -74, 11mcRanging: No, Country Code = IN
11-10 20:22:25.444  1161  7347 D LOWI-9.0.1.68: [LOWI-Scan] 
11-10 20:22:25.444  1161  7347 D LOWI-9.0.1.68: [LOWI-Scan] is_qcom_ie, bss_age: 0
11-10 20:22:25.444  1161  7347 D LOWI-9.0.1.68: [LOWI-Scan] BSS f6:55:b8:**:**:ec FREQ: 5240, cFreq1[40:80:160] = [5230:5210:0] cFreq2 = 0 SSID A71 - Operations, RSSI(dBM): -73, 11mcRanging: No, Country Code = IN
11-10 20:22:25.444  1161  7347 D LOWI-9.0.1.68: [LOWI-Scan] 
11-10 20:22:25.444  1161  7347 D LOWI-9.0.1.68: [LOWI-Scan] is_qcom_ie, bss_age: 0
11-10 20:22:25.447  1161  7347 D LOWI-9.0.1.68: [LOWI-Scan] BSS f2:55:b8:**:**:ec FREQ: 5240, cFreq1[40:80:160] = [5230:5210:0] cFreq2 = 0 SSID A71 - Guest, RSSI(dBM): -74, 11mcRanging: No, Country Code = IN
11-10 20:22:25.447  1161  7347 D LOWI-9.0.1.68: [LOWI-Scan] 
11-10 20:22:25.447  1161  7347 D LOWI-9.0.1.68: [LOWI-Scan] is_qcom_ie, bss_age: 0
11-10 20:22:25.447  1161  7347 D LOWI-9.0.1.68: [LOWI-Scan] BSS fe:55:b8:**:**:ec FREQ: 5240, cFreq1[40:80:160] = [5230:5210:0] cFreq2 = 0 SSID A71 - Printers, RSSI(dBM): -74, 11mcRanging: No, Country Code = IN
11-10 20:22:25.448  1161  7347 D LOWI-9.0.1.68: [LOWI-Scan]  -- associated
11-10 20:22:25.448  1161  7347 D LOWI-9.0.1.68: [LOWI-Scan] 
11-10 20:22:25.448  1161  7347 D LOWI-9.0.1.68: [LOWI-Scan] is_qcom_ie, bss_age: 0
11-10 20:22:25.448  1161  7347 D LOWI-9.0.1.68: [LOWI-Scan] BSS ae:7a:e9:**:**:43 FREQ: 2437, cFreq1[40:80:160] = [0:0:0] cFreq2 = 0 SSID Xiaomi 11i, RSSI(dBM): -71, 11mcRanging: No, Country Code =    
11-10 20:22:25.448  1161  7347 D LOWI-9.0.1.68: [LOWI-Scan] 
11-10 20:22:25.448  1161  7347 D LOWI-9.0.1.68: [LOWI-Scan] is_qcom_ie, bss_age: 0
11-10 20:22:25.448  1161  7347 D LOWI-9.0.1.68: [LOWI-Scan] BSS e6:55:b8:**:**:a0 FREQ: 5320, cFreq1[40:80:160] = [5310:5290:0] cFreq2 = 0 SSID A71 - IT Infra, RSSI(dBM): -77, 11mcRanging: No, Country Code = IN
11-10 20:22:25.448  1374  1604 W IE_Capabilities: Unknown RSN cipher suite: 6ac0f00
11-10 20:22:25.448  1161  7347 D LOWI-9.0.1.68: [LOWI-Scan] 
11-10 20:22:25.448  1161  7347 D LOWI-9.0.1.68: [LOWI-Scan] is_qcom_ie, bss_age: 0
11-10 20:22:25.448  1161  7347 D LOWI-9.0.1.68: [LOWI-Scan] BSS e2:55:b8:**:**:a0 FREQ: 5320, cFreq1[40:80:160] = [5310:5290:0] cFreq2 = 0 SSID A71 - Design, RSSI(dBM): -79, 11mcRanging: No, Country Code = IN
11-10 20:22:25.448  1161  7347 D LOWI-9.0.1.68: [LOWI-Scan] 
11-10 20:22:25.448  1161  7347 D LOWI-9.0.1.68: [LOWI-Scan] is_qcom_ie, bss_age: 0
11-10 20:22:25.448  1161  7347 D LOWI-9.0.1.68: [LOWI-Scan] BSS ee:55:b8:**:**:a0 FREQ: 5320, cFreq1[40:80:160] = [5310:5290:0] cFreq2 = 0 SSID A71 - Engineering, RSSI(dBM): -80, 11mcRanging: No, Country Code = IN
11-10 20:22:25.449  1161  7347 D LOWI-9.0.1.68: [LOWI-Scan] 
11-10 20:22:25.449  1161  7347 D LOWI-9.0.1.68: [LOWI-Scan] is_qcom_ie, bss_age: 0
11-10 20:22:25.449  1161  7347 D LOWI-9.0.1.68: [LOWI-Scan] BSS ea:55:b8:**:**:a0 FREQ: 5320, cFreq1[40:80:160] = [5310:5290:0] cFreq2 = 0 SSID A71 - Electronics, RSSI(dBM): -78, 11mcRanging: No, Country Code = IN
11-10 20:22:25.449  1161  7347 D LOWI-9.0.1.68: [LOWI-Scan] 
11-10 20:22:25.449  1161  7347 D LOWI-9.0.1.68: [LOWI-Scan] is_qcom_ie, bss_age: 0
11-10 20:22:25.449  1161  7347 D LOWI-9.0.1.68: [LOWI-Scan] BSS f6:55:b8:**:**:a0 FREQ: 5320, cFreq1[40:80:160] = [5310:5290:0] cFreq2 = 0 SSID A71 - Operations, RSSI(dBM): -79, 11mcRanging: No, Country Code = IN
11-10 20:22:25.449  1161  7347 D LOWI-9.0.1.68: [LOWI-Scan] 
11-10 20:22:25.449  1161  7347 D LOWI-9.0.1.68: [LOWI-Scan] is_qcom_ie, bss_age: 0
11-10 20:22:25.449  1161  7347 D LOWI-9.0.1.68: [LOWI-Scan] BSS f2:55:b8:**:**:a0 FREQ: 5320, cFreq1[40:80:160] = [5310:5290:0] cFreq2 = 0 SSID A71 - Guest, RSSI(dBM): -80, 11mcRanging: No, Country Code = IN
11-10 20:22:25.449  1161  7347 D LOWI-9.0.1.68: [LOWI-Scan] 
11-10 20:22:25.449  1161  7347 D LOWI-9.0.1.68: [LOWI-Scan] is_qcom_ie, bss_age: 0
11-10 20:22:25.449  1161  7347 D LOWI-9.0.1.68: [LOWI-Scan] BSS fe:55:b8:**:**:a0 FREQ: 5320, cFreq1[40:80:160] = [5310:5290:0] cFreq2 = 0 SSID A71 - Printers, RSSI(dBM): -78, 11mcRanging: No, Country Code = IN
11-10 20:22:25.450  1161  7347 D LOWI-9.0.1.68: [LOWI-Scan] 
11-10 20:22:25.450  1161  7347 D LOWI-9.0.1.68: [LOWI-Scan] is_qcom_ie, bss_age: 0
11-10 20:22:25.450  1161  7347 D LOWI-9.0.1.68: [LOWI-Scan] BSS da:55:b8:**:**:a0 FREQ: 5320, cFreq1[40:80:160] = [5310:5290:0] cFreq2 = 0 SSID , RSSI(dBM): -80, 11mcRanging: No, Country Code = IN
11-10 20:22:25.450  1161  7347 D LOWI-9.0.1.68: [LOWI-Scan] 
11-10 20:22:25.450  1161  7347 D LOWI-9.0.1.68: [LOWI-Scan] is_qcom_ie, bss_age: 0
11-10 20:22:25.450  1161  7347 D LOWI-9.0.1.68: [LOWI-Scan] BSS d2:ad:08:**:**:f6 FREQ: 2412, cFreq1[40:80:160] = [0:0:0] cFreq2 = 0 SSID DIRECT-F6-HP 4104dw LJ, RSSI(dBM): -87, 11mcRanging: No, Country Code =    
11-10 20:22:25.450  1161  7347 D LOWI-9.0.1.68: [LOWIDiagLog] Log: lowiMeasResult->request: invalid null argument
11-10 20:22:25.450  1161  7347 I LOWI-9.0.1.68: [LOWI-Scan] lowi_close_record:Scan done in 429863ms, 18 APs in scan results
11-10 20:22:25.450  1161  7347 D LOWI-9.0.1.68: [LOWI-Scan] WipsScanUsingNL: passive scan cached 0, took 9903 ms, err 0
11-10 20:22:25.450  1161  7347 D LOWI-9.0.1.68: [LOWI-Scan] lowi_proc_req_passive_scan_with_live_meas - No WLAN Frames to be parsed
11-10 20:22:25.450  1161  7347 D LOWI-9.0.1.68: [LOWIScanResultReceiver] Send scan meas to listener
11-10 20:22:25.451  1161  1202 D LOWI-9.0.1.68: [LOWIEventReceiver] handleEvent:FROM:NA, TO:NA, REQ:NA, IREQ:NA, REQ_ID:0, RESP:NA, INFO:NA
11-10 20:22:25.451  1161  1202 D LOWI-9.0.1.68: [LOWIBackgroundScanMgr] isRspForBgScanMgr: evt(LOWI_NO_EVT) - not handled
11-10 20:22:25.451  1161  1202 D LOWI-9.0.1.68: [LOWIScheduler] manageMsg: NULL results or NULL request in results
11-10 20:22:25.451  1161  1202 D LOWI-9.0.1.68: [LOWIController] Measurements received
11-10 20:22:25.451  1161  1202 D LOWI-9.0.1.68: [LOWICacheManager] putInCache:Num of Meas to add: 18
11-10 20:22:25.452  1161  1202 D LOWI-9.0.1.68: [LOWIController] processMeasurementResults: No current Request. Cache measurements
11-10 20:22:25.452  1161  1202 D LOWI-9.0.1.68: [LOWIController] sendAsyncScanResponse: Request FreeWifiScanObserver_0 is from a different client.
11-10 20:22:25.452  1161  1202 D LOWI-9.0.1.68: [LOWIController] generateResponse: Type (ASYNC_DISCOVERY_SCAN_RESULTS) ScanStatus (1) request FreeWifiScanObserver_0
11-10 20:22:25.452  1161  1202 D LOWI-9.0.1.68: [LOWIEventDispatcher] sendResponse - originator = FreeWifiScanObserver
11-10 20:22:25.452  1161  1202 D LOWI-9.0.1.68: [LOWIUtils] injectScanMeasurements - num of APs = 18
11-10 20:22:25.454  1161  1202 I LOWI-9.0.1.68: [LOWIUtils] responseToOutPostcard - TO: FreeWifiScanObserver, FROM:   LOWI-SERVER, RESP:  LOWI_ASYNC_DISCOVERY_SCAN_RESULTS
11-10 20:22:25.456  1161  1202 D LOWI-9.0.1.68: [LOWIControllerExtn] sendLOWILpDiscoveryScanResponse: Not a discovery scan response
11-10 20:22:25.456  1374  1604 W IE_Capabilities: Unknown RSN cipher suite: aac0f00
11-10 20:22:25.456   756  5798 V WifiHAL : event received NL80211_CMD_NEW_SCAN_RESULTS
11-10 20:22:25.461  1161  7347 D LOWI-9.0.1.68: [LOWIScanResultReceiver] Enter passive listening mode
11-10 20:22:25.461  1161  7347 D LOWI-9.0.1.68: [LOWIWifiDriverInterface] getMeasurements - Passive listening mode
11-10 20:22:25.461  1161  7347 D LOWI-9.0.1.68: [LOWI-Scan] WipsScanUsingNL:wait -1 sec for netlink message
11-10 20:22:25.473   748  1825 I LocSvc_api_v02: ---> locClientSendReq line 2412 QMI_LOC_INJECT_WIFI_AP_DATA_REQ_V02
11-10 20:22:25.474   748  3244 I LocSvc_ApiV02: <--- globalRespCb line 277 QMI_LOC_INJECT_WIFI_AP_DATA_REQ_V02
11-10 20:22:26.133  1062  1062 E Bikelogs: recvfrom error: Try again
11-10 20:22:26.261  1374  7590 E UdpServiceJNI: udpReceiverThread: recvfrom failed: Try again
11-10 20:22:27.052     0     0 I init    : starting service 'mc_logger'...
11-10 20:22:27.066     0     0 I init    : ... started service 'mc_logger' has pid 7816
11-10 20:22:27.066     0     0 I init    : starting service 'my_uv_service'...
11-10 20:22:27.078     0     0 I init    : ... started service 'my_uv_service' has pid 7817
11-10 20:22:27.090  7816  7816 I MC_LOGGER: Motor Controller Logger Service Starting...
11-10 20:22:27.090  7816  7816 E MC_LOGGER: Failed to open UART device /dev/ttyMSM0: Permission denied
11-10 20:22:27.090  7816  7816 E MC_LOGGER: Motor Controller UART Initialization failed!
11-10 20:22:27.101     0     0 I init    : Service 'mc_logger' (pid 7816) exited with status 1
11-10 20:22:27.101     0     0 I init    : Sending signal 9 to service 'mc_logger' (pid 7816) process group...
11-10 20:22:27.102     0     0 I libprocessgroup: Successfully killed process cgroup uid 1000 pid 7816 in 0ms
11-10 20:22:27.100  7817  7817 W ProcessState: Opening '/dev/vndbinder' failed: Permission denied
11-10 20:22:27.101  7817  7817 F ProcessState: Binder driver '/dev/vndbinder' could not be opened.  Terminating.
11-10 20:22:27.101  7817  7817 F libc    : Fatal signal 6 (SIGABRT), code -1 (SI_QUEUE) in tid 7817 (my_uv_service), pid 7817 (my_uv_service)
11-10 20:22:27.095  7817  7817 W my_uv_service: type=1400 audit(0.0:264): avc:  denied  { read write } for  name="vndbinder" dev="binder" ino=6 scontext=u:r:my_uv_service:s0 tcontext=u:object_r:vndbinder_device:s0 tclass=chr_file permissive=0
11-10 20:22:27.128  7820  7820 I crash_dump64: obtaining output fd from tombstoned, type: kDebuggerdTombstoneProto
11-10 20:22:27.129   586   586 I tombstoned: received crash request for pid 7817
11-10 20:22:27.130  7820  7820 I crash_dump64: performing dump of process 7817 (target tid = 7817)
11-10 20:22:27.161     0     0 I logd    : logdr: UID=1000 GID=1000 PID=7820 n tail=500 logMask=8 pid=7817 start=0ns deadline=0ns
11-10 20:22:27.157  1062  1062 E Bikelogs: recvfrom error: Try again
11-10 20:22:27.162     0     0 I logd    : logdr: UID=1000 GID=1000 PID=7820 n tail=500 logMask=1 pid=7817 start=0ns deadline=0ns
11-10 20:22:27.159  7820  7820 F DEBUG   : *** *** *** *** *** *** *** *** *** *** *** *** *** *** *** ***
11-10 20:22:27.159  7820  7820 F DEBUG   : Build fingerprint: 'qti/bengal_2w/bengal_2w:14/UKQ1.250303.001/eng.uvbuil.20250915.113541:userdebug/test-keys'
11-10 20:22:27.159  7820  7820 F DEBUG   : Revision: '0'
11-10 20:22:27.159  7820  7820 F DEBUG   : ABI: 'arm64'
11-10 20:22:27.159  7820  7820 F DEBUG   : Timestamp: 2025-11-10 20:22:27.133441647+0530
11-10 20:22:27.159  7820  7820 F DEBUG   : Process uptime: 1s
11-10 20:22:27.159  7820  7820 F DEBUG   : Cmdline: /vendor/bin/my_uv_service
11-10 20:22:27.159  7820  7820 F DEBUG   : pid: 7817, tid: 7817, name: my_uv_service  >>> /vendor/bin/my_uv_service <<<
11-10 20:22:27.159  7820  7820 F DEBUG   : uid: 1000
11-10 20:22:27.159  7820  7820 F DEBUG   : signal 6 (SIGABRT), code -1 (SI_QUEUE), fault addr --------
11-10 20:22:27.159  7820  7820 F DEBUG   : Abort message: 'Binder driver '/dev/vndbinder' could not be opened.  Terminating.'
11-10 20:22:27.159  7820  7820 F DEBUG   :     x0  0000000000000000  x1  0000000000001e89  x2  0000000000000006  x3  0000007fcd721580
11-10 20:22:27.160  7820  7820 F DEBUG   :     x4  621f267164636d68  x5  621f267164636d68  x6  621f267164636d68  x7  7f7f7f7f7f7f7f7f
11-10 20:22:27.160  7820  7820 F DEBUG   :     x8  00000000000000f0  x9  00000078b96b81b8  x10 0000000000000001  x11 00000078b9700924
11-10 20:22:27.160  7820  7820 F DEBUG   :     x12 0000007fcd721540  x13 0000000000000042  x14 0000007fcd721710  x15 0000000000000000
11-10 20:22:27.160  7820  7820 F DEBUG   :     x16 00000078b9768d18  x17 00000078b97443b0  x18 00000078c116a000  x19 0000000000001e89
11-10 20:22:27.160  7820  7820 F DEBUG   :     x20 0000000000001e89  x21 00000000ffffffff  x22 00000078b77d5028  x23 0000000000000000
11-10 20:22:27.160  7820  7820 F DEBUG   :     x24 0000000000000000  x25 0000000000000000  x26 0000000000000000  x27 0000000000000000
11-10 20:22:27.160  7820  7820 F DEBUG   :     x28 0000000000000000  x29 0000007fcd721600
11-10 20:22:27.160  7820  7820 F DEBUG   :     lr  00000078b96f1624  sp  0000007fcd721560  pc  00000078b96f1650  pst 0000000000000000
11-10 20:22:27.160  7820  7820 F DEBUG   : 7 total frames
11-10 20:22:27.160  7820  7820 F DEBUG   : backtrace:
11-10 20:22:27.160  7820  7820 F DEBUG   :       #00 pc 000000000005b650  /apex/com.android.runtime/lib64/bionic/libc.so (abort+168) (BuildId: 50118287324a156bc7be11d3d940c7be)
11-10 20:22:27.160  7820  7820 F DEBUG   :       #01 pc 0000000000006424  /system/lib64/liblog.so (__android_log_default_aborter+16) (BuildId: e05aefcb936d3c511dd026d3e152503f)
11-10 20:22:27.160  7820  7820 F DEBUG   :       #02 pc 000000000000701c  /system/lib64/liblog.so (__android_log_assert+312) (BuildId: e05aefcb936d3c511dd026d3e152503f)
11-10 20:22:27.160  7820  7820 F DEBUG   :       #03 pc 000000000006adf0  /apex/com.android.vndk.v30/lib64/libbinder.so (android::ProcessState::ProcessState(char const*)+372) (BuildId: 7703b5b080cfabac26e5ae3585f2c76c)
11-10 20:22:27.160  7820  7820 F DEBUG   :       #04 pc 000000000006abe4  /apex/com.android.vndk.v30/lib64/libbinder.so (android::ProcessState::self()+112) (BuildId: 7703b5b080cfabac26e5ae3585f2c76c)
11-10 20:22:27.160  7820  7820 F DEBUG   :       #05 pc 0000000000002074  /vendor/bin/my_uv_service (main+44) (BuildId: 9b47a07ec1d9d741dcbed4bd6570e468)
11-10 20:22:27.160  7820  7820 F DEBUG   :       #06 pc 0000000000053e48  /apex/com.android.runtime/lib64/bionic/libc.so (__libc_init+108) (BuildId: 50118287324a156bc7be11d3d940c7be)
11-10 20:22:27.168  1374  1730 W NativeCrashListener: Couldn't find ProcessRecord for pid 7817
11-10 20:22:27.169  7820  7820 E crash_dump64: AM data write failed: Broken pipe
11-10 20:22:27.169   586   586 E tombstoned: Tombstone written to: tombstone_18
11-10 20:22:27.180     0     0 I init    : Service 'my_uv_service' (pid 7817) received signal 6
11-10 20:22:27.180     0     0 I init    : Sending signal 9 to service 'my_uv_service' (pid 7817) process group...
11-10 20:22:27.172  1374  1507 E NativeTombstoneManager: Tombstone's UID (1000) not an app, ignoring
11-10 20:22:27.173  1374  1507 E NativeTombstoneManager: Tombstone's UID (1000) not an app, ignoring
11-10 20:22:27.186     0     0 I libprocessgroup: Successfully killed process cgroup uid 1000 pid 7817 in 5ms
11-10 20:22:28.181  1062  1062 E Bikelogs: recvfrom error: Try again
11-10 20:22:28.686  2680  2720 E inform_hb_driver: Unable to open /sys/qti_heartbeat/sysstate_value
11-10 20:22:29.107  2680  2720 E inform_hb_driver: Unable to open /sys/qti_heartbeat/sysstate_value
11-10 20:22:29.205  1062  1062 E Bikelogs: recvfrom error: Try again
11-10 20:22:29.333  1374  7590 E UdpServiceJNI: udpReceiverThread: recvfrom failed: Try again
11-10 20:22:30.229  1062  1062 E Bikelogs: recvfrom error: Try again
11-10 20:22:30.707  1374  3734 I WifiService: startScan uid=1001000
11-10 20:22:30.711  1374  1591 I WifiService: startScan uid=1001000
11-10 20:22:30.711  1374  1391 I WifiService: startScan uid=1001000
11-10 20:22:30.731  1161  7347 D LOWI-9.0.1.68: [LOWI-Scan] wait_event:Wait done with Cmd 33
11-10 20:22:30.731  1161  7347 D LOWI-9.0.1.68: [LOWI-Scan] do_listen_events: Rcvd valid Netlink Cmd 0 Err 0
11-10 20:22:30.732   756  5798 V WifiHAL : event received NL80211_CMD_TRIGGER_SCAN
11-10 20:22:31.253  1062  1062 E Bikelogs: recvfrom error: Try again
11-10 20:22:32.062     0     0 I init    : starting service 'mc_logger'...
11-10 20:22:32.074     0     0 I init    : ... started service 'mc_logger' has pid 7833
11-10 20:22:32.075     0     0 I init    : starting service 'my_uv_service'...
11-10 20:22:32.087     0     0 I init    : ... started service 'my_uv_service' has pid 7834
11-10 20:22:32.091  7833  7833 I MC_LOGGER: Motor Controller Logger Service Starting...
11-10 20:22:32.091  7833  7833 E MC_LOGGER: Failed to open UART device /dev/ttyMSM0: Permission denied
11-10 20:22:32.091  7833  7833 E MC_LOGGER: Motor Controller UART Initialization failed!
11-10 20:22:32.101     0     0 I init    : Service 'mc_logger' (pid 7833) exited with status 1
11-10 20:22:32.101     0     0 I init    : Sending signal 9 to service 'mc_logger' (pid 7833) process group...
11-10 20:22:32.102     0     0 I libprocessgroup: Successfully killed process cgroup uid 1000 pid 7833 in 0ms
11-10 20:22:32.101  7834  7834 W ProcessState: Opening '/dev/vndbinder' failed: Permission denied
11-10 20:22:32.099  7834  7834 W my_uv_service: type=1400 audit(0.0:265): avc:  denied  { read write } for  name="vndbinder" dev="binder" ino=6 scontext=u:r:my_uv_service:s0 tcontext=u:object_r:vndbinder_device:s0 tclass=chr_file permissive=0
11-10 20:22:32.102  7834  7834 F libc    : Fatal signal 6 (SIGABRT), code -1 (SI_QUEUE) in tid 7834 (my_uv_service), pid 7834 (my_uv_service)
11-10 20:22:32.121  7837  7837 I crash_dump64: obtaining output fd from tombstoned, type: kDebuggerdTombstoneProto
11-10 20:22:32.122   586   586 I tombstoned: received crash request for pid 7834
11-10 20:22:32.123  7837  7837 I crash_dump64: performing dump of process 7834 (target tid = 7834)
11-10 20:22:32.150     0     0 I logd    : logdr: UID=1000 GID=1000 PID=7837 n tail=500 logMask=8 pid=7834 start=0ns deadline=0ns
11-10 20:22:32.151     0     0 I logd    : logdr: UID=1000 GID=1000 PID=7837 n tail=500 logMask=1 pid=7834 start=0ns deadline=0ns
11-10 20:22:32.154  7837  7837 F DEBUG   : *** *** *** *** *** *** *** *** *** *** *** *** *** *** *** ***
11-10 20:22:32.154  7837  7837 F DEBUG   : Build fingerprint: 'qti/bengal_2w/bengal_2w:14/UKQ1.250303.001/eng.uvbuil.20250915.113541:userdebug/test-keys'
11-10 20:22:32.154  7837  7837 F DEBUG   : Revision: '0'
11-10 20:22:32.154  7837  7837 F DEBUG   : ABI: 'arm64'
11-10 20:22:32.154  7837  7837 F DEBUG   : Timestamp: 2025-11-10 20:22:32.124490395+0530
11-10 20:22:32.154  7837  7837 F DEBUG   : Process uptime: 1s
11-10 20:22:32.154  7837  7837 F DEBUG   : Cmdline: /vendor/bin/my_uv_service
11-10 20:22:32.154  7837  7837 F DEBUG   : pid: 7834, tid: 7834, name: my_uv_service  >>> /vendor/bin/my_uv_service <<<
11-10 20:22:32.154  7837  7837 F DEBUG   : uid: 1000
11-10 20:22:32.154  7837  7837 F DEBUG   : signal 6 (SIGABRT), code -1 (SI_QUEUE), fault addr --------
11-10 20:22:32.154  7837  7837 F DEBUG   : Abort message: 'Binder driver '/dev/vndbinder' could not be opened.  Terminating.'
11-10 20:22:32.154  7837  7837 F DEBUG   :     x0  0000000000000000  x1  0000000000001e9a  x2  0000000000000006  x3  0000007fc059b640
11-10 20:22:32.154  7837  7837 F DEBUG   :     x4  621f267164636d68  x5  621f267164636d68  x6  621f267164636d68  x7  7f7f7f7f7f7f7f7f
11-10 20:22:32.154  7837  7837 F DEBUG   :     x8  00000000000000f0  x9  000000758f2bb1b8  x10 0000000000000001  x11 000000758f303924
11-10 20:22:32.154  7837  7837 F DEBUG   :     x12 0000007fc059b600  x13 0000000000000042  x14 0000007fc059b7d0  x15 0000000000000000
11-10 20:22:32.154  7837  7837 F DEBUG   :     x16 000000758f36bd18  x17 000000758f3473b0  x18 0000007591d8e000  x19 0000000000001e9a
11-10 20:22:32.154  7837  7837 F DEBUG   :     x20 0000000000001e9a  x21 00000000ffffffff  x22 000000758f099028  x23 0000000000000000
11-10 20:22:32.154  7837  7837 F DEBUG   :     x24 0000000000000000  x25 0000000000000000  x26 0000000000000000  x27 0000000000000000
11-10 20:22:32.154  7837  7837 F DEBUG   :     x28 0000000000000000  x29 0000007fc059b6c0
11-10 20:22:32.154  7837  7837 F DEBUG   :     lr  000000758f2f4624  sp  0000007fc059b620  pc  000000758f2f4650  pst 0000000000000000
11-10 20:22:32.154  7837  7837 F DEBUG   : 7 total frames
11-10 20:22:32.154  7837  7837 F DEBUG   : backtrace:
11-10 20:22:32.154  7837  7837 F DEBUG   :       #00 pc 000000000005b650  /apex/com.android.runtime/lib64/bionic/libc.so (abort+168) (BuildId: 50118287324a156bc7be11d3d940c7be)
11-10 20:22:32.154  7837  7837 F DEBUG   :       #01 pc 0000000000006424  /system/lib64/liblog.so (__android_log_default_aborter+16) (BuildId: e05aefcb936d3c511dd026d3e152503f)
11-10 20:22:32.154  7837  7837 F DEBUG   :       #02 pc 000000000000701c  /system/lib64/liblog.so (__android_log_assert+312) (BuildId: e05aefcb936d3c511dd026d3e152503f)
11-10 20:22:32.154  7837  7837 F DEBUG   :       #03 pc 000000000006adf0  /apex/com.android.vndk.v30/lib64/libbinder.so (android::ProcessState::ProcessState(char const*)+372) (BuildId: 7703b5b080cfabac26e5ae3585f2c76c)
11-10 20:22:32.154  7837  7837 F DEBUG   :       #04 pc 000000000006abe4  /apex/com.android.vndk.v30/lib64/libbinder.so (android::ProcessState::self()+112) (BuildId: 7703b5b080cfabac26e5ae3585f2c76c)
11-10 20:22:32.154  7837  7837 F DEBUG   :       #05 pc 0000000000002074  /vendor/bin/my_uv_service (main+44) (BuildId: 9b47a07ec1d9d741dcbed4bd6570e468)
11-10 20:22:32.154  7837  7837 F DEBUG   :       #06 pc 0000000000053e48  /apex/com.android.runtime/lib64/bionic/libc.so (__libc_init+108) (BuildId: 50118287324a156bc7be11d3d940c7be)
11-10 20:22:32.157  1374  1730 W NativeCrashListener: Couldn't find ProcessRecord for pid 7834
11-10 20:22:32.157  7837  7837 E crash_dump64: AM data write failed: Broken pipe
11-10 20:22:32.158   586   586 E tombstoned: Tombstone written to: tombstone_19
11-10 20:22:32.160  1374  1507 E NativeTombstoneManager: Tombstone's UID (1000) not an app, ignoring
11-10 20:22:32.162  1374  1507 E NativeTombstoneManager: Tombstone's UID (1000) not an app, ignoring
11-10 20:22:32.167     0     0 I init    : Untracked pid 7837 exited with status 0
11-10 20:22:32.167     0     0 I init    : Untracked pid 7837 did not have an associated service entry and will not be reaped
11-10 20:22:32.172     0     0 I init    : Service 'my_uv_service' (pid 7834) received signal 6
11-10 20:22:32.277  1062  1062 E Bikelogs: recvfrom error: Try again
11-10 20:22:32.405  1374  7590 E UdpServiceJNI: udpReceiverThread: recvfrom failed: Try again
11-10 20:22:33.301  1062  1062 E Bikelogs: recvfrom error: Try again
11-10 20:22:33.680  2680  2720 E inform_hb_driver: Unable to open /sys/qti_heartbeat/sysstate_value
11-10 20:22:34.103  2680  2720 E inform_hb_driver: Unable to open /sys/qti_heartbeat/sysstate_value
11-10 20:22:34.325  1062  1062 E Bikelogs: recvfrom error: Try again
11-10 20:22:35.349  1062  1062 E Bikelogs: recvfrom error: Try again
11-10 20:22:35.477  1161  7347 D LOWI-9.0.1.68: [LOWI-Scan] wait_event:Wait done with Cmd 34
11-10 20:22:35.477  1374  7590 E UdpServiceJNI: udpReceiverThread: recvfrom failed: Try again
11-10 20:22:35.477  1161  7347 D LOWI-9.0.1.68: [LOWI-Scan] do_listen_events: Rcvd valid Netlink Cmd 34 Err 0
11-10 20:22:35.478  1374  1391 D WifiNl80211Manager: Scan result ready event
11-10 20:22:35.478  1374  1391 D WifiNative: Scan result ready event
11-10 20:22:35.478  1161  7347 D LOWI-9.0.1.68: [LOWI-Scan] 
11-10 20:22:35.478  1161  7347 D LOWI-9.0.1.68: [LOWI-Scan] is_qcom_ie, bss_age: 0
11-10 20:22:35.478  1161  7347 D LOWI-9.0.1.68: [LOWI-Scan] BSS e6:e4:b7:**:**:20 FREQ: 2462, cFreq1[40:80:160] = [0:0:0] cFreq2 = 0 SSID Shrihari pixel, RSSI(dBM): -73, 11mcRanging: No, Country Code = IN 
11-10 20:22:35.478   756  5798 V WifiHAL : event received NL80211_CMD_NEW_SCAN_RESULTS
11-10 20:22:35.479  1161  7347 D LOWI-9.0.1.68: [LOWI-Scan] 
11-10 20:22:35.479  1161  7347 D LOWI-9.0.1.68: [LOWI-Scan] is_qcom_ie, bss_age: 0
11-10 20:22:35.479  1161  7347 D LOWI-9.0.1.68: [LOWI-Scan] BSS e6:55:b8:**:**:ec FREQ: 5240, cFreq1[40:80:160] = [5230:5210:0] cFreq2 = 0 SSID A71 - IT Infra, RSSI(dBM): -72, 11mcRanging: No, Country Code = IN
11-10 20:22:35.479  1161  7347 D LOWI-9.0.1.68: [LOWI-Scan] 
11-10 20:22:35.479  1161  7347 D LOWI-9.0.1.68: [LOWI-Scan] is_qcom_ie, bss_age: 0
11-10 20:22:35.479  1161  7347 D LOWI-9.0.1.68: [LOWI-Scan] BSS e2:55:b8:**:**:ec FREQ: 5240, cFreq1[40:80:160] = [5230:5210:0] cFreq2 = 0 SSID A71 - Design, RSSI(dBM): -73, 11mcRanging: No, Country Code = IN
11-10 20:22:35.479  1161  7347 D LOWI-9.0.1.68: [LOWI-Scan] 
11-10 20:22:35.479  1161  7347 D LOWI-9.0.1.68: [LOWI-Scan] is_qcom_ie, bss_age: 0
11-10 20:22:35.479  1161  7347 D LOWI-9.0.1.68: [LOWI-Scan] BSS ee:55:b8:**:**:ec FREQ: 5240, cFreq1[40:80:160] = [5230:5210:0] cFreq2 = 0 SSID A71 - Engineering, RSSI(dBM): -72, 11mcRanging: No, Country Code = IN
11-10 20:22:35.480  1161  7347 D LOWI-9.0.1.68: [LOWI-Scan] 
11-10 20:22:35.480  1161  7347 D LOWI-9.0.1.68: [LOWI-Scan] is_qcom_ie, bss_age: 0
