11-11 18:38:40.234  1414  1470 D SystemServerTimingAsync: InitThreadPoolExec:Update app-ops uidState in case package com.android.localtransport changed
11-11 18:38:40.234  1414  1470 D SystemServerInitThreadPool: Started executing Update app-ops uidState in case package com.android.localtransport changed
11-11 18:38:40.234  1414  1648 D SystemServerTimingAsync: InitThreadPoolExec:Update app-ops uidState in case package vendor.qti.qesdk.sysservice changed
11-11 18:38:40.234  1414  1612 D SystemServerTimingAsync: InitThreadPoolExec:Update app-ops uidState in case package com.android.keychain changed
11-11 18:38:40.234  1414  1648 D SystemServerInitThreadPool: Started executing Update app-ops uidState in case package vendor.qti.qesdk.sysservice changed
11-11 18:38:40.234  1414  1611 D SystemServerInitThreadPool: Finished executing Update app-ops uidState in case package com.android.server.telecom changed
11-11 18:38:40.234  1414  1524 D SystemServerTimingAsync: InitThreadPoolExec:Update app-ops uidState in case package com.google.android.car.networking.preferenceupdater changed
11-11 18:38:40.234  1414  1648 D SystemServerInitThreadPool: Finished executing Update app-ops uidState in case package vendor.qti.qesdk.sysservice changed
11-11 18:38:40.234  1414  1648 V SystemServerTimingAsync: InitThreadPoolExec:Update app-ops uidState in case package vendor.qti.qesdk.sysservice changed took to complete: 0ms
11-11 18:38:40.234  1414  1612 D SystemServerInitThreadPool: Started executing Update app-ops uidState in case package com.android.keychain changed
11-11 18:38:40.234  1414  1611 V SystemServerTimingAsync: InitThreadPoolExec:Update app-ops uidState in case package com.android.server.telecom changed took to complete: 0ms
11-11 18:38:40.234  1414  1648 D SystemServerTimingAsync: InitThreadPoolExec:Update app-ops uidState in case package org.codelinaro.bike.bikelauncher changed
11-11 18:38:40.234  1414  1648 D SystemServerInitThreadPool: Started executing Update app-ops uidState in case package org.codelinaro.bike.bikelauncher changed
11-11 18:38:40.234  1414  1611 D SystemServerTimingAsync: InitThreadPoolExec:Update app-ops uidState in case package com.android.experimentalcar changed
11-11 18:38:40.234  1414  1648 D SystemServerInitThreadPool: Finished executing Update app-ops uidState in case package org.codelinaro.bike.bikelauncher changed
11-11 18:38:40.234  1414  1534 D SystemServerTimingAsync: InitThreadPoolExec:Update app-ops uidState in case package com.android.providers.settings changed
11-11 18:38:40.234  1414  1611 D SystemServerInitThreadPool: Started executing Update app-ops uidState in case package com.android.experimentalcar changed
11-11 18:38:40.234  1414  1648 V SystemServerTimingAsync: InitThreadPoolExec:Update app-ops uidState in case package org.codelinaro.bike.bikelauncher changed took to complete: 0ms
11-11 18:38:40.234  1414  1612 D SystemServerInitThreadPool: Finished executing Update app-ops uidState in case package com.android.keychain changed
11-11 18:38:40.234  1414  1524 D SystemServerInitThreadPool: Started executing Update app-ops uidState in case package com.google.android.car.networking.preferenceupdater changed
11-11 18:38:40.234  1414  1569 D SystemServerInitThreadPool: Started executing Update app-ops uidState in case package com.qti.snapdragon.qdcm_ff changed
11-11 18:38:40.234  1414  1470 D SystemServerInitThreadPool: Finished executing Update app-ops uidState in case package com.android.localtransport changed
11-11 18:38:40.234  1414  1470 V SystemServerTimingAsync: InitThreadPoolExec:Update app-ops uidState in case package com.android.localtransport changed took to complete: 0ms
11-11 18:38:40.234  1414  1569 D SystemServerInitThreadPool: Finished executing Update app-ops uidState in case package com.qti.snapdragon.qdcm_ff changed
11-11 18:38:40.234  1414  1524 D SystemServerInitThreadPool: Finished executing Update app-ops uidState in case package com.google.android.car.networking.preferenceupdater changed
11-11 18:38:40.234  1414  1569 V SystemServerTimingAsync: InitThreadPoolExec:Update app-ops uidState in case package com.qti.snapdragon.qdcm_ff changed took to complete: 0ms
11-11 18:38:40.234  1414  1534 D SystemServerInitThreadPool: Started executing Update app-ops uidState in case package com.android.providers.settings changed
11-11 18:38:40.234  1414  1524 V SystemServerTimingAsync: InitThreadPoolExec:Update app-ops uidState in case package com.google.android.car.networking.preferenceupdater changed took to complete: 0ms
11-11 18:38:40.234  1414  1569 D SystemServerTimingAsync: InitThreadPoolExec:Update app-ops uidState in case package com.qualcomm.qti.qmmi changed
11-11 18:38:40.234  1414  1524 D SystemServerTimingAsync: InitThreadPoolExec:Update app-ops uidState in case package com.android.location.fused changed
11-11 18:38:40.234  1414  1612 V SystemServerTimingAsync: InitThreadPoolExec:Update app-ops uidState in case package com.android.keychain changed took to complete: 0ms
11-11 18:38:40.234  1414  1569 D SystemServerInitThreadPool: Started executing Update app-ops uidState in case package com.qualcomm.qti.qmmi changed
11-11 18:38:40.235  1414  1524 D SystemServerInitThreadPool: Started executing Update app-ops uidState in case package com.android.location.fused changed
11-11 18:38:40.235  1414  1534 D SystemServerInitThreadPool: Finished executing Update app-ops uidState in case package com.android.providers.settings changed
11-11 18:38:40.235  1414  1648 D SystemServerTimingAsync: InitThreadPoolExec:Update app-ops uidState in case package com.ultraviolette.fotaservice changed
11-11 18:38:40.235  1414  1524 D SystemServerInitThreadPool: Finished executing Update app-ops uidState in case package com.android.location.fused changed
11-11 18:38:40.235  1414  1648 D SystemServerInitThreadPool: Started executing Update app-ops uidState in case package com.ultraviolette.fotaservice changed
11-11 18:38:40.235  1414  1470 D SystemServerTimingAsync: InitThreadPoolExec:Update app-ops uidState in case package com.qti.diagservices changed
11-11 18:38:40.235  1414  1524 V SystemServerTimingAsync: InitThreadPoolExec:Update app-ops uidState in case package com.android.location.fused changed took to complete: 0ms
11-11 18:38:40.235  1414  1470 D SystemServerInitThreadPool: Started executing Update app-ops uidState in case package com.qti.diagservices changed
11-11 18:38:40.235  1414  1648 D SystemServerInitThreadPool: Finished executing Update app-ops uidState in case package com.ultraviolette.fotaservice changed
11-11 18:38:40.235  1414  1611 D SystemServerInitThreadPool: Finished executing Update app-ops uidState in case package com.android.experimentalcar changed
11-11 18:38:40.235  1414  1648 V SystemServerTimingAsync: InitThreadPoolExec:Update app-ops uidState in case package com.ultraviolette.fotaservice changed took to complete: 0ms
11-11 18:38:40.235  1414  1534 V SystemServerTimingAsync: InitThreadPoolExec:Update app-ops uidState in case package com.android.providers.settings changed took to complete: 0ms
11-11 18:38:40.235  1414  1611 V SystemServerTimingAsync: InitThreadPoolExec:Update app-ops uidState in case package com.android.experimentalcar changed took to complete: 0ms
11-11 18:38:40.235  1414  1534 D SystemServerTimingAsync: InitThreadPoolExec:Update app-ops uidState in case package com.android.sdksandbox changed
11-11 18:38:40.235  1414  1611 D SystemServerTimingAsync: InitThreadPoolExec:Update app-ops uidState in case package com.android.ext.adservices.api changed
11-11 18:38:40.235  1414  1570 D SystemServerInitThreadPool: Finished executing Update app-ops uidState in case package com.qti.dpmserviceapp changed
11-11 18:38:40.235  1414  1534 D SystemServerInitThreadPool: Started executing Update app-ops uidState in case package com.android.sdksandbox changed
11-11 18:38:40.235  1414  1524 D SystemServerTimingAsync: InitThreadPoolExec:Update app-ops uidState in case package com.koushikdutta.vysor changed
11-11 18:38:40.235  1414  1569 D SystemServerInitThreadPool: Finished executing Update app-ops uidState in case package com.qualcomm.qti.qmmi changed
11-11 18:38:40.239  1414  1524 D SystemServerInitThreadPool: Started executing Update app-ops uidState in case package com.qualcomm.qti.uim changed
11-11 18:38:40.239  1414  1569 D SystemServerInitThreadPool: Started executing Update app-ops uidState in case package com.qualcomm.qti.qms.service.trustzoneaccess changed
11-11 18:38:40.239  1414  1470 D SystemServerTimingAsync: InitThreadPoolExec:Update app-ops uidState in case package vendor.qti.hardware.cacert.server changed
11-11 18:38:40.239  1414  1569 D SystemServerInitThreadPool: Finished executing Update app-ops uidState in case package com.qualcomm.qti.qms.service.trustzoneaccess changed
11-11 18:38:40.239  1414  1524 D SystemServerInitThreadPool: Finished executing Update app-ops uidState in case package com.qualcomm.qti.uim changed
11-11 18:38:40.239  1414  1569 V SystemServerTimingAsync: InitThreadPoolExec:Update app-ops uidState in case package com.qualcomm.qti.qms.service.trustzoneaccess changed took to complete: 0ms
11-11 18:38:40.239  1414  1570 D SystemServerInitThreadPool: Started executing Update app-ops uidState in case package com.qualcomm.timeservice changed
11-11 18:38:40.239  1414  1648 D SystemServerTimingAsync: InitThreadPoolExec:Update app-ops uidState in case package org.codeaurora.snapcam changed
11-11 18:38:40.239  1414  1612 D SystemServerTimingAsync: InitThreadPoolExec:Update app-ops uidState in case package com.qualcomm.qti.cne changed
11-11 18:38:40.239  1414  1570 D SystemServerInitThreadPool: Finished executing Update app-ops uidState in case package com.qualcomm.timeservice changed
11-11 18:38:40.239  1414  1470 D SystemServerInitThreadPool: Started executing Update app-ops uidState in case package vendor.qti.hardware.cacert.server changed
11-11 18:38:40.239  1414  1569 D SystemServerTimingAsync: InitThreadPoolExec:Update app-ops uidState in case package com.android.printspooler changed
11-11 18:38:40.239  1414  1611 V SystemServerTimingAsync: InitThreadPoolExec:Update app-ops uidState in case package com.qualcomm.qti.sensors.qsensortest changed took to complete: 1ms
11-11 18:38:40.239  1414  1470 D SystemServerInitThreadPool: Finished executing Update app-ops uidState in case package vendor.qti.hardware.cacert.server changed
11-11 18:38:40.239  1414  1534 D SystemServerInitThreadPool: Finished executing Update app-ops uidState in case package vendor.qti.iwlan changed
11-11 18:38:40.239  1414  1611 D SystemServerTimingAsync: InitThreadPoolExec:Update app-ops uidState in case package com.android.traceur changed
11-11 18:38:40.239  1414  1534 V SystemServerTimingAsync: InitThreadPoolExec:Update app-ops uidState in case package vendor.qti.iwlan changed took to complete: 0ms
11-11 18:38:40.239  1414  1569 D SystemServerInitThreadPool: Started executing Update app-ops uidState in case package com.android.printspooler changed
11-11 18:38:40.239  1414  1648 D SystemServerInitThreadPool: Started executing Update app-ops uidState in case package org.codeaurora.snapcam changed
11-11 18:38:40.239  1414  1570 V SystemServerTimingAsync: InitThreadPoolExec:Update app-ops uidState in case package com.qualcomm.timeservice changed took to complete: 0ms
11-11 18:38:40.239  1414  1569 D SystemServerInitThreadPool: Finished executing Update app-ops uidState in case package com.android.printspooler changed
11-11 18:38:40.239  1414  1570 D SystemServerTimingAsync: InitThreadPoolExec:Update app-ops uidState in case package com.android.cameraextensions changed
11-11 18:38:40.239  1414  1470 V SystemServerTimingAsync: InitThreadPoolExec:Update app-ops uidState in case package vendor.qti.hardware.cacert.server changed took to complete: 0ms
11-11 18:38:40.239  1414  1570 D SystemServerInitThreadPool: Started executing Update app-ops uidState in case package com.android.cameraextensions changed
11-11 18:38:40.239  1414  1648 D SystemServerInitThreadPool: Finished executing Update app-ops uidState in case package org.codeaurora.snapcam changed
11-11 18:38:40.239  1414  1470 D SystemServerTimingAsync: InitThreadPoolExec:Update app-ops uidState in case package android.ext.shared changed
11-11 18:38:40.240  1414  1470 D SystemServerInitThreadPool: Started executing Update app-ops uidState in case package android.ext.shared changed
11-11 18:38:40.240  1414  1569 D SystemServerTimingAsync: InitThreadPoolExec:Update app-ops uidState in case package com.android.car.systemui.rro changed
11-11 18:38:40.240  1414  1524 D SystemServerTimingAsync: InitThreadPoolExec:Update app-ops uidState in case package com.android.inputmethod.latin changed
11-11 18:38:40.240  1414  1648 D SystemServerTimingAsync: InitThreadPoolExec:Update app-ops uidState in case package com.android.cts.ctsshim changed
11-11 18:38:40.240  1414  1569 D SystemServerInitThreadPool: Started executing Update app-ops uidState in case package com.android.car.systemui.rro changed
11-11 18:38:40.240  1414  1570 D SystemServerTimingAsync: InitThreadPoolExec:Update app-ops uidState in case package com.google.android.car.adaslocation changed
11-11 18:38:40.240  1414  1612 D SystemServerInitThreadPool: Started executing Update app-ops uidState in case package com.android.apps.tag changed
11-11 18:38:40.240  1414  1570 D SystemServerInitThreadPool: Started executing Update app-ops uidState in case package com.google.android.car.adaslocation changed
11-11 18:38:40.240  1414  1534 D SystemServerInitThreadPool: Started executing Update app-ops uidState in case package com.android.permissioncontroller.car.rro changed
11-11 18:38:40.240  1414  1570 D SystemServerInitThreadPool: Finished executing Update app-ops uidState in case package com.google.android.car.adaslocation changed
11-11 18:38:40.240  1414  1570 V SystemServerTimingAsync: InitThreadPoolExec:Update app-ops uidState in case package com.google.android.car.adaslocation changed took to complete: 0ms
11-11 18:38:40.240  1414  1612 D SystemServerInitThreadPool: Finished executing Update app-ops uidState in case package com.android.apps.tag changed
11-11 18:38:40.240  1414  1570 D SystemServerTimingAsync: InitThreadPoolExec:Update app-ops uidState in case package com.android.car.cartelemetryapp changed
11-11 18:38:40.240  1414  1570 D SystemServerInitThreadPool: Started executing Update app-ops uidState in case package com.android.car.cartelemetryapp changed
11-11 18:38:40.240  1414  1534 D SystemServerInitThreadPool: Finished executing Update app-ops uidState in case package com.android.permissioncontroller.car.rro changed
11-11 18:38:40.240  1414  1611 D SystemServerTimingAsync: InitThreadPoolExec:Update app-ops uidState in case package com.android.pacprocessor changed
11-11 18:38:40.240  1414  1534 V SystemServerTimingAsync: InitThreadPoolExec:Update app-ops uidState in case package com.android.permissioncontroller.car.rro changed took to complete: 0ms
11-11 18:38:40.240  1414  1570 D SystemServerInitThreadPool: Finished executing Update app-ops uidState in case package com.android.car.cartelemetryapp changed
11-11 18:38:40.240  1414  1534 D SystemServerTimingAsync: InitThreadPoolExec:Update app-ops uidState in case package com.android.packageinstaller changed
11-11 18:38:40.240  1414  1569 V SystemServerTimingAsync: InitThreadPoolExec:Update app-ops uidState in case package com.google.android.car.defaultstoragemonitoringcompanionapp changed took to complete: 0ms
11-11 18:38:40.241  1414  1534 D SystemServerInitThreadPool: Started executing Update app-ops uidState in case package com.android.packageinstaller changed
11-11 18:38:40.241  1414  1612 V SystemServerTimingAsync: InitThreadPoolExec:Update app-ops uidState in case package com.android.apps.tag changed took to complete: 0ms
11-11 18:38:40.241  1414  1470 D SystemServerTimingAsync: InitThreadPoolExec:Update app-ops uidState in case package com.android.car.radio changed
11-11 18:38:40.241  1414  1570 V SystemServerTimingAsync: InitThreadPoolExec:Update app-ops uidState in case package com.android.car.cartelemetryapp changed took to complete: 0ms
11-11 18:38:40.241  1414  1648 D SystemServerTimingAsync: InitThreadPoolExec:Update app-ops uidState in case package com.qualcomm.qti.cam2test changed
11-11 18:38:40.241  1414  1534 D SystemServerInitThreadPool: Finished executing Update app-ops uidState in case package com.android.packageinstaller changed
11-11 18:38:40.241  1414  1648 D SystemServerInitThreadPool: Started executing Update app-ops uidState in case package com.qualcomm.qti.cam2test changed
11-11 18:38:40.241  1414  1470 D SystemServerInitThreadPool: Started executing Update app-ops uidState in case package com.android.car.radio changed
11-11 18:38:40.241  1414  1612 D SystemServerTimingAsync: InitThreadPoolExec:Update app-ops uidState in case package com.android.musicfx changed
11-11 18:38:40.241  1414  1524 V SystemServerTimingAsync: InitThreadPoolExec:Update app-ops uidState in case package com.android.car.frameworkpackagestubs changed took to complete: 0ms
11-11 18:38:40.241  1414  1470 D SystemServerInitThreadPool: Finished executing Update app-ops uidState in case package com.android.car.radio changed
11-11 18:38:40.241  1414  1569 D SystemServerTimingAsync: InitThreadPoolExec:Update app-ops uidState in case package android.car.cluster changed
11-11 18:38:40.241  1414  1569 D SystemServerInitThreadPool: Started executing Update app-ops uidState in case package android.car.cluster changed
11-11 18:38:40.241  1414  1648 D SystemServerInitThreadPool: Finished executing Update app-ops uidState in case package com.qualcomm.qti.cam2test changed
11-11 18:38:40.241  1414  1534 V SystemServerTimingAsync: InitThreadPoolExec:Update app-ops uidState in case package com.android.packageinstaller changed took to complete: 0ms
11-11 18:38:40.241  1414  1648 V SystemServerTimingAsync: InitThreadPoolExec:Update app-ops uidState in case package com.qualcomm.qti.cam2test changed took to complete: 0ms
11-11 18:38:40.241  1414  1612 D SystemServerInitThreadPool: Started executing Update app-ops uidState in case package com.android.musicfx changed
11-11 18:38:40.241  1414  1648 D SystemServerTimingAsync: InitThreadPoolExec:Update app-ops uidState in case package com.android.car.media changed
11-11 18:38:40.241  1414  1611 D SystemServerInitThreadPool: Started executing Update app-ops uidState in case package com.android.pacprocessor changed
11-11 18:38:40.241  1414  1648 D SystemServerInitThreadPool: Started executing Update app-ops uidState in case package com.android.car.media changed
11-11 18:38:40.241  1414  1612 D SystemServerInitThreadPool: Finished executing Update app-ops uidState in case package com.android.musicfx changed
11-11 18:38:40.241  1414  1611 D SystemServerInitThreadPool: Finished executing Update app-ops uidState in case package com.android.pacprocessor changed
11-11 18:38:40.241  1414  1648 D SystemServerInitThreadPool: Finished executing Update app-ops uidState in case package com.android.car.media changed
11-11 18:38:40.241  1414  1569 D SystemServerInitThreadPool: Finished executing Update app-ops uidState in case package android.car.cluster changed
11-11 18:38:40.241  1414  1470 V SystemServerTimingAsync: InitThreadPoolExec:Update app-ops uidState in case package com.android.car.radio changed took to complete: 0ms
11-11 18:38:40.241  1414  1569 V SystemServerTimingAsync: InitThreadPoolExec:Update app-ops uidState in case package android.car.cluster changed took to complete: 1ms
11-11 18:38:40.241  1414  1569 D SystemServerTimingAsync: InitThreadPoolExec:Update app-ops uidState in case package com.android.proxyhandler changed
11-11 18:38:40.241  1414  1534 D SystemServerTimingAsync: InitThreadPoolExec:Update app-ops uidState in case package com.android.statementservice changed
11-11 18:38:40.241  1414  1569 D SystemServerInitThreadPool: Started executing Update app-ops uidState in case package com.android.proxyhandler changed
11-11 18:38:40.241  1414  1534 D SystemServerInitThreadPool: Started executing Update app-ops uidState in case package com.android.statementservice changed
11-11 18:38:40.241  1414  1569 D SystemServerInitThreadPool: Finished executing Update app-ops uidState in case package com.android.proxyhandler changed
11-11 18:38:40.241  1414  1648 V SystemServerTimingAsync: InitThreadPoolExec:Update app-ops uidState in case package com.android.car.media changed took to complete: 1ms
11-11 18:38:40.241  1414  1534 D SystemServerInitThreadPool: Finished executing Update app-ops uidState in case package com.android.statementservice changed
11-11 18:38:40.241  1414  1569 V SystemServerTimingAsync: InitThreadPoolExec:Update app-ops uidState in case package com.android.proxyhandler changed took to complete: 0ms
11-11 18:38:40.241  1414  1648 D SystemServerTimingAsync: InitThreadPoolExec:Update app-ops uidState in case package com.android.cts.priv.ctsshim changed
11-11 18:38:40.241  1414  1524 D SystemServerTimingAsync: InitThreadPoolExec:Update app-ops uidState in case package com.android.backupconfirm changed
11-11 18:38:40.241  1414  1648 D SystemServerInitThreadPool: Started executing Update app-ops uidState in case package com.android.cts.priv.ctsshim changed
11-11 18:38:40.241  1414  1534 V SystemServerTimingAsync: InitThreadPoolExec:Update app-ops uidState in case package com.android.statementservice changed took to complete: 0ms
11-11 18:38:40.241  1414  1611 V SystemServerTimingAsync: InitThreadPoolExec:Update app-ops uidState in case package com.android.pacprocessor changed took to complete: 1ms
11-11 18:38:40.241  1414  1648 D SystemServerInitThreadPool: Finished executing Update app-ops uidState in case package com.android.cts.priv.ctsshim changed
11-11 18:38:40.241  1414  1534 D SystemServerTimingAsync: InitThreadPoolExec:Update app-ops uidState in case package com.android.car.updatable changed
11-11 18:38:40.241  1414  1524 D SystemServerInitThreadPool: Started executing Update app-ops uidState in case package com.android.backupconfirm changed
11-11 18:38:40.241  1414  1611 D SystemServerTimingAsync: InitThreadPoolExec:Update app-ops uidState in case package com.android.car.test.one.hotworddetectionservice changed
11-11 18:38:40.241  1414  1534 D SystemServerInitThreadPool: Started executing Update app-ops uidState in case package com.android.car.updatable changed
11-11 18:38:40.241  1414  1524 D SystemServerInitThreadPool: Finished executing Update app-ops uidState in case package com.android.backupconfirm changed
11-11 18:38:40.243  1414  1611 D SystemServerInitThreadPool: Started executing Update app-ops uidState in case package android changed
11-11 18:38:40.243  1414  1570 D SystemServerInitThreadPool: Started executing Update app-ops uidState in case package com.android.dynsystem changed
11-11 18:38:40.243  1414  1569 D SystemServerInitThreadPool: Finished executing Update app-ops uidState in case package com.qti.qualcomm.datastatusnotification changed
11-11 18:38:40.243  1414  1569 V SystemServerTimingAsync: InitThreadPoolExec:Update app-ops uidState in case package com.qti.qualcomm.datastatusnotification changed took to complete: 0ms
11-11 18:38:40.243  1414  1570 D SystemServerInitThreadPool: Finished executing Update app-ops uidState in case package com.android.dynsystem changed
11-11 18:38:40.243  1414  1611 D SystemServerInitThreadPool: Finished executing Update app-ops uidState in case package android changed
11-11 18:38:40.243  1414  1612 D SystemServerTimingAsync: InitThreadPoolExec:Update app-ops uidState in case package com.android.car changed
11-11 18:38:40.243  1414  1648 V SystemServerTimingAsync: InitThreadPoolExec:Update app-ops uidState in case package com.google.android.car.garagemode.testapp changed took to complete: 0ms
11-11 18:38:40.243  1414  1534 V SystemServerTimingAsync: InitThreadPoolExec:Update app-ops uidState in case package com.qti.dpmserviceapp changed took to complete: 1ms
11-11 18:38:40.243  1414  1648 D SystemServerTimingAsync: InitThreadPoolExec:Update app-ops uidState in case package com.android.car.developeroptions changed
11-11 18:38:40.243  1414  1569 D SystemServerTimingAsync: InitThreadPoolExec:Update app-ops uidState in case package vendor.qti.qesdk.sysservice changed
11-11 18:38:40.243  1414  1470 V SystemServerTimingAsync: InitThreadPoolExec:Update app-ops uidState in case package com.android.bluetooth changed took to complete: 0ms
11-11 18:38:40.243  1414  1569 D SystemServerInitThreadPool: Started executing Update app-ops uidState in case package vendor.qti.qesdk.sysservice changed
11-11 18:38:40.252  1414  1414 E ActivityManager: Unable to find com.chiller3.custota/u10
11-11 18:38:40.259  1414  1414 V SystemServerTiming: controllersReady took to complete: 46ms
11-11 18:38:40.260  1414  1414 D SystemServerTiming: killProcesses
11-11 18:38:40.260  1414  1414 V SystemServerTiming: killProcesses took to complete: 0ms
11-11 18:38:40.260  1414  1414 I ActivityManager: System now ready
11-11 18:38:40.260  1414  1414 D SystemServerTiming: updateTopComponentForFactoryTest
11-11 18:38:40.260  1414  1414 V SystemServerTiming: updateTopComponentForFactoryTest took to complete: 1ms
11-11 18:38:40.260  1414  1414 D SystemServerTiming: registerActivityLaunchObserver
11-11 18:38:40.260  1414  1414 V SystemServerTiming: registerActivityLaunchObserver took to complete: 0ms
11-11 18:38:40.260  1414  1414 D SystemServerTiming: watchDeviceProvisioning
11-11 18:38:40.262  1414  1414 V SystemServerTiming: watchDeviceProvisioning took to complete: 1ms
11-11 18:38:40.262  1414  1414 D SystemServerTiming: retrieveSettings
11-11 18:38:40.263  1414  1414 I ActivityTaskManager: Config changes=10000000 {1.0 ?mcc0mnc [en_US] ldltr sw720dp w720dp h1280dp 160dpi xlrg long port car finger -keyb/h/h -nav/h winConfig={ mBounds=Rect(0, 0 - 720, 1280) mAppBounds=Rect(0, 0 - 720, 1280) mMaxBounds=Rect(0, 0 - 720, 1280) mDisplayRotation=ROTATION_0 mWindowingMode=fullscreen mDisplayWindowingMode=fullscreen mActivityType=undefined mAlwaysOnTop=undefined mRotation=ROTATION_0} s.8 fontWeightAdjustment=0}
11-11 18:38:40.264  1414  1414 I WindowManager: Override config changes=10000000 {1.0 ?mcc0mnc [en_US] ldltr sw720dp w720dp h1280dp 160dpi xlrg long port car finger -keyb/h/h -nav/h winConfig={ mBounds=Rect(0, 0 - 720, 1280) mAppBounds=Rect(0, 0 - 720, 1280) mMaxBounds=Rect(0, 0 - 720, 1280) mDisplayRotation=ROTATION_0 mWindowingMode=fullscreen mDisplayWindowingMode=fullscreen mActivityType=undefined mAlwaysOnTop=undefined mRotation=ROTATION_0} s.8 fontWeightAdjustment=0} for displayId=0
11-11 18:38:40.266  1414  1414 V SystemServerTiming: retrieveSettings took to complete: 5ms
11-11 18:38:40.266  1414  1414 D SystemServerTiming: Ugm.onSystemReady
11-11 18:38:40.267  1414  1414 V SystemServerTiming: Ugm.onSystemReady took to complete: 0ms
11-11 18:38:40.267  1414  1414 D SystemServerTiming: updateForceBackgroundCheck
11-11 18:38:40.267  1414  1414 V SystemServerTiming: updateForceBackgroundCheck took to complete: 0ms
11-11 18:38:40.267  1414  1414 I SystemServer: Making services ready
11-11 18:38:40.267  1414  1414 D SystemServerTiming: StartActivityManagerReadyPhase
11-11 18:38:40.267  1414  1414 I SystemServiceManager: Starting phase 550
11-11 18:38:40.267  1414  1414 D SystemServerTiming: OnBootPhase_550
11-11 18:38:40.267  1414  1414 D SystemServerTiming: OnBootPhase_550_com.android.server.security.FileIntegrityService
11-11 18:38:40.267  1414  1414 V SystemServerTiming: OnBootPhase_550_com.android.server.security.FileIntegrityService took to complete: 0ms
11-11 18:38:40.267  1414  1414 D SystemServerTiming: OnBootPhase_550_com.android.server.pm.Installer
11-11 18:38:40.267  1414  1414 V SystemServerTiming: OnBootPhase_550_com.android.server.pm.Installer took to complete: 0ms
11-11 18:38:40.267  1414  1414 D SystemServerTiming: OnBootPhase_550_com.android.server.os.DeviceIdentifiersPolicyService
11-11 18:38:40.267  1414  1414 V SystemServerTiming: OnBootPhase_550_com.android.server.os.DeviceIdentifiersPolicyService took to complete: 0ms
11-11 18:38:40.267  1414  1414 D SystemServerTiming: OnBootPhase_550_com.android.server.uri.UriGrantsManagerService$Lifecycle
11-11 18:38:40.267  1414  1414 V SystemServerTiming: OnBootPhase_550_com.android.server.uri.UriGrantsManagerService$Lifecycle took to complete: 0ms
11-11 18:38:40.267  1414  1414 D SystemServerTiming: OnBootPhase_550_com.android.server.powerstats.PowerStatsService
11-11 18:38:40.267  1414  1414 V SystemServerTiming: OnBootPhase_550_com.android.server.powerstats.PowerStatsService took to complete: 0ms
11-11 18:38:40.267  1414  1414 D SystemServerTiming: OnBootPhase_550_com.android.server.permission.access.AccessCheckingService
11-11 18:38:40.267  1414  1414 V SystemServerTiming: OnBootPhase_550_com.android.server.permission.access.AccessCheckingService took to complete: 0ms
11-11 18:38:40.267  1414  1414 D SystemServerTiming: OnBootPhase_550_com.android.server.wm.ActivityTaskManagerService$Lifecycle
11-11 18:38:40.267  1414  1414 V SystemServerTiming: OnBootPhase_550_com.android.server.wm.ActivityTaskManagerService$Lifecycle took to complete: 0ms
11-11 18:38:40.267  1414  1414 D SystemServerTiming: OnBootPhase_550_com.android.server.am.ActivityManagerService$Lifecycle
11-11 18:38:40.269  1414  1414 V SystemServerTiming: OnBootPhase_550_com.android.server.am.ActivityManagerService$Lifecycle took to complete: 1ms
11-11 18:38:40.269  1414  1414 D SystemServerTiming: OnBootPhase_550_com.android.server.pm.DataLoaderManagerService
11-11 18:38:40.269  1414  1414 V SystemServerTiming: OnBootPhase_550_com.android.server.pm.DataLoaderManagerService took to complete: 0ms
11-11 18:38:40.269  1414  1414 D SystemServerTiming: OnBootPhase_550_com.android.server.power.PowerManagerService
11-11 18:38:40.269  1414  1414 V SystemServerTiming: OnBootPhase_550_com.android.server.power.PowerManagerService took to complete: 0ms
11-11 18:38:40.269  1414  1414 D SystemServerTiming: OnBootPhase_550_com.android.server.power.ThermalManagerService
11-11 18:38:40.270  1414  1414 E ThermalHalWrapper: Thermal HAL 2.0 service not connected.
11-11 18:38:40.271  1414  1414 E ThermalHalWrapper: Thermal HAL 1.1 service not connected.
11-11 18:38:40.271  1414  1414 E ThermalHalWrapper: Thermal HAL 1.0 service not connected.
11-11 18:38:40.271  1414  1414 W ThermalManagerService: No Thermal HAL service on this device
11-11 18:38:40.271  1414  1414 V SystemServerTiming: OnBootPhase_550_com.android.server.power.ThermalManagerService took to complete: 3ms
11-11 18:38:40.271  1414  1414 D SystemServerTiming: OnBootPhase_550_com.android.server.power.hint.HintManagerService
11-11 18:38:40.271  1414  1414 V SystemServerTiming: OnBootPhase_550_com.android.server.power.hint.HintManagerService took to complete: 0ms
11-11 18:38:40.271  1414  1414 D SystemServerTiming: OnBootPhase_550_com.android.server.recoverysystem.RecoverySystemService$Lifecycle
11-11 18:38:40.271  1414  1414 V SystemServerTiming: OnBootPhase_550_com.android.server.recoverysystem.RecoverySystemService$Lifecycle took to complete: 0ms
11-11 18:38:40.271  1414  1414 D SystemServerTiming: OnBootPhase_550_com.android.server.lights.LightsService
11-11 18:38:40.271  1414  1414 V SystemServerTiming: OnBootPhase_550_com.android.server.lights.LightsService took to complete: 0ms
11-11 18:38:40.271  1414  1414 D SystemServerTiming: OnBootPhase_550_com.android.server.display.DisplayManagerService
11-11 18:38:40.271  1414  1414 V SystemServerTiming: OnBootPhase_550_com.android.server.display.DisplayManagerService took to complete: 0ms
11-11 18:38:40.271  1414  1414 D SystemServerTiming: OnBootPhase_550_com.android.server.pm.verify.domain.DomainVerificationService
11-11 18:38:40.271  1414  1414 V SystemServerTiming: OnBootPhase_550_com.android.server.pm.verify.domain.DomainVerificationService took to complete: 0ms
11-11 18:38:40.271  1414  1414 D SystemServerTiming: OnBootPhase_550_com.android.server.pm.PackageInstallerService$Lifecycle
11-11 18:38:40.271  1414  1414 V SystemServerTiming: OnBootPhase_550_com.android.server.pm.PackageInstallerService$Lifecycle took to complete: 0ms
11-11 18:38:40.272  1414  1414 D SystemServerTiming: OnBootPhase_550_com.android.server.pm.UserManagerService$LifeCycle
11-11 18:38:40.272  1414  1414 V SystemServerTiming: OnBootPhase_550_com.android.server.pm.UserManagerService$LifeCycle took to complete: 0ms
11-11 18:38:40.272  1414  1414 D SystemServerTiming: OnBootPhase_550_com.android.server.om.OverlayManagerService
11-11 18:38:40.272  1414  1414 V SystemServerTiming: OnBootPhase_550_com.android.server.om.OverlayManagerService took to complete: 0ms
11-11 18:38:40.272  1414  1414 D SystemServerTiming: OnBootPhase_550_com.android.server.resources.ResourcesManagerService
11-11 18:38:40.272  1414  1414 V SystemServerTiming: OnBootPhase_550_com.android.server.resources.ResourcesManagerService took to complete: 0ms
11-11 18:38:40.272  1414  1414 D SystemServerTiming: OnBootPhase_550_com.android.server.sensorprivacy.SensorPrivacyService
11-11 18:38:40.273  1414  1414 V SystemServerTiming: OnBootPhase_550_com.android.server.sensorprivacy.SensorPrivacyService took to complete: 1ms
11-11 18:38:40.273  1414  1414 D SystemServerTiming: OnBootPhase_550_com.android.server.sensors.SensorService
11-11 18:38:40.273  1414  1414 V SystemServerTiming: OnBootPhase_550_com.android.server.sensors.SensorService took to complete: 0ms
11-11 18:38:40.273  1414  1414 D SystemServerTiming: OnBootPhase_550_com.android.server.SystemConfigService
11-11 18:38:40.273  1414  1414 V SystemServerTiming: OnBootPhase_550_com.android.server.SystemConfigService took to complete: 0ms
11-11 18:38:40.273  1414  1414 D SystemServerTiming: OnBootPhase_550_com.android.server.BatteryService
11-11 18:38:40.273  1414  1414 V SystemServerTiming: OnBootPhase_550_com.android.server.BatteryService took to complete: 1ms
11-11 18:38:40.273  1414  1414 D SystemServerTiming: OnBootPhase_550_com.android.server.usage.UsageStatsService
11-11 18:38:40.273  1414  1414 V SystemServerTiming: OnBootPhase_550_com.android.server.usage.UsageStatsService took to complete: 0ms
11-11 18:38:40.273  1414  1414 D SystemServerTiming: OnBootPhase_550_com.android.server.webkit.WebViewUpdateService
11-11 18:38:40.273  1414  1414 V SystemServerTiming: OnBootPhase_550_com.android.server.webkit.WebViewUpdateService took to complete: 0ms
11-11 18:38:40.273  1414  1414 D SystemServerTiming: OnBootPhase_550_com.android.server.CachedDeviceStateService
11-11 18:38:40.273  1414  1414 V SystemServerTiming: OnBootPhase_550_com.android.server.CachedDeviceStateService took to complete: 0ms
11-11 18:38:40.273  1414  1414 D SystemServerTiming: OnBootPhase_550_com.android.server.BinderCallsStatsService$LifeCycle
11-11 18:38:40.273  1414  1414 V SystemServerTiming: OnBootPhase_550_com.android.server.BinderCallsStatsService$LifeCycle took to complete: 0ms
11-11 18:38:40.273  1414  1414 D SystemServerTiming: OnBootPhase_550_com.android.server.LooperStatsService$Lifecycle
11-11 18:38:40.273  1414  1414 V SystemServerTiming: OnBootPhase_550_com.android.server.LooperStatsService$Lifecycle took to complete: 0ms
11-11 18:38:40.273  1414  1414 D SystemServerTiming: OnBootPhase_550_com.android.server.rollback.RollbackManagerService
11-11 18:38:40.273  1414  1414 V SystemServerTiming: OnBootPhase_550_com.android.server.rollback.RollbackManagerService took to complete: 0ms
11-11 18:38:40.273  1414  1414 D SystemServerTiming: OnBootPhase_550_com.android.server.os.NativeTombstoneManagerService
11-11 18:38:40.274  1414  1414 V SystemServerTiming: OnBootPhase_550_com.android.server.os.NativeTombstoneManagerService took to complete: 1ms
11-11 18:38:40.274  1414  1414 D SystemServerTiming: OnBootPhase_550_com.android.server.os.BugreportManagerService
11-11 18:38:40.274  1414  1414 V SystemServerTiming: OnBootPhase_550_com.android.server.os.BugreportManagerService took to complete: 0ms
11-11 18:38:40.274  1414  1414 D SystemServerTiming: OnBootPhase_550_com.android.server.gpu.GpuService
11-11 18:38:40.274  1414  1414 V SystemServerTiming: OnBootPhase_550_com.android.server.gpu.GpuService took to complete: 0ms
11-11 18:38:40.274  1414  1414 D SystemServerTiming: OnBootPhase_550_com.android.server.security.rkp.RemoteProvisioningService
11-11 18:38:40.274  1414  1414 V SystemServerTiming: OnBootPhase_550_com.android.server.security.rkp.RemoteProvisioningService took to complete: 0ms
11-11 18:38:40.274  1414  1414 D SystemServerTiming: OnBootPhase_550_com.android.server.cpu.CpuMonitorService
11-11 18:38:40.274  1414  1414 V SystemServerTiming: OnBootPhase_550_com.android.server.cpu.CpuMonitorService took to complete: 0ms
11-11 18:38:40.274  1414  1414 D SystemServerTiming: OnBootPhase_550_com.android.server.security.KeyChainSystemService
11-11 18:38:40.274  1414  1414 V SystemServerTiming: OnBootPhase_550_com.android.server.security.KeyChainSystemService took to complete: 0ms
11-11 18:38:40.274  1414  1414 D SystemServerTiming: OnBootPhase_550_com.android.server.BinaryTransparencyService
11-11 18:38:40.274  1414  1414 V SystemServerTiming: OnBootPhase_550_com.android.server.BinaryTransparencyService took to complete: 0ms
11-11 18:38:40.274  1414  1414 D SystemServerTiming: OnBootPhase_550_com.android.server.telecom.TelecomLoaderService
11-11 18:38:40.276  1414  1566 E NativeTombstoneManager: Tombstone's UID (1000) not an app, ignoring
11-11 18:38:40.279  1414  1414 W ActivityManager: Too early to start/bind service in system_server: Phase=550 ComponentInfo{com.android.server.telecom/com.android.server.telecom.components.TelecomService}
11-11 18:38:40.280  1414  1414 W ActivityManager: Too early to start/bind service in system_server: Phase=550 ComponentInfo{com.android.server.telecom/com.android.server.telecom.components.TelecomService}
11-11 18:38:40.280  1414  1414 D CompatibilityChangeReporter: Compat change id reported: 261072174; UID 1000; state: ENABLED
11-11 18:38:40.280  1414  1566 I BootReceiver: Copying /data/tombstones/tombstone_00 to DropBox (SYSTEM_TOMBSTONE)
11-11 18:38:40.281  1414  1566 I DropBoxManagerService: add tag=SYSTEM_TOMBSTONE isTagEnabled=true flags=0x6
11-11 18:38:40.281  1414  1414 V SystemServerTiming: OnBootPhase_550_com.android.server.telecom.TelecomLoaderService took to complete: 7ms
11-11 18:38:40.281  1414  1414 D SystemServerTiming: OnBootPhase_550_com.android.server.accounts.AccountManagerService$Lifecycle
11-11 18:38:40.281  1414  1414 V SystemServerTiming: OnBootPhase_550_com.android.server.accounts.AccountManagerService$Lifecycle took to complete: 0ms
11-11 18:38:40.281  1414  1414 D SystemServerTiming: OnBootPhase_550_com.android.server.content.ContentService$Lifecycle
11-11 18:38:40.284  1414  1414 I SyncManager: No initial accounts
11-11 18:38:40.288  1414  1414 V SystemServerTiming: OnBootPhase_550_com.android.server.content.ContentService$Lifecycle took to complete: 7ms
11-11 18:38:40.288  1414  1414 D SystemServerTiming: OnBootPhase_550_com.android.server.deviceconfig.DeviceConfigInit$Lifecycle
11-11 18:38:40.288  1414  1414 V SystemServerTiming: OnBootPhase_550_com.android.server.deviceconfig.DeviceConfigInit$Lifecycle took to complete: 0ms
11-11 18:38:40.288  1414  1414 D SystemServerTiming: OnBootPhase_550_com.android.server.DropBoxManagerService
11-11 18:38:40.288  1414  1414 V SystemServerTiming: OnBootPhase_550_com.android.server.DropBoxManagerService took to complete: 0ms
11-11 18:38:40.288  1414  1414 D SystemServerTiming: OnBootPhase_550_com.android.role.RoleService
11-11 18:38:40.288  1414  1414 V SystemServerTiming: OnBootPhase_550_com.android.role.RoleService took to complete: 0ms
11-11 18:38:40.288  1414  1414 D SystemServerTiming: OnBootPhase_550_com.android.server.vibrator.VibratorManagerService$Lifecycle
11-11 18:38:40.288  1414  1414 V SystemServerTiming: OnBootPhase_550_com.android.server.vibrator.VibratorManagerService$Lifecycle took to complete: 0ms
11-11 18:38:40.289  1414  1414 D SystemServerTiming: OnBootPhase_550_com.android.server.tare.InternalResourceService
11-11 18:38:40.289  1414  1414 V SystemServerTiming: OnBootPhase_550_com.android.server.tare.InternalResourceService took to complete: 0ms
11-11 18:38:40.289  1414  1414 D SystemServerTiming: OnBootPhase_550_com.android.server.alarm.AlarmManagerService
11-11 18:38:40.289  1414  1414 V SystemServerTiming: OnBootPhase_550_com.android.server.alarm.AlarmManagerService took to complete: 0ms
11-11 18:38:40.289  1414  1414 D SystemServerTiming: OnBootPhase_550_com.android.server.devicestate.DeviceStateManagerService
11-11 18:38:40.289  1414  1414 V SystemServerTiming: OnBootPhase_550_com.android.server.devicestate.DeviceStateManagerService took to complete: 0ms
11-11 18:38:40.289  1414  1414 D SystemServerTiming: OnBootPhase_550_com.android.server.camera.CameraServiceProxy
11-11 18:38:40.289  1414  1414 V SystemServerTiming: OnBootPhase_550_com.android.server.camera.CameraServiceProxy took to complete: 0ms
11-11 18:38:40.289  1414  1414 D SystemServerTiming: OnBootPhase_550_com.android.server.bluetooth.BluetoothService
11-11 18:38:40.289  1414  1414 V SystemServerTiming: OnBootPhase_550_com.android.server.bluetooth.BluetoothService took to complete: 0ms
11-11 18:38:40.289  1414  1414 D SystemServerTiming: OnBootPhase_550_com.android.server.connectivity.IpConnectivityMetrics
11-11 18:38:40.289  1414  1414 V SystemServerTiming: OnBootPhase_550_com.android.server.connectivity.IpConnectivityMetrics took to complete: 0ms
11-11 18:38:40.289  1414  1414 D SystemServerTiming: OnBootPhase_550_com.android.server.net.watchlist.NetworkWatchlistService$Lifecycle
11-11 18:38:40.291  1414  1414 V SystemServerTiming: OnBootPhase_550_com.android.server.net.watchlist.NetworkWatchlistService$Lifecycle took to complete: 2ms
11-11 18:38:40.291  1414  1414 D SystemServerTiming: OnBootPhase_550_com.android.server.PinnerService
11-11 18:38:40.291  1414  1414 V SystemServerTiming: OnBootPhase_550_com.android.server.PinnerService took to complete: 0ms
11-11 18:38:40.291  1414  1414 D SystemServerTiming: OnBootPhase_550_com.android.server.ActivityTriggerService
11-11 18:38:40.291  1414  1414 V SystemServerTiming: OnBootPhase_550_com.android.server.ActivityTriggerService took to complete: 0ms
11-11 18:38:40.291  1414  1414 D SystemServerTiming: OnBootPhase_550_com.android.server.integrity.AppIntegrityManagerService
11-11 18:38:40.291  1414  1414 V SystemServerTiming: OnBootPhase_550_com.android.server.integrity.AppIntegrityManagerService took to complete: 0ms
11-11 18:38:40.291  1414  1414 D SystemServerTiming: OnBootPhase_550_com.android.server.logcat.LogcatManagerService
11-11 18:38:40.291  1414  1414 V SystemServerTiming: OnBootPhase_550_com.android.server.logcat.LogcatManagerService took to complete: 0ms
11-11 18:38:40.291  1414  1414 D SystemServerTiming: OnBootPhase_550_com.android.server.inputmethod.InputMethodManagerService$Lifecycle
11-11 18:38:40.291  1414  1569 D SystemServerTimingAsync: InitThreadPoolExec:Lazily initialize IMMS#mImeDrawsImeNavBarRes
11-11 18:38:40.291  1414  1569 D SystemServerInitThreadPool: Started executing Lazily initialize IMMS#mImeDrawsImeNavBarRes
11-11 18:38:40.315  1414  1566 E NativeTombstoneManager: Tombstone's UID (1000) not an app, ignoring
11-11 18:38:40.317  1414  1566 I DropBoxManagerService: add tag=SYSTEM_TOMBSTONE_PROTO_WITH_HEADERS isTagEnabled=true flags=0x4
11-11 18:38:40.318  1414  1414 V SystemServerTiming: OnBootPhase_550_com.android.server.inputmethod.InputMethodManagerService$Lifecycle took to complete: 28ms
11-11 18:38:40.318  1414  1414 D SystemServerTiming: OnBootPhase_550_com.android.server.accessibility.AccessibilityManagerService$Lifecycle
11-11 18:38:40.318  1414  1414 V SystemServerTiming: OnBootPhase_550_com.android.server.accessibility.AccessibilityManagerService$Lifecycle took to complete: 0ms
11-11 18:38:40.318  1414  1414 D SystemServerTiming: OnBootPhase_550_com.android.server.StorageManagerService$Lifecycle
11-11 18:38:40.318  1414  1414 V SystemServerTiming: OnBootPhase_550_com.android.server.StorageManagerService$Lifecycle took to complete: 0ms
11-11 18:38:40.318  1414  1414 D SystemServerTiming: OnBootPhase_550_com.android.server.usage.StorageStatsService$Lifecycle
11-11 18:38:40.318  1414  1414 V SystemServerTiming: OnBootPhase_550_com.android.server.usage.StorageStatsService$Lifecycle took to complete: 0ms
11-11 18:38:40.318  1414  1414 D SystemServerTiming: OnBootPhase_550_com.android.server.UiModeManagerService
11-11 18:38:40.318  1414  1414 V SystemServerTiming: OnBootPhase_550_com.android.server.UiModeManagerService took to complete: 0ms
11-11 18:38:40.318  1414  1414 D SystemServerTiming: OnBootPhase_550_com.android.server.locales.LocaleManagerService
11-11 18:38:40.318  1414  1414 V SystemServerTiming: OnBootPhase_550_com.android.server.locales.LocaleManagerService took to complete: 0ms
11-11 18:38:40.318  1414  1414 D SystemServerTiming: OnBootPhase_550_com.android.server.grammaticalinflection.GrammaticalInflectionService
11-11 18:38:40.318  1414  1414 V SystemServerTiming: OnBootPhase_550_com.android.server.grammaticalinflection.GrammaticalInflectionService took to complete: 0ms
11-11 18:38:40.318  1414  1414 D SystemServerTiming: OnBootPhase_550_com.android.server.apphibernation.AppHibernationService
11-11 18:38:40.318  1414  1414 V SystemServerTiming: OnBootPhase_550_com.android.server.apphibernation.AppHibernationService took to complete: 0ms
11-11 18:38:40.318  1414  1414 D SystemServerTiming: OnBootPhase_550_com.android.server.locksettings.LockSettingsService$Lifecycle
11-11 18:38:40.320  1414  1414 I RebootEscrowManager: No reboot escrow data found for users, skipping loading escrow data
11-11 18:38:40.321  1414  1414 V SystemServerTiming: OnBootPhase_550_com.android.server.locksettings.LockSettingsService$Lifecycle took to complete: 2ms
11-11 18:38:40.321  1414  1414 D SystemServerTiming: OnBootPhase_550_com.android.server.PersistentDataBlockService
11-11 18:38:40.321  1414  1414 V SystemServerTiming: OnBootPhase_550_com.android.server.PersistentDataBlockService took to complete: 0ms
11-11 18:38:40.321  1414  1414 D SystemServerTiming: OnBootPhase_550_com.android.server.testharness.TestHarnessModeService
11-11 18:38:40.321  1414  1414 V SystemServerTiming: OnBootPhase_550_com.android.server.testharness.TestHarnessModeService took to complete: 0ms
11-11 18:38:40.321  1414  1414 D SystemServerTiming: OnBootPhase_550_com.android.server.oemlock.OemLockService
11-11 18:38:40.321  1414  1414 V SystemServerTiming: OnBootPhase_550_com.android.server.oemlock.OemLockService took to complete: 0ms
11-11 18:38:40.321  1414  1414 D SystemServerTiming: OnBootPhase_550_com.android.server.DeviceIdleController
11-11 18:38:40.321  1414  1414 V SystemServerTiming: OnBootPhase_550_com.android.server.DeviceIdleController took to complete: 0ms
11-11 18:38:40.321  1414  1414 D SystemServerTiming: OnBootPhase_550_com.android.server.devicepolicy.DevicePolicyManagerService$Lifecycle
11-11 18:38:40.321  1414  1414 V SystemServerTiming: OnBootPhase_550_com.android.server.devicepolicy.DevicePolicyManagerService$Lifecycle took to complete: 0ms
11-11 18:38:40.321  1414  1414 D SystemServerTiming: OnBootPhase_550_com.android.server.texttospeech.TextToSpeechManagerService
11-11 18:38:40.321  1414  1414 V SystemServerTiming: OnBootPhase_550_com.android.server.texttospeech.TextToSpeechManagerService took to complete: 0ms
11-11 18:38:40.321  1414  1414 D SystemServerTiming: OnBootPhase_550_com.android.server.ambientcontext.AmbientContextManagerService
11-11 18:38:40.321  1414  1414 V SystemServerTiming: OnBootPhase_550_com.android.server.ambientcontext.AmbientContextManagerService took to complete: 0ms
11-11 18:38:40.321  1414  1414 D SystemServerTiming: OnBootPhase_550_com.android.server.wearable.WearableSensingManagerService
11-11 18:38:40.321  1414  1414 V SystemServerTiming: OnBootPhase_550_com.android.server.wearable.WearableSensingManagerService took to complete: 0ms
11-11 18:38:40.321  1414  1414 D SystemServerTiming: OnBootPhase_550_com.android.server.speech.SpeechRecognitionManagerService
11-11 18:38:40.321  1414  1414 V SystemServerTiming: OnBootPhase_550_com.android.server.speech.SpeechRecognitionManagerService took to complete: 0ms
11-11 18:38:40.321  1414  1414 D SystemServerTiming: OnBootPhase_550_com.android.server.searchui.SearchUiManagerService
11-11 18:38:40.321  1414  1414 V SystemServerTiming: OnBootPhase_550_com.android.server.searchui.SearchUiManagerService took to complete: 0ms
11-11 18:38:40.321  1414  1414 D SystemServerTiming: OnBootPhase_550_com.android.server.smartspace.SmartspaceManagerService
11-11 18:38:40.321  1414  1414 V SystemServerTiming: OnBootPhase_550_com.android.server.smartspace.SmartspaceManagerService took to complete: 0ms
11-11 18:38:40.321  1414  1414 D SystemServerTiming: OnBootPhase_550_com.android.server.graphics.fonts.FontManagerService$Lifecycle
11-11 18:38:40.321  1414  1414 V SystemServerTiming: OnBootPhase_550_com.android.server.graphics.fonts.FontManagerService$Lifecycle took to complete: 0ms
11-11 18:38:40.321  1414  1414 D SystemServerTiming: OnBootPhase_550_com.android.server.textservices.TextServicesManagerService$Lifecycle
11-11 18:38:40.321  1414  1414 V SystemServerTiming: OnBootPhase_550_com.android.server.textservices.TextServicesManagerService$Lifecycle took to complete: 0ms
11-11 18:38:40.321  1414  1414 D SystemServerTiming: OnBootPhase_550_com.android.server.NetworkScoreService$Lifecycle
11-11 18:38:40.321  1414  1414 V SystemServerTiming: OnBootPhase_550_com.android.server.NetworkScoreService$Lifecycle took to complete: 0ms
11-11 18:38:40.321  1414  1414 D SystemServerTiming: OnBootPhase_550_com.android.server.NetworkStatsServiceInitializer
11-11 18:38:40.321  1414  1566 E NativeTombstoneManager: Tombstone's UID (1000) not an app, ignoring
