11-11 18:38:41.906  1414  1473 D SystemServerTimingAsync: ssm.onSwitchUser-10_com.android.server.wifi.rtt.RttService
11-11 18:38:41.906  1414  1473 V SystemServerTimingAsync: ssm.onSwitchUser-10_com.android.server.wifi.rtt.RttService took to complete: 0ms
11-11 18:38:41.906  1414  1473 D SystemServerTimingAsync: ssm.onSwitchUser-10_com.android.server.wifi.aware.WifiAwareService
11-11 18:38:41.906  1414  1473 V SystemServerTimingAsync: ssm.onSwitchUser-10_com.android.server.wifi.aware.WifiAwareService took to complete: 0ms
11-11 18:38:41.906  1414  1473 D SystemServerTimingAsync: ssm.onSwitchUser-10_com.android.server.wifi.p2p.WifiP2pService
11-11 18:38:41.906  1414  1473 V SystemServerTimingAsync: ssm.onSwitchUser-10_com.android.server.wifi.p2p.WifiP2pService took to complete: 0ms
11-11 18:38:41.906  1414  1473 D SystemServerTimingAsync: ssm.onSwitchUser-10_com.android.server.ConnectivityServiceInitializer
11-11 18:38:41.906  1414  1473 V SystemServerTimingAsync: ssm.onSwitchUser-10_com.android.server.ConnectivityServiceInitializer took to complete: 0ms
11-11 18:38:41.906  1414  1473 D SystemServerTimingAsync: ssm.onSwitchUser-10_com.android.server.notification.NotificationManagerService
11-11 18:38:41.906  1414  1473 V SystemServerTimingAsync: ssm.onSwitchUser-10_com.android.server.notification.NotificationManagerService took to complete: 0ms
11-11 18:38:41.906  1414  1473 D SystemServerTimingAsync: ssm.onSwitchUser-10_com.android.server.storage.DeviceStorageMonitorService
11-11 18:38:41.906  1414  1473 V SystemServerTimingAsync: ssm.onSwitchUser-10_com.android.server.storage.DeviceStorageMonitorService took to complete: 0ms
11-11 18:38:41.906  1414  1473 D SystemServerTimingAsync: ssm.onSwitchUser-10_com.android.server.timedetector.TimeDetectorService$Lifecycle
11-11 18:38:41.906  1414  1473 V SystemServerTimingAsync: ssm.onSwitchUser-10_com.android.server.timedetector.TimeDetectorService$Lifecycle took to complete: 0ms
11-11 18:38:41.906  1414  1473 D SystemServerTimingAsync: ssm.onSwitchUser-10_com.android.server.location.LocationManagerService$Lifecycle
11-11 18:38:41.907  1414  1586 W CameraService_proxy: Could not notify cameraserver, camera service not available.
11-11 18:38:41.907  1414  1586 I CameraService_proxy: Could not notify camera service of user switch, retrying...
11-11 18:38:41.907  1414  1473 V SystemServerTimingAsync: ssm.onSwitchUser-10_com.android.server.location.LocationManagerService$Lifecycle took to complete: 1ms
11-11 18:38:41.907  1414  1473 D SystemServerTimingAsync: ssm.onSwitchUser-10_com.android.server.timezonedetector.TimeZoneDetectorService$Lifecycle
11-11 18:38:41.907  1414  1473 V SystemServerTimingAsync: ssm.onSwitchUser-10_com.android.server.timezonedetector.TimeZoneDetectorService$Lifecycle took to complete: 0ms
11-11 18:38:41.907  1414  1473 D SystemServerTimingAsync: ssm.onSwitchUser-10_com.android.server.location.altitude.AltitudeService$Lifecycle
11-11 18:38:41.907  1414  1473 V SystemServerTimingAsync: ssm.onSwitchUser-10_com.android.server.location.altitude.AltitudeService$Lifecycle took to complete: 0ms
11-11 18:38:41.907  1414  1473 D SystemServerTimingAsync: ssm.onSwitchUser-10_com.android.server.timezonedetector.location.LocationTimeZoneManagerService$Lifecycle
11-11 18:38:41.907  1414  1473 V SystemServerTimingAsync: ssm.onSwitchUser-10_com.android.server.timezonedetector.location.LocationTimeZoneManagerService$Lifecycle took to complete: 0ms
11-11 18:38:41.907  1414  1473 D SystemServerTimingAsync: ssm.onSwitchUser-10_com.android.server.search.SearchManagerService$Lifecycle
11-11 18:38:41.907  1414  1473 V SystemServerTimingAsync: ssm.onSwitchUser-10_com.android.server.search.SearchManagerService$Lifecycle took to complete: 0ms
11-11 18:38:41.907  1414  1473 D SystemServerTimingAsync: ssm.onSwitchUser-10_com.android.server.wallpapereffectsgeneration.WallpaperEffectsGenerationManagerService
11-11 18:38:41.908  1414  1473 V SystemServerTimingAsync: ssm.onSwitchUser-10_com.android.server.wallpapereffectsgeneration.WallpaperEffectsGenerationManagerService took to complete: 0ms
11-11 18:38:41.908  1414  1473 D SystemServerTimingAsync: ssm.onSwitchUser-10_com.android.server.audio.AudioService$Lifecycle
11-11 18:38:41.908  1414  1473 V SystemServerTimingAsync: ssm.onSwitchUser-10_com.android.server.audio.AudioService$Lifecycle took to complete: 0ms
11-11 18:38:41.908  1414  1473 D SystemServerTimingAsync: ssm.onSwitchUser-10_com.android.server.soundtrigger_middleware.SoundTriggerMiddlewareService$Lifecycle
11-11 18:38:41.908  1414  1473 V SystemServerTimingAsync: ssm.onSwitchUser-10_com.android.server.soundtrigger_middleware.SoundTriggerMiddlewareService$Lifecycle took to complete: 0ms
11-11 18:38:41.908  1414  1473 D SystemServerTimingAsync: ssm.onSwitchUser-10_com.android.server.broadcastradio.BroadcastRadioService
11-11 18:38:41.908  1414  1473 V SystemServerTimingAsync: ssm.onSwitchUser-10_com.android.server.broadcastradio.BroadcastRadioService took to complete: 0ms
11-11 18:38:41.908  1414  1473 D SystemServerTimingAsync: ssm.onSwitchUser-10_com.android.server.DockObserver
11-11 18:38:41.908  1414  1473 V SystemServerTimingAsync: ssm.onSwitchUser-10_com.android.server.DockObserver took to complete: 0ms
11-11 18:38:41.908  1414  1473 D SystemServerTimingAsync: ssm.onSwitchUser-10_com.android.server.midi.MidiService$Lifecycle
11-11 18:38:41.908  1414  1473 V SystemServerTimingAsync: ssm.onSwitchUser-10_com.android.server.midi.MidiService$Lifecycle took to complete: 0ms
11-11 18:38:41.908  1414  1473 D SystemServerTimingAsync: ssm.onSwitchUser-10_com.android.server.adb.AdbService$Lifecycle
11-11 18:38:41.908  1414  1473 V SystemServerTimingAsync: ssm.onSwitchUser-10_com.android.server.adb.AdbService$Lifecycle took to complete: 0ms
11-11 18:38:41.908  1414  1473 D SystemServerTimingAsync: ssm.onSwitchUser-10_com.android.server.usb.UsbService$Lifecycle
11-11 18:38:41.908  1414  1473 V SystemServerTimingAsync: ssm.onSwitchUser-10_com.android.server.usb.UsbService$Lifecycle took to complete: 0ms
11-11 18:38:41.908  1414  1473 D SystemServerTimingAsync: ssm.onSwitchUser-10_com.android.server.twilight.TwilightService
11-11 18:38:41.908  1414  1473 V SystemServerTimingAsync: ssm.onSwitchUser-10_com.android.server.twilight.TwilightService took to complete: 0ms
11-11 18:38:41.908  1414  1473 D SystemServerTimingAsync: ssm.onSwitchUser-10_com.android.server.display.color.ColorDisplayService
11-11 18:38:41.908  1414  1473 V SystemServerTimingAsync: ssm.onSwitchUser-10_com.android.server.display.color.ColorDisplayService took to complete: 0ms
11-11 18:38:41.908  1414  1473 D SystemServerTimingAsync: ssm.onSwitchUser-10_com.android.server.job.JobSchedulerService
11-11 18:38:41.908  1414  1473 V SystemServerTimingAsync: ssm.onSwitchUser-10_com.android.server.job.JobSchedulerService took to complete: 0ms
11-11 18:38:41.908  1414  1473 D SystemServerTimingAsync: ssm.onSwitchUser-10_com.android.server.soundtrigger.SoundTriggerService
11-11 18:38:41.908  1414  1473 V SystemServerTimingAsync: ssm.onSwitchUser-10_com.android.server.soundtrigger.SoundTriggerService took to complete: 0ms
11-11 18:38:41.908  1414  1473 D SystemServerTimingAsync: ssm.onSwitchUser-10_com.android.server.trust.TrustManagerService
11-11 18:38:41.909  1414  1473 V SystemServerTimingAsync: ssm.onSwitchUser-10_com.android.server.trust.TrustManagerService took to complete: 0ms
11-11 18:38:41.909  1414  1473 D SystemServerTimingAsync: ssm.onSwitchUser-10_com.android.server.appwidget.AppWidgetService
11-11 18:38:41.909  1414  1473 V SystemServerTimingAsync: ssm.onSwitchUser-10_com.android.server.appwidget.AppWidgetService took to complete: 0ms
11-11 18:38:41.909  1414  1473 D SystemServerTimingAsync: ssm.onSwitchUser-10_com.android.server.voiceinteraction.VoiceInteractionManagerService
11-11 18:38:41.909  1414  1473 V SystemServerTimingAsync: ssm.onSwitchUser-10_com.android.server.voiceinteraction.VoiceInteractionManagerService took to complete: 1ms
11-11 18:38:41.909  1414  1473 D SystemServerTimingAsync: ssm.onSwitchUser-10_com.android.server.GestureLauncherService
11-11 18:38:41.909  1414  1473 V SystemServerTimingAsync: ssm.onSwitchUser-10_com.android.server.GestureLauncherService took to complete: 0ms
11-11 18:38:41.909  1414  1473 D SystemServerTimingAsync: ssm.onSwitchUser-10_com.android.server.SensorNotificationService
11-11 18:38:41.909  1414  1473 V SystemServerTimingAsync: ssm.onSwitchUser-10_com.android.server.SensorNotificationService took to complete: 0ms
11-11 18:38:41.909  1414  1473 D SystemServerTimingAsync: ssm.onSwitchUser-10_com.android.server.emergency.EmergencyAffordanceService
11-11 18:38:41.909  1414  1473 V SystemServerTimingAsync: ssm.onSwitchUser-10_com.android.server.emergency.EmergencyAffordanceService took to complete: 0ms
11-11 18:38:41.909  1414  1473 D SystemServerTimingAsync: ssm.onSwitchUser-10_com.android.server.blob.BlobStoreManagerService
11-11 18:38:41.909  1414  1473 V SystemServerTimingAsync: ssm.onSwitchUser-10_com.android.server.blob.BlobStoreManagerService took to complete: 0ms
11-11 18:38:41.909  1414  1473 D SystemServerTimingAsync: ssm.onSwitchUser-10_com.android.server.dreams.DreamManagerService
11-11 18:38:41.909  1414  1473 V SystemServerTimingAsync: ssm.onSwitchUser-10_com.android.server.dreams.DreamManagerService took to complete: 0ms
11-11 18:38:41.909  1414  1473 D SystemServerTimingAsync: ssm.onSwitchUser-10_com.android.server.security.AttestationVerificationManagerService
11-11 18:38:41.909  1414  1473 V SystemServerTimingAsync: ssm.onSwitchUser-10_com.android.server.security.AttestationVerificationManagerService took to complete: 0ms
11-11 18:38:41.909  1414  1473 D SystemServerTimingAsync: ssm.onSwitchUser-10_com.android.server.companion.CompanionDeviceManagerService
11-11 18:38:41.909  1414  1473 V SystemServerTimingAsync: ssm.onSwitchUser-10_com.android.server.companion.CompanionDeviceManagerService took to complete: 0ms
11-11 18:38:41.909  1414  1473 D SystemServerTimingAsync: ssm.onSwitchUser-10_com.android.server.companion.virtual.VirtualDeviceManagerService
11-11 18:38:41.909  1414  1473 V SystemServerTimingAsync: ssm.onSwitchUser-10_com.android.server.companion.virtual.VirtualDeviceManagerService took to complete: 0ms
11-11 18:38:41.909  1414  1473 D SystemServerTimingAsync: ssm.onSwitchUser-10_com.android.server.restrictions.RestrictionsManagerService
11-11 18:38:41.909  1414  1473 V SystemServerTimingAsync: ssm.onSwitchUser-10_com.android.server.restrictions.RestrictionsManagerService took to complete: 0ms
11-11 18:38:41.909  1414  1473 D SystemServerTimingAsync: ssm.onSwitchUser-10_com.android.server.media.MediaSessionService
11-11 18:38:41.910  1414  1473 V SystemServerTimingAsync: ssm.onSwitchUser-10_com.android.server.media.MediaSessionService took to complete: 0ms
11-11 18:38:41.910  1414  1473 D SystemServerTimingAsync: ssm.onSwitchUser-10_com.android.server.biometrics.BiometricService
11-11 18:38:41.910  1414  1473 V SystemServerTimingAsync: ssm.onSwitchUser-10_com.android.server.biometrics.BiometricService took to complete: 0ms
11-11 18:38:41.910  1414  1473 D SystemServerTimingAsync: ssm.onSwitchUser-10_com.android.server.biometrics.AuthService
11-11 18:38:41.910  1414  1473 V SystemServerTimingAsync: ssm.onSwitchUser-10_com.android.server.biometrics.AuthService took to complete: 0ms
11-11 18:38:41.910  1414  1473 D SystemServerTimingAsync: ssm.onSwitchUser-10_com.android.server.pm.ShortcutService$Lifecycle
11-11 18:38:41.910  1414  1473 V SystemServerTimingAsync: ssm.onSwitchUser-10_com.android.server.pm.ShortcutService$Lifecycle took to complete: 0ms
11-11 18:38:41.910  1414  1473 D SystemServerTimingAsync: ssm.onSwitchUser-10_com.android.server.pm.LauncherAppsService
11-11 18:38:41.910  1414  1473 V SystemServerTimingAsync: ssm.onSwitchUser-10_com.android.server.pm.LauncherAppsService took to complete: 0ms
11-11 18:38:41.910  1414  1473 D SystemServerTimingAsync: ssm.onSwitchUser-10_com.android.server.pm.CrossProfileAppsService
11-11 18:38:41.910  1414  1473 V SystemServerTimingAsync: ssm.onSwitchUser-10_com.android.server.pm.CrossProfileAppsService took to complete: 0ms
11-11 18:38:41.910  1414  1473 D SystemServerTimingAsync: ssm.onSwitchUser-10_com.android.server.people.PeopleService
11-11 18:38:41.910  1414  1473 V SystemServerTimingAsync: ssm.onSwitchUser-10_com.android.server.people.PeopleService took to complete: 0ms
11-11 18:38:41.910  1414  1473 D SystemServerTimingAsync: ssm.onSwitchUser-10_com.android.server.media.metrics.MediaMetricsManagerService
11-11 18:38:41.910  1414  1473 V SystemServerTimingAsync: ssm.onSwitchUser-10_com.android.server.media.metrics.MediaMetricsManagerService took to complete: 0ms
11-11 18:38:41.910  1414  1473 D SystemServerTimingAsync: ssm.onSwitchUser-10_com.android.server.pm.BackgroundInstallControlService
11-11 18:38:41.910  1414  1473 V SystemServerTimingAsync: ssm.onSwitchUser-10_com.android.server.pm.BackgroundInstallControlService took to complete: 0ms
11-11 18:38:41.910  1414  1473 D SystemServerTimingAsync: ssm.onSwitchUser-10_com.android.server.media.projection.MediaProjectionManagerService
11-11 18:38:41.911  1414  1473 V SystemServerTimingAsync: ssm.onSwitchUser-10_com.android.server.media.projection.MediaProjectionManagerService took to complete: 0ms
11-11 18:38:41.911  1414  1473 D SystemServerTimingAsync: ssm.onSwitchUser-10_com.android.server.slice.SliceManagerService$Lifecycle
11-11 18:38:41.911  1414  1473 V SystemServerTimingAsync: ssm.onSwitchUser-10_com.android.server.slice.SliceManagerService$Lifecycle took to complete: 0ms
11-11 18:38:41.911  1414  1473 D SystemServerTimingAsync: ssm.onSwitchUser-10_com.android.server.stats.StatsCompanion$Lifecycle
11-11 18:38:41.911  1414  1473 V SystemServerTimingAsync: ssm.onSwitchUser-10_com.android.server.stats.StatsCompanion$Lifecycle took to complete: 0ms
11-11 18:38:41.911  1414  1473 D SystemServerTimingAsync: ssm.onSwitchUser-10_com.android.server.scheduling.RebootReadinessManagerService$Lifecycle
11-11 18:38:41.911  1414  1473 V SystemServerTimingAsync: ssm.onSwitchUser-10_com.android.server.scheduling.RebootReadinessManagerService$Lifecycle took to complete: 0ms
11-11 18:38:41.911  1414  1473 D SystemServerTimingAsync: ssm.onSwitchUser-10_com.android.server.stats.pull.StatsPullAtomService
11-11 18:38:41.911  1414  1473 V SystemServerTimingAsync: ssm.onSwitchUser-10_com.android.server.stats.pull.StatsPullAtomService took to complete: 0ms
11-11 18:38:41.911  1414  1473 D SystemServerTimingAsync: ssm.onSwitchUser-10_com.android.server.stats.bootstrap.StatsBootstrapAtomService$Lifecycle
11-11 18:38:41.911  1414  1473 V SystemServerTimingAsync: ssm.onSwitchUser-10_com.android.server.stats.bootstrap.StatsBootstrapAtomService$Lifecycle took to complete: 0ms
11-11 18:38:41.911  1414  1473 D SystemServerTimingAsync: ssm.onSwitchUser-10_com.android.server.incident.IncidentCompanionService
11-11 18:38:41.911  1414  1473 V SystemServerTimingAsync: ssm.onSwitchUser-10_com.android.server.incident.IncidentCompanionService took to complete: 0ms
11-11 18:38:41.911  1414  1473 D SystemServerTimingAsync: ssm.onSwitchUser-10_com.android.server.sdksandbox.SdkSandboxManagerService$Lifecycle
11-11 18:38:41.911  1414  1473 V SystemServerTimingAsync: ssm.onSwitchUser-10_com.android.server.sdksandbox.SdkSandboxManagerService$Lifecycle took to complete: 0ms
11-11 18:38:41.911  1414  1473 D SystemServerTimingAsync: ssm.onSwitchUser-10_com.android.server.adservices.AdServicesManagerService$Lifecycle
11-11 18:38:41.911  1414  1473 V SystemServerTimingAsync: ssm.onSwitchUser-10_com.android.server.adservices.AdServicesManagerService$Lifecycle took to complete: 0ms
11-11 18:38:41.911  1414  1473 D SystemServerTimingAsync: ssm.onSwitchUser-10_com.android.server.ondevicepersonalization.OnDevicePersonalizationSystemService$Lifecycle
11-11 18:38:41.911  1414  1473 V SystemServerTimingAsync: ssm.onSwitchUser-10_com.android.server.ondevicepersonalization.OnDevicePersonalizationSystemService$Lifecycle took to complete: 0ms
11-11 18:38:41.912  1414  1473 D SystemServerTimingAsync: ssm.onSwitchUser-10_com.android.server.MmsServiceBroker
11-11 18:38:41.912  1414  1473 V SystemServerTimingAsync: ssm.onSwitchUser-10_com.android.server.MmsServiceBroker took to complete: 0ms
11-11 18:38:41.912  1414  1473 D SystemServerTimingAsync: ssm.onSwitchUser-10_com.android.server.selectiontoolbar.SelectionToolbarManagerService
11-11 18:38:41.912  1414  1473 V SystemServerTimingAsync: ssm.onSwitchUser-10_com.android.server.selectiontoolbar.SelectionToolbarManagerService took to complete: 0ms
11-11 18:38:41.912  1414  1473 D SystemServerTimingAsync: ssm.onSwitchUser-10_com.android.server.clipboard.ClipboardService
11-11 18:38:41.912  1414  1473 V SystemServerTimingAsync: ssm.onSwitchUser-10_com.android.server.clipboard.ClipboardService took to complete: 0ms
11-11 18:38:41.912  1414  1473 D SystemServerTimingAsync: ssm.onSwitchUser-10_com.android.server.appbinding.AppBindingService$Lifecycle
11-11 18:38:41.912  1414  1473 V SystemServerTimingAsync: ssm.onSwitchUser-10_com.android.server.appbinding.AppBindingService$Lifecycle took to complete: 0ms
11-11 18:38:41.912  1414  1473 D SystemServerTimingAsync: ssm.onSwitchUser-10_com.android.server.tracing.TracingServiceProxy
11-11 18:38:41.912  1414  1473 V SystemServerTimingAsync: ssm.onSwitchUser-10_com.android.server.tracing.TracingServiceProxy took to complete: 0ms
11-11 18:38:41.912  1414  1473 D SystemServerTimingAsync: ssm.onSwitchUser-10_com.android.server.policy.PermissionPolicyService
11-11 18:38:41.912  1414  1473 V SystemServerTimingAsync: ssm.onSwitchUser-10_com.android.server.policy.PermissionPolicyService took to complete: 0ms
11-11 18:38:41.912  1414  1473 D SystemServerTimingAsync: ssm.onSwitchUser-10_com.android.server.pm.StagingManager$Lifecycle
11-11 18:38:41.912  1414  1473 V SystemServerTimingAsync: ssm.onSwitchUser-10_com.android.server.pm.StagingManager$Lifecycle took to complete: 0ms
11-11 18:38:41.912  1414  1473 D SystemServerTimingAsync: ssm.onSwitchUser-10_com.android.server.app.GameManagerService$Lifecycle
11-11 18:38:41.912  1414  1473 V SystemServerTimingAsync: ssm.onSwitchUser-10_com.android.server.app.GameManagerService$Lifecycle took to complete: 1ms
11-11 18:38:41.912  1414  1473 D SystemServerTimingAsync: ssm.onSwitchUser-10_com.android.safetycenter.SafetyCenterService
11-11 18:38:41.912  1414  1473 V SystemServerTimingAsync: ssm.onSwitchUser-10_com.android.safetycenter.SafetyCenterService took to complete: 0ms
11-11 18:38:41.912  1414  1473 D SystemServerTimingAsync: ssm.onSwitchUser-10_com.android.server.appsearch.AppSearchModule$Lifecycle
11-11 18:38:41.912  1414  1473 V SystemServerTimingAsync: ssm.onSwitchUser-10_com.android.server.appsearch.AppSearchModule$Lifecycle took to complete: 0ms
11-11 18:38:41.912  1414  1473 D SystemServerTimingAsync: ssm.onSwitchUser-10_com.android.server.media.MediaCommunicationService
11-11 18:38:41.912  1414  1473 V SystemServerTimingAsync: ssm.onSwitchUser-10_com.android.server.media.MediaCommunicationService took to complete: 0ms
11-11 18:38:41.912  1414  1473 D SystemServerTimingAsync: ssm.onSwitchUser-10_com.android.server.compat.overrides.AppCompatOverridesService$Lifecycle
11-11 18:38:41.912  1414  1473 V SystemServerTimingAsync: ssm.onSwitchUser-10_com.android.server.compat.overrides.AppCompatOverridesService$Lifecycle took to complete: 0ms
11-11 18:38:41.913  1414  1473 D SystemServerTimingAsync: ssm.onSwitchUser-10_com.android.server.healthconnect.HealthConnectManagerService
11-11 18:38:41.915  1414  1474 W ActivityManager: Slow operation: 143ms so far, now at startProcess: returned from zygote!
11-11 18:38:41.915  1414  1673 W ActivityThread: Failed to find provider info for com.android.calendar (user not unlocked)
11-11 18:38:41.915  1414  1474 W ActivityManager: Slow operation: 144ms so far, now at startProcess: done updating battery stats
11-11 18:38:41.915  1414  1474 W ActivityManager: Slow operation: 144ms so far, now at startProcess: building log message
11-11 18:38:41.915  1414  1474 I ActivityManager: Start proc 2098:com.qualcomm.qtil.aptxals/u0a112 for added application com.qualcomm.qtil.aptxals
11-11 18:38:41.915  1414  1474 W ActivityManager: Slow operation: 144ms so far, now at startProcess: starting to update pids map
11-11 18:38:41.916  1414  1474 W ActivityManager: Slow operation: 145ms so far, now at startProcess: done updating pids map
11-11 18:38:41.916  1414  1474 W ActivityManager: Slow operation: 142ms so far, now at startProcess: asking zygote to start proc
11-11 18:38:41.916  1414  1473 V SystemServerTimingAsync: ssm.onSwitchUser-10_com.android.server.healthconnect.HealthConnectManagerService took to complete: 3ms
11-11 18:38:41.916  1414  1473 D SystemServerTimingAsync: ssm.onSwitchUser-10_com.android.server.devicelock.DeviceLockService
11-11 18:38:41.916  1414  1473 D DeviceLockService: onUserSwitching
11-11 18:38:41.918  1414  1586 W CameraService_proxy: Could not notify cameraserver, camera service not available.
11-11 18:38:41.918  1414  1586 I CameraService_proxy: Could not notify camera service of user switch, retrying...
11-11 18:38:41.919  1414  1414 D ConditionProviders.SCP: evaluateSubscriptionLocked cal=ScheduleCalendar[mDays={1, 2, 3, 4, 5, 6, 7}, mSchedule=ScheduleInfo{days=[1, 2, 3, 4, 5, 6, 7], startHour=22, startMinute=0, endHour=7, endMinute=0, exitAtAlarm=true, nextAlarm=Thu Jan 01 05:30:00 GMT+05:30 1970 (0)}], now=Tue Nov 11 18:38:41 GMT+05:30 2025 (1762866521905), nextUserAlarmTime=Thu Jan 01 05:30:00 GMT+05:30 1970 (0)
11-11 18:38:41.919  1414  1673 W ActivityThread: Failed to find provider info for com.android.calendar (user not unlocked)
11-11 18:38:41.919  1414  1414 D ConditionProviders.SCP: notifyCondition condition://android/schedule?days=1.2.3.4.5.6.7&start=22.0&end=7.0&exitAtAlarm=true STATE_FALSE reason=!meetsSchedule
11-11 18:38:41.921  1414  1414 D ConditionProviders.SCP: Scheduling evaluate for Tue Nov 11 22:00:00 GMT+05:30 2025 (1762878600000), in +3h21m18s95ms, now=Tue Nov 11 18:38:41 GMT+05:30 2025 (1762866521905)
11-11 18:38:41.921  1414  1414 D CompatibilityChangeReporter: Compat change id reported: 171306433; UID 1000; state: ENABLED
11-11 18:38:41.921  1414  1414 D CompatibilityChangeReporter: Compat change id reported: 218533173; UID 1000; state: ENABLED
11-11 18:38:41.926  1414  1626 W BroadcastLoopers: Found previously unknown looper Thread[android.imms,5,main]
11-11 18:38:41.927  1414  1586 W CameraService_proxy: Could not notify cameraserver, camera service not available.
11-11 18:38:41.927  1414  1586 I CameraService_proxy: Could not notify camera service of user switch, retrying...
11-11 18:38:41.929  1414  1474 W ActivityManager: Slow operation: 155ms so far, now at startProcess: returned from zygote!
11-11 18:38:41.930  1414  1474 W ActivityManager: Slow operation: 155ms so far, now at startProcess: done updating battery stats
11-11 18:38:41.930  1414  1474 W ActivityManager: Slow operation: 156ms so far, now at startProcess: building log message
11-11 18:38:41.930  1414  1474 I ActivityManager: Start proc 2106:vendor.qti.qesdk.sysservice/1000 for added application vendor.qti.qesdk.sysservice
11-11 18:38:41.930  1414  1474 W ActivityManager: Slow operation: 156ms so far, now at startProcess: starting to update pids map
11-11 18:38:41.930  1414  1474 W ActivityManager: Slow operation: 156ms so far, now at startProcess: done updating pids map
11-11 18:38:41.930  1414  1474 W ActivityManager: Slow operation: 154ms so far, now at startProcess: asking zygote to start proc
11-11 18:38:41.931  1414  1474 D CompatibilityChangeReporter: Compat change id reported: 143937733; UID 10117; state: ENABLED
11-11 18:38:41.932  1414  1473 V SystemServerTimingAsync: ssm.onSwitchUser-10_com.android.server.devicelock.DeviceLockService took to complete: 16ms
11-11 18:38:41.933  1414  1473 D SystemServerTimingAsync: ssm.onSwitchUser-10_com.android.internal.car.CarServiceHelperService
11-11 18:38:41.933  1414  1473 D CarServiceHelper: onUserSwitching(0>>10)
11-11 18:38:41.934  1414  1473 V SystemServerTimingAsync: ssm.onSwitchUser-10_com.android.internal.car.CarServiceHelperService took to complete: 1ms
11-11 18:38:41.934  1414  1473 V SystemServerTimingAsync: ssm.SwitchUser-10 took to complete: 65ms
11-11 18:38:41.934  1414  1473 D SystemServerTiming: dispatchUserSwitch-0-to-10
11-11 18:38:41.934  1414  1473 D SystemServerTiming: onBeforeUserSwitching-#0 PowerManagerService
11-11 18:38:41.934  1414  1473 V SystemServerTiming: onBeforeUserSwitching-#0 PowerManagerService took to complete: 0ms
11-11 18:38:41.934  1414  1473 D SystemServerTiming: onBeforeUserSwitching-#1 com.android.server.biometrics.BiometricService
11-11 18:38:41.934  1414  1473 V SystemServerTiming: onBeforeUserSwitching-#1 com.android.server.biometrics.BiometricService took to complete: 0ms
11-11 18:38:41.934  1414  1473 D SystemServerTiming: onBeforeUserSwitching-#2 AttentionDetector
11-11 18:38:41.934  1414  1473 V SystemServerTiming: onBeforeUserSwitching-#2 AttentionDetector took to complete: 0ms
11-11 18:38:41.934  1414  1473 D SystemServerTiming: onBeforeUserSwitching-#3 JobScheduler.Concurrency
11-11 18:38:41.934  1414  1473 V SystemServerTiming: onBeforeUserSwitching-#3 JobScheduler.Concurrency took to complete: 0ms
11-11 18:38:41.934  1414  1473 D SystemServerTiming: onBeforeUserSwitching-#4 MediaRouterService
11-11 18:38:41.934  1414  1473 V SystemServerTiming: onBeforeUserSwitching-#4 MediaRouterService took to complete: 0ms
11-11 18:38:41.934  1414  1473 D SystemServerTiming: onUserSwitching-#0 PowerManagerService
11-11 18:38:41.935  1414  1473 D ActivityManager: onUserSwitchingReply-#0 PowerManagerService
11-11 18:38:41.935  1414  1473 V ActivityManager: onUserSwitchingReply-#0 PowerManagerService took to complete: 0ms
11-11 18:38:41.935  1414  1473 V SystemServerTiming: onUserSwitching-#0 PowerManagerService took to complete: 0ms
11-11 18:38:41.935  1414  1473 D SystemServerTiming: onUserSwitching-#1 com.android.server.biometrics.BiometricService
11-11 18:38:41.935  1414  1473 D ActivityManager: onUserSwitchingReply-#1 com.android.server.biometrics.BiometricService
11-11 18:38:41.935  1414  1473 V ActivityManager: onUserSwitchingReply-#1 com.android.server.biometrics.BiometricService took to complete: 0ms
11-11 18:38:41.935  1414  1473 V SystemServerTiming: onUserSwitching-#1 com.android.server.biometrics.BiometricService took to complete: 0ms
11-11 18:38:41.935  1414  1473 D SystemServerTiming: onUserSwitching-#2 AttentionDetector
11-11 18:38:41.935  1414  1473 D ActivityManager: onUserSwitchingReply-#2 AttentionDetector
11-11 18:38:41.935  1414  1473 V ActivityManager: onUserSwitchingReply-#2 AttentionDetector took to complete: 0ms
11-11 18:38:41.935  1414  1473 V SystemServerTiming: onUserSwitching-#2 AttentionDetector took to complete: 1ms
11-11 18:38:41.935  1414  1473 D SystemServerTiming: onUserSwitching-#3 JobScheduler.Concurrency
11-11 18:38:41.935  1414  1473 D ActivityManager: onUserSwitchingReply-#3 JobScheduler.Concurrency
11-11 18:38:41.935  1414  1473 V ActivityManager: onUserSwitchingReply-#3 JobScheduler.Concurrency took to complete: 0ms
11-11 18:38:41.935  1414  1473 V SystemServerTiming: onUserSwitching-#3 JobScheduler.Concurrency took to complete: 0ms
11-11 18:38:41.935  1414  1473 D SystemServerTiming: onUserSwitching-#4 MediaRouterService
11-11 18:38:41.935  1414  1473 D ActivityManager: onUserSwitchingReply-#4 MediaRouterService
11-11 18:38:41.935  1414  1473 D ActivityManager: sendContinueUserSwitchLU-0-to-10
11-11 18:38:41.935  1414  1473 V ActivityManager: sendContinueUserSwitchLU-0-to-10 took to complete: 0ms
11-11 18:38:41.935  1414  1473 V ActivityManager: onUserSwitchingReply-#4 MediaRouterService took to complete: 0ms
11-11 18:38:41.935  1414  1473 V SystemServerTiming: onUserSwitching-#4 MediaRouterService took to complete: 0ms
11-11 18:38:41.935  1414  1473 V SystemServerTiming: dispatchUserSwitch-0-to-10 took to complete: 1ms
11-11 18:38:41.936  1821  2051 D ICarImpl: onUserLifecycleEvent(SWITCHING, 10)
11-11 18:38:41.936  1821  2051 W CarUserService: No User switch UI receiver.
11-11 18:38:41.938  1821  2051 V CarUserService: onUserSwitching-10 took to complete: 2ms
11-11 18:38:41.939  1414  1473 D SystemServerTiming: continueUserSwitch-0-to-10
11-11 18:38:41.939  1414  1473 V SystemServerTiming: continueUserSwitch-0-to-10 took to complete: 0ms
11-11 18:38:41.940  1414  1586 W CameraService_proxy: Could not notify cameraserver, camera service not available.
11-11 18:38:41.940  1414  1586 I CameraService_proxy: Could not notify camera service of user switch, retrying...
11-11 18:38:41.940  1414  1474 W ActivityManager: Slow operation: 164ms so far, now at startProcess: returned from zygote!
11-11 18:38:41.941  1414  1474 W ActivityManager: Slow operation: 164ms so far, now at startProcess: done updating battery stats
11-11 18:38:41.941  1414  1474 W ActivityManager: Slow operation: 164ms so far, now at startProcess: building log message
11-11 18:38:41.941  1414  1474 I ActivityManager: Start proc 2108:org.codeaurora.ims/u0a117 for added application org.codeaurora.ims
11-11 18:38:41.941  1414  1474 W ActivityManager: Slow operation: 164ms so far, now at startProcess: starting to update pids map
11-11 18:38:41.941  1821  1949 E CarPropertyService: unregisterListenerSafe() failed for property ID: SEAT_OCCUPANCY
11-11 18:38:41.941  1821  1949 E CarPropertyService: java.lang.IllegalArgumentException: property ID is not in carPropertyConfig list, and so it is not supported: SEAT_OCCUPANCY
11-11 18:38:41.941  1821  1949 E CarPropertyService: 	at com.android.internal.util.Preconditions.checkArgument(Preconditions.java:77)
11-11 18:38:41.941  1821  1949 E CarPropertyService: 	at com.android.car.CarPropertyService.assertConfigIsNotNull(CarPropertyService.java:939)
11-11 18:38:41.941  1821  1949 E CarPropertyService: 	at com.android.car.CarPropertyService.validateRegisterParameter(CarPropertyService.java:982)
11-11 18:38:41.941  1821  1949 E CarPropertyService: 	at com.android.car.CarPropertyService.unregisterListener(CarPropertyService.java:446)
11-11 18:38:41.941  1821  1949 E CarPropertyService: 	at com.android.car.CarPropertyService.unregisterListenerSafe(CarPropertyService.java:463)
11-11 18:38:41.941  1821  1949 E CarPropertyService: 	at com.android.car.bluetooth.BluetoothDeviceConnectionPolicy$CarServicesHelper.release(BluetoothDeviceConnectionPolicy.java:131)
11-11 18:38:41.941  1821  1949 E CarPropertyService: 	at com.android.car.bluetooth.BluetoothDeviceConnectionPolicy.release(BluetoothDeviceConnectionPolicy.java:327)
11-11 18:38:41.941  1821  1949 E CarPropertyService: 	at com.android.car.bluetooth.CarBluetoothService.destroyBluetoothDeviceConnectionPolicyLocked(CarBluetoothService.java:424)
11-11 18:38:41.941  1821  1949 E CarPropertyService: 	at com.android.car.bluetooth.CarBluetoothService.destroyUserLocked(CarBluetoothService.java:225)
11-11 18:38:41.941  1821  1949 E CarPropertyService: 	at com.android.car.bluetooth.CarBluetoothService.-$$Nest$mdestroyUserLocked(Unknown Source:0)
11-11 18:38:41.941  1821  1949 E CarPropertyService: 	at com.android.car.bluetooth.CarBluetoothService$1.onPreUnbind(CarBluetoothService.java:124)
11-11 18:38:41.941  1821  1949 E CarPropertyService: 	at com.android.car.CarPerUserServiceHelper.lambda$new$0(CarPerUserServiceHelper.java:115)
11-11 18:38:41.941  1821  1949 E CarPropertyService: 	at com.android.car.CarPerUserServiceHelper.$r8$lambda$pspyxpqe-vwz7I6CC1HFJjLRX1A(Unknown Source:0)
11-11 18:38:41.941  1821  1949 E CarPropertyService: 	at com.android.car.CarPerUserServiceHelper$$ExternalSyntheticLambda0.onEvent(Unknown Source:2)
11-11 18:38:41.941  1821  1949 E CarPropertyService: 	at com.android.car.user.CarUserService.handleNotifyServiceUserLifecycleListeners(CarUserService.java:2758)
11-11 18:38:41.941  1821  1949 E CarPropertyService: 	at com.android.car.user.CarUserService.lambda$onUserLifecycleEvent$26(CarUserService.java:2450)
11-11 18:38:41.941  1821  1949 E CarPropertyService: 	at com.android.car.user.CarUserService.$r8$lambda$QZ49F-ohsRWTF8LFZMaqsSp36Bs(Unknown Source:0)
11-11 18:38:41.941  1821  1949 E CarPropertyService: 	at com.android.car.user.CarUserService$$ExternalSyntheticLambda26.run(Unknown Source:6)
11-11 18:38:41.941  1821  1949 E CarPropertyService: 	at android.os.Handler.handleCallback(Handler.java:958)
11-11 18:38:41.941  1821  1949 E CarPropertyService: 	at android.os.Handler.dispatchMessage(Handler.java:99)
11-11 18:38:41.941  1821  1949 E CarPropertyService: 	at android.os.Looper.loopOnce(Looper.java:205)
11-11 18:38:41.941  1821  1949 E CarPropertyService: 	at android.os.Looper.loop(Looper.java:294)
11-11 18:38:41.941  1821  1949 E CarPropertyService: 	at android.os.HandlerThread.run(HandlerThread.java:67)
11-11 18:38:41.941  1414  1473 D SystemServerTiming: dispatchUserSwitchComplete-10
11-11 18:38:41.941  1414  1474 W ActivityManager: Slow operation: 165ms so far, now at startProcess: done updating pids map
11-11 18:38:41.941  1414  1474 W ActivityManager: Slow operation: 162ms so far, now at startProcess: asking zygote to start proc
11-11 18:38:41.955     0     0 I binder  : 2089:2089 ioctl 40046210 7fea663b10 returned -22
11-11 18:38:41.947  1821  1821 I CarPerUserServiceImpl: destroyed for user UserHandle{0}
11-11 18:38:41.949  1414  1586 W CameraService_proxy: Could not notify cameraserver, camera service not available.
11-11 18:38:41.949  1414  1586 I CameraService_proxy: Could not notify camera service of user switch, retrying...
11-11 18:38:41.967     0     0 I binder  : 2091:2091 ioctl 40046210 7fea663b10 returned -22
11-11 18:38:41.952  1821  1949 V CarUserService: notify-listener-com.android.car.user.InternalLifecycleListener@1c99749 took to complete: 13ms
11-11 18:38:41.953  1821  1949 V CarUserService: notify-listener-com.android.car.user.InternalLifecycleListener@2bf0d6f took to complete: 0ms
11-11 18:38:41.953  1821  1949 V CarUserService: notify-listener-com.android.car.user.InternalLifecycleListener@44aba7c took to complete: 0ms
11-11 18:38:41.953  1414  1473 D SystemServerTiming: onUserSwitchComplete-10 #0 PowerManagerService
11-11 18:38:41.953  1414  1473 V SystemServerTiming: onUserSwitchComplete-10 #0 PowerManagerService took to complete: 0ms
11-11 18:38:41.953  1414  1473 D SystemServerTiming: onUserSwitchComplete-10 #1 com.android.server.biometrics.BiometricService
11-11 18:38:41.954  1414  1473 V SystemServerTiming: onUserSwitchComplete-10 #1 com.android.server.biometrics.BiometricService took to complete: 1ms
11-11 18:38:41.954  1414  1473 D SystemServerTiming: onUserSwitchComplete-10 #2 AttentionDetector
11-11 18:38:41.954  1414  1473 V SystemServerTiming: onUserSwitchComplete-10 #2 AttentionDetector took to complete: 0ms
11-11 18:38:41.954  1414  1473 D SystemServerTiming: onUserSwitchComplete-10 #3 JobScheduler.Concurrency
11-11 18:38:41.954  1414  1473 V SystemServerTiming: onUserSwitchComplete-10 #3 JobScheduler.Concurrency took to complete: 0ms
11-11 18:38:41.954  1414  1473 D SystemServerTiming: onUserSwitchComplete-10 #4 MediaRouterService
11-11 18:38:41.954  1414  1473 V SystemServerTiming: onUserSwitchComplete-10 #4 MediaRouterService took to complete: 0ms
11-11 18:38:41.954  1414  1473 D SystemServerTiming: sendUserSwitchBroadcasts-0-10
11-11 18:38:41.955  1414  1473 W BroadcastLoopers: Found previously unknown looper Thread[ActivityManager,5,main]
11-11 18:38:41.956  1414  1473 V SystemServerTiming: sendUserSwitchBroadcasts-0-10 took to complete: 1ms
11-11 18:38:41.956  1414  1473 V SystemServerTiming: dispatchUserSwitchComplete-10 took to complete: 14ms
11-11 18:38:41.958  1821  1949 I DisplayInterface: Refreshing percent brightness(from Setting) to 82
11-11 18:38:41.958  1821  1949 I CAR.POWER: send display brightness = 82
11-11 18:38:41.958  1821  1949 V CarUserService: notify-listener-com.android.car.user.InternalLifecycleListener@8b5f05 took to complete: 5ms
11-11 18:38:41.959  1821  1949 V CarUserService: notify-listener-com.android.car.user.InternalLifecycleListener@5292b5a took to complete: 0ms
11-11 18:38:41.960  1414  1586 W CameraService_proxy: Could not notify cameraserver, camera service not available.
11-11 18:38:41.960  1414  1586 I CameraService_proxy: Could not notify camera service of user switch, retrying...
11-11 18:38:41.961  1414  1678 D CompatibilityChangeReporter: Compat change id reported: 168419799; UID 10081; state: DISABLED
11-11 18:38:41.962  1414  1678 D CompatibilityChangeReporter: Compat change id reported: 273564678; UID 10081; state: DISABLED
11-11 18:38:41.963  1821  1949 V CarUserService: notify-listener-com.android.car.user.InternalLifecycleListener@f59118b took to complete: 5ms
11-11 18:38:41.966  1821  1949 V CarUserService: notify-listener-com.android.car.user.InternalLifecycleListener@3e7e681 took to complete: 2ms
11-11 18:38:41.966  1821  1949 V CarUserService: notify-listeners-user-10-event-2 took to complete: 28ms
11-11 18:38:41.968  1414  1559 D CompatibilityChangeReporter: Compat change id reported: 265195908; UID 10081; state: ENABLED
11-11 18:38:41.969  1414  1746 I ActivityManager: Flag disabled. Ignoring finishAttachApplication from uid: 1073. pid: 2060
11-11 18:38:41.970  1414  1474 W ActivityManager: Slow operation: 190ms so far, now at startProcess: returned from zygote!
11-11 18:38:41.970  1414  1586 W CameraService_proxy: Could not notify cameraserver, camera service not available.
11-11 18:38:41.970  1414  1586 I CameraService_proxy: Could not notify camera service of user switch, retrying...
11-11 18:38:41.991     0     0 I binder  : 2098:2098 ioctl 40046210 7fea663b10 returned -22
11-11 18:38:41.972  1414  1474 W ActivityManager: Slow operation: 193ms so far, now at startProcess: done updating battery stats
11-11 18:38:41.972  1414  1474 W ActivityManager: Slow operation: 193ms so far, now at startProcess: building log message
11-11 18:38:41.972  1414  1474 I ActivityManager: Start proc 2137:com.android.se/1068 for added application com.android.se
11-11 18:38:41.972  1414  1474 W ActivityManager: Slow operation: 193ms so far, now at startProcess: starting to update pids map
11-11 18:38:41.973  1414  1474 W ActivityManager: Slow operation: 193ms so far, now at startProcess: done updating pids map
11-11 18:38:41.973  1414  1474 W ActivityManager: Slow operation: 192ms so far, now at startProcess: asking zygote to start proc
11-11 18:38:41.974  1414  1678 I ActivityManager: Flag disabled. Ignoring finishAttachApplication from uid: 1001. pid: 2059
11-11 18:38:41.975  1414  1448 D CompatibilityChangeReporter: Compat change id reported: 168419799; UID 10109; state: DISABLED
11-11 18:38:41.975  1414  1448 D CompatibilityChangeReporter: Compat change id reported: 273564678; UID 10109; state: DISABLED
11-11 18:38:41.982  1414  1559 D CompatibilityChangeReporter: Compat change id reported: 265195908; UID 10109; state: ENABLED
11-11 18:38:41.985  1414  1678 D CompatibilityChangeReporter: Compat change id reported: 170503758; UID 10081; state: ENABLED
11-11 18:38:41.999     0     0 I binder  : 2106:2106 ioctl 40046210 7fea663b10 returned -22
11-11 18:38:41.988  1414  1474 W ActivityManager: Slow operation: 206ms so far, now at startProcess: returned from zygote!
11-11 18:38:41.989  1414  1586 W CameraService_proxy: Could not notify cameraserver, camera service not available.
11-11 18:38:41.989  1414  1586 I CameraService_proxy: Could not notify camera service of user switch, retrying...
11-11 18:38:41.990  1414  1474 W ActivityManager: Slow operation: 209ms so far, now at startProcess: done updating battery stats
11-11 18:38:41.990  1414  1474 I Watchdog: Interesting Java process com.android.phone started. Pid 2167
11-11 18:38:41.991  1414  1474 W ActivityManager: Slow operation: 209ms so far, now at startProcess: building log message
11-11 18:38:41.991  1414  1474 I ActivityManager: Start proc 2167:com.android.phone/1001 for added application com.android.phone
11-11 18:38:41.991  1414  1474 W ActivityManager: Slow operation: 209ms so far, now at startProcess: starting to update pids map
11-11 18:38:41.991  1414  1474 W ActivityManager: Slow operation: 210ms so far, now at startProcess: done updating pids map
11-11 18:38:41.991  1414  1474 W ActivityManager: Slow operation: 209ms so far, now at startProcess: asking zygote to start proc
11-11 18:38:41.992  1414  1474 D CompatibilityChangeReporter: Compat change id reported: 143937733; UID 10124; state: ENABLED
11-11 18:38:41.994  1414  1586 W CameraService_proxy: Could not notify cameraserver, camera service not available.
11-11 18:38:41.994  1414  1586 I CameraService_proxy: Could not notify camera service of user switch, retrying...
11-11 18:38:41.996  1414  1678 D CompatibilityChangeReporter: Compat change id reported: 170503758; UID 10109; state: ENABLED
11-11 18:38:41.997  1414  2148 D CompatibilityChangeReporter: Compat change id reported: 168419799; UID 10112; state: DISABLED
11-11 18:38:41.998  1414  2148 D CompatibilityChangeReporter: Compat change id reported: 273564678; UID 10112; state: DISABLED
11-11 18:38:42.004  1414  1559 D CompatibilityChangeReporter: Compat change id reported: 265195908; UID 10112; state: ENABLED
11-11 18:38:42.002     0     0 I binder  : 2108:2108 ioctl 40046210 7fea663b10 returned -22
11-11 18:38:42.012     0     0 I binder  : 2137:2137 ioctl 40046210 7fea663b10 returned -22
11-11 18:38:42.015     0     0 I binder  : 2059:2175 ioctl 40046210 6fcb8dca54 returned -22
11-11 18:38:42.008  1414  1998 D CompatibilityChangeReporter: Compat change id reported: 168419799; UID 1000; state: DISABLED
11-11 18:38:42.008  1414  1998 D CompatibilityChangeReporter: Compat change id reported: 273564678; UID 1000; state: DISABLED
11-11 18:38:42.009  1414  1474 W ActivityManager: Slow operation: 227ms so far, now at startProcess: returned from zygote!
11-11 18:38:42.009  1414  1678 D CompatibilityChangeReporter: Compat change id reported: 253665015; UID 1073; state: ENABLED
11-11 18:38:42.010  1414  1678 D CompatibilityChangeReporter: Compat change id reported: 194532703; UID 1073; state: ENABLED
11-11 18:38:42.012  1414  1586 W CameraService_proxy: Could not notify cameraserver, camera service not available.
11-11 18:38:42.012  1414  1586 I CameraService_proxy: Could not notify camera service of user switch, retrying...
11-11 18:38:42.012  1414  1474 W ActivityManager: Slow operation: 230ms so far, now at startProcess: done updating battery stats
11-11 18:38:42.012  1414  1474 W ActivityManager: Slow operation: 230ms so far, now at startProcess: building log message
11-11 18:38:42.012  1414  1474 I ActivityManager: Start proc 2188:com.android.systemui/u0a124 for added application com.android.systemui
11-11 18:38:42.012  1414  1474 W ActivityManager: Slow operation: 230ms so far, now at startProcess: starting to update pids map
11-11 18:38:42.012  1414  1474 W ActivityManager: Slow operation: 230ms so far, now at startProcess: done updating pids map
11-11 18:38:42.012  1414  1474 W ActivityManager: Slow operation: 227ms so far, now at startProcess: asking zygote to start proc
11-11 18:38:42.013  1414  1474 D CompatibilityChangeReporter: Compat change id reported: 143937733; UID 10148; state: ENABLED
11-11 18:38:42.014  1414  1998 D CompatibilityChangeReporter: Compat change id reported: 168419799; UID 1068; state: DISABLED
11-11 18:38:42.015  1414  1586 W CameraService_proxy: Could not notify cameraserver, camera service not available.
11-11 18:38:42.015  1414  1586 I CameraService_proxy: Could not notify camera service of user switch, retrying...
11-11 18:38:42.018  1414  1678 D CompatibilityChangeReporter: Compat change id reported: 170503758; UID 10112; state: ENABLED
11-11 18:38:42.020  1414  1998 D CompatibilityChangeReporter: Compat change id reported: 273564678; UID 1068; state: DISABLED
11-11 18:38:42.031  1414  1559 D CompatibilityChangeReporter: Compat change id reported: 265195908; UID 1068; state: ENABLED
11-11 18:38:42.031  1414  1448 D CompatibilityChangeReporter: Compat change id reported: 168419799; UID 10117; state: DISABLED
11-11 18:38:42.032  1414  1448 D CompatibilityChangeReporter: Compat change id reported: 273564678; UID 10117; state: DISABLED
11-11 18:38:42.035  1414  1414 I PackageWatchdog: Syncing health check requests for packages: {}
11-11 18:38:42.036  1414  1414 I ExplicitHealthCheckController: Service not ready to get health check supported packages. Binding...
11-11 18:38:42.037  1414  1586 W CameraService_proxy: Could not notify cameraserver, camera service not available.
11-11 18:38:42.037  1414  1586 I CameraService_proxy: Could not notify camera service of user switch, retrying...
11-11 18:38:42.037  1414  1559 D CompatibilityChangeReporter: Compat change id reported: 265195908; UID 10117; state: ENABLED
11-11 18:38:42.040  1414  1998 D CompatibilityChangeReporter: Compat change id reported: 170503758; UID 10117; state: ENABLED
11-11 18:38:42.040  1414  1586 W CameraService_proxy: Could not notify cameraserver, camera service not available.
11-11 18:38:42.040  1414  1586 I CameraService_proxy: Could not notify camera service of user switch, retrying...
11-11 18:38:42.042  1414  1414 D CompatibilityChangeReporter: Compat change id reported: 135634846; UID 10166; state: DISABLED
11-11 18:38:42.043  1414  1414 D CompatibilityChangeReporter: Compat change id reported: 177438394; UID 10166; state: DISABLED
11-11 18:38:42.043  1414  1414 D CompatibilityChangeReporter: Compat change id reported: 135772972; UID 10166; state: DISABLED
11-11 18:38:42.043  1414  1414 D CompatibilityChangeReporter: Compat change id reported: 135754954; UID 10166; state: ENABLED
11-11 18:38:42.044  1414  1474 W ActivityManager: Slow operation: 258ms so far, now at startProcess: returned from zygote!
11-11 18:38:42.056     0     0 I binder  : 2167:2167 ioctl 40046210 7fea663b10 returned -22
11-11 18:38:42.050  1414  1414 I ExplicitHealthCheckController: Explicit health check service is bound
11-11 18:38:42.051  1414  1474 W ActivityManager: Slow operation: 266ms so far, now at startProcess: done updating battery stats
11-11 18:38:42.052  1414  1474 W ActivityManager: Slow operation: 267ms so far, now at startProcess: building log message
11-11 18:38:42.052  1414  1474 I ActivityManager: Start proc 2200:com.qti.qcc/u0a148 for added application com.qti.qcc
11-11 18:38:42.052  1414  1474 W ActivityManager: Slow operation: 267ms so far, now at startProcess: starting to update pids map
11-11 18:38:42.053  1414  1474 W ActivityManager: Slow operation: 268ms so far, now at startProcess: done updating pids map
11-11 18:38:42.053  1414  1474 W ActivityManager: Slow operation: 266ms so far, now at startProcess: asking zygote to start proc
11-11 18:38:42.054  1414  1474 D CompatibilityChangeReporter: Compat change id reported: 143937733; UID 10111; state: ENABLED
11-11 18:38:42.058  1414  1998 D CompatibilityChangeReporter: Compat change id reported: 168419799; UID 1001; state: DISABLED
11-11 18:38:42.058  1414  1998 D CompatibilityChangeReporter: Compat change id reported: 273564678; UID 1001; state: DISABLED
11-11 18:38:42.058  1414  1586 W CameraService_proxy: Could not notify cameraserver, camera service not available.
11-11 18:38:42.058  1414  1586 I CameraService_proxy: Could not notify camera service of user switch, retrying...
11-11 18:38:42.066  1414  1990 I ActivityManager: Flag disabled. Ignoring finishAttachApplication from uid: 10081. pid: 2089
11-11 18:38:42.073  1414  1474 W ActivityManager: Slow operation: 286ms so far, now at startProcess: returned from zygote!
11-11 18:38:42.074  1414  1474 W ActivityManager: Slow operation: 286ms so far, now at startProcess: done updating battery stats
11-11 18:38:42.074  1414  1474 W ActivityManager: Slow operation: 287ms so far, now at startProcess: building log message
11-11 18:38:42.074  1414  1474 I ActivityManager: Start proc 2223:com.qualcomm.qtil.aptxui/u0a111 for added application com.qualcomm.qtil.aptxui
11-11 18:38:42.074  1414  1474 W ActivityManager: Slow operation: 287ms so far, now at startProcess: starting to update pids map
11-11 18:38:42.075  1414  1474 W ActivityManager: Slow operation: 287ms so far, now at startProcess: done updating pids map
11-11 18:38:42.075  1414  1474 W ActivityManager: Slow operation: 193ms so far, now at startProcess: asking zygote to start proc
11-11 18:38:42.089     0     0 I binder  : 2188:2188 ioctl 40046210 7fea663b10 returned -22
11-11 18:38:42.079  1414  1586 W CameraService_proxy: Could not notify cameraserver, camera service not available.
11-11 18:38:42.079  1414  1586 I CameraService_proxy: Could not notify camera service of user switch, retrying...
11-11 18:38:42.104     0     0 I binder  : 2200:2200 ioctl 40046210 7fea663b10 returned -22
11-11 18:38:42.102  1414  1586 W CameraService_proxy: Could not notify cameraserver, camera service not available.
11-11 18:38:42.102  1414  1586 I CameraService_proxy: Could not notify camera service of user switch, retrying...
11-11 18:38:42.105  1414  1474 W ActivityManager: Slow operation: 223ms so far, now at startProcess: returned from zygote!
11-11 18:38:42.106  1414  1474 W ActivityManager: Slow operation: 224ms so far, now at startProcess: done updating battery stats
11-11 18:38:42.106  1414  1474 W ActivityManager: Slow operation: 224ms so far, now at startProcess: building log message
11-11 18:38:42.106  1414  1474 I ActivityManager: Start proc 2252:com.android.car.settings/u10s1000 for top-activity {com.android.car.settings/com.android.car.settings.FallbackHome}
11-11 18:38:42.106  1414  1474 W ActivityManager: Slow operation: 224ms so far, now at startProcess: starting to update pids map
11-11 18:38:42.108  1414  1474 W ActivityManager: Slow operation: 225ms so far, now at startProcess: done updating pids map
