11-10 20:20:54.441  7389  7389 V GraphicsEnvironment: Neither updatable production driver nor prerelease driver is supported.
11-10 20:20:54.443  7390  7390 I Perf    : Connecting to perf service.
11-10 20:20:54.445  7391  7391 V GraphicsEnvironment: Currently set values for:
11-10 20:20:54.445  7391  7391 V GraphicsEnvironment:   angle_gl_driver_selection_pkgs=[]
11-10 20:20:54.445  7391  7391 V GraphicsEnvironment:   angle_gl_driver_selection_values=[]
11-10 20:20:54.446  7389  7389 I DeviceLockControllerApplication: onCreate
11-10 20:20:54.446  7391  7391 V GraphicsEnvironment: ANGLE GameManagerService for com.android.statementservice: false
11-10 20:20:54.446  7391  7391 V GraphicsEnvironment: com.android.statementservice is not listed in per-application setting
11-10 20:20:54.446  7391  7391 V GraphicsEnvironment: Neither updatable production driver nor prerelease driver is supported.
11-10 20:20:54.453     0     0 I binder  : 7437:7437 ioctl 40046210 7ffb6ff410 returned -22
11-10 20:20:54.449  7390  7390 V GraphicsEnvironment: Currently set values for:
11-10 20:20:54.449  7390  7390 V GraphicsEnvironment:   angle_gl_driver_selection_pkgs=[]
11-10 20:20:54.449  7390  7390 V GraphicsEnvironment:   angle_gl_driver_selection_values=[]
11-10 20:20:54.449  7390  7390 V GraphicsEnvironment: ANGLE GameManagerService for com.android.imsserviceentitlement: false
11-10 20:20:54.450  7390  7390 V GraphicsEnvironment: com.android.imsserviceentitlement is not listed in per-application setting
11-10 20:20:54.450  7390  7390 V GraphicsEnvironment: Neither updatable production driver nor prerelease driver is supported.
11-10 20:20:54.450  7389  7389 I DeviceStateControllerImpl: Starting state is 0
11-10 20:20:54.451  7391  7391 D WM-WrkMgrInitializer: Initializing WorkManager with default configuration.
11-10 20:20:54.451  7389  7389 I UserRestrictionsPolicyHandler: Build type DEBUG = true
11-10 20:20:54.453  1374  1591 D CompatibilityChangeReporter: Compat change id reported: 168419799; UID 1010090; state: DISABLED
11-10 20:20:54.453  7389  7389 D DevicePolicyControllerImpl: onStateChanged (0)
11-10 20:20:54.453  1374  1591 D CompatibilityChangeReporter: Compat change id reported: 273564678; UID 1010090; state: DISABLED
11-10 20:20:54.453  7389  7389 V UserRestrictionsPolicyHandler: Setting restrictions for 0
11-10 20:20:54.453  1374  1591 D CompatibilityInfo: mCompatibilityFlags - 4
11-10 20:20:54.453  1374  1591 D CompatibilityInfo: applicationDensity - 160
11-10 20:20:54.453  1374  1591 D CompatibilityInfo: applicationScale - 1.0
11-10 20:20:54.453  7389  7389 D CompatibilityChangeReporter: Compat change id reported: 183155436; UID 10168; state: ENABLED
11-10 20:20:54.454  7391  7391 D WM-PackageManagerHelper: androidx.work.impl.background.systemjob.SystemJobService enabled
11-10 20:20:54.454  7391  7391 D WM-Schedulers: Created SystemJobScheduler and enabled SystemJobService
11-10 20:20:54.456  3681  3681 D AwsIotSslUtility: Direct SSLSocketFactory created successfully.
11-10 20:20:54.456  3681  3681 I VehicleMqttService: SSLSocketFactory configured successfully.
11-10 20:20:54.457  3681  3681 I VehicleMqttService: Attempting MQTT async connection...
11-10 20:20:54.457  7390  7390 W FirebaseApp: Default FirebaseApp failed to initialize because no default options were found. This usually means that com.google.gms:google-services was not applied to your gradle project.
11-10 20:20:54.458  7390  7390 I FirebaseInitProvider: FirebaseApp initialization unsuccessful
11-10 20:20:54.459  1374  1500 D CompatibilityChangeReporter: Compat change id reported: 265195908; UID 1010090; state: ENABLED
11-10 20:20:54.461  7437  7437 D CompatibilityChangeReporter: Compat change id reported: 171979766; UID 1010090; state: ENABLED
11-10 20:20:54.461  7437  7437 D CompatibilityChangeReporter: Compat change id reported: 242716250; UID 1010090; state: ENABLED
11-10 20:20:54.462  1374  2356 I ActivityManager: Flag disabled. Ignoring finishAttachApplication from uid: 10090. pid: 7390
11-10 20:20:54.464  1374  2444 D CompatibilityChangeReporter: Compat change id reported: 170503758; UID 1010090; state: ENABLED
11-10 20:20:54.466  7437  7437 D CompatibilityChangeReporter: Compat change id reported: 3400644; UID 1010090; state: ENABLED
11-10 20:20:54.467  7391  7391 D CompatibilityChangeReporter: Compat change id reported: 183155436; UID 10042; state: DISABLED
11-10 20:20:54.467  7437  7437 D ApplicationLoaders: Returning zygote-cached class loader: /system_ext/framework/androidx.window.extensions.jar
11-10 20:20:54.468  7437  7437 D ApplicationLoaders: Returning zygote-cached class loader: /system_ext/framework/androidx.window.sidecar.jar
11-10 20:20:54.470  1374  2356 I ActivityManager: Flag disabled. Ignoring finishAttachApplication from uid: 10168. pid: 7389
11-10 20:20:54.470   627  7470 I resolv  : GetAddrInfoHandler::run: {100 100 100 983140 10045 0}
11-10 20:20:54.471   627  7472 I resolv  : res_nmkquery: (QUERY, IN, A)
11-10 20:20:54.471   627  7471 I resolv  : res_nmkquery: (QUERY, IN, AAAA)
11-10 20:20:54.472  1374  2444 D CompatibilityChangeReporter: Compat change id reported: 261072174; UID 10168; state: ENABLED
11-10 20:20:54.472  1374  2356 I ActivityManager: Flag disabled. Ignoring finishAttachApplication from uid: 10042. pid: 7391
11-10 20:20:54.473  7437  7437 D nativeloader: InitLlndkLibrariesProduct: libEGL.so:libGLESv1_CM.so:libGLESv2.so:libGLESv3.so:libRS.so:libandroid_net.so:libbinder_ndk.so:libc.so:libcgrouprc.so:libclang_rt.asan-aarch64-android.so:libclang_rt.asan-arm-android.so:libclang_rt.hwasan-aarch64-android.so:libcom.android.tethering.connectivity_native.so:libdl.so:libft2.so:liblog.so:libm.so:libmediandk.so:libnativewindow.so:libneuralnetworks.so:libselinux.so:libsync.so:libvndksupport.so:libvulkan.so
11-10 20:20:54.473  7437  7437 D nativeloader: Configuring product-clns-6 for unbundled product apk /product/priv-app/ImsServiceEntitlement/ImsServiceEntitlement.apk. target_sdk_version=34, uses_libraries=, library_path=/product/priv-app/ImsServiceEntitlement/lib/arm64:/product/lib64:/system/product/lib64, permitted_path=/data:/mnt/expand:/data/user/10/com.android.imsserviceentitlement:/product/lib64:/system/product/lib64
11-10 20:20:54.474  7437  7437 D nativeloader: InitVndkspLibrariesProduct: android.hardware.common-V2-ndk.so:android.hardware.common-V2-ndk_platform.so:android.hardware.common.fmq-V1-ndk.so:android.hardware.common.fmq-V1-ndk_platform.so:android.hardware.graphics.allocator-V2-ndk.so:android.hardware.graphics.allocator-V2-ndk_platform.so:android.hardware.graphics.common-V4-ndk.so:android.hardware.graphics.common-V4-ndk_platform.so:android.hardware.graphics.common@1.0.so:android.hardware.graphics.common@1.1.so:android.hardware.graphics.common@1.2.so:android.hardware.graphics.composer3-V1-ndk.so:android.hardware.graphics.composer3-V1-ndk_platform.so:android.hardware.graphics.mapper@2.0.so:android.hardware.graphics.mapper@2.1.so:android.hardware.graphics.mapper@3.0.so:android.hardware.graphics.mapper@4.0.so:android.hardware.renderscript@1.0.so:android.hidl.memory.token@1.0.so:android.hidl.memory@1.0-impl.so:android.hidl.memory@1.0.so:android.hidl.safe_union@1.0.so:libRSCpuRef.so:libRSDriver.so:libRS_internal.so:libbase.so:libbcinfo.so:libblas.so:libc++.so:lib
11-10 20:20:54.477  7389  7389 D WM-PackageManagerHelper: androidx.work.impl.background.systemjob.SystemJobService enabled
11-10 20:20:54.477  7389  7389 D WM-Schedulers: Created SystemJobScheduler and enabled SystemJobService
11-10 20:20:54.477  7389  7463 I DlcClient: Binding com.android.devicelockcontroller/.storage.SetupParametersService
11-10 20:20:54.484  7389  7389 D SetupParametersService: onCreate
11-10 20:20:54.484  7437  7437 I Perf    : Connecting to perf service.
11-10 20:20:54.487  7389  7389 E AppOpsPolicyHandler: Cannot set background start exemption
11-10 20:20:54.487  7389  7389 E AppOpsPolicyHandler: java.lang.Exception: Failed to change exempt from activity background start to: non exempt
11-10 20:20:54.487  7389  7389 E AppOpsPolicyHandler: 	at com.android.devicelockcontroller.SystemDeviceLockManagerImpl.lambda$setExemptFromActivityBackgroundStartRestriction$6(SystemDeviceLockManagerImpl.java:139)
11-10 20:20:54.487  7389  7389 E AppOpsPolicyHandler: 	at com.android.devicelockcontroller.SystemDeviceLockManagerImpl.$r8$lambda$bTK4f2h7ZfxXasTWWCq11M5LBig(SystemDeviceLockManagerImpl.java:0)
11-10 20:20:54.487  7389  7389 E AppOpsPolicyHandler: 	at com.android.devicelockcontroller.SystemDeviceLockManagerImpl$$ExternalSyntheticLambda2.run(R8$$SyntheticClass:0)
11-10 20:20:54.487  7389  7389 E AppOpsPolicyHandler: 	at android.os.Handler.handleCallback(Handler.java:958)
11-10 20:20:54.487  7389  7389 E AppOpsPolicyHandler: 	at android.os.Handler.dispatchMessage(Handler.java:99)
11-10 20:20:54.487  7389  7389 E AppOpsPolicyHandler: 	at android.os.Looper.loopOnce(Looper.java:205)
11-10 20:20:54.487  7389  7389 E AppOpsPolicyHandler: 	at android.os.Looper.loop(Looper.java:294)
11-10 20:20:54.487  7389  7389 E AppOpsPolicyHandler: 	at android.app.ActivityThread.main(ActivityThread.java:8223)
11-10 20:20:54.487  7389  7389 E AppOpsPolicyHandler: 	at java.lang.reflect.Method.invoke(Native Method)
11-10 20:20:54.487  7389  7389 E AppOpsPolicyHandler: 	at com.android.internal.os.RuntimeInit$MethodAndArgsCaller.run(RuntimeInit.java:552)
11-10 20:20:54.487  7389  7389 E AppOpsPolicyHandler: 	at com.android.internal.os.ZygoteInit.main(ZygoteInit.java:977)
11-10 20:20:54.489  7437  7437 V GraphicsEnvironment: Currently set values for:
11-10 20:20:54.489  7437  7437 V GraphicsEnvironment:   angle_gl_driver_selection_pkgs=[]
11-10 20:20:54.489  7437  7437 V GraphicsEnvironment:   angle_gl_driver_selection_values=[]
11-10 20:20:54.490  7437  7437 V GraphicsEnvironment: ANGLE GameManagerService for com.android.imsserviceentitlement: false
11-10 20:20:54.490  7437  7437 V GraphicsEnvironment: com.android.imsserviceentitlement is not listed in per-application setting
11-10 20:20:54.490  7437  7437 V GraphicsEnvironment: Neither updatable production driver nor prerelease driver is supported.
11-10 20:20:54.494  7437  7437 W FirebaseApp: Default FirebaseApp failed to initialize because no default options were found. This usually means that com.google.gms:google-services was not applied to your gradle project.
11-10 20:20:54.494  7437  7437 I FirebaseInitProvider: FirebaseApp initialization unsuccessful
11-10 20:20:54.495  7389  7468 D PackagePolicyHandler: Kiosk package is not set for state: 0
11-10 20:20:54.496  7389  7389 I DeviceLockControllerApplication: Policies enforced
11-10 20:20:54.497  1374  1391 I DevicePolicyEngine: Couldn't find any receivers that handle ACTION_DEVICE_POLICY_SET_RESULT in package com.android.devicelockcontroller
11-10 20:20:54.497  1374  1391 D DevicePolicyEngine: Writing device policies to file.
11-10 20:20:54.497  1374  1391 D DevicePolicyEngine: Writing to /data/system/device_policy_state.xml
11-10 20:20:54.498  1374  2356 I ActivityManager: Flag disabled. Ignoring finishAttachApplication from uid: 1010090. pid: 7437
11-10 20:20:54.498  7389  7389 E AggregateFuture: Got more than one input Future failure. Logging failures after the first
11-10 20:20:54.498  7389  7389 E AggregateFuture: java.lang.IllegalStateException: Setup parameters does not exist!
11-10 20:20:54.498  7389  7389 E AggregateFuture: 	at com.android.devicelockcontroller.policy.UserRestrictionsPolicyHandler.lambda$retrieveOptionalAlwaysOnRestrictions$4(UserRestrictionsPolicyHandler.java:164)
11-10 20:20:54.498  7389  7389 E AggregateFuture: 	at com.android.devicelockcontroller.policy.UserRestrictionsPolicyHandler.$r8$lambda$hRL-2WryZNUlIlcWmeUJRllU6-Y(UserRestrictionsPolicyHandler.java:0)
11-10 20:20:54.498  7389  7389 E AggregateFuture: 	at com.android.devicelockcontroller.policy.UserRestrictionsPolicyHandler$$ExternalSyntheticLambda5.call(R8$$SyntheticClass:0)
11-10 20:20:54.498  7389  7389 E AggregateFuture: 	at com.google.common.util.concurrent.CombinedFuture$CallableInterruptibleTask.runInterruptibly(CombinedFuture.java:196)
11-10 20:20:54.498  7389  7389 E AggregateFuture: 	at com.google.common.util.concurrent.InterruptibleTask.run(InterruptibleTask.java:74)
11-10 20:20:54.498  7389  7389 E AggregateFuture: 	at android.os.Handler.handleCallback(Handler.java:958)
11-10 20:20:54.498  7389  7389 E AggregateFuture: 	at android.os.Handler.dispatchMessage(Handler.java:99)
11-10 20:20:54.498  7389  7389 E AggregateFuture: 	at android.os.Looper.loopOnce(Looper.java:205)
11-10 20:20:54.498  7389  7389 E AggregateFuture: 	at android.os.Looper.loop(Looper.java:294)
11-10 20:20:54.498  7389  7389 E AggregateFuture: 	at android.app.ActivityThread.main(ActivityThread.java:8223)
11-10 20:20:54.498  7389  7389 E AggregateFuture: 	at java.lang.reflect.Method.invoke(Native Method)
11-10 20:20:54.498  7389  7389 E AggregateFuture: 	at com.android.internal.os.RuntimeInit$MethodAndArgsCaller.run(RuntimeInit.java:552)
11-10 20:20:54.498  7389  7389 E AggregateFuture: 	at com.android.internal.os.ZygoteInit.main(ZygoteInit.java:977)
11-10 20:20:54.499  7389  7389 E AggregateFuture: Got more than one input Future failure. Logging failures after the first
11-10 20:20:54.499  7389  7389 E AggregateFuture: java.lang.IllegalStateException: Setup parameters does not exist!
11-10 20:20:54.499  7389  7389 E AggregateFuture: 	at com.android.devicelockcontroller.policy.UserRestrictionsPolicyHandler.lambda$retrieveLockModeRestrictions$3(UserRestrictionsPolicyHandler.java:138)
11-10 20:20:54.499  7389  7389 E AggregateFuture: 	at com.android.devicelockcontroller.policy.UserRestrictionsPolicyHandler.$r8$lambda$K4dazaAj4roA8BauvRaHZASMq6E(UserRestrictionsPolicyHandler.java:0)
11-10 20:20:54.499  7389  7389 E AggregateFuture: 	at com.android.devicelockcontroller.policy.UserRestrictionsPolicyHandler$$ExternalSyntheticLambda4.call(R8$$SyntheticClass:0)
11-10 20:20:54.499  7389  7389 E AggregateFuture: 	at com.google.common.util.concurrent.CombinedFuture$CallableInterruptibleTask.runInterruptibly(CombinedFuture.java:196)
11-10 20:20:54.499  7389  7389 E AggregateFuture: 	at com.google.common.util.concurrent.InterruptibleTask.run(InterruptibleTask.java:74)
11-10 20:20:54.499  7389  7389 E AggregateFuture: 	at android.os.Handler.handleCallback(Handler.java:958)
11-10 20:20:54.499  7389  7389 E AggregateFuture: 	at android.os.Handler.dispatchMessage(Handler.java:99)
11-10 20:20:54.499  7389  7389 E AggregateFuture: 	at android.os.Looper.loopOnce(Looper.java:205)
11-10 20:20:54.499  7389  7389 E AggregateFuture: 	at android.os.Looper.loop(Looper.java:294)
11-10 20:20:54.499  7389  7389 E AggregateFuture: 	at android.app.ActivityThread.main(ActivityThread.java:8223)
11-10 20:20:54.499  7389  7389 E AggregateFuture: 	at java.lang.reflect.Method.invoke(Native Method)
11-10 20:20:54.499  7389  7389 E AggregateFuture: 	at com.android.internal.os.RuntimeInit$MethodAndArgsCaller.run(RuntimeInit.java:552)
11-10 20:20:54.499  7389  7389 E AggregateFuture: 	at com.android.internal.os.ZygoteInit.main(ZygoteInit.java:977)
11-10 20:20:54.510  1374  1391 I ActivityManager: Killing 6755:android.process.media/u0a28 (adj 915): empty #3
11-10 20:20:54.516  1374  1416 I libprocessgroup: Successfully killed process cgroup uid 10028 pid 6755 in 5ms
11-10 20:20:54.517  7391  7460 D CompatibilityChangeReporter: Compat change id reported: 160794467; UID 10042; state: DISABLED
11-10 20:20:54.523  7389  7475 D CompatibilityChangeReporter: Compat change id reported: 160794467; UID 10168; state: ENABLED
11-10 20:20:54.537  7391  7483 D CompatibilityChangeReporter: Compat change id reported: 263076149; UID 10042; state: DISABLED
11-10 20:20:54.539   628   628 I Zygote  : Process 6755 exited due to signal 9 (Killed)
11-10 20:20:54.540  7389  7485 D CompatibilityChangeReporter: Compat change id reported: 263076149; UID 10168; state: ENABLED
11-10 20:20:54.540  1374  1404 D DisplayManagerService: Drop pending events for gone uid 10028
11-10 20:20:54.542  7389  7485 E TaskWorkerFactory: Cannot create worker: com.android.devicelockcontroller.provision.worker.DeviceCheckInWorker
11-10 20:20:54.542  7389  7485 E TaskWorkerFactory: java.lang.NoSuchMethodException: com.android.devicelockcontroller.provision.worker.DeviceCheckInWorker.<init> [class android.content.Context, class androidx.work.WorkerParameters, interface com.google.common.util.concurrent.ListeningExecutorService]
11-10 20:20:54.542  7389  7485 E TaskWorkerFactory: 	at java.lang.Class.getConstructor0(Class.java:3325)
11-10 20:20:54.542  7389  7485 E TaskWorkerFactory: 	at java.lang.Class.getDeclaredConstructor(Class.java:3063)
11-10 20:20:54.542  7389  7485 E TaskWorkerFactory: 	at com.android.devicelockcontroller.policy.TaskWorkerFactory.createWorker(TaskWorkerFactory.java:53)
11-10 20:20:54.542  7389  7485 E TaskWorkerFactory: 	at androidx.work.DelegatingWorkerFactory.createWorker(DelegatingWorkerFactory.java:71)
11-10 20:20:54.542  7389  7485 E TaskWorkerFactory: 	at androidx.work.WorkerFactory.createWorkerWithDefaultFallback(WorkerFactory.java:82)
11-10 20:20:54.542  7389  7485 E TaskWorkerFactory: 	at androidx.work.impl.WorkerWrapper.runWorker(WorkerWrapper.java:240)
11-10 20:20:54.542  7389  7485 E TaskWorkerFactory: 	at androidx.work.impl.WorkerWrapper.run(WorkerWrapper.java:142)
11-10 20:20:54.542  7389  7485 E TaskWorkerFactory: 	at androidx.work.impl.utils.SerialExecutorImpl$Task.run(SerialExecutorImpl.java:96)
11-10 20:20:54.542  7389  7485 E TaskWorkerFactory: 	at java.util.concurrent.ThreadPoolExecutor.runWorker(ThreadPoolExecutor.java:1145)
11-10 20:20:54.542  7389  7485 E TaskWorkerFactory: 	at java.util.concurrent.ThreadPoolExecutor$Worker.run(ThreadPoolExecutor.java:644)
11-10 20:20:54.542  7389  7485 E TaskWorkerFactory: 	at java.lang.Thread.run(Thread.java:1012)
11-10 20:20:54.543  1374  1591 I ActivityManager: Killing 6775:android.process.media/u10a28 (adj 925): empty #3
11-10 20:20:54.555   627  7472 I resolv  : res_nsend: used send_dg 329 terrno: 0
11-10 20:20:54.555   627  7472 I resolv  : doQuery: rcode=0, ancount=8, return value=329
11-10 20:20:54.555   627  7471 I resolv  : res_nsend: used send_dg 425 terrno: 0
11-10 20:20:54.555   627  7471 I resolv  : doQuery: rcode=0, ancount=8, return value=425
11-10 20:20:54.560  7391  7460 I WM-WorkerWrapper: Worker result SUCCESS for Work [ id=3ac8568f-8ef4-48fb-b1f5-0d56a38cbf19, tags={ com.android.statementservice.domain.worker.RetryRequestWorker } ]
11-10 20:20:54.562  3681  7466 D TrafficStats: tagSocket(80) with statsTag=0xffffffff, statsUid=-1
11-10 20:20:54.562  7389  7489 I CheckInWorker: perform check-in request
11-10 20:20:54.566  7389  7486 I DlcClient: Binding com.android.devicelockcontroller/.storage.GlobalParametersService
11-10 20:20:54.566  7389  7389 D GlobalParametersService: onCreate
11-10 20:20:54.571  7389  7486 D DeviceCheckInClient: Creating instance for com.android.devicelockcontroller.debug.DeviceCheckInClientDebug
11-10 20:20:54.577   628   628 I Zygote  : Process 6775 exited due to signal 9 (Killed)
11-10 20:20:54.578  1374  1404 D DisplayManagerService: Drop pending events for gone uid 1010028
11-10 20:20:54.579  1374  2356 I ActivityManager: Killing 7390:com.android.imsserviceentitlement/u0a90 (adj 925): empty #3
11-10 20:20:54.583  7389  7489 D TelephonyManager: getMeid: return null because MEID is not available
11-10 20:20:54.583  1374  1416 I libprocessgroup: Successfully killed process cgroup uid 1010028 pid 6775 in 38ms
11-10 20:20:54.584  1374  1416 I libprocessgroup: Successfully killed process cgroup uid 10090 pid 7390 in 0ms
11-10 20:20:54.587  7389  7489 D DeviceCheckInClientDebug: getRegisteredDeviceIdentifier: 
11-10 20:20:54.589  7389  7489 D DeviceCheckInClientDebug: getDeviceCheckInStatus: 0
11-10 20:20:54.589  7389  7489 D DeviceCheckInHelper: check in succeed: 0
11-10 20:20:54.589  7389  7489 D DeviceCheckInClientDebug: getDeviceCheckInStatus: 0
11-10 20:20:54.592  7389  7482 I WM-WorkerWrapper: Worker result RETRY for Work [ id=adda0a99-3d0a-4a59-8f0f-6027d29f24bb, tags={ com.android.devicelockcontroller.provision.worker.DeviceCheckInWorker } ]
11-10 20:20:54.608   628   628 I Zygote  : Process 7390 exited due to signal 9 (Killed)
11-10 20:20:54.609  1374  1404 D DisplayManagerService: Drop pending events for gone uid 10090
11-10 20:20:54.611  1374  1591 I ActivityManager: Killing 7437:com.android.imsserviceentitlement/u10a90 (adj 925): empty #3
11-10 20:20:54.614  1374  1416 I libprocessgroup: Successfully killed process cgroup uid 1010090 pid 7437 in 0ms
11-10 20:20:54.627  7389  7482 D CompatibilityChangeReporter: Compat change id reported: 194532703; UID 10168; state: ENABLED
11-10 20:20:54.628  7389  7482 D CompatibilityChangeReporter: Compat change id reported: 253665015; UID 10168; state: ENABLED
11-10 20:20:54.630  1374  1391 D CompatibilityChangeReporter: Compat change id reported: 253665015; UID 10168; state: ENABLED
11-10 20:20:54.630  1374  1404 D DisplayManagerService: Drop pending events for gone uid 1010090
11-10 20:20:54.630  1374  1391 D CompatibilityChangeReporter: Compat change id reported: 194532703; UID 10168; state: ENABLED
11-10 20:20:54.633   628   628 I Zygote  : Process 7437 exited due to signal 9 (Killed)
11-10 20:20:54.935  2045  5816 D IpClient/wlan0: addressUpdated: 2401:4900:33b1:7b52:e0ce:9c56:bd6b:1d53/64 on ifindex 31 flags 0x00000001 scope 0
11-10 20:20:54.937  2045  5816 D IpClient/wlan0: addressUpdated: 2401:4900:33b1:7b52:6ca3:abff:fe4b:67e1/64 on ifindex 31 flags 0x00000100 scope 0
11-10 20:20:54.997  1062  1062 E Bikelogs: recvfrom error: Try again
11-10 20:20:55.244  1161  7347 D LOWI-9.0.1.68: [LOWI-Scan] wait_event:Wait done with Cmd 34
11-10 20:20:55.244  1161  7347 D LOWI-9.0.1.68: [LOWI-Scan] do_listen_events: Rcvd valid Netlink Cmd 34 Err 0
11-10 20:20:55.244  1161  7347 D LOWI-9.0.1.68: [LOWI-Scan] 
11-10 20:20:55.244  1374  2444 D WifiNl80211Manager: Scan result ready event
11-10 20:20:55.244  1161  7347 D LOWI-9.0.1.68: [LOWI-Scan] is_qcom_ie, bss_age: 0
11-10 20:20:55.244  1161  7347 D LOWI-9.0.1.68: [LOWI-Scan] BSS e6:e4:b7:**:**:20 FREQ: 2462, cFreq1[40:80:160] = [0:0:0] cFreq2 = 0 SSID Shrihari pixel, RSSI(dBM): -87, 11mcRanging: No, Country Code = IN 
11-10 20:20:55.244  1374  2444 D WifiNative: Scan result ready event
11-10 20:20:55.245  1161  7347 D LOWI-9.0.1.68: [LOWI-Scan] 
11-10 20:20:55.245  1161  7347 D LOWI-9.0.1.68: [LOWI-Scan] is_qcom_ie, bss_age: 0
11-10 20:20:55.245  1161  7347 D LOWI-9.0.1.68: [LOWI-Scan] BSS e6:55:b8:**:**:ec FREQ: 5240, cFreq1[40:80:160] = [5230:5210:0] cFreq2 = 0 SSID A71 - IT Infra, RSSI(dBM): -73, 11mcRanging: No, Country Code = IN
11-10 20:20:55.245  1161  7347 D LOWI-9.0.1.68: [LOWI-Scan] 
11-10 20:20:55.245  1161  7347 D LOWI-9.0.1.68: [LOWI-Scan] is_qcom_ie, bss_age: 0
11-10 20:20:55.245  1161  7347 D LOWI-9.0.1.68: [LOWI-Scan] BSS e2:55:b8:**:**:ec FREQ: 5240, cFreq1[40:80:160] = [5230:5210:0] cFreq2 = 0 SSID A71 - Design, RSSI(dBM): -73, 11mcRanging: No, Country Code = IN
11-10 20:20:55.245  1161  7347 D LOWI-9.0.1.68: [LOWI-Scan] 
11-10 20:20:55.245  1161  7347 D LOWI-9.0.1.68: [LOWI-Scan] is_qcom_ie, bss_age: 0
11-10 20:20:55.245  1161  7347 D LOWI-9.0.1.68: [LOWI-Scan] BSS ee:55:b8:**:**:ec FREQ: 5240, cFreq1[40:80:160] = [5230:5210:0] cFreq2 = 0 SSID A71 - Engineering, RSSI(dBM): -73, 11mcRanging: No, Country Code = IN
11-10 20:20:55.245  1161  7347 D LOWI-9.0.1.68: [LOWI-Scan] 
11-10 20:20:55.246  1161  7347 D LOWI-9.0.1.68: [LOWI-Scan] is_qcom_ie, bss_age: 0
11-10 20:20:55.246  1161  7347 D LOWI-9.0.1.68: [LOWI-Scan] BSS ea:55:b8:**:**:ec FREQ: 5240, cFreq1[40:80:160] = [5230:5210:0] cFreq2 = 0 SSID A71 - Electronics, RSSI(dBM): -73, 11mcRanging: No, Country Code = IN
11-10 20:20:55.246  1161  7347 D LOWI-9.0.1.68: [LOWI-Scan] 
11-10 20:20:55.246  1161  7347 D LOWI-9.0.1.68: [LOWI-Scan] is_qcom_ie, bss_age: 0
11-10 20:20:55.246  1161  7347 D LOWI-9.0.1.68: [LOWI-Scan] BSS f6:55:b8:**:**:ec FREQ: 5240, cFreq1[40:80:160] = [5230:5210:0] cFreq2 = 0 SSID A71 - Operations, RSSI(dBM): -73, 11mcRanging: No, Country Code = IN
11-10 20:20:55.246  1161  7347 D LOWI-9.0.1.68: [LOWI-Scan] 
11-10 20:20:55.246  1161  7347 D LOWI-9.0.1.68: [LOWI-Scan] is_qcom_ie, bss_age: 0
11-10 20:20:55.246  1161  7347 D LOWI-9.0.1.68: [LOWI-Scan] BSS f2:55:b8:**:**:ec FREQ: 5240, cFreq1[40:80:160] = [5230:5210:0] cFreq2 = 0 SSID A71 - Guest, RSSI(dBM): -74, 11mcRanging: No, Country Code = IN
11-10 20:20:55.246  1161  7347 D LOWI-9.0.1.68: [LOWI-Scan] 
11-10 20:20:55.246  1161  7347 D LOWI-9.0.1.68: [LOWI-Scan] is_qcom_ie, bss_age: 0
11-10 20:20:55.246  1161  7347 D LOWI-9.0.1.68: [LOWI-Scan] BSS fe:55:b8:**:**:ec FREQ: 5240, cFreq1[40:80:160] = [5230:5210:0] cFreq2 = 0 SSID A71 - Printers, RSSI(dBM): -73, 11mcRanging: No, Country Code = IN
11-10 20:20:55.246  1161  7347 D LOWI-9.0.1.68: [LOWI-Scan]  -- associated
11-10 20:20:55.246  1161  7347 D LOWI-9.0.1.68: [LOWI-Scan] 
11-10 20:20:55.246  1161  7347 D LOWI-9.0.1.68: [LOWI-Scan] is_qcom_ie, bss_age: 0
11-10 20:20:55.246  1161  7347 D LOWI-9.0.1.68: [LOWI-Scan] BSS ae:7a:e9:**:**:43 FREQ: 2437, cFreq1[40:80:160] = [0:0:0] cFreq2 = 0 SSID Xiaomi 11i, RSSI(dBM): -75, 11mcRanging: No, Country Code =    
11-10 20:20:55.246  1161  7347 D LOWI-9.0.1.68: [LOWI-Scan] 
11-10 20:20:55.246  1161  7347 D LOWI-9.0.1.68: [LOWI-Scan] is_qcom_ie, bss_age: 0
11-10 20:20:55.246  1161  7347 D LOWI-9.0.1.68: [LOWI-Scan] BSS e6:55:b8:**:**:a0 FREQ: 5320, cFreq1[40:80:160] = [5310:5290:0] cFreq2 = 0 SSID A71 - IT Infra, RSSI(dBM): -74, 11mcRanging: No, Country Code = IN
11-10 20:20:55.247  1161  7347 D LOWI-9.0.1.68: [LOWI-Scan] 
11-10 20:20:55.247  1161  7347 D LOWI-9.0.1.68: [LOWI-Scan] is_qcom_ie, bss_age: 0
11-10 20:20:55.247  1161  7347 D LOWI-9.0.1.68: [LOWI-Scan] BSS e2:55:b8:**:**:a0 FREQ: 5320, cFreq1[40:80:160] = [5310:5290:0] cFreq2 = 0 SSID A71 - Design, RSSI(dBM): -73, 11mcRanging: No, Country Code = IN
11-10 20:20:55.247  1161  7347 D LOWI-9.0.1.68: [LOWI-Scan] 
11-10 20:20:55.247  1161  7347 D LOWI-9.0.1.68: [LOWI-Scan] is_qcom_ie, bss_age: 0
11-10 20:20:55.247  1161  7347 D LOWI-9.0.1.68: [LOWI-Scan] BSS ee:55:b8:**:**:a0 FREQ: 5320, cFreq1[40:80:160] = [5310:5290:0] cFreq2 = 0 SSID A71 - Engineering, RSSI(dBM): -73, 11mcRanging: No, Country Code = IN
11-10 20:20:55.247  1161  7347 D LOWI-9.0.1.68: [LOWI-Scan] 
11-10 20:20:55.247  1161  7347 D LOWI-9.0.1.68: [LOWI-Scan] is_qcom_ie, bss_age: 0
11-10 20:20:55.247  1161  7347 D LOWI-9.0.1.68: [LOWI-Scan] BSS ea:55:b8:**:**:a0 FREQ: 5320, cFreq1[40:80:160] = [5310:5290:0] cFreq2 = 0 SSID A71 - Electronics, RSSI(dBM): -73, 11mcRanging: No, Country Code = IN
11-10 20:20:55.247  1161  7347 D LOWI-9.0.1.68: [LOWI-Scan] 
11-10 20:20:55.247  1161  7347 D LOWI-9.0.1.68: [LOWI-Scan] is_qcom_ie, bss_age: 0
11-10 20:20:55.247  1161  7347 D LOWI-9.0.1.68: [LOWI-Scan] BSS f6:55:b8:**:**:a0 FREQ: 5320, cFreq1[40:80:160] = [5310:5290:0] cFreq2 = 0 SSID A71 - Operations, RSSI(dBM): -75, 11mcRanging: No, Country Code = IN
11-10 20:20:55.247  1161  7347 D LOWI-9.0.1.68: [LOWI-Scan] 
11-10 20:20:55.247  1161  7347 D LOWI-9.0.1.68: [LOWI-Scan] is_qcom_ie, bss_age: 0
11-10 20:20:55.247  1161  7347 D LOWI-9.0.1.68: [LOWI-Scan] BSS f2:55:b8:**:**:a0 FREQ: 5320, cFreq1[40:80:160] = [5310:5290:0] cFreq2 = 0 SSID A71 - Guest, RSSI(dBM): -74, 11mcRanging: No, Country Code = IN
11-10 20:20:55.247  1161  7347 D LOWI-9.0.1.68: [LOWI-Scan] 
11-10 20:20:55.247  1161  7347 D LOWI-9.0.1.68: [LOWI-Scan] is_qcom_ie, bss_age: 0
11-10 20:20:55.247  1161  7347 D LOWI-9.0.1.68: [LOWI-Scan] BSS fe:55:b8:**:**:a0 FREQ: 5320, cFreq1[40:80:160] = [5310:5290:0] cFreq2 = 0 SSID A71 - Printers, RSSI(dBM): -75, 11mcRanging: No, Country Code = IN
11-10 20:20:55.248  1161  7347 D LOWI-9.0.1.68: [LOWI-Scan] 
11-10 20:20:55.248  1161  7347 D LOWI-9.0.1.68: [LOWI-Scan] is_qcom_ie, bss_age: 0
11-10 20:20:55.248  1161  7347 D LOWI-9.0.1.68: [LOWI-Scan] BSS da:55:b8:**:**:a0 FREQ: 5320, cFreq1[40:80:160] = [5310:5290:0] cFreq2 = 0 SSID , RSSI(dBM): -75, 11mcRanging: No, Country Code = IN
11-10 20:20:55.248  1161  7347 D LOWI-9.0.1.68: [LOWIDiagLog] Log: lowiMeasResult->request: invalid null argument
11-10 20:20:55.248  1161  7347 I LOWI-9.0.1.68: [LOWI-Scan] lowi_close_record:Scan done in 339661ms, 17 APs in scan results
11-10 20:20:55.248  1161  7347 D LOWI-9.0.1.68: [LOWI-Scan] WipsScanUsingNL: passive scan cached 0, took 2166 ms, err 0
11-10 20:20:55.248  1161  7347 D LOWI-9.0.1.68: [LOWI-Scan] lowi_proc_req_passive_scan_with_live_meas - No WLAN Frames to be parsed
11-10 20:20:55.248  1161  7347 D LOWI-9.0.1.68: [LOWIScanResultReceiver] Send scan meas to listener
11-10 20:20:55.248  1374  1604 W IE_Capabilities: Unknown RSN cipher suite: 6ac0f00
11-10 20:20:55.248  1161  7347 D LOWI-9.0.1.68: [LOWIScanResultReceiver] Enter passive listening mode
11-10 20:20:55.248  1161  7347 D LOWI-9.0.1.68: [LOWIWifiDriverInterface] getMeasurements - Passive listening mode
11-10 20:20:55.248  1161  1202 D LOWI-9.0.1.68: [LOWIEventReceiver] handleEvent:FROM:NA, TO:NA, REQ:NA, IREQ:NA, REQ_ID:0, RESP:NA, INFO:NA
11-10 20:20:55.248  1161  1202 D LOWI-9.0.1.68: [LOWIBackgroundScanMgr] isRspForBgScanMgr: evt(LOWI_NO_EVT) - not handled
11-10 20:20:55.248  1161  1202 D LOWI-9.0.1.68: [LOWIScheduler] manageMsg: NULL results or NULL request in results
11-10 20:20:55.249  1161  1202 D LOWI-9.0.1.68: [LOWIController] Measurements received
11-10 20:20:55.249  1161  1202 D LOWI-9.0.1.68: [LOWICacheManager] putInCache:Num of Meas to add: 17
11-10 20:20:55.249  1161  1202 D LOWI-9.0.1.68: [LOWIController] processMeasurementResults: No current Request. Cache measurements
11-10 20:20:55.249  1161  1202 D LOWI-9.0.1.68: [LOWIController] sendAsyncScanResponse: Request FreeWifiScanObserver_0 is from a different client.
11-10 20:20:55.249  1161  1202 D LOWI-9.0.1.68: [LOWIController] generateResponse: Type (ASYNC_DISCOVERY_SCAN_RESULTS) ScanStatus (1) request FreeWifiScanObserver_0
11-10 20:20:55.249  1161  1202 D LOWI-9.0.1.68: [LOWIEventDispatcher] sendResponse - originator = FreeWifiScanObserver
11-10 20:20:55.249  1161  1202 D LOWI-9.0.1.68: [LOWIUtils] injectScanMeasurements - num of APs = 17
11-10 20:20:55.250   756  5798 V WifiHAL : event received NL80211_CMD_NEW_SCAN_RESULTS
11-10 20:20:55.251  1161  1202 I LOWI-9.0.1.68: [LOWIUtils] responseToOutPostcard - TO: FreeWifiScanObserver, FROM:   LOWI-SERVER, RESP:  LOWI_ASYNC_DISCOVERY_SCAN_RESULTS
11-10 20:20:55.257  1374  1604 W IE_Capabilities: Unknown RSN cipher suite: aac0f00
11-10 20:20:55.257  1374  1604 D WificondScannerImpl: Filtering out 9 scan results.
11-10 20:20:55.257  1161  7347 D LOWI-9.0.1.68: [LOWI-Scan] WipsScanUsingNL:wait -1 sec for netlink message
11-10 20:20:55.275  1161  1202 D LOWI-9.0.1.68: [LOWIControllerExtn] sendLOWILpDiscoveryScanResponse: Not a discovery scan response
11-10 20:20:55.284   748  1825 I LocSvc_api_v02: ---> locClientSendReq line 2412 QMI_LOC_INJECT_WIFI_AP_DATA_REQ_V02
11-10 20:20:55.285   748  3244 I LocSvc_ApiV02: <--- globalRespCb line 277 QMI_LOC_INJECT_WIFI_AP_DATA_REQ_V02
11-10 20:20:55.289  1374  2444 I WifiService: startScan uid=1001000
11-10 20:20:55.300  1161  7347 D LOWI-9.0.1.68: [LOWI-Scan] wait_event:Wait done with Cmd 33
11-10 20:20:55.300  1161  7347 D LOWI-9.0.1.68: [LOWI-Scan] do_listen_events: Rcvd valid Netlink Cmd 0 Err 0
11-10 20:20:55.301   756  5798 V WifiHAL : event received NL80211_CMD_TRIGGER_SCAN
11-10 20:20:55.329  7270  7354 I StandardNetworkDetailsTracker: Scanning stopped
11-10 20:20:55.335  7270  7270 I ImeTracker: com.android.car.settings:6ed08e1b: onRequestHide at ORIGIN_CLIENT_HIDE_SOFT_INPUT reason HIDE_SOFT_INPUT
11-10 20:20:55.337  1374  2444 I ImeTracker: com.android.car.settings:6ed08e1b: onCancelled at PHASE_SERVER_SHOULD_HIDE
11-10 20:20:55.340   794  1435 D PermissionCache: checking android.permission.READ_FRAME_BUFFER for uid=1000 => granted (359 us)
11-10 20:20:55.360     0     0 I servicemanager: Could not find android.hardware.graphics.allocator.IAllocator/default in the VINTF manifest.
11-10 20:20:55.366     0     0 I servicemanager: Could not find android.hardware.graphics.allocator.IAllocator/default in the VINTF manifest.
11-10 20:20:55.365  1374  2444 D ActivityTrigger: ActivityTrigger activityPauseTrigger 
11-10 20:20:55.390  1374  7497 I AdrenoGLES-0: QUALCOMM build                   : 0a31cc5b53, I80d2918b26
11-10 20:20:55.390  1374  7497 I AdrenoGLES-0: Build Date                       : 09/27/23
11-10 20:20:55.390  1374  7497 I AdrenoGLES-0: OpenGL ES Shader Compiler Version: EV031.32.02.17
11-10 20:20:55.390  1374  7497 I AdrenoGLES-0: Local Branch                     : 
11-10 20:20:55.390  1374  7497 I AdrenoGLES-0: Remote Branch                    : 
11-10 20:20:55.390  1374  7497 I AdrenoGLES-0: Remote Branch                    : 
11-10 20:20:55.390  1374  7497 I AdrenoGLES-0: Reconstruct Branch               : 
11-10 20:20:55.390  1374  7497 I AdrenoGLES-0: Build Config                     : S P 10.0.7 AArch64
11-10 20:20:55.390  1374  7497 I AdrenoGLES-0: Driver Path                      : /vendor/lib64/egl/libGLESv2_adreno.so
11-10 20:20:55.395  7270  7270 W WindowOnBackDispatcher: OnBackInvokedCallback is not enabled for the application.
11-10 20:20:55.395  7270  7270 W WindowOnBackDispatcher: Set 'android:enableOnBackInvokedCallback="true"' in the application manifest.
11-10 20:20:55.409  1374  7497 I AdrenoGLES-0: PFP: 0x016ee197, ME: 0x00000000
11-10 20:20:55.410   794   794 I BpBinder: onLastStrongRef automatically unlinking death recipients: 
11-10 20:20:55.415  7270  7270 I TetheringManager: registerTetheringEventCallback caller:com.android.car.settings
11-10 20:20:55.417  7270  7270 V WifiManager: registerSoftApCallback: callback=com.android.car.settings.wifi.WifiTetheringHandler$1@27a9b8b, executor=android.os.HandlerExecutor@21ac468
11-10 20:20:55.418  7270  7286 V WifiManager: SoftApCallbackProxy on mode 1, send InfoChanged, newInfo: SoftApInfo{bandwidth= 0, frequency= 0, wifiStandard= 0, mApInstanceIdentifier= null, mIdleShutdownTimeoutMillis= 0}
11-10 20:20:55.418  7270  7286 V WifiManager: SoftApCallbackProxy on mode 1, send InfoChanged, changedInfoList: []
11-10 20:20:55.418  7270  7286 V WifiManager: SoftApCallbackProxy on mode 1, send onConnectedClientsChanged(clients): []
11-10 20:20:55.432  3681  7495 I VehicleMqttService: MQTT connect() initiated successfully (onSuccess)
11-10 20:20:55.437  3681  7495 I VehicleMqttService: Started periodic pinging every 2 seconds (with fixed delay).
11-10 20:20:55.437  3681  7495 I VehicleMqttService: MQTT Connected. Reconnect=false
11-10 20:20:55.438  7270  7321 I WifiPickerTracker: Scanning started
11-10 20:20:55.438  7270  7321 E WifiScanner: listener does not exist
11-10 20:20:55.439  7270  7322 I WifiPickerTracker: Scanning started
11-10 20:20:55.439  7270  7322 E WifiScanner: listener does not exist
11-10 20:20:55.441  7270  7324 I WifiPickerTracker: Scanning started
11-10 20:20:55.441  7270  7324 E WifiScanner: listener does not exist
11-10 20:20:55.444  1374  2356 D ConnectivityService: requestNetwork for uid/pid:1001000/7270 activeRequest: null callbackRequest: 80 [NetworkRequest [ REQUEST id=81, [ Capabilities: INTERNET&NOT_RESTRICTED&TRUSTED&NOT_VCN_MANAGED Uid: 1001000 RequestorUid: 1001000 RequestorPkg: com.android.car.settings UnderlyingNetworks: Null] ]] callback flags: 1 order: 2147483647
11-10 20:20:55.446  1374  1608 D ConnectivityService: NetReassign [no changes] [c 0] [a 1] [i 2]
11-10 20:20:55.450  1374  1600 D WifiNetworkFactory: got request NetworkRequest [ REQUEST id=81, [ Capabilities: INTERNET&NOT_RESTRICTED&TRUSTED&NOT_VCN_MANAGED Uid: 1001000 RequestorUid: 1001000 RequestorPkg: com.android.car.settings UnderlyingNetworks: Null] ]
11-10 20:20:55.451  1374  1600 D UntrustedWifiNetworkFactory: got request NetworkRequest [ REQUEST id=81, [ Capabilities: INTERNET&NOT_RESTRICTED&TRUSTED&NOT_VCN_MANAGED Uid: 1001000 RequestorUid: 1001000 RequestorPkg: com.android.car.settings UnderlyingNetworks: Null] ]
11-10 20:20:55.451  1374  1600 D OemPaidWifiNetworkFactory: got request NetworkRequest [ REQUEST id=81, [ Capabilities: INTERNET&NOT_RESTRICTED&TRUSTED&NOT_VCN_MANAGED Uid: 1001000 RequestorUid: 1001000 RequestorPkg: com.android.car.settings UnderlyingNetworks: Null] ]
11-10 20:20:55.451  1374  1600 D MultiInternetWifiNetworkFactory: got request NetworkRequest [ REQUEST id=81, [ Capabilities: INTERNET&NOT_RESTRICTED&TRUSTED&NOT_VCN_MANAGED Uid: 1001000 RequestorUid: 1001000 RequestorPkg: com.android.car.settings UnderlyingNetworks: Null] ]
11-10 20:20:55.451  1374  1608 D ConnectivityService: NetReassign [81 : null  100] [c 0] [a 1] [i 3]
11-10 20:20:55.453  1374  3008 D ConnectivityService: requestNetwork for uid/pid:1001000/7270 activeRequest: null callbackRequest: 84 [NetworkRequest [ REQUEST id=85, [ Capabilities: INTERNET&NOT_RESTRICTED&TRUSTED&NOT_VCN_MANAGED Uid: 1001000 RequestorUid: 1001000 RequestorPkg: com.android.car.settings UnderlyingNetworks: Null] ]] callback flags: 1 order: 2147483647
11-10 20:20:55.456  1374  1608 D ConnectivityService: NetReassign [no changes] [c 0] [a 2] [i 1]
11-10 20:20:55.461  1374  1608 D ConnectivityService: NetReassign [85 : null  100] [c 0] [a 1] [i 2]
11-10 20:20:55.462  7270  7290 E OpenGLRenderer: Unable to match the desired swap behavior.
11-10 20:20:55.462  1374  3008 D ConnectivityService: requestNetwork for uid/pid:1001000/7270 activeRequest: null callbackRequest: 88 [NetworkRequest [ REQUEST id=89, [ Capabilities: INTERNET&NOT_RESTRICTED&TRUSTED&NOT_VCN_MANAGED Uid: 1001000 RequestorUid: 1001000 RequestorPkg: com.android.car.settings UnderlyingNetworks: Null] ]] callback flags: 1 order: 2147483647
11-10 20:20:55.465  1374  1608 D ConnectivityService: NetReassign [no changes] [c 0] [a 1] [i 1]
11-10 20:20:55.465  1374  1600 D WifiNetworkFactory: got request NetworkRequest [ REQUEST id=85, [ Capabilities: INTERNET&NOT_RESTRICTED&TRUSTED&NOT_VCN_MANAGED Uid: 1001000 RequestorUid: 1001000 RequestorPkg: com.android.car.settings UnderlyingNetworks: Null] ]
11-10 20:20:55.465  1374  1600 D UntrustedWifiNetworkFactory: got request NetworkRequest [ REQUEST id=85, [ Capabilities: INTERNET&NOT_RESTRICTED&TRUSTED&NOT_VCN_MANAGED Uid: 1001000 RequestorUid: 1001000 RequestorPkg: com.android.car.settings UnderlyingNetworks: Null] ]
11-10 20:20:55.465  1374  1600 D OemPaidWifiNetworkFactory: got request NetworkRequest [ REQUEST id=85, [ Capabilities: INTERNET&NOT_RESTRICTED&TRUSTED&NOT_VCN_MANAGED Uid: 1001000 RequestorUid: 1001000 RequestorPkg: com.android.car.settings UnderlyingNetworks: Null] ]
11-10 20:20:55.466  1374  1600 D MultiInternetWifiNetworkFactory: got request NetworkRequest [ REQUEST id=85, [ Capabilities: INTERNET&NOT_RESTRICTED&TRUSTED&NOT_VCN_MANAGED Uid: 1001000 RequestorUid: 1001000 RequestorPkg: com.android.car.settings UnderlyingNetworks: Null] ]
11-10 20:20:55.467  1374  1608 D ConnectivityService: NetReassign [89 : null  100] [c 0] [a 1] [i 1]
11-10 20:20:55.467  1374  1600 D WifiNetworkFactory: got request NetworkRequest [ REQUEST id=89, [ Capabilities: INTERNET&NOT_RESTRICTED&TRUSTED&NOT_VCN_MANAGED Uid: 1001000 RequestorUid: 1001000 RequestorPkg: com.android.car.settings UnderlyingNetworks: Null] ]
11-10 20:20:55.468  1374  1600 D UntrustedWifiNetworkFactory: got request NetworkRequest [ REQUEST id=89, [ Capabilities: INTERNET&NOT_RESTRICTED&TRUSTED&NOT_VCN_MANAGED Uid: 1001000 RequestorUid: 1001000 RequestorPkg: com.android.car.settings UnderlyingNetworks: Null] ]
11-10 20:20:55.468  1374  1600 D OemPaidWifiNetworkFactory: got request NetworkRequest [ REQUEST id=89, [ Capabilities: INTERNET&NOT_RESTRICTED&TRUSTED&NOT_VCN_MANAGED Uid: 1001000 RequestorUid: 1001000 RequestorPkg: com.android.car.settings UnderlyingNetworks: Null] ]
11-10 20:20:55.468  1374  1600 D MultiInternetWifiNetworkFactory: got request NetworkRequest [ REQUEST id=89, [ Capabilities: INTERNET&NOT_RESTRICTED&TRUSTED&NOT_VCN_MANAGED Uid: 1001000 RequestorUid: 1001000 RequestorPkg: com.android.car.settings UnderlyingNetworks: Null] ]
11-10 20:20:55.490  7270  7270 D FocusParkingView: The window of Activity [com.android.car.settings.common.SubSettingsActivity@b98529d] lost focus
11-10 20:20:55.490  7270  7270 D FocusAreaHelper: The window of Activity [com.android.car.settings.common.SubSettingsActivity@b98529d] lost focus
11-10 20:20:55.490  7270  7270 D FocusParkingView: The window of Activity [com.android.car.settings.common.SubSettingsActivity@b98529d] lost focus
11-10 20:20:55.491  7270  7270 D FocusAreaHelper: The window of Activity [com.android.car.settings.common.SubSettingsActivity@b98529d] lost focus
11-10 20:20:55.502  3681  7495 I VehicleMqttService: Successfully subscribed to topics: android_test_thing_01/commands/vcu, android_test_thing_01/commands/fota
11-10 20:20:55.503   545   545 D QtiVehicleHal : VhalGet.
11-10 20:20:55.504   545   545 I QtiVehicleHal : VhalGet, prop 0x11410105, time 0
11-10 20:20:55.504   545   545 D QtiVehicleHal : VhalGet.
11-10 20:20:55.504   545   545 I QtiVehicleHal : VhalGet, prop 0x11410105, time 0
11-10 20:20:55.507  2045  7353 D ApfFilter: (wlan0): Adding RA fe80::ac7a:e9ff:fe4c:ad43 -> ff02::1 7200s 2401:4900:33b1:7b52::/64 7200s/7200s DNS 7200s 2401:4900:33b1:7b52::8f 
11-10 20:20:55.515   756   756 V WifiHAL : WifiVendorCommand 0xb4000072baf59900 created vendor_id:0x1374 subcmd:83
11-10 20:20:55.530  7270  7270 D FocusParkingView: The window of Activity [com.android.car.settings.common.SubSettingsActivity@a99b5d3] gained focus
11-10 20:20:55.530  7270  7270 D FocusAreaHelper: The window of Activity [com.android.car.settings.common.SubSettingsActivity@a99b5d3] gained focus
11-10 20:20:55.530  7270  7270 D FocusParkingView: The window of Activity [com.android.car.settings.common.SubSettingsActivity@a99b5d3] gained focus
11-10 20:20:55.530  7270  7270 D FocusAreaHelper: The window of Activity [com.android.car.settings.common.SubSettingsActivity@a99b5d3] gained focus
11-10 20:20:55.531  7270  7270 D FocusAreaHelper: The window of Activity [com.android.car.settings.common.SubSettingsActivity@a99b5d3] gained focus
11-10 20:20:55.533  1374  2356 I ImeTracker: com.android.car.settings:e43e7482: onRequestHide at ORIGIN_SERVER_HIDE_INPUT reason HIDE_UNSPECIFIED_WINDOW
11-10 20:20:55.533  1374  2356 I ImeTracker: com.android.car.settings:e43e7482: onCancelled at PHASE_SERVER_SHOULD_HIDE
11-10 20:20:55.615  3681  7495 I VehicleMqttService: Successfully subscribed to topics: android_test_thing_01/commands/vcu, android_test_thing_01/commands/fota
11-10 20:20:56.012  1998  2018 W DynamicDDSService: appName is not found in cache: com.android.car.settings
11-10 20:20:56.016  7270  7290 D OpenGLRenderer: endAllActiveAnimators on 0xb40000768845ea40 (RippleDrawable) with handle 0xb4000076983e0920
11-10 20:20:56.021  1062  1062 E Bikelogs: recvfrom error: Try again
11-10 20:20:56.027  1374  2361 D CompatibilityChangeReporter: Compat change id reported: 261072174; UID 1001000; state: ENABLED
11-10 20:20:56.032  7270  7270 W WindowOnBackDispatcher: sendCancelIfRunning: isInProgress=falsecallback=android.view.ViewRootImpl$$ExternalSyntheticLambda17@37ebd77
11-10 20:20:56.033  1374  3734 D CoreBackPreview: Window{30c0d79 u10 com.android.car.settings/com.android.car.settings.common.SubSettingsActivity}: Setting back callback null
11-10 20:20:56.035  1374  3008 W InputManager-JNI: Input channel object '30c0d79 com.android.car.settings/com.android.car.settings.common.SubSettingsActivity (client)' was disposed without first being removed with the input manager!
11-10 20:20:56.159  2001  3441 D QCNEJ/WlanStaInfoRelay: Received action: android.net.wifi.RSSI_CHANGED
11-10 20:20:56.275  7270  7282 W id.car.settings: ApkAssets: Deleting an ApkAssets object '<empty> and /system_ext/priv-app/EmergencyInfo/EmergencyInfo.apk' with 2 weak references
11-10 20:20:56.276  7270  7282 W id.car.settings: ApkAssets: Deleting an ApkAssets object '<empty> and /system/app/Traceur/Traceur.apk' with 1 weak references
11-10 20:20:56.276  7270  7282 W id.car.settings: ApkAssets: Deleting an ApkAssets object '<empty> and /system/app/SystemUpdater/SystemUpdater.apk' with 2 weak references
11-10 20:20:56.276  7270  7282 W id.car.settings: ApkAssets: Deleting an ApkAssets object '<empty> and /apex/com.android.healthfitness/priv-app/HealthConnectController@UKQ1.250303.001/HealthConnectController.apk' with 1 weak references
11-10 20:20:56.277  7270  7282 W id.car.settings: ApkAssets: Deleting an ApkAssets object '<empty> and /system_ext/priv-app/SecondaryBluetooth/SecondaryBluetooth.apk' with 2 weak references
11-10 20:20:56.277  7270  7282 W id.car.settings: ApkAssets: Deleting an ApkAssets object '<empty> and /system_ext/app/QColor/QColor.apk' with 1 weak references
11-10 20:20:56.282  7270  7282 V CAR.L   : Calling disconnect() on finalize()
11-10 20:20:56.568  1374  2788 E TaskPersister: File error accessing recents directory (directory doesn't exist?).
11-10 20:20:56.571  1374  2788 E TaskPersister: File error accessing recents directory (directory doesn't exist?).
11-10 20:20:56.900     0     0 I init    : starting service 'mc_logger'...
11-10 20:20:56.911     0     0 I init    : ... started service 'mc_logger' has pid 7502
11-10 20:20:56.911     0     0 I init    : starting service 'my_uv_service'...
11-10 20:20:56.929     0     0 I init    : ... started service 'my_uv_service' has pid 7503
11-10 20:20:56.944  7502  7502 I MC_LOGGER: Motor Controller Logger Service Starting...
11-10 20:20:56.944  7502  7502 E MC_LOGGER: Failed to open UART device /dev/ttyMSM0: Permission denied
11-10 20:20:56.944  7502  7502 E MC_LOGGER: Motor Controller UART Initialization failed!
11-10 20:20:56.954     0     0 I init    : Service 'mc_logger' (pid 7502) exited with status 1
11-10 20:20:56.954     0     0 I init    : Sending signal 9 to service 'mc_logger' (pid 7502) process group...
11-10 20:20:56.954     0     0 I libprocessgroup: Successfully killed process cgroup uid 1000 pid 7502 in 0ms
11-10 20:20:56.950  7503  7503 W ProcessState: Opening '/dev/vndbinder' failed: Permission denied
11-10 20:20:56.950  7503  7503 F ProcessState: Binder driver '/dev/vndbinder' could not be opened.  Terminating.
11-10 20:20:56.951  7503  7503 F libc    : Fatal signal 6 (SIGABRT), code -1 (SI_QUEUE) in tid 7503 (my_uv_service), pid 7503 (my_uv_service)
11-10 20:20:56.971  7506  7506 I crash_dump64: obtaining output fd from tombstoned, type: kDebuggerdTombstoneProto
11-10 20:20:56.972   586   586 I tombstoned: received crash request for pid 7503
11-10 20:20:56.972  7506  7506 I crash_dump64: performing dump of process 7503 (target tid = 7503)
11-10 20:20:57.001     0     0 I logd    : logdr: UID=1000 GID=1000 PID=7506 n tail=500 logMask=8 pid=7503 start=0ns deadline=0ns
11-10 20:20:57.002     0     0 I logd    : logdr: UID=1000 GID=1000 PID=7506 n tail=500 logMask=1 pid=7503 start=0ns deadline=0ns
11-10 20:20:56.997  7506  7506 F DEBUG   : *** *** *** *** *** *** *** *** *** *** *** *** *** *** *** ***
11-10 20:20:56.997  7506  7506 F DEBUG   : Build fingerprint: 'qti/bengal_2w/bengal_2w:14/UKQ1.250303.001/eng.uvbuil.20250915.113541:userdebug/test-keys'
11-10 20:20:56.997  7506  7506 F DEBUG   : Revision: '0'
11-10 20:20:56.997  7506  7506 F DEBUG   : ABI: 'arm64'
11-10 20:20:56.997  7506  7506 F DEBUG   : Timestamp: 2025-11-10 20:20:56.974072619+0530
11-10 20:20:56.997  7506  7506 F DEBUG   : Process uptime: 1s
11-10 20:20:56.997  7506  7506 F DEBUG   : Cmdline: /vendor/bin/my_uv_service
11-10 20:20:56.997  7506  7506 F DEBUG   : pid: 7503, tid: 7503, name: my_uv_service  >>> /vendor/bin/my_uv_service <<<
11-10 20:20:56.997  7506  7506 F DEBUG   : uid: 1000
11-10 20:20:56.997  7506  7506 F DEBUG   : signal 6 (SIGABRT), code -1 (SI_QUEUE), fault addr --------
11-10 20:20:56.997  7506  7506 F DEBUG   : Abort message: 'Binder driver '/dev/vndbinder' could not be opened.  Terminating.'
11-10 20:20:56.997  7506  7506 F DEBUG   :     x0  0000000000000000  x1  0000000000001d4f  x2  0000000000000006  x3  0000007fce1bec50
11-10 20:20:56.997  7506  7506 F DEBUG   :     x4  621f267164636d68  x5  621f267164636d68  x6  621f267164636d68  x7  7f7f7f7f7f7f7f7f
11-10 20:20:56.997  7506  7506 F DEBUG   :     x8  00000000000000f0  x9  000000783cedf1b8  x10 0000000000000001  x11 000000783cf27924
11-10 20:20:56.997  7506  7506 F DEBUG   :     x12 0000007fce1bec10  x13 0000000000000042  x14 0000007fce1bede0  x15 0000000000000000
11-10 20:20:56.997  7506  7506 F DEBUG   :     x16 000000783cf8fd18  x17 000000783cf6b3b0  x18 0000007840936000  x19 0000000000001d4f
11-10 20:20:56.997  7506  7506 F DEBUG   :     x20 0000000000001d4f  x21 00000000ffffffff  x22 000000783aab4028  x23 0000000000000000
11-10 20:20:56.997  7506  7506 F DEBUG   :     x24 0000000000000000  x25 0000000000000000  x26 0000000000000000  x27 0000000000000000
11-10 20:20:56.998  7506  7506 F DEBUG   :     x28 0000000000000000  x29 0000007fce1becd0
11-10 20:20:56.998  7506  7506 F DEBUG   :     lr  000000783cf18624  sp  0000007fce1bec30  pc  000000783cf18650  pst 0000000000000000
11-10 20:20:56.998  7506  7506 F DEBUG   : 7 total frames
11-10 20:20:56.998  7506  7506 F DEBUG   : backtrace:
11-10 20:20:56.998  7506  7506 F DEBUG   :       #00 pc 000000000005b650  /apex/com.android.runtime/lib64/bionic/libc.so (abort+168) (BuildId: 50118287324a156bc7be11d3d940c7be)
11-10 20:20:56.998  7506  7506 F DEBUG   :       #01 pc 0000000000006424  /system/lib64/liblog.so (__android_log_default_aborter+16) (BuildId: e05aefcb936d3c511dd026d3e152503f)
11-10 20:20:56.998  7506  7506 F DEBUG   :       #02 pc 000000000000701c  /system/lib64/liblog.so (__android_log_assert+312) (BuildId: e05aefcb936d3c511dd026d3e152503f)
