11-11 18:38:41.727  1414  2054 V StorageManagerService: Package com.qualcomm.qti.smq does not have legacy storage
11-11 18:38:41.727  1414  2054 V StorageManagerService: Package com.qualcomm.qti.sva does not have legacy storage
11-11 18:38:41.727  1414  2054 V StorageManagerService: Package com.qualcomm.qti.uim does not have legacy storage
11-11 18:38:41.728  1414  2054 V StorageManagerService: Package com.android.cts.ctsshim does not have legacy storage
11-11 18:38:41.728  1414  2054 V StorageManagerService: Package com.qti.telephonysettings does not have legacy storage
11-11 18:38:41.728  1414  2054 V StorageManagerService: Package com.ultraviolette.fotaservice has legacy storage
11-11 18:38:41.728  1414  2054 V StorageManagerService: Package com.qualcomm.qti.uimGbaApp does not have legacy storage
11-11 18:38:41.728  1414  2054 V StorageManagerService: Package com.caf.fmradio does not have legacy storage
11-11 18:38:41.728  1414  2054 V StorageManagerService: Package com.qti.diagservices has legacy storage
11-11 18:38:41.728  1414  2054 V StorageManagerService: Package com.android.permissioncontroller.car.rro does not have legacy storage
11-11 18:38:41.728  1414  2054 V StorageManagerService: Package com.android.vpndialogs does not have legacy storage
11-11 18:38:41.728  1414  2054 V StorageManagerService: Package com.android.ecall does not have legacy storage
11-11 18:38:41.728  1414  2054 V StorageManagerService: Package com.android.music does not have legacy storage
11-11 18:38:41.728  1414  2054 V StorageManagerService: Package com.android.phone does not have legacy storage
11-11 18:38:41.728  1414  2054 V StorageManagerService: Package com.android.shell does not have legacy storage
11-11 18:38:41.728  1414  2054 V StorageManagerService: Package com.android.sdksandbox does not have legacy storage
11-11 18:38:41.728  1414  2054 V StorageManagerService: Package org.codeaurora.snapcam does not have legacy storage
11-11 18:38:41.728  1414  2054 V StorageManagerService: Package com.android.providers.userdictionary does not have legacy storage
11-11 18:38:41.728  1414  2054 V StorageManagerService: Package com.android.providers.media.module does not have legacy storage
11-11 18:38:41.728  1414  2054 V StorageManagerService: Package com.qualcomm.qti.cam2test does not have legacy storage
11-11 18:38:41.728  1414  2054 V StorageManagerService: Package com.android.emergency does not have legacy storage
11-11 18:38:41.728  1414  2054 V StorageManagerService: Package com.android.hotspot2.osulogin does not have legacy storage
11-11 18:38:41.728  1414  2054 V StorageManagerService: Package com.qualcomm.qti.qmmi has legacy storage
11-11 18:38:41.728  1414  2054 V StorageManagerService: Package com.qualcomm.qti.usta does not have legacy storage
11-11 18:38:41.728  1414  2054 V StorageManagerService: Package com.qualcomm.qti.xrcb does not have legacy storage
11-11 18:38:41.728  1414  2054 V StorageManagerService: Package com.android.internal.systemui.navbar.gestural does not have legacy storage
11-11 18:38:41.728  1414  2054 V StorageManagerService: Package com.android.location.fused has legacy storage
11-11 18:38:41.728  1414  2054 V StorageManagerService: Package com.android.systemui does not have legacy storage
11-11 18:38:41.728  1414  2054 V StorageManagerService: Package com.android.bluetoothmidiservice does not have legacy storage
11-11 18:38:41.728  1414  2054 V StorageManagerService: Package com.qualcomm.qti.confdialer does not have legacy storage
11-11 18:38:41.729  1414  2054 V StorageManagerService: Package com.qualcomm.qti.poweroffalarm does not have legacy storage
11-11 18:38:41.729  1414  2054 V StorageManagerService: Package com.android.car.updatable does not have legacy storage
11-11 18:38:41.729  1414  2054 V StorageManagerService: Package com.qti.ltebc does not have legacy storage
11-11 18:38:41.729  1414  2054 V StorageManagerService: Package com.qti.phone does not have legacy storage
11-11 18:38:41.729  1414  2054 V StorageManagerService: Package com.qualcomm.qti.dcf.nearbyclient does not have legacy storage
11-11 18:38:41.729  1414  2054 V StorageManagerService: Package com.android.permissioncontroller does not have legacy storage
11-11 18:38:41.729  1414  2054 V StorageManagerService: Package com.android.traceur does not have legacy storage
11-11 18:38:41.729  1414  2054 V StorageManagerService: Package com.qualcomm.qti.qms.service.trustzoneaccess does not have legacy storage
11-11 18:38:41.729  1414  2054 V StorageManagerService: Package com.qti.dcf does not have legacy storage
11-11 18:38:41.729  1414  2054 V StorageManagerService: Package com.qti.qcc does not have legacy storage
11-11 18:38:41.729  1414  2054 V StorageManagerService: Package com.qualcomm.qtil.aptxui does not have legacy storage
11-11 18:38:41.729  1414  2054 V StorageManagerService: Package com.android.ondevicepersonalization.services does not have legacy storage
11-11 18:38:41.729  1414  2054 V StorageManagerService: Package com.qualcomm.qti.server.wigig.tethering.rro does not have legacy storage
11-11 18:38:41.730  1414  2054 V StorageManagerService: Package com.qualcomm.qtil.btdsda does not have legacy storage
11-11 18:38:41.730  1414  2054 V StorageManagerService: Package com.android.bluetooth does not have legacy storage
11-11 18:38:41.730  1414  2054 V StorageManagerService: Package com.qualcomm.timeservice does not have legacy storage
11-11 18:38:41.730  1414  2054 V StorageManagerService: Package com.qualcomm.atfwd does not have legacy storage
11-11 18:38:41.730  1414  2054 V StorageManagerService: Package com.android.providers.contacts does not have legacy storage
11-11 18:38:41.730  1414  2054 V StorageManagerService: Package com.android.captiveportallogin does not have legacy storage
11-11 18:38:41.731  1414  2054 V StorageManagerService: Package com.android.internal.systemui.navbar.gestural_narrow_back does not have legacy storage
11-11 18:38:41.731  1414  2054 V StorageManagerService: Package com.android.devicelockcontroller does not have legacy storage
11-11 18:38:41.731  1414  2054 V StorageManagerService: Package com.android.ext.adservices.api does not have legacy storage
11-11 18:38:41.731  1414  2054 V StorageManagerService: Package com.android.cellbroadcastreceiver.overlay.common does not have legacy storage
11-11 18:38:41.731  1414  2054 V StorageManagerService: Package com.qualcomm.qti.sensors.qsensortest does not have legacy storage
11-11 18:38:41.731  1414  2054 V StorageManagerService: Package com.google.android.car.adaslocation does not have legacy storage
11-11 18:38:41.733  1414  2057 D CompatibilityChangeReporter: Compat change id reported: 135634846; UID 1001; state: DISABLED
11-11 18:38:41.733  1414  2057 D CompatibilityChangeReporter: Compat change id reported: 177438394; UID 1001; state: DISABLED
11-11 18:38:41.733  1414  2057 D CompatibilityChangeReporter: Compat change id reported: 135772972; UID 1001; state: DISABLED
11-11 18:38:41.733  1414  2057 D CompatibilityChangeReporter: Compat change id reported: 135754954; UID 1001; state: ENABLED
11-11 18:38:41.736  1414  1586 W CameraService_proxy: Could not notify cameraserver, camera service not available.
11-11 18:38:41.736  1414  1586 I CameraService_proxy: Could not notify camera service of user switch, retrying...
11-11 18:38:41.737  1414  1414 D CompatibilityChangeReporter: Compat change id reported: 135634846; UID 1073; state: DISABLED
11-11 18:38:41.737  1414  1414 D CompatibilityChangeReporter: Compat change id reported: 177438394; UID 1073; state: DISABLED
11-11 18:38:41.737  1414  1414 D CompatibilityChangeReporter: Compat change id reported: 135772972; UID 1073; state: DISABLED
11-11 18:38:41.737  1414  1414 D CompatibilityChangeReporter: Compat change id reported: 135754954; UID 1073; state: ENABLED
11-11 18:38:41.738  1414  1414 V SystemServerTiming: StartNetworkStack took to complete: 15ms
11-11 18:38:41.738  1414  1414 D SystemServerTiming: StartTethering
11-11 18:38:41.740  1414  1414 V SystemServerTiming: StartTethering took to complete: 1ms
11-11 18:38:41.740  1414  1414 D SystemServerTiming: MakeCountryDetectionServiceReady
11-11 18:38:41.740  1414  1414 V SystemServerTiming: MakeCountryDetectionServiceReady took to complete: 1ms
11-11 18:38:41.740  1414  1414 D SystemServerTiming: MakeNetworkTimeUpdateReady
11-11 18:38:41.740  1414  1472 D CountryDetector: Using custom country detector class: com.android.server.location.ComprehensiveCountryDetector
11-11 18:38:41.740  1414  1472 E CountryDetector: Could not instantiate the custom country detector class
11-11 18:38:41.740  1414  1472 D CountryDetector: Using default country detector
11-11 18:38:41.741  1414  2054 V SystemServerTimingAsync: ssm.onStartUser-10_com.android.server.StorageManagerService$Lifecycle took to complete: 44ms
11-11 18:38:41.741  1414  1414 V SystemServerTiming: MakeNetworkTimeUpdateReady took to complete: 1ms
11-11 18:38:41.741  1414  1414 D SystemServerTiming: MakeInputManagerServiceReady
11-11 18:38:41.745  1414  1474 I ActivityManager: Start proc 2059:.dataservices/1001 for service {com.qualcomm.qti.dynamicddsservice/com.qualcomm.qti.dynamicddsservice.DynamicDDSService}
11-11 18:38:41.749  1414  1414 V SystemServerTiming: MakeInputManagerServiceReady took to complete: 7ms
11-11 18:38:41.749  1414  1414 D SystemServerTiming: MakeTelephonyRegistryReady
11-11 18:38:41.749  1414  1414 V SystemServerTiming: MakeTelephonyRegistryReady took to complete: 1ms
11-11 18:38:41.749  1414  1414 D SystemServerTiming: MakeMediaRouterServiceReady
11-11 18:38:41.750  1414  1414 I MR2ServiceImpl: switchUser | user: 10
11-11 18:38:41.750  1414  1414 V SystemServerTiming: MakeMediaRouterServiceReady took to complete: 1ms
11-11 18:38:41.750  1414  1414 D SystemServerTiming: MakeMmsServiceReady
11-11 18:38:41.751  1414  1414 I MmsServiceBroker: Delay connecting to MmsService until an API is called
11-11 18:38:41.751  1414  1414 V SystemServerTiming: MakeMmsServiceReady took to complete: 0ms
11-11 18:38:41.751  1414  1414 D SystemServerTiming: IncidentDaemonReady
11-11 18:38:41.751  1414  1414 V SystemServerTiming: IncidentDaemonReady took to complete: 1ms
11-11 18:38:41.752  1414  1414 D SystemServerTiming: MakeIncrementalServiceReady
11-11 18:38:41.752  1414  1414 V SystemServerTiming: MakeIncrementalServiceReady took to complete: 0ms
11-11 18:38:41.752  1414  1414 D SystemServerTiming: OdsignStatsLogger
11-11 18:38:41.752  1414  1414 V SystemServerTiming: OdsignStatsLogger took to complete: 1ms
11-11 18:38:41.752  1414  1414 D SystemServerTiming: getCurrentUser
11-11 18:38:41.752  1414  1414 I ActivityManager: Current user:10
11-11 18:38:41.752  1414  1414 V SystemServerTiming: getCurrentUser took to complete: 0ms
11-11 18:38:41.752  1414  1414 D SystemServerTiming: ActivityManagerStartApps
11-11 18:38:41.752  1414  1414 D SystemServerTiming: startPersistentApps
11-11 18:38:41.757  1414  1586 W CameraService_proxy: Could not notify cameraserver, camera service not available.
11-11 18:38:41.757  1414  1586 I CameraService_proxy: Could not notify camera service of user switch, retrying...
11-11 18:38:41.767  1414  1414 D CompatibilityChangeReporter: Compat change id reported: 135634846; UID 10081; state: DISABLED
11-11 18:38:41.767  1414  1414 D CompatibilityChangeReporter: Compat change id reported: 177438394; UID 10081; state: DISABLED
11-11 18:38:41.767  1414  1414 D CompatibilityChangeReporter: Compat change id reported: 135772972; UID 10081; state: DISABLED
11-11 18:38:41.767  1414  1414 D CompatibilityChangeReporter: Compat change id reported: 135754954; UID 10081; state: ENABLED
11-11 18:38:41.770  1414  1414 D CompatibilityChangeReporter: Compat change id reported: 135634846; UID 10109; state: DISABLED
11-11 18:38:41.770  1414  1414 D CompatibilityChangeReporter: Compat change id reported: 177438394; UID 10109; state: DISABLED
11-11 18:38:41.771  1414  1414 D CompatibilityChangeReporter: Compat change id reported: 135772972; UID 10109; state: DISABLED
11-11 18:38:41.771  1414  1414 D CompatibilityChangeReporter: Compat change id reported: 135754954; UID 10109; state: ENABLED
11-11 18:38:41.772  1414  1414 D CompatibilityChangeReporter: Compat change id reported: 135634846; UID 10112; state: DISABLED
11-11 18:38:41.773  1414  1414 D CompatibilityChangeReporter: Compat change id reported: 177438394; UID 10112; state: DISABLED
11-11 18:38:41.773  1414  1414 D CompatibilityChangeReporter: Compat change id reported: 135772972; UID 10112; state: DISABLED
11-11 18:38:41.773  1414  1414 D CompatibilityChangeReporter: Compat change id reported: 135754954; UID 10112; state: ENABLED
11-11 18:38:41.775  1414  1414 D CompatibilityChangeReporter: Compat change id reported: 135634846; UID 1000; state: DISABLED
11-11 18:38:41.775  1414  1414 D CompatibilityChangeReporter: Compat change id reported: 177438394; UID 1000; state: DISABLED
11-11 18:38:41.775  1414  1414 D CompatibilityChangeReporter: Compat change id reported: 135772972; UID 1000; state: DISABLED
11-11 18:38:41.776  1414  1414 D CompatibilityChangeReporter: Compat change id reported: 135754954; UID 1000; state: ENABLED
11-11 18:38:41.777  1414  1414 D CompatibilityChangeReporter: Compat change id reported: 135634846; UID 10117; state: DISABLED
11-11 18:38:41.778  1414  1414 D CompatibilityChangeReporter: Compat change id reported: 177438394; UID 10117; state: DISABLED
11-11 18:38:41.778  1414  1586 W CameraService_proxy: Could not notify cameraserver, camera service not available.
11-11 18:38:41.778  1414  1586 I CameraService_proxy: Could not notify camera service of user switch, retrying...
11-11 18:38:41.778  1414  1414 D CompatibilityChangeReporter: Compat change id reported: 135772972; UID 10117; state: DISABLED
11-11 18:38:41.778  1414  1414 D CompatibilityChangeReporter: Compat change id reported: 135754954; UID 10117; state: ENABLED
11-11 18:38:41.780  1414  1414 D CompatibilityChangeReporter: Compat change id reported: 135634846; UID 1068; state: DISABLED
11-11 18:38:41.788     0     0 I binder  : 2060:2060 ioctl 40046210 7fea663b10 returned -22
11-11 18:38:41.784  1414  1414 D CompatibilityChangeReporter: Compat change id reported: 135634846; UID 10124; state: DISABLED
11-11 18:38:41.784  1414  1414 D CompatibilityChangeReporter: Compat change id reported: 177438394; UID 10124; state: DISABLED
11-11 18:38:41.784  1414  1414 D CompatibilityChangeReporter: Compat change id reported: 135772972; UID 10124; state: DISABLED
11-11 18:38:41.785  1414  1414 D CompatibilityChangeReporter: Compat change id reported: 135754954; UID 10124; state: ENABLED
11-11 18:38:41.785  1414  2055 V SystemServerTiming: Permission_synchronize_addPackages-10 took to complete: 77ms
11-11 18:38:41.785  1414  2055 D SystemServerTiming: Permission_syncPackages-10
11-11 18:38:41.786  1414  1414 D CompatibilityChangeReporter: Compat change id reported: 135634846; UID 10148; state: DISABLED
11-11 18:38:41.793     0     0 I binder  : 2059:2059 ioctl 40046210 7fea663b10 returned -22
11-11 18:38:41.786  1414  1414 D CompatibilityChangeReporter: Compat change id reported: 177438394; UID 10148; state: DISABLED
11-11 18:38:41.786  1414  1414 D CompatibilityChangeReporter: Compat change id reported: 135772972; UID 10148; state: DISABLED
11-11 18:38:41.787  1414  1414 D CompatibilityChangeReporter: Compat change id reported: 135754954; UID 10148; state: ENABLED
11-11 18:38:41.788  1414  1414 D CompatibilityChangeReporter: Compat change id reported: 135634846; UID 10111; state: DISABLED
11-11 18:38:41.788  1414  1414 D CompatibilityChangeReporter: Compat change id reported: 177438394; UID 10111; state: DISABLED
11-11 18:38:41.788  1414  1414 D CompatibilityChangeReporter: Compat change id reported: 135772972; UID 10111; state: DISABLED
11-11 18:38:41.789  1414  1414 D CompatibilityChangeReporter: Compat change id reported: 135754954; UID 10111; state: ENABLED
11-11 18:38:41.789  1414  1414 V SystemServerTiming: startPersistentApps took to complete: 36ms
11-11 18:38:41.789  1414  1414 D SystemServerTiming: showSystemReadyErrorDialogs
11-11 18:38:41.793  1414  2055 V SystemServerTiming: Permission_syncPackages-10 took to complete: 8ms
11-11 18:38:41.793  1414  2055 V SystemServerTiming: Permission_synchronize_permissions-10 took to complete: 86ms
11-11 18:38:41.793  1414  2055 D SystemServerTiming: Permission_onInitialized-10
11-11 18:38:41.793  1414  2055 I PermissionManager: Permission ownership changed. Updating all permissions.
11-11 18:38:41.798  1414  1586 W CameraService_proxy: Could not notify cameraserver, camera service not available.
11-11 18:38:41.798  1414  1586 I CameraService_proxy: Could not notify camera service of user switch, retrying...
11-11 18:38:41.819  1414  1586 W CameraService_proxy: Could not notify cameraserver, camera service not available.
11-11 18:38:41.819  1414  1586 I CameraService_proxy: Could not notify camera service of user switch, retrying...
11-11 18:38:41.839  1414  1586 W CameraService_proxy: Could not notify cameraserver, camera service not available.
11-11 18:38:41.839  1414  1586 I CameraService_proxy: Could not notify camera service of user switch, retrying...
11-11 18:38:41.860  1414  1586 W CameraService_proxy: Could not notify cameraserver, camera service not available.
11-11 18:38:41.860  1414  1586 I CameraService_proxy: Could not notify camera service of user switch, retrying...
11-11 18:38:41.863  1414  1414 V SystemServerTiming: showSystemReadyErrorDialogs took to complete: 74ms
11-11 18:38:41.863  1414  1414 I ActivityManager: Not sending multi-user broadcasts for non-system user 10
11-11 18:38:41.863  1414  1414 D SystemServerTiming: resumeTopActivities
11-11 18:38:41.866  1414  1414 V SystemServerTiming: resumeTopActivities took to complete: 2ms
11-11 18:38:41.866  1414  1414 D SystemServerTiming: setBinderProxies
11-11 18:38:41.866  1414  1414 V SystemServerTiming: setBinderProxies took to complete: 0ms
11-11 18:38:41.866  1414  1414 V SystemServerTiming: ActivityManagerStartApps took to complete: 113ms
11-11 18:38:41.866  1414  1414 D SystemServerTiming: componentAlias
11-11 18:38:41.866  1414  1414 D ComponentAliasResolver: Compat listener set.
11-11 18:38:41.866  1414  1414 V SystemServerTiming: componentAlias took to complete: 1ms
11-11 18:38:41.866  1414  1414 V SystemServerTiming: PhaseActivityManagerReady took to complete: 1654ms
11-11 18:38:41.866  1414  1414 D SystemServerTiming: LockSettingsThirdPartyAppsStarted
11-11 18:38:41.866  1414  1414 V SystemServerTiming: LockSettingsThirdPartyAppsStarted took to complete: 0ms
11-11 18:38:41.867  1414  1414 D SystemServerTiming: StartSystemUI
11-11 18:38:41.867  1414  1474 W ActivityManager: Slow operation: 131ms so far, now at startProcess: done updating battery stats
11-11 18:38:41.867  1414  1474 W ActivityManager: Slow operation: 131ms so far, now at startProcess: building log message
11-11 18:38:41.867  1414  1474 I ActivityManager: Start proc 2060:com.android.networkstack.process/1073 for service {com.android.networkstack/com.android.server.NetworkStackService}
11-11 18:38:41.867  1414  1474 W ActivityManager: Slow operation: 131ms so far, now at startProcess: starting to update pids map
11-11 18:38:41.867  1414  1474 W ActivityManager: Slow operation: 132ms so far, now at startProcess: done updating pids map
11-11 18:38:41.867  1414  1474 W ActivityManager: Slow operation: 113ms so far, now at startProcess: asking zygote to start proc
11-11 18:38:41.867  1414  1474 D CompatibilityChangeReporter: Compat change id reported: 143937733; UID 10081; state: ENABLED
11-11 18:38:41.867  1414  2055 V SystemServerTiming: Permission_onInitialized-10 took to complete: 74ms
11-11 18:38:41.867  1414  2055 W SystemServiceManager: Service com.android.server.policy.PermissionPolicyService took 160 ms in onStartUser-10
11-11 18:38:41.868  1414  2055 V SystemServerTimingAsync: ssm.onStartUser-10_com.android.server.policy.PermissionPolicyService took to complete: 160ms
11-11 18:38:41.868  1414  1746 D CompatibilityChangeReporter: Compat change id reported: 168419799; UID 1073; state: DISABLED
11-11 18:38:41.868  1414  1473 V SystemServerTimingAsync: ssm.StartUser-10 took to complete: 221ms
11-11 18:38:41.868  1414  1746 D CompatibilityChangeReporter: Compat change id reported: 273564678; UID 1073; state: DISABLED
11-11 18:38:41.869  1414  1473 D SystemServerTimingAsync: ssm.SwitchUser-10
11-11 18:38:41.869  1414  1473 I SystemServiceManager: Calling onSwitchUser 10 (from 0)
11-11 18:38:41.869  1414  1473 D SystemServerTimingAsync: ssm.onSwitchUser-10_com.android.server.security.FileIntegrityService
11-11 18:38:41.869  1414  1473 V SystemServerTimingAsync: ssm.onSwitchUser-10_com.android.server.security.FileIntegrityService took to complete: 0ms
11-11 18:38:41.869  1414  1473 D SystemServerTimingAsync: ssm.onSwitchUser-10_com.android.server.pm.Installer
11-11 18:38:41.869  1414  1473 V SystemServerTimingAsync: ssm.onSwitchUser-10_com.android.server.pm.Installer took to complete: 0ms
11-11 18:38:41.869  1414  1473 D SystemServerTimingAsync: ssm.onSwitchUser-10_com.android.server.os.DeviceIdentifiersPolicyService
11-11 18:38:41.869  1414  1473 V SystemServerTimingAsync: ssm.onSwitchUser-10_com.android.server.os.DeviceIdentifiersPolicyService took to complete: 0ms
11-11 18:38:41.869  1414  1473 D SystemServerTimingAsync: ssm.onSwitchUser-10_com.android.server.uri.UriGrantsManagerService$Lifecycle
11-11 18:38:41.869  1414  1473 V SystemServerTimingAsync: ssm.onSwitchUser-10_com.android.server.uri.UriGrantsManagerService$Lifecycle took to complete: 0ms
11-11 18:38:41.869  1414  1473 D SystemServerTimingAsync: ssm.onSwitchUser-10_com.android.server.powerstats.PowerStatsService
11-11 18:38:41.869  1414  1473 V SystemServerTimingAsync: ssm.onSwitchUser-10_com.android.server.powerstats.PowerStatsService took to complete: 0ms
11-11 18:38:41.869  1414  1473 D SystemServerTimingAsync: ssm.onSwitchUser-10_com.android.server.permission.access.AccessCheckingService
11-11 18:38:41.869  1414  1473 V SystemServerTimingAsync: ssm.onSwitchUser-10_com.android.server.permission.access.AccessCheckingService took to complete: 0ms
11-11 18:38:41.869  1414  1473 D SystemServerTimingAsync: ssm.onSwitchUser-10_com.android.server.wm.ActivityTaskManagerService$Lifecycle
11-11 18:38:41.869  1414  1473 V SystemServerTimingAsync: ssm.onSwitchUser-10_com.android.server.wm.ActivityTaskManagerService$Lifecycle took to complete: 0ms
11-11 18:38:41.869  1414  1473 D SystemServerTimingAsync: ssm.onSwitchUser-10_com.android.server.am.ActivityManagerService$Lifecycle
11-11 18:38:41.869  1414  1473 V SystemServerTimingAsync: ssm.onSwitchUser-10_com.android.server.am.ActivityManagerService$Lifecycle took to complete: 0ms
11-11 18:38:41.869  1414  1473 D SystemServerTimingAsync: ssm.onSwitchUser-10_com.android.server.pm.DataLoaderManagerService
11-11 18:38:41.869  1414  1473 V SystemServerTimingAsync: ssm.onSwitchUser-10_com.android.server.pm.DataLoaderManagerService took to complete: 0ms
11-11 18:38:41.869  1414  1473 D SystemServerTimingAsync: ssm.onSwitchUser-10_com.android.server.power.PowerManagerService
11-11 18:38:41.869  1414  1473 V SystemServerTimingAsync: ssm.onSwitchUser-10_com.android.server.power.PowerManagerService took to complete: 0ms
11-11 18:38:41.869  1414  1473 D SystemServerTimingAsync: ssm.onSwitchUser-10_com.android.server.power.ThermalManagerService
11-11 18:38:41.869  1414  1473 V SystemServerTimingAsync: ssm.onSwitchUser-10_com.android.server.power.ThermalManagerService took to complete: 0ms
11-11 18:38:41.869  1414  1473 D SystemServerTimingAsync: ssm.onSwitchUser-10_com.android.server.power.hint.HintManagerService
11-11 18:38:41.869  1414  1473 V SystemServerTimingAsync: ssm.onSwitchUser-10_com.android.server.power.hint.HintManagerService took to complete: 0ms
11-11 18:38:41.869  1414  1473 D SystemServerTimingAsync: ssm.onSwitchUser-10_com.android.server.recoverysystem.RecoverySystemService$Lifecycle
11-11 18:38:41.869  1414  1473 V SystemServerTimingAsync: ssm.onSwitchUser-10_com.android.server.recoverysystem.RecoverySystemService$Lifecycle took to complete: 0ms
11-11 18:38:41.869  1414  1473 D SystemServerTimingAsync: ssm.onSwitchUser-10_com.android.server.lights.LightsService
11-11 18:38:41.869  1414  1473 V SystemServerTimingAsync: ssm.onSwitchUser-10_com.android.server.lights.LightsService took to complete: 0ms
11-11 18:38:41.869  1414  1473 D SystemServerTimingAsync: ssm.onSwitchUser-10_com.android.server.display.DisplayManagerService
11-11 18:38:41.870  1414  1473 V SystemServerTimingAsync: ssm.onSwitchUser-10_com.android.server.display.DisplayManagerService took to complete: 0ms
11-11 18:38:41.870  1414  1473 D SystemServerTimingAsync: ssm.onSwitchUser-10_com.android.server.pm.verify.domain.DomainVerificationService
11-11 18:38:41.870  1414  1473 V SystemServerTimingAsync: ssm.onSwitchUser-10_com.android.server.pm.verify.domain.DomainVerificationService took to complete: 0ms
11-11 18:38:41.870  1414  1473 D SystemServerTimingAsync: ssm.onSwitchUser-10_com.android.server.pm.PackageInstallerService$Lifecycle
11-11 18:38:41.870  1414  1473 V SystemServerTimingAsync: ssm.onSwitchUser-10_com.android.server.pm.PackageInstallerService$Lifecycle took to complete: 0ms
11-11 18:38:41.870  1414  1473 D SystemServerTimingAsync: ssm.onSwitchUser-10_com.android.server.pm.UserManagerService$LifeCycle
11-11 18:38:41.870  1414  1473 V SystemServerTimingAsync: ssm.onSwitchUser-10_com.android.server.pm.UserManagerService$LifeCycle took to complete: 1ms
11-11 18:38:41.870  1414  1473 D SystemServerTimingAsync: ssm.onSwitchUser-10_com.android.server.om.OverlayManagerService
11-11 18:38:41.870  1414  1473 V SystemServerTimingAsync: ssm.onSwitchUser-10_com.android.server.om.OverlayManagerService took to complete: 0ms
11-11 18:38:41.870  1414  1473 D SystemServerTimingAsync: ssm.onSwitchUser-10_com.android.server.resources.ResourcesManagerService
11-11 18:38:41.870  1414  1473 V SystemServerTimingAsync: ssm.onSwitchUser-10_com.android.server.resources.ResourcesManagerService took to complete: 0ms
11-11 18:38:41.870  1414  1473 D SystemServerTimingAsync: ssm.onSwitchUser-10_com.android.server.sensorprivacy.SensorPrivacyService
11-11 18:38:41.870  1414  1473 V SystemServerTimingAsync: ssm.onSwitchUser-10_com.android.server.sensorprivacy.SensorPrivacyService took to complete: 0ms
11-11 18:38:41.870  1414  1473 D SystemServerTimingAsync: ssm.onSwitchUser-10_com.android.server.sensors.SensorService
11-11 18:38:41.870  1414  1473 V SystemServerTimingAsync: ssm.onSwitchUser-10_com.android.server.sensors.SensorService took to complete: 0ms
11-11 18:38:41.870  1414  1473 D SystemServerTimingAsync: ssm.onSwitchUser-10_com.android.server.SystemConfigService
11-11 18:38:41.870  1414  1473 V SystemServerTimingAsync: ssm.onSwitchUser-10_com.android.server.SystemConfigService took to complete: 0ms
11-11 18:38:41.870  1414  1473 D SystemServerTimingAsync: ssm.onSwitchUser-10_com.android.server.BatteryService
11-11 18:38:41.870  1414  1473 V SystemServerTimingAsync: ssm.onSwitchUser-10_com.android.server.BatteryService took to complete: 0ms
11-11 18:38:41.870  1414  1473 D SystemServerTimingAsync: ssm.onSwitchUser-10_com.android.server.usage.UsageStatsService
11-11 18:38:41.870  1414  1473 V SystemServerTimingAsync: ssm.onSwitchUser-10_com.android.server.usage.UsageStatsService took to complete: 0ms
11-11 18:38:41.870  1414  1473 D SystemServerTimingAsync: ssm.onSwitchUser-10_com.android.server.webkit.WebViewUpdateService
11-11 18:38:41.870  1414  1473 V SystemServerTimingAsync: ssm.onSwitchUser-10_com.android.server.webkit.WebViewUpdateService took to complete: 0ms
11-11 18:38:41.870  1414  1473 D SystemServerTimingAsync: ssm.onSwitchUser-10_com.android.server.CachedDeviceStateService
11-11 18:38:41.870  1414  1473 V SystemServerTimingAsync: ssm.onSwitchUser-10_com.android.server.CachedDeviceStateService took to complete: 0ms
11-11 18:38:41.870  1414  1473 D SystemServerTimingAsync: ssm.onSwitchUser-10_com.android.server.BinderCallsStatsService$LifeCycle
11-11 18:38:41.870  1414  1473 V SystemServerTimingAsync: ssm.onSwitchUser-10_com.android.server.BinderCallsStatsService$LifeCycle took to complete: 0ms
11-11 18:38:41.870  1414  1473 D SystemServerTimingAsync: ssm.onSwitchUser-10_com.android.server.LooperStatsService$Lifecycle
11-11 18:38:41.870  1414  1473 V SystemServerTimingAsync: ssm.onSwitchUser-10_com.android.server.LooperStatsService$Lifecycle took to complete: 0ms
11-11 18:38:41.870  1414  1473 D SystemServerTimingAsync: ssm.onSwitchUser-10_com.android.server.rollback.RollbackManagerService
11-11 18:38:41.870  1414  1473 V SystemServerTimingAsync: ssm.onSwitchUser-10_com.android.server.rollback.RollbackManagerService took to complete: 0ms
11-11 18:38:41.870  1414  1473 D SystemServerTimingAsync: ssm.onSwitchUser-10_com.android.server.os.NativeTombstoneManagerService
11-11 18:38:41.870  1414  1473 V SystemServerTimingAsync: ssm.onSwitchUser-10_com.android.server.os.NativeTombstoneManagerService took to complete: 0ms
11-11 18:38:41.870  1414  1473 D SystemServerTimingAsync: ssm.onSwitchUser-10_com.android.server.os.BugreportManagerService
11-11 18:38:41.870  1414  1473 V SystemServerTimingAsync: ssm.onSwitchUser-10_com.android.server.os.BugreportManagerService took to complete: 0ms
11-11 18:38:41.870  1414  1473 D SystemServerTimingAsync: ssm.onSwitchUser-10_com.android.server.gpu.GpuService
11-11 18:38:41.870  1414  1473 V SystemServerTimingAsync: ssm.onSwitchUser-10_com.android.server.gpu.GpuService took to complete: 0ms
11-11 18:38:41.870  1414  1473 D SystemServerTimingAsync: ssm.onSwitchUser-10_com.android.server.security.rkp.RemoteProvisioningService
11-11 18:38:41.870  1414  1473 V SystemServerTimingAsync: ssm.onSwitchUser-10_com.android.server.security.rkp.RemoteProvisioningService took to complete: 0ms
11-11 18:38:41.870  1414  1473 D SystemServerTimingAsync: ssm.onSwitchUser-10_com.android.server.cpu.CpuMonitorService
11-11 18:38:41.870  1414  1473 V SystemServerTimingAsync: ssm.onSwitchUser-10_com.android.server.cpu.CpuMonitorService took to complete: 0ms
11-11 18:38:41.871  1414  1473 D SystemServerTimingAsync: ssm.onSwitchUser-10_com.android.server.security.KeyChainSystemService
11-11 18:38:41.871  1414  1473 V SystemServerTimingAsync: ssm.onSwitchUser-10_com.android.server.security.KeyChainSystemService took to complete: 0ms
11-11 18:38:41.871  1414  1473 D SystemServerTimingAsync: ssm.onSwitchUser-10_com.android.server.BinaryTransparencyService
11-11 18:38:41.871  1414  1473 V SystemServerTimingAsync: ssm.onSwitchUser-10_com.android.server.BinaryTransparencyService took to complete: 0ms
11-11 18:38:41.871  1414  1473 D SystemServerTimingAsync: ssm.onSwitchUser-10_com.android.server.telecom.TelecomLoaderService
11-11 18:38:41.871  1414  1473 V SystemServerTimingAsync: ssm.onSwitchUser-10_com.android.server.telecom.TelecomLoaderService took to complete: 0ms
11-11 18:38:41.871  1414  1473 D SystemServerTimingAsync: ssm.onSwitchUser-10_com.android.server.accounts.AccountManagerService$Lifecycle
11-11 18:38:41.871  1414  1473 V SystemServerTimingAsync: ssm.onSwitchUser-10_com.android.server.accounts.AccountManagerService$Lifecycle took to complete: 0ms
11-11 18:38:41.871  1414  1473 D SystemServerTimingAsync: ssm.onSwitchUser-10_com.android.server.content.ContentService$Lifecycle
11-11 18:38:41.871  1414  1473 V SystemServerTimingAsync: ssm.onSwitchUser-10_com.android.server.content.ContentService$Lifecycle took to complete: 0ms
11-11 18:38:41.871  1414  1473 D SystemServerTimingAsync: ssm.onSwitchUser-10_com.android.server.deviceconfig.DeviceConfigInit$Lifecycle
11-11 18:38:41.871  1414  1473 V SystemServerTimingAsync: ssm.onSwitchUser-10_com.android.server.deviceconfig.DeviceConfigInit$Lifecycle took to complete: 0ms
11-11 18:38:41.871  1414  1473 D SystemServerTimingAsync: ssm.onSwitchUser-10_com.android.server.DropBoxManagerService
11-11 18:38:41.871  1414  1473 V SystemServerTimingAsync: ssm.onSwitchUser-10_com.android.server.DropBoxManagerService took to complete: 0ms
11-11 18:38:41.871  1414  1473 D SystemServerTimingAsync: ssm.onSwitchUser-10_com.android.role.RoleService
11-11 18:38:41.871  1414  1473 V SystemServerTimingAsync: ssm.onSwitchUser-10_com.android.role.RoleService took to complete: 0ms
11-11 18:38:41.871  1414  1473 D SystemServerTimingAsync: ssm.onSwitchUser-10_com.android.server.vibrator.VibratorManagerService$Lifecycle
11-11 18:38:41.871  1414  1473 V SystemServerTimingAsync: ssm.onSwitchUser-10_com.android.server.vibrator.VibratorManagerService$Lifecycle took to complete: 0ms
11-11 18:38:41.871  1414  1473 D SystemServerTimingAsync: ssm.onSwitchUser-10_com.android.server.tare.InternalResourceService
11-11 18:38:41.871  1414  1473 V SystemServerTimingAsync: ssm.onSwitchUser-10_com.android.server.tare.InternalResourceService took to complete: 0ms
11-11 18:38:41.871  1414  1473 D SystemServerTimingAsync: ssm.onSwitchUser-10_com.android.server.alarm.AlarmManagerService
11-11 18:38:41.871  1414  1473 V SystemServerTimingAsync: ssm.onSwitchUser-10_com.android.server.alarm.AlarmManagerService took to complete: 0ms
11-11 18:38:41.871  1414  1473 D SystemServerTimingAsync: ssm.onSwitchUser-10_com.android.server.devicestate.DeviceStateManagerService
11-11 18:38:41.871  1414  1473 V SystemServerTimingAsync: ssm.onSwitchUser-10_com.android.server.devicestate.DeviceStateManagerService took to complete: 0ms
11-11 18:38:41.871  1414  1473 D SystemServerTimingAsync: ssm.onSwitchUser-10_com.android.server.camera.CameraServiceProxy
11-11 18:38:41.872  1414  1559 D CompatibilityChangeReporter: Compat change id reported: 265195908; UID 1073; state: ENABLED
11-11 18:38:41.876  1414  1473 W CameraService_proxy: Could not notify cameraserver, camera service not available.
11-11 18:38:41.876  1414  1473 I CameraService_proxy: Could not notify camera service of user switch, retrying...
11-11 18:38:41.876  1414  1473 V SystemServerTimingAsync: ssm.onSwitchUser-10_com.android.server.camera.CameraServiceProxy took to complete: 5ms
11-11 18:38:41.876  1414  1473 D SystemServerTimingAsync: ssm.onSwitchUser-10_com.android.server.bluetooth.BluetoothService
11-11 18:38:41.876  1414  1474 W ActivityManager: Slow operation: 122ms so far, now at startProcess: returned from zygote!
11-11 18:38:41.879  1414  1678 D CompatibilityChangeReporter: Compat change id reported: 168419799; UID 1001; state: DISABLED
11-11 18:38:41.879  1414  1678 D CompatibilityChangeReporter: Compat change id reported: 273564678; UID 1001; state: DISABLED
11-11 18:38:41.883  1414  1466 D CompatibilityChangeReporter: Compat change id reported: 135634846; UID 1001000; state: DISABLED
11-11 18:38:41.883  1414  1466 D CompatibilityChangeReporter: Compat change id reported: 177438394; UID 1001000; state: DISABLED
11-11 18:38:41.883  1414  1466 D CompatibilityChangeReporter: Compat change id reported: 135772972; UID 1001000; state: DISABLED
11-11 18:38:41.883  1414  1466 D CompatibilityChangeReporter: Compat change id reported: 135754954; UID 1001000; state: ENABLED
11-11 18:38:41.884  1414  1586 W CameraService_proxy: Could not notify cameraserver, camera service not available.
11-11 18:38:41.884  1414  1586 I CameraService_proxy: Could not notify camera service of user switch, retrying...
11-11 18:38:41.885  1414  1474 W ActivityManager: Slow operation: 131ms so far, now at startProcess: done updating battery stats
11-11 18:38:41.885  1414  1474 W ActivityManager: Slow operation: 131ms so far, now at startProcess: building log message
11-11 18:38:41.885  1414  1474 I ActivityManager: Start proc 2089:.qtidataservices/u0a81 for added application .qtidataservices
11-11 18:38:41.885  1414  1474 W ActivityManager: Slow operation: 131ms so far, now at startProcess: starting to update pids map
11-11 18:38:41.885  1414  1474 W ActivityManager: Slow operation: 131ms so far, now at startProcess: done updating pids map
11-11 18:38:41.885  1414  1474 W ActivityManager: Slow operation: 117ms so far, now at startProcess: asking zygote to start proc
11-11 18:38:41.886  1414  1474 D CompatibilityChangeReporter: Compat change id reported: 143937733; UID 10109; state: ENABLED
11-11 18:38:41.887  1414  1559 D CompatibilityChangeReporter: Compat change id reported: 265195908; UID 1001; state: ENABLED
11-11 18:38:41.890  1414  1615 D CompatibilityChangeReporter: Compat change id reported: 135634846; UID 1001002; state: DISABLED
11-11 18:38:41.890  1414  1615 D CompatibilityChangeReporter: Compat change id reported: 177438394; UID 1001002; state: DISABLED
11-11 18:38:41.890  1414  1615 D CompatibilityChangeReporter: Compat change id reported: 135772972; UID 1001002; state: DISABLED
11-11 18:38:41.890  1414  1615 D CompatibilityChangeReporter: Compat change id reported: 135754954; UID 1001002; state: ENABLED
11-11 18:38:41.893  1414  1414 V SystemServerTiming: StartSystemUI took to complete: 26ms
11-11 18:38:41.893  1414  1414 V SystemServerTiming: startOtherServices took to complete: 3148ms
11-11 18:38:41.893  1414  1414 D SystemServerTiming: startApexServices
11-11 18:38:41.893  1414  1414 V SystemServerTiming: startApexServices took to complete: 0ms
11-11 18:38:41.893  1414  1414 D SystemServerTiming: UpdateWatchdogTimeout
11-11 18:38:41.893  1414  1414 I Watchdog: Watchdog timeout updated to 60000 millis
11-11 18:38:41.893  1414  1414 V SystemServerTiming: UpdateWatchdogTimeout took to complete: 0ms
11-11 18:38:41.894  1414  1414 V SystemServerTiming: StartServices took to complete: 5944ms
11-11 18:38:41.895  1414  1414 W Looper  : Slow delivery took 5484ms main h=android.app.PropertyInvalidatedCache$AutoCorker$1 c=null m=0
11-11 18:38:41.896  1414  1586 W CameraService_proxy: Could not notify cameraserver, camera service not available.
11-11 18:38:41.896  1414  1586 I CameraService_proxy: Could not notify camera service of user switch, retrying...
11-11 18:38:41.897  1414  1466 I DisplayDeviceRepository: Display device changed: DisplayDeviceInfo{"Built-in Screen": uniqueId="local:4630946763411590017", 720 x 1280, modeId 1, renderFrameRate 60.000004, defaultModeId 1, supportedModes [{id=1, width=720, height=1280, fps=60.000004, alternativeRefreshRates=[], supportedHdrTypes=[]}], colorMode 0, supportedColorModes [0], hdrCapabilities HdrCapabilities{mSupportedHdrTypes=[], mMaxLuminance=500.0, mMaxAverageLuminance=500.0, mMinLuminance=0.0}, allmSupported false, gameContentTypeSupported false, density 160, 320.842 x 318.745 dpi, appVsyncOff 1000000, presDeadline 16666666, touch INTERNAL, rotation 0, type INTERNAL, address {port=129, model=0x40446d8ba6e48b}, deviceProductInfo DeviceProductInfo{name=, manufacturerPnpId=QCM, productId=1, modelYear=null, manufactureDate=ManufactureDate{week=27, year=2006}, connectionToSinkType=0}, state ON, committedState ON, frameRateOverride , brightnessMinimum 0.0, brightnessMaximum 1.0, brightnessDefault 0.39763778, hdrSdrRatio NaN, FLAG_ALLOWED_TO_BE_DEFAULT_DISPLAY, FLAG_ROTATES_WITH_CONTENT, FLAG_SECURE, FLAG_SUPPORTS_PROTECTED_BUFFERS, FLAG_TRUSTED, installOrientation 0, displayShape DisplayShape{ spec=42744253 displayWidth=720 displayHeight=1280 physicalPixelDisplaySizeRatio=1.0 rotation=0 offsetX=0 offsetY=0 scale=1.0}}
11-11 18:38:41.899  1414  1473 V SystemServerTimingAsync: ssm.onSwitchUser-10_com.android.server.bluetooth.BluetoothService took to complete: 23ms
11-11 18:38:41.899  1414  1473 D SystemServerTimingAsync: ssm.onSwitchUser-10_com.android.server.connectivity.IpConnectivityMetrics
11-11 18:38:41.899  1414  1473 V SystemServerTimingAsync: ssm.onSwitchUser-10_com.android.server.connectivity.IpConnectivityMetrics took to complete: 0ms
11-11 18:38:41.899  1414  1473 D SystemServerTimingAsync: ssm.onSwitchUser-10_com.android.server.net.watchlist.NetworkWatchlistService$Lifecycle
11-11 18:38:41.899  1414  1473 V SystemServerTimingAsync: ssm.onSwitchUser-10_com.android.server.net.watchlist.NetworkWatchlistService$Lifecycle took to complete: 0ms
11-11 18:38:41.899  1414  1473 D SystemServerTimingAsync: ssm.onSwitchUser-10_com.android.server.PinnerService
11-11 18:38:41.899  1414  1473 V SystemServerTimingAsync: ssm.onSwitchUser-10_com.android.server.PinnerService took to complete: 0ms
11-11 18:38:41.900  1414  1473 D SystemServerTimingAsync: ssm.onSwitchUser-10_com.android.server.ActivityTriggerService
11-11 18:38:41.900  1414  1473 V SystemServerTimingAsync: ssm.onSwitchUser-10_com.android.server.ActivityTriggerService took to complete: 0ms
11-11 18:38:41.900  1414  1473 D SystemServerTimingAsync: ssm.onSwitchUser-10_com.android.server.integrity.AppIntegrityManagerService
11-11 18:38:41.900  1414  1473 V SystemServerTimingAsync: ssm.onSwitchUser-10_com.android.server.integrity.AppIntegrityManagerService took to complete: 0ms
11-11 18:38:41.900  1414  1473 D SystemServerTimingAsync: ssm.onSwitchUser-10_com.android.server.logcat.LogcatManagerService
11-11 18:38:41.900  1414  1473 V SystemServerTimingAsync: ssm.onSwitchUser-10_com.android.server.logcat.LogcatManagerService took to complete: 0ms
11-11 18:38:41.900  1414  1473 D SystemServerTimingAsync: ssm.onSwitchUser-10_com.android.server.inputmethod.InputMethodManagerService$Lifecycle
11-11 18:38:41.901  1414  1414 D ConditionProviders.SCP: onConnected
11-11 18:38:41.902  1414  1474 W ActivityManager: Slow operation: 133ms so far, now at startProcess: returned from zygote!
11-11 18:38:41.902  1414  1474 W ActivityManager: Slow operation: 134ms so far, now at startProcess: done updating battery stats
11-11 18:38:41.902  1414  1474 W ActivityManager: Slow operation: 134ms so far, now at startProcess: building log message
11-11 18:38:41.902  1414  1474 I ActivityManager: Start proc 2091:com.qti.phone/u0a109 for added application com.qti.phone
11-11 18:38:41.902  1414  1474 W ActivityManager: Slow operation: 134ms so far, now at startProcess: starting to update pids map
11-11 18:38:41.903  1414  1474 W ActivityManager: Slow operation: 134ms so far, now at startProcess: done updating pids map
11-11 18:38:41.903  1414  1474 W ActivityManager: Slow operation: 132ms so far, now at startProcess: asking zygote to start proc
11-11 18:38:41.903  1414  1474 D CompatibilityChangeReporter: Compat change id reported: 143937733; UID 10112; state: ENABLED
11-11 18:38:41.904  1414  1473 V SystemServerTimingAsync: ssm.onSwitchUser-10_com.android.server.inputmethod.InputMethodManagerService$Lifecycle took to complete: 4ms
11-11 18:38:41.904  1414  1473 D SystemServerTimingAsync: ssm.onSwitchUser-10_com.android.server.accessibility.AccessibilityManagerService$Lifecycle
11-11 18:38:41.904  1414  1473 V SystemServerTimingAsync: ssm.onSwitchUser-10_com.android.server.accessibility.AccessibilityManagerService$Lifecycle took to complete: 0ms
11-11 18:38:41.904  1414  1473 D SystemServerTimingAsync: ssm.onSwitchUser-10_com.android.server.StorageManagerService$Lifecycle
11-11 18:38:41.904  1414  1473 D StorageManagerService: Attempt remount volumes for user: 10 on unlock
11-11 18:38:41.904  1414  1473 V SystemServerTimingAsync: ssm.onSwitchUser-10_com.android.server.StorageManagerService$Lifecycle took to complete: 0ms
11-11 18:38:41.904  1414  1473 D SystemServerTimingAsync: ssm.onSwitchUser-10_com.android.server.usage.StorageStatsService$Lifecycle
11-11 18:38:41.904  1414  1473 V SystemServerTimingAsync: ssm.onSwitchUser-10_com.android.server.usage.StorageStatsService$Lifecycle took to complete: 0ms
11-11 18:38:41.904  1414  1473 D SystemServerTimingAsync: ssm.onSwitchUser-10_com.android.server.UiModeManagerService
11-11 18:38:41.904  1414  1473 V SystemServerTimingAsync: ssm.onSwitchUser-10_com.android.server.UiModeManagerService took to complete: 0ms
11-11 18:38:41.904  1414  1473 D SystemServerTimingAsync: ssm.onSwitchUser-10_com.android.server.locales.LocaleManagerService
11-11 18:38:41.904  1414  1473 V SystemServerTimingAsync: ssm.onSwitchUser-10_com.android.server.locales.LocaleManagerService took to complete: 0ms
11-11 18:38:41.904  1414  1473 D SystemServerTimingAsync: ssm.onSwitchUser-10_com.android.server.grammaticalinflection.GrammaticalInflectionService
11-11 18:38:41.904  1414  1473 V SystemServerTimingAsync: ssm.onSwitchUser-10_com.android.server.grammaticalinflection.GrammaticalInflectionService took to complete: 0ms
11-11 18:38:41.904  1414  1473 D SystemServerTimingAsync: ssm.onSwitchUser-10_com.android.server.apphibernation.AppHibernationService
11-11 18:38:41.904  1414  1473 V SystemServerTimingAsync: ssm.onSwitchUser-10_com.android.server.apphibernation.AppHibernationService took to complete: 0ms
11-11 18:38:41.904  1414  1473 D SystemServerTimingAsync: ssm.onSwitchUser-10_com.android.server.locksettings.LockSettingsService$Lifecycle
11-11 18:38:41.904  1414  1473 V SystemServerTimingAsync: ssm.onSwitchUser-10_com.android.server.locksettings.LockSettingsService$Lifecycle took to complete: 0ms
11-11 18:38:41.904  1414  1473 D SystemServerTimingAsync: ssm.onSwitchUser-10_com.android.server.PersistentDataBlockService
11-11 18:38:41.904  1414  1473 V SystemServerTimingAsync: ssm.onSwitchUser-10_com.android.server.PersistentDataBlockService took to complete: 0ms
11-11 18:38:41.904  1414  1473 D SystemServerTimingAsync: ssm.onSwitchUser-10_com.android.server.testharness.TestHarnessModeService
11-11 18:38:41.904  1414  1473 V SystemServerTimingAsync: ssm.onSwitchUser-10_com.android.server.testharness.TestHarnessModeService took to complete: 0ms
11-11 18:38:41.904  1414  1473 D SystemServerTimingAsync: ssm.onSwitchUser-10_com.android.server.oemlock.OemLockService
11-11 18:38:41.904  1414  1473 V SystemServerTimingAsync: ssm.onSwitchUser-10_com.android.server.oemlock.OemLockService took to complete: 0ms
11-11 18:38:41.904  1414  1473 D SystemServerTimingAsync: ssm.onSwitchUser-10_com.android.server.DeviceIdleController
11-11 18:38:41.904  1414  1473 V SystemServerTimingAsync: ssm.onSwitchUser-10_com.android.server.DeviceIdleController took to complete: 0ms
11-11 18:38:41.904  1414  1473 D SystemServerTimingAsync: ssm.onSwitchUser-10_com.android.server.devicepolicy.DevicePolicyManagerService$Lifecycle
11-11 18:38:41.904  1414  1473 V SystemServerTimingAsync: ssm.onSwitchUser-10_com.android.server.devicepolicy.DevicePolicyManagerService$Lifecycle took to complete: 0ms
11-11 18:38:41.904  1414  1473 D SystemServerTimingAsync: ssm.onSwitchUser-10_com.android.server.texttospeech.TextToSpeechManagerService
11-11 18:38:41.905  1414  1473 V SystemServerTimingAsync: ssm.onSwitchUser-10_com.android.server.texttospeech.TextToSpeechManagerService took to complete: 0ms
11-11 18:38:41.905  1414  1414 D ConditionProviders.SCP: onSubscribe condition://android/schedule?days=1.2.3.4.5.6.7&start=22.0&end=7.0&exitAtAlarm=true
11-11 18:38:41.905  1414  1473 D SystemServerTimingAsync: ssm.onSwitchUser-10_com.android.server.ambientcontext.AmbientContextManagerService
11-11 18:38:41.905  1414  1473 V SystemServerTimingAsync: ssm.onSwitchUser-10_com.android.server.ambientcontext.AmbientContextManagerService took to complete: 0ms
11-11 18:38:41.905  1414  1473 D SystemServerTimingAsync: ssm.onSwitchUser-10_com.android.server.wearable.WearableSensingManagerService
11-11 18:38:41.905  1414  1473 V SystemServerTimingAsync: ssm.onSwitchUser-10_com.android.server.wearable.WearableSensingManagerService took to complete: 0ms
11-11 18:38:41.905  1414  1473 D SystemServerTimingAsync: ssm.onSwitchUser-10_com.android.server.speech.SpeechRecognitionManagerService
11-11 18:38:41.905  1414  1473 V SystemServerTimingAsync: ssm.onSwitchUser-10_com.android.server.speech.SpeechRecognitionManagerService took to complete: 0ms
11-11 18:38:41.905  1414  1473 D SystemServerTimingAsync: ssm.onSwitchUser-10_com.android.server.searchui.SearchUiManagerService
11-11 18:38:41.905  1414  1473 V SystemServerTimingAsync: ssm.onSwitchUser-10_com.android.server.searchui.SearchUiManagerService took to complete: 0ms
11-11 18:38:41.905  1414  1473 D SystemServerTimingAsync: ssm.onSwitchUser-10_com.android.server.smartspace.SmartspaceManagerService
11-11 18:38:41.905  1414  1473 V SystemServerTimingAsync: ssm.onSwitchUser-10_com.android.server.smartspace.SmartspaceManagerService took to complete: 0ms
11-11 18:38:41.905  1414  1473 D SystemServerTimingAsync: ssm.onSwitchUser-10_com.android.server.graphics.fonts.FontManagerService$Lifecycle
11-11 18:38:41.905  1414  1473 V SystemServerTimingAsync: ssm.onSwitchUser-10_com.android.server.graphics.fonts.FontManagerService$Lifecycle took to complete: 0ms
11-11 18:38:41.905  1414  1473 D SystemServerTimingAsync: ssm.onSwitchUser-10_com.android.server.textservices.TextServicesManagerService$Lifecycle
11-11 18:38:41.905  1414  1473 V SystemServerTimingAsync: ssm.onSwitchUser-10_com.android.server.textservices.TextServicesManagerService$Lifecycle took to complete: 0ms
11-11 18:38:41.905  1414  1473 D SystemServerTimingAsync: ssm.onSwitchUser-10_com.android.server.NetworkScoreService$Lifecycle
11-11 18:38:41.905  1414  1473 V SystemServerTimingAsync: ssm.onSwitchUser-10_com.android.server.NetworkScoreService$Lifecycle took to complete: 0ms
11-11 18:38:41.905  1414  1473 D SystemServerTimingAsync: ssm.onSwitchUser-10_com.android.server.NetworkStatsServiceInitializer
11-11 18:38:41.905  1414  1473 V SystemServerTimingAsync: ssm.onSwitchUser-10_com.android.server.NetworkStatsServiceInitializer took to complete: 0ms
11-11 18:38:41.905  1414  1473 D SystemServerTimingAsync: ssm.onSwitchUser-10_com.android.server.wifi.WifiService
11-11 18:38:41.905  1414  1414 D ConditionProviders.SCP: setRegistered true
11-11 18:38:41.906  1414  1473 V SystemServerTimingAsync: ssm.onSwitchUser-10_com.android.server.wifi.WifiService took to complete: 0ms
11-11 18:38:41.906  1414  1473 D SystemServerTimingAsync: ssm.onSwitchUser-10_com.android.server.wifi.scanner.WifiScanningService
11-11 18:38:41.906  1414  1473 V SystemServerTimingAsync: ssm.onSwitchUser-10_com.android.server.wifi.scanner.WifiScanningService took to complete: 0ms
