11-10 20:21:55.339  1161  7347 D LOWI-9.0.1.68: [LOWI-Scan] BSS f6:55:b8:**:**:ec FREQ: 5240, cFreq1[40:80:160] = [5230:5210:0] cFreq2 = 0 SSID A71 - Operations, RSSI(dBM): -74, 11mcRanging: No, Country Code = IN
11-10 20:21:55.339  1161  7347 D LOWI-9.0.1.68: [LOWI-Scan] 
11-10 20:21:55.339  1161  7347 D LOWI-9.0.1.68: [LOWI-Scan] is_qcom_ie, bss_age: 0
11-10 20:21:55.339  1161  7347 D LOWI-9.0.1.68: [LOWI-Scan] BSS f2:55:b8:**:**:ec FREQ: 5240, cFreq1[40:80:160] = [5230:5210:0] cFreq2 = 0 SSID A71 - Guest, RSSI(dBM): -74, 11mcRanging: No, Country Code = IN
11-10 20:21:55.340  1161  7347 D LOWI-9.0.1.68: [LOWI-Scan] 
11-10 20:21:55.340  1161  7347 D LOWI-9.0.1.68: [LOWI-Scan] is_qcom_ie, bss_age: 0
11-10 20:21:55.340  1161  7347 D LOWI-9.0.1.68: [LOWI-Scan] BSS fe:55:b8:**:**:ec FREQ: 5240, cFreq1[40:80:160] = [5230:5210:0] cFreq2 = 0 SSID A71 - Printers, RSSI(dBM): -74, 11mcRanging: No, Country Code = IN
11-10 20:21:55.340  1161  7347 D LOWI-9.0.1.68: [LOWI-Scan]  -- associated
11-10 20:21:55.340   756  5798 V WifiHAL : event received NL80211_CMD_NEW_SCAN_RESULTS
11-10 20:21:55.340  1161  7347 D LOWI-9.0.1.68: [LOWI-Scan] 
11-10 20:21:55.340  1161  7347 D LOWI-9.0.1.68: [LOWI-Scan] is_qcom_ie, bss_age: 0
11-10 20:21:55.340  1161  7347 D LOWI-9.0.1.68: [LOWI-Scan] BSS ae:7a:e9:**:**:43 FREQ: 2437, cFreq1[40:80:160] = [0:0:0] cFreq2 = 0 SSID Xiaomi 11i, RSSI(dBM): -72, 11mcRanging: No, Country Code =    
11-10 20:21:55.340  1161  7347 D LOWI-9.0.1.68: [LOWI-Scan] 
11-10 20:21:55.340  1161  7347 D LOWI-9.0.1.68: [LOWI-Scan] is_qcom_ie, bss_age: 0
11-10 20:21:55.340  1161  7347 D LOWI-9.0.1.68: [LOWI-Scan] BSS e6:55:b8:**:**:a0 FREQ: 5320, cFreq1[40:80:160] = [5310:5290:0] cFreq2 = 0 SSID A71 - IT Infra, RSSI(dBM): -75, 11mcRanging: No, Country Code = IN
11-10 20:21:55.341  1161  7347 D LOWI-9.0.1.68: [LOWI-Scan] 
11-10 20:21:55.341  1161  7347 D LOWI-9.0.1.68: [LOWI-Scan] is_qcom_ie, bss_age: 0
11-10 20:21:55.341  1161  7347 D LOWI-9.0.1.68: [LOWI-Scan] BSS e2:55:b8:**:**:a0 FREQ: 5320, cFreq1[40:80:160] = [5310:5290:0] cFreq2 = 0 SSID A71 - Design, RSSI(dBM): -75, 11mcRanging: No, Country Code = IN
11-10 20:21:55.342  1161  7347 D LOWI-9.0.1.68: [LOWI-Scan] 
11-10 20:21:55.342  1161  7347 D LOWI-9.0.1.68: [LOWI-Scan] is_qcom_ie, bss_age: 0
11-10 20:21:55.342  1161  7347 D LOWI-9.0.1.68: [LOWI-Scan] BSS ee:55:b8:**:**:a0 FREQ: 5320, cFreq1[40:80:160] = [5310:5290:0] cFreq2 = 0 SSID A71 - Engineering, RSSI(dBM): -76, 11mcRanging: No, Country Code = IN
11-10 20:21:55.342  1161  7347 D LOWI-9.0.1.68: [LOWI-Scan] 
11-10 20:21:55.342  1161  7347 D LOWI-9.0.1.68: [LOWI-Scan] is_qcom_ie, bss_age: 0
11-10 20:21:55.342  1161  7347 D LOWI-9.0.1.68: [LOWI-Scan] BSS ea:55:b8:**:**:a0 FREQ: 5320, cFreq1[40:80:160] = [5310:5290:0] cFreq2 = 0 SSID A71 - Electronics, RSSI(dBM): -75, 11mcRanging: No, Country Code = IN
11-10 20:21:55.344  1374  1604 W IE_Capabilities: Unknown RSN cipher suite: 6ac0f00
11-10 20:21:55.349  1161  7347 D LOWI-9.0.1.68: [LOWI-Scan] 
11-10 20:21:55.349  1161  7347 D LOWI-9.0.1.68: [LOWI-Scan] is_qcom_ie, bss_age: 0
11-10 20:21:55.349  1161  7347 D LOWI-9.0.1.68: [LOWI-Scan] BSS f6:55:b8:**:**:a0 FREQ: 5320, cFreq1[40:80:160] = [5310:5290:0] cFreq2 = 0 SSID A71 - Operations, RSSI(dBM): -75, 11mcRanging: No, Country Code = IN
11-10 20:21:55.349  1161  7347 D LOWI-9.0.1.68: [LOWI-Scan] 
11-10 20:21:55.349  1161  7347 D LOWI-9.0.1.68: [LOWI-Scan] is_qcom_ie, bss_age: 0
11-10 20:21:55.350  1161  7347 D LOWI-9.0.1.68: [LOWI-Scan] BSS f2:55:b8:**:**:a0 FREQ: 5320, cFreq1[40:80:160] = [5310:5290:0] cFreq2 = 0 SSID A71 - Guest, RSSI(dBM): -75, 11mcRanging: No, Country Code = IN
11-10 20:21:55.351  1161  7347 D LOWI-9.0.1.68: [LOWI-Scan] 
11-10 20:21:55.351  1161  7347 D LOWI-9.0.1.68: [LOWI-Scan] is_qcom_ie, bss_age: 0
11-10 20:21:55.351  1161  7347 D LOWI-9.0.1.68: [LOWI-Scan] BSS fe:55:b8:**:**:a0 FREQ: 5320, cFreq1[40:80:160] = [5310:5290:0] cFreq2 = 0 SSID A71 - Printers, RSSI(dBM): -74, 11mcRanging: No, Country Code = IN
11-10 20:21:55.352  1161  7347 D LOWI-9.0.1.68: [LOWI-Scan] 
11-10 20:21:55.352  1161  7347 D LOWI-9.0.1.68: [LOWI-Scan] is_qcom_ie, bss_age: 0
11-10 20:21:55.352  1161  7347 D LOWI-9.0.1.68: [LOWI-Scan] BSS da:55:b8:**:**:a0 FREQ: 5320, cFreq1[40:80:160] = [5310:5290:0] cFreq2 = 0 SSID , RSSI(dBM): -75, 11mcRanging: No, Country Code = IN
11-10 20:21:55.352  1161  7347 D LOWI-9.0.1.68: [LOWI-Scan] 
11-10 20:21:55.352  1161  7347 D LOWI-9.0.1.68: [LOWI-Scan] is_qcom_ie, bss_age: 0
11-10 20:21:55.352  1161  7347 D LOWI-9.0.1.68: [LOWI-Scan] BSS d2:ad:08:**:**:f6 FREQ: 2412, cFreq1[40:80:160] = [0:0:0] cFreq2 = 0 SSID DIRECT-F6-HP 4104dw LJ, RSSI(dBM): -86, 11mcRanging: No, Country Code =    
11-10 20:21:55.352  1161  7347 D LOWI-9.0.1.68: [LOWIDiagLog] Log: lowiMeasResult->request: invalid null argument
11-10 20:21:55.352  1161  7347 I LOWI-9.0.1.68: [LOWI-Scan] lowi_close_record:Scan done in 399765ms, 18 APs in scan results
11-10 20:21:55.353  1161  7347 D LOWI-9.0.1.68: [LOWI-Scan] WipsScanUsingNL: passive scan cached 0, took 10048 ms, err 0
11-10 20:21:55.353  1161  7347 D LOWI-9.0.1.68: [LOWI-Scan] lowi_proc_req_passive_scan_with_live_meas - No WLAN Frames to be parsed
11-10 20:21:55.353  1161  7347 D LOWI-9.0.1.68: [LOWIScanResultReceiver] Send scan meas to listener
11-10 20:21:55.353  1161  1202 D LOWI-9.0.1.68: [LOWIEventReceiver] handleEvent:FROM:NA, TO:NA, REQ:NA, IREQ:NA, REQ_ID:0, RESP:NA, INFO:NA
11-10 20:21:55.353  1161  1202 D LOWI-9.0.1.68: [LOWIBackgroundScanMgr] isRspForBgScanMgr: evt(LOWI_NO_EVT) - not handled
11-10 20:21:55.353  1161  1202 D LOWI-9.0.1.68: [LOWIScheduler] manageMsg: NULL results or NULL request in results
11-10 20:21:55.353  1161  1202 D LOWI-9.0.1.68: [LOWIController] Measurements received
11-10 20:21:55.354  1161  1202 D LOWI-9.0.1.68: [LOWICacheManager] putInCache:Num of Meas to add: 18
11-10 20:21:55.354  1161  7347 D LOWI-9.0.1.68: [LOWIScanResultReceiver] Enter passive listening mode
11-10 20:21:55.354  1161  7347 D LOWI-9.0.1.68: [LOWIWifiDriverInterface] getMeasurements - Passive listening mode
11-10 20:21:55.354  1161  7347 D LOWI-9.0.1.68: [LOWI-Scan] WipsScanUsingNL:wait -1 sec for netlink message
11-10 20:21:55.356  1161  1202 D LOWI-9.0.1.68: [LOWIController] processMeasurementResults: No current Request. Cache measurements
11-10 20:21:55.356  1161  1202 D LOWI-9.0.1.68: [LOWIController] sendAsyncScanResponse: Request FreeWifiScanObserver_0 is from a different client.
11-10 20:21:55.356  1161  1202 D LOWI-9.0.1.68: [LOWIController] generateResponse: Type (ASYNC_DISCOVERY_SCAN_RESULTS) ScanStatus (1) request FreeWifiScanObserver_0
11-10 20:21:55.356  1161  1202 D LOWI-9.0.1.68: [LOWIEventDispatcher] sendResponse - originator = FreeWifiScanObserver
11-10 20:21:55.356  1161  1202 D LOWI-9.0.1.68: [LOWIUtils] injectScanMeasurements - num of APs = 18
11-10 20:21:55.357  1374  1604 W IE_Capabilities: Unknown RSN cipher suite: aac0f00
11-10 20:21:55.358  1161  1202 I LOWI-9.0.1.68: [LOWIUtils] responseToOutPostcard - TO: FreeWifiScanObserver, FROM:   LOWI-SERVER, RESP:  LOWI_ASYNC_DISCOVERY_SCAN_RESULTS
11-10 20:21:55.361  1161  1202 D LOWI-9.0.1.68: [LOWIControllerExtn] sendLOWILpDiscoveryScanResponse: Not a discovery scan response
11-10 20:21:55.372   748  1825 I LocSvc_api_v02: ---> locClientSendReq line 2412 QMI_LOC_INJECT_WIFI_AP_DATA_REQ_V02
11-10 20:21:55.374   748  3244 I LocSvc_ApiV02: <--- globalRespCb line 277 QMI_LOC_INJECT_WIFI_AP_DATA_REQ_V02
11-10 20:21:55.413  1062  1062 E Bikelogs: recvfrom error: Try again
11-10 20:21:55.541  1374  7590 E UdpServiceJNI: udpReceiverThread: recvfrom failed: Try again
11-10 20:21:56.437  1062  1062 E Bikelogs: recvfrom error: Try again
11-10 20:21:57.003     0     0 I init    : starting service 'mc_logger'...
11-10 20:21:57.018     0     0 I init    : ... started service 'mc_logger' has pid 7712
11-10 20:21:57.019     0     0 I init    : starting service 'my_uv_service'...
11-10 20:21:57.033     0     0 I init    : ... started service 'my_uv_service' has pid 7713
11-10 20:21:57.049  7712  7712 I MC_LOGGER: Motor Controller Logger Service Starting...
11-10 20:21:57.049  7712  7712 E MC_LOGGER: Failed to open UART device /dev/ttyMSM0: Permission denied
11-10 20:21:57.049  7712  7712 E MC_LOGGER: Motor Controller UART Initialization failed!
11-10 20:21:57.060     0     0 I init    : Service 'mc_logger' (pid 7712) exited with status 1
11-10 20:21:57.060     0     0 I init    : Sending signal 9 to service 'mc_logger' (pid 7712) process group...
11-10 20:21:57.064     0     0 I libprocessgroup: Successfully killed process cgroup uid 1000 pid 7712 in 3ms
11-10 20:21:57.061  7713  7713 W ProcessState: Opening '/dev/vndbinder' failed: Permission denied
11-10 20:21:57.061  7713  7713 F ProcessState: Binder driver '/dev/vndbinder' could not be opened.  Terminating.
11-10 20:21:57.062  7713  7713 F libc    : Fatal signal 6 (SIGABRT), code -1 (SI_QUEUE) in tid 7713 (my_uv_service), pid 7713 (my_uv_service)
11-10 20:21:57.059  7713  7713 W my_uv_service: type=1400 audit(0.0:258): avc:  denied  { read write } for  name="vndbinder" dev="binder" ino=6 scontext=u:r:my_uv_service:s0 tcontext=u:object_r:vndbinder_device:s0 tclass=chr_file permissive=0
11-10 20:21:57.088  7716  7716 I crash_dump64: obtaining output fd from tombstoned, type: kDebuggerdTombstoneProto
11-10 20:21:57.089   586   586 I tombstoned: received crash request for pid 7713
11-10 20:21:57.089  7716  7716 I crash_dump64: performing dump of process 7713 (target tid = 7713)
11-10 20:21:57.118     0     0 I logd    : logdr: UID=1000 GID=1000 PID=7716 n tail=500 logMask=8 pid=7713 start=0ns deadline=0ns
11-10 20:21:57.119     0     0 I logd    : logdr: UID=1000 GID=1000 PID=7716 n tail=500 logMask=1 pid=7713 start=0ns deadline=0ns
11-10 20:21:57.117  7716  7716 F DEBUG   : *** *** *** *** *** *** *** *** *** *** *** *** *** *** *** ***
11-10 20:21:57.117  7716  7716 F DEBUG   : Build fingerprint: 'qti/bengal_2w/bengal_2w:14/UKQ1.250303.001/eng.uvbuil.20250915.113541:userdebug/test-keys'
11-10 20:21:57.117  7716  7716 F DEBUG   : Revision: '0'
11-10 20:21:57.117  7716  7716 F DEBUG   : ABI: 'arm64'
11-10 20:21:57.117  7716  7716 F DEBUG   : Timestamp: 2025-11-10 20:21:57.092046815+0530
11-10 20:21:57.117  7716  7716 F DEBUG   : Process uptime: 2s
11-10 20:21:57.117  7716  7716 F DEBUG   : Cmdline: /vendor/bin/my_uv_service
11-10 20:21:57.117  7716  7716 F DEBUG   : pid: 7713, tid: 7713, name: my_uv_service  >>> /vendor/bin/my_uv_service <<<
11-10 20:21:57.117  7716  7716 F DEBUG   : uid: 1000
11-10 20:21:57.117  7716  7716 F DEBUG   : signal 6 (SIGABRT), code -1 (SI_QUEUE), fault addr --------
11-10 20:21:57.117  7716  7716 F DEBUG   : Abort message: 'Binder driver '/dev/vndbinder' could not be opened.  Terminating.'
11-10 20:21:57.117  7716  7716 F DEBUG   :     x0  0000000000000000  x1  0000000000001e21  x2  0000000000000006  x3  0000007fdba26e50
11-10 20:21:57.117  7716  7716 F DEBUG   :     x4  621f267164636d68  x5  621f267164636d68  x6  621f267164636d68  x7  7f7f7f7f7f7f7f7f
11-10 20:21:57.118  7716  7716 F DEBUG   :     x8  00000000000000f0  x9  00000070af45f1b8  x10 0000000000000001  x11 00000070af4a7924
11-10 20:21:57.118  7716  7716 F DEBUG   :     x12 0000007fdba26e10  x13 0000000000000042  x14 0000007fdba26fe0  x15 0000000000000000
11-10 20:21:57.118  7716  7716 F DEBUG   :     x16 00000070af50fd18  x17 00000070af4eb3b0  x18 00000070b434e000  x19 0000000000001e21
11-10 20:21:57.118  7716  7716 F DEBUG   :     x20 0000000000001e21  x21 00000000ffffffff  x22 00000070b26df028  x23 0000000000000000
11-10 20:21:57.118  7716  7716 F DEBUG   :     x24 0000000000000000  x25 0000000000000000  x26 0000000000000000  x27 0000000000000000
11-10 20:21:57.118  7716  7716 F DEBUG   :     x28 0000000000000000  x29 0000007fdba26ed0
11-10 20:21:57.118  7716  7716 F DEBUG   :     lr  00000070af498624  sp  0000007fdba26e30  pc  00000070af498650  pst 0000000000000000
11-10 20:21:57.118  7716  7716 F DEBUG   : 7 total frames
11-10 20:21:57.118  7716  7716 F DEBUG   : backtrace:
11-10 20:21:57.118  7716  7716 F DEBUG   :       #00 pc 000000000005b650  /apex/com.android.runtime/lib64/bionic/libc.so (abort+168) (BuildId: 50118287324a156bc7be11d3d940c7be)
11-10 20:21:57.118  7716  7716 F DEBUG   :       #01 pc 0000000000006424  /system/lib64/liblog.so (__android_log_default_aborter+16) (BuildId: e05aefcb936d3c511dd026d3e152503f)
11-10 20:21:57.118  7716  7716 F DEBUG   :       #02 pc 000000000000701c  /system/lib64/liblog.so (__android_log_assert+312) (BuildId: e05aefcb936d3c511dd026d3e152503f)
11-10 20:21:57.118  7716  7716 F DEBUG   :       #03 pc 000000000006adf0  /apex/com.android.vndk.v30/lib64/libbinder.so (android::ProcessState::ProcessState(char const*)+372) (BuildId: 7703b5b080cfabac26e5ae3585f2c76c)
11-10 20:21:57.118  7716  7716 F DEBUG   :       #04 pc 000000000006abe4  /apex/com.android.vndk.v30/lib64/libbinder.so (android::ProcessState::self()+112) (BuildId: 7703b5b080cfabac26e5ae3585f2c76c)
11-10 20:21:57.118  7716  7716 F DEBUG   :       #05 pc 0000000000002074  /vendor/bin/my_uv_service (main+44) (BuildId: 9b47a07ec1d9d741dcbed4bd6570e468)
11-10 20:21:57.118  7716  7716 F DEBUG   :       #06 pc 0000000000053e48  /apex/com.android.runtime/lib64/bionic/libc.so (__libc_init+108) (BuildId: 50118287324a156bc7be11d3d940c7be)
11-10 20:21:57.127  1374  1730 W NativeCrashListener: Couldn't find ProcessRecord for pid 7713
11-10 20:21:57.128  7716  7716 E crash_dump64: AM data write failed: Broken pipe
11-10 20:21:57.130   586   586 E tombstoned: Tombstone written to: tombstone_12
11-10 20:21:57.131  1374  1507 W NativeTombstoneManager: failed to open /data/tombstones/tombstone_12.pb
11-10 20:21:57.131  1374  1507 W NativeTombstoneManager: java.io.FileNotFoundException: open failed: ENOENT (No such file or directory)
11-10 20:21:57.131  1374  1507 W NativeTombstoneManager: 	at android.os.ParcelFileDescriptor.openInternal(ParcelFileDescriptor.java:351)
11-10 20:21:57.131  1374  1507 W NativeTombstoneManager: 	at android.os.ParcelFileDescriptor.open(ParcelFileDescriptor.java:230)
11-10 20:21:57.131  1374  1507 W NativeTombstoneManager: 	at com.android.server.os.NativeTombstoneManager.handleProtoTombstone(NativeTombstoneManager.java:158)
11-10 20:21:57.131  1374  1507 W NativeTombstoneManager: 	at com.android.server.os.NativeTombstoneManager.handleTombstone(NativeTombstoneManager.java:127)
11-10 20:21:57.131  1374  1507 W NativeTombstoneManager: 	at com.android.server.os.NativeTombstoneManager.-$$Nest$mhandleTombstone(NativeTombstoneManager.java:0)
11-10 20:21:57.131  1374  1507 W NativeTombstoneManager: 	at com.android.server.os.NativeTombstoneManager$TombstoneWatcher.lambda$onEvent$0(NativeTombstoneManager.java:575)
11-10 20:21:57.131  1374  1507 W NativeTombstoneManager: 	at com.android.server.os.NativeTombstoneManager$TombstoneWatcher.$r8$lambda$tfJ_q07NaI9c6UYttszi4EdMJ7Y(NativeTombstoneManager.java:0)
11-10 20:21:57.131  1374  1507 W NativeTombstoneManager: 	at com.android.server.os.NativeTombstoneManager$TombstoneWatcher$$ExternalSyntheticLambda0.run(R8$$SyntheticClass:0)
11-10 20:21:57.131  1374  1507 W NativeTombstoneManager: 	at android.os.Handler.handleCallback(Handler.java:958)
11-10 20:21:57.131  1374  1507 W NativeTombstoneManager: 	at android.os.Handler.dispatchMessage(Handler.java:99)
11-10 20:21:57.131  1374  1507 W NativeTombstoneManager: 	at android.os.Looper.loopOnce(Looper.java:205)
11-10 20:21:57.131  1374  1507 W NativeTombstoneManager: 	at android.os.Looper.loop(Looper.java:294)
11-10 20:21:57.131  1374  1507 W NativeTombstoneManager: 	at android.os.HandlerThread.run(HandlerThread.java:67)
11-10 20:21:57.131  1374  1507 W NativeTombstoneManager: 	at com.android.server.ServiceThread.run(ServiceThread.java:46)
11-10 20:21:57.140     0     0 I init    : Service 'my_uv_service' (pid 7713) received signal 6
11-10 20:21:57.140     0     0 I init    : Sending signal 9 to service 'my_uv_service' (pid 7713) process group...
11-10 20:21:57.135  1374  1507 E NativeTombstoneManager: Tombstone's UID (1000) not an app, ignoring
11-10 20:21:57.146     0     0 I libprocessgroup: Successfully killed process cgroup uid 1000 pid 7713 in 5ms
11-10 20:21:57.461  1062  1062 E Bikelogs: recvfrom error: Try again
11-10 20:21:58.485  1062  1062 E Bikelogs: recvfrom error: Try again
11-10 20:21:58.613  1374  7590 E UdpServiceJNI: udpReceiverThread: recvfrom failed: Try again
11-10 20:21:58.686  2680  2720 E inform_hb_driver: Unable to open /sys/qti_heartbeat/sysstate_value
11-10 20:21:59.110  2680  2720 E inform_hb_driver: Unable to open /sys/qti_heartbeat/sysstate_value
11-10 20:21:59.509  1062  1062 E Bikelogs: recvfrom error: Try again
11-10 20:22:00.533  1062  1062 E Bikelogs: recvfrom error: Try again
11-10 20:22:00.603  1374  1591 I WifiService: startScan uid=1001000
11-10 20:22:00.603  1374  3008 I WifiService: startScan uid=1001000
11-10 20:22:00.603  1374  1391 I WifiService: startScan uid=1001000
11-10 20:22:00.623  1161  7347 D LOWI-9.0.1.68: [LOWI-Scan] wait_event:Wait done with Cmd 33
11-10 20:22:00.623  1161  7347 D LOWI-9.0.1.68: [LOWI-Scan] do_listen_events: Rcvd valid Netlink Cmd 0 Err 0
11-10 20:22:00.624   756  5798 V WifiHAL : event received NL80211_CMD_TRIGGER_SCAN
11-10 20:22:01.557  1062  1062 E Bikelogs: recvfrom error: Try again
11-10 20:22:01.685  1374  7590 E UdpServiceJNI: udpReceiverThread: recvfrom failed: Try again
11-10 20:22:02.011     0     0 I init    : starting service 'mc_logger'...
11-10 20:22:02.023     0     0 I init    : ... started service 'mc_logger' has pid 7731
11-10 20:22:02.029     0     0 I init    : starting service 'my_uv_service'...
11-10 20:22:02.035     0     0 I init    : ... started service 'my_uv_service' has pid 7732
11-10 20:22:02.038  7731  7731 I MC_LOGGER: Motor Controller Logger Service Starting...
11-10 20:22:02.039  7731  7731 E MC_LOGGER: Failed to open UART device /dev/ttyMSM0: Permission denied
11-10 20:22:02.039  7731  7731 E MC_LOGGER: Motor Controller UART Initialization failed!
11-10 20:22:02.048     0     0 I init    : Service 'mc_logger' (pid 7731) exited with status 1
11-10 20:22:02.048     0     0 I init    : Sending signal 9 to service 'mc_logger' (pid 7731) process group...
11-10 20:22:02.049     0     0 I libprocessgroup: Successfully killed process cgroup uid 1000 pid 7731 in 0ms
11-10 20:22:02.047  7732  7732 W my_uv_service: type=1400 audit(0.0:259): avc:  denied  { read write } for  name="vndbinder" dev="binder" ino=6 scontext=u:r:my_uv_service:s0 tcontext=u:object_r:vndbinder_device:s0 tclass=chr_file permissive=0
11-10 20:22:02.052  7732  7732 W ProcessState: Opening '/dev/vndbinder' failed: Permission denied
11-10 20:22:02.052  7732  7732 F ProcessState: Binder driver '/dev/vndbinder' could not be opened.  Terminating.
11-10 20:22:02.053  7732  7732 F libc    : Fatal signal 6 (SIGABRT), code -1 (SI_QUEUE) in tid 7732 (my_uv_service), pid 7732 (my_uv_service)
11-10 20:22:02.070  7735  7735 I crash_dump64: obtaining output fd from tombstoned, type: kDebuggerdTombstoneProto
11-10 20:22:02.071   586   586 I tombstoned: received crash request for pid 7732
11-10 20:22:02.072  7735  7735 I crash_dump64: performing dump of process 7732 (target tid = 7732)
11-10 20:22:02.102     0     0 I logd    : logdr: UID=1000 GID=1000 PID=7735 n tail=500 logMask=8 pid=7732 start=0ns deadline=0ns
11-10 20:22:02.103     0     0 I logd    : logdr: UID=1000 GID=1000 PID=7735 n tail=500 logMask=1 pid=7732 start=0ns deadline=0ns
11-10 20:22:02.101  7735  7735 F DEBUG   : *** *** *** *** *** *** *** *** *** *** *** *** *** *** *** ***
11-10 20:22:02.101  7735  7735 F DEBUG   : Build fingerprint: 'qti/bengal_2w/bengal_2w:14/UKQ1.250303.001/eng.uvbuil.20250915.113541:userdebug/test-keys'
11-10 20:22:02.101  7735  7735 F DEBUG   : Revision: '0'
11-10 20:22:02.101  7735  7735 F DEBUG   : ABI: 'arm64'
11-10 20:22:02.101  7735  7735 F DEBUG   : Timestamp: 2025-11-10 20:22:02.073843480+0530
11-10 20:22:02.101  7735  7735 F DEBUG   : Process uptime: 1s
11-10 20:22:02.101  7735  7735 F DEBUG   : Cmdline: /vendor/bin/my_uv_service
11-10 20:22:02.101  7735  7735 F DEBUG   : pid: 7732, tid: 7732, name: my_uv_service  >>> /vendor/bin/my_uv_service <<<
11-10 20:22:02.101  7735  7735 F DEBUG   : uid: 1000
11-10 20:22:02.101  7735  7735 F DEBUG   : signal 6 (SIGABRT), code -1 (SI_QUEUE), fault addr --------
11-10 20:22:02.101  7735  7735 F DEBUG   : Abort message: 'Binder driver '/dev/vndbinder' could not be opened.  Terminating.'
11-10 20:22:02.101  7735  7735 F DEBUG   :     x0  0000000000000000  x1  0000000000001e34  x2  0000000000000006  x3  0000007fc521d390
11-10 20:22:02.101  7735  7735 F DEBUG   :     x4  621f267164636d68  x5  621f267164636d68  x6  621f267164636d68  x7  7f7f7f7f7f7f7f7f
11-10 20:22:02.101  7735  7735 F DEBUG   :     x8  00000000000000f0  x9  0000007e5483e1b8  x10 0000000000000001  x11 0000007e54886924
11-10 20:22:02.101  7735  7735 F DEBUG   :     x12 0000007fc521d350  x13 0000000000000042  x14 0000007fc521d520  x15 0000000000000000
11-10 20:22:02.101  7735  7735 F DEBUG   :     x16 0000007e548eed18  x17 0000007e548ca3b0  x18 0000007e59634000  x19 0000000000001e34
11-10 20:22:02.101  7735  7735 F DEBUG   :     x20 0000000000001e34  x21 00000000ffffffff  x22 0000007e584f4028  x23 0000000000000000
11-10 20:22:02.101  7735  7735 F DEBUG   :     x24 0000000000000000  x25 0000000000000000  x26 0000000000000000  x27 0000000000000000
11-10 20:22:02.101  7735  7735 F DEBUG   :     x28 0000000000000000  x29 0000007fc521d410
11-10 20:22:02.102  7735  7735 F DEBUG   :     lr  0000007e54877624  sp  0000007fc521d370  pc  0000007e54877650  pst 0000000000000000
11-10 20:22:02.102  7735  7735 F DEBUG   : 7 total frames
11-10 20:22:02.102  7735  7735 F DEBUG   : backtrace:
11-10 20:22:02.102  7735  7735 F DEBUG   :       #00 pc 000000000005b650  /apex/com.android.runtime/lib64/bionic/libc.so (abort+168) (BuildId: 50118287324a156bc7be11d3d940c7be)
11-10 20:22:02.102  7735  7735 F DEBUG   :       #01 pc 0000000000006424  /system/lib64/liblog.so (__android_log_default_aborter+16) (BuildId: e05aefcb936d3c511dd026d3e152503f)
11-10 20:22:02.102  7735  7735 F DEBUG   :       #02 pc 000000000000701c  /system/lib64/liblog.so (__android_log_assert+312) (BuildId: e05aefcb936d3c511dd026d3e152503f)
11-10 20:22:02.102  7735  7735 F DEBUG   :       #03 pc 000000000006adf0  /apex/com.android.vndk.v30/lib64/libbinder.so (android::ProcessState::ProcessState(char const*)+372) (BuildId: 7703b5b080cfabac26e5ae3585f2c76c)
11-10 20:22:02.102  7735  7735 F DEBUG   :       #04 pc 000000000006abe4  /apex/com.android.vndk.v30/lib64/libbinder.so (android::ProcessState::self()+112) (BuildId: 7703b5b080cfabac26e5ae3585f2c76c)
11-10 20:22:02.102  7735  7735 F DEBUG   :       #05 pc 0000000000002074  /vendor/bin/my_uv_service (main+44) (BuildId: 9b47a07ec1d9d741dcbed4bd6570e468)
11-10 20:22:02.102  7735  7735 F DEBUG   :       #06 pc 0000000000053e48  /apex/com.android.runtime/lib64/bionic/libc.so (__libc_init+108) (BuildId: 50118287324a156bc7be11d3d940c7be)
11-10 20:22:02.110  1374  1730 W NativeCrashListener: Couldn't find ProcessRecord for pid 7732
11-10 20:22:02.111  7735  7735 E crash_dump64: AM data write failed: Broken pipe
11-10 20:22:02.112   586   586 E tombstoned: Tombstone written to: tombstone_13
11-10 20:22:02.114  1374  1507 E NativeTombstoneManager: Tombstone's UID (1000) not an app, ignoring
11-10 20:22:02.115  1374  1507 E NativeTombstoneManager: Tombstone's UID (1000) not an app, ignoring
11-10 20:22:02.124     0     0 I init    : Service 'my_uv_service' (pid 7732) received signal 6
11-10 20:22:02.124     0     0 I init    : Sending signal 9 to service 'my_uv_service' (pid 7732) process group...
11-10 20:22:02.130     0     0 I libprocessgroup: Successfully killed process cgroup uid 1000 pid 7732 in 5ms
11-10 20:22:02.581  1062  1062 E Bikelogs: recvfrom error: Try again
11-10 20:22:03.605  1062  1062 E Bikelogs: recvfrom error: Try again
11-10 20:22:03.664  2680  2720 E inform_hb_driver: Unable to open /sys/qti_heartbeat/sysstate_value
11-10 20:22:04.081  2680  2720 E inform_hb_driver: Unable to open /sys/qti_heartbeat/sysstate_value
11-10 20:22:04.629  1062  1062 E Bikelogs: recvfrom error: Try again
11-10 20:22:04.757  1374  7590 E UdpServiceJNI: udpReceiverThread: recvfrom failed: Try again
11-10 20:22:05.469   756  5798 V WifiHAL : event received NL80211_CMD_NEW_SCAN_RESULTS
11-10 20:22:05.469  1161  7347 D LOWI-9.0.1.68: [LOWI-Scan] wait_event:Wait done with Cmd 34
11-10 20:22:05.469  1161  7347 D LOWI-9.0.1.68: [LOWI-Scan] do_listen_events: Rcvd valid Netlink Cmd 34 Err 0
11-10 20:22:05.470  1374  1391 D WifiNl80211Manager: Scan result ready event
11-10 20:22:05.470  1161  7347 D LOWI-9.0.1.68: [LOWI-Scan] 
11-10 20:22:05.470  1161  7347 D LOWI-9.0.1.68: [LOWI-Scan] is_qcom_ie, bss_age: 0
11-10 20:22:05.470  1161  7347 D LOWI-9.0.1.68: [LOWI-Scan] adjust_age:AP AGE upper limit reached. Dont store
11-10 20:22:05.470  1374  1391 D WifiNative: Scan result ready event
11-10 20:22:05.470  1161  7347 D LOWI-9.0.1.68: [LOWI-Scan] BSS e6:e4:b7:**:**:20 FREQ: 2462, cFreq1[40:80:160] = [0:0:0] cFreq2 = 0 SSID Shrihari pixel, RSSI(dBM): -75, 11mcRanging: No, Country Code = IN 
11-10 20:22:05.470  1161  7347 D LOWI-9.0.1.68: [LOWI-Scan] 
11-10 20:22:05.470  1161  7347 D LOWI-9.0.1.68: [LOWI-Scan] is_qcom_ie, bss_age: 0
11-10 20:22:05.470  1161  7347 D LOWI-9.0.1.68: [LOWI-Scan] BSS e6:55:b8:**:**:ec FREQ: 5240, cFreq1[40:80:160] = [5230:5210:0] cFreq2 = 0 SSID A71 - IT Infra, RSSI(dBM): -72, 11mcRanging: No, Country Code = IN
11-10 20:22:05.471  1161  7347 D LOWI-9.0.1.68: [LOWI-Scan] 
11-10 20:22:05.471  1161  7347 D LOWI-9.0.1.68: [LOWI-Scan] is_qcom_ie, bss_age: 0
11-10 20:22:05.471  1161  7347 D LOWI-9.0.1.68: [LOWI-Scan] BSS e2:55:b8:**:**:ec FREQ: 5240, cFreq1[40:80:160] = [5230:5210:0] cFreq2 = 0 SSID A71 - Design, RSSI(dBM): -73, 11mcRanging: No, Country Code = IN
11-10 20:22:05.471  1161  7347 D LOWI-9.0.1.68: [LOWI-Scan] 
11-10 20:22:05.471  1161  7347 D LOWI-9.0.1.68: [LOWI-Scan] is_qcom_ie, bss_age: 0
11-10 20:22:05.471  1161  7347 D LOWI-9.0.1.68: [LOWI-Scan] BSS ee:55:b8:**:**:ec FREQ: 5240, cFreq1[40:80:160] = [5230:5210:0] cFreq2 = 0 SSID A71 - Engineering, RSSI(dBM): -73, 11mcRanging: No, Country Code = IN
11-10 20:22:05.471  1161  7347 D LOWI-9.0.1.68: [LOWI-Scan] 
11-10 20:22:05.471  1161  7347 D LOWI-9.0.1.68: [LOWI-Scan] is_qcom_ie, bss_age: 0
11-10 20:22:05.471  1161  7347 D LOWI-9.0.1.68: [LOWI-Scan] BSS ea:55:b8:**:**:ec FREQ: 5240, cFreq1[40:80:160] = [5230:5210:0] cFreq2 = 0 SSID A71 - Electronics, RSSI(dBM): -72, 11mcRanging: No, Country Code = IN
11-10 20:22:05.472  1161  7347 D LOWI-9.0.1.68: [LOWI-Scan] 
11-10 20:22:05.472  1161  7347 D LOWI-9.0.1.68: [LOWI-Scan] is_qcom_ie, bss_age: 0
11-10 20:22:05.472  1161  7347 D LOWI-9.0.1.68: [LOWI-Scan] BSS f6:55:b8:**:**:ec FREQ: 5240, cFreq1[40:80:160] = [5230:5210:0] cFreq2 = 0 SSID A71 - Operations, RSSI(dBM): -73, 11mcRanging: No, Country Code = IN
11-10 20:22:05.472  1161  7347 D LOWI-9.0.1.68: [LOWI-Scan] 
11-10 20:22:05.472  1161  7347 D LOWI-9.0.1.68: [LOWI-Scan] is_qcom_ie, bss_age: 0
11-10 20:22:05.472  1161  7347 D LOWI-9.0.1.68: [LOWI-Scan] BSS f2:55:b8:**:**:ec FREQ: 5240, cFreq1[40:80:160] = [5230:5210:0] cFreq2 = 0 SSID A71 - Guest, RSSI(dBM): -73, 11mcRanging: No, Country Code = IN
11-10 20:22:05.472  1161  7347 D LOWI-9.0.1.68: [LOWI-Scan] 
11-10 20:22:05.472  1161  7347 D LOWI-9.0.1.68: [LOWI-Scan] is_qcom_ie, bss_age: 0
11-10 20:22:05.478  1161  7347 D LOWI-9.0.1.68: [LOWI-Scan] BSS fe:55:b8:**:**:ec FREQ: 5240, cFreq1[40:80:160] = [5230:5210:0] cFreq2 = 0 SSID A71 - Printers, RSSI(dBM): -72, 11mcRanging: No, Country Code = IN
11-10 20:22:05.478  1161  7347 D LOWI-9.0.1.68: [LOWI-Scan]  -- associated
11-10 20:22:05.478  1161  7347 D LOWI-9.0.1.68: [LOWI-Scan] 
11-10 20:22:05.478  1161  7347 D LOWI-9.0.1.68: [LOWI-Scan] is_qcom_ie, bss_age: 0
11-10 20:22:05.478  1161  7347 D LOWI-9.0.1.68: [LOWI-Scan] BSS ae:7a:e9:**:**:43 FREQ: 2437, cFreq1[40:80:160] = [0:0:0] cFreq2 = 0 SSID Xiaomi 11i, RSSI(dBM): -73, 11mcRanging: No, Country Code =    
11-10 20:22:05.479  1161  7347 D LOWI-9.0.1.68: [LOWI-Scan] 
11-10 20:22:05.479  1161  7347 D LOWI-9.0.1.68: [LOWI-Scan] is_qcom_ie, bss_age: 0
11-10 20:22:05.479  1161  7347 D LOWI-9.0.1.68: [LOWI-Scan] BSS e6:55:b8:**:**:a0 FREQ: 5320, cFreq1[40:80:160] = [5310:5290:0] cFreq2 = 0 SSID A71 - IT Infra, RSSI(dBM): -81, 11mcRanging: No, Country Code = IN
11-10 20:22:05.479  1161  7347 D LOWI-9.0.1.68: [LOWI-Scan] 
11-10 20:22:05.479  1161  7347 D LOWI-9.0.1.68: [LOWI-Scan] is_qcom_ie, bss_age: 0
11-10 20:22:05.479  1161  7347 D LOWI-9.0.1.68: [LOWI-Scan] BSS e2:55:b8:**:**:a0 FREQ: 5320, cFreq1[40:80:160] = [5310:5290:0] cFreq2 = 0 SSID A71 - Design, RSSI(dBM): -80, 11mcRanging: No, Country Code = IN
11-10 20:22:05.479  1161  7347 D LOWI-9.0.1.68: [LOWI-Scan] 
11-10 20:22:05.479  1161  7347 D LOWI-9.0.1.68: [LOWI-Scan] is_qcom_ie, bss_age: 0
11-10 20:22:05.480  1161  7347 D LOWI-9.0.1.68: [LOWI-Scan] BSS ee:55:b8:**:**:a0 FREQ: 5320, cFreq1[40:80:160] = [5310:5290:0] cFreq2 = 0 SSID A71 - Engineering, RSSI(dBM): -79, 11mcRanging: No, Country Code = IN
11-10 20:22:05.480  1161  7347 D LOWI-9.0.1.68: [LOWI-Scan] 
11-10 20:22:05.480  1161  7347 D LOWI-9.0.1.68: [LOWI-Scan] is_qcom_ie, bss_age: 0
11-10 20:22:05.480  1161  7347 D LOWI-9.0.1.68: [LOWI-Scan] BSS ea:55:b8:**:**:a0 FREQ: 5320, cFreq1[40:80:160] = [5310:5290:0] cFreq2 = 0 SSID A71 - Electronics, RSSI(dBM): -78, 11mcRanging: No, Country Code = IN
11-10 20:22:05.480  1161  7347 D LOWI-9.0.1.68: [LOWI-Scan] 
11-10 20:22:05.480  1161  7347 D LOWI-9.0.1.68: [LOWI-Scan] is_qcom_ie, bss_age: 0
11-10 20:22:05.480  1161  7347 D LOWI-9.0.1.68: [LOWI-Scan] BSS f6:55:b8:**:**:a0 FREQ: 5320, cFreq1[40:80:160] = [5310:5290:0] cFreq2 = 0 SSID A71 - Operations, RSSI(dBM): -79, 11mcRanging: No, Country Code = IN
11-10 20:22:05.481  1161  7347 D LOWI-9.0.1.68: [LOWI-Scan] 
11-10 20:22:05.481  1161  7347 D LOWI-9.0.1.68: [LOWI-Scan] is_qcom_ie, bss_age: 0
11-10 20:22:05.481  1161  7347 D LOWI-9.0.1.68: [LOWI-Scan] BSS f2:55:b8:**:**:a0 FREQ: 5320, cFreq1[40:80:160] = [5310:5290:0] cFreq2 = 0 SSID A71 - Guest, RSSI(dBM): -80, 11mcRanging: No, Country Code = IN
11-10 20:22:05.481  1161  7347 D LOWI-9.0.1.68: [LOWI-Scan] 
11-10 20:22:05.481  1161  7347 D LOWI-9.0.1.68: [LOWI-Scan] is_qcom_ie, bss_age: 0
11-10 20:22:05.481  1161  7347 D LOWI-9.0.1.68: [LOWI-Scan] BSS fe:55:b8:**:**:a0 FREQ: 5320, cFreq1[40:80:160] = [5310:5290:0] cFreq2 = 0 SSID A71 - Printers, RSSI(dBM): -78, 11mcRanging: No, Country Code = IN
11-10 20:22:05.482  1161  7347 D LOWI-9.0.1.68: [LOWI-Scan] 
11-10 20:22:05.482  1161  7347 D LOWI-9.0.1.68: [LOWI-Scan] is_qcom_ie, bss_age: 0
11-10 20:22:05.482  1374  1604 W IE_Capabilities: Unknown RSN cipher suite: 6ac0f00
11-10 20:22:05.482  1161  7347 D LOWI-9.0.1.68: [LOWI-Scan] BSS da:55:b8:**:**:a0 FREQ: 5320, cFreq1[40:80:160] = [5310:5290:0] cFreq2 = 0 SSID , RSSI(dBM): -79, 11mcRanging: No, Country Code = IN
11-10 20:22:05.482  1161  7347 D LOWI-9.0.1.68: [LOWI-Scan] 
11-10 20:22:05.482  1161  7347 D LOWI-9.0.1.68: [LOWI-Scan] is_qcom_ie, bss_age: 0
11-10 20:22:05.482  1161  7347 D LOWI-9.0.1.68: [LOWI-Scan] BSS d2:ad:08:**:**:f6 FREQ: 2412, cFreq1[40:80:160] = [0:0:0] cFreq2 = 0 SSID DIRECT-F6-HP 4104dw LJ, RSSI(dBM): -85, 11mcRanging: No, Country Code =    
11-10 20:22:05.482  1161  7347 D LOWI-9.0.1.68: [LOWIDiagLog] Log: lowiMeasResult->request: invalid null argument
11-10 20:22:05.483  1161  7347 I LOWI-9.0.1.68: [LOWI-Scan] lowi_close_record:Scan done in 409895ms, 18 APs in scan results
11-10 20:22:05.483  1161  7347 D LOWI-9.0.1.68: [LOWI-Scan] WipsScanUsingNL: passive scan cached 0, took 10129 ms, err 0
11-10 20:22:05.483  1161  7347 D LOWI-9.0.1.68: [LOWI-Scan] lowi_proc_req_passive_scan_with_live_meas - No WLAN Frames to be parsed
11-10 20:22:05.483  1161  7347 D LOWI-9.0.1.68: [LOWIScanResultReceiver] Send scan meas to listener
11-10 20:22:05.483  1161  7347 D LOWI-9.0.1.68: [LOWIScanResultReceiver] Enter passive listening mode
11-10 20:22:05.483  1161  7347 D LOWI-9.0.1.68: [LOWIWifiDriverInterface] getMeasurements - Passive listening mode
11-10 20:22:05.483  1161  1202 D LOWI-9.0.1.68: [LOWIEventReceiver] handleEvent:FROM:NA, TO:NA, REQ:NA, IREQ:NA, REQ_ID:0, RESP:NA, INFO:NA
11-10 20:22:05.483  1161  1202 D LOWI-9.0.1.68: [LOWIBackgroundScanMgr] isRspForBgScanMgr: evt(LOWI_NO_EVT) - not handled
11-10 20:22:05.483  1161  1202 D LOWI-9.0.1.68: [LOWIScheduler] manageMsg: NULL results or NULL request in results
11-10 20:22:05.483  1161  1202 D LOWI-9.0.1.68: [LOWIController] Measurements received
11-10 20:22:05.483  1161  1202 D LOWI-9.0.1.68: [LOWICacheManager] putInCache:Num of Meas to add: 18
11-10 20:22:05.484  1161  1202 D LOWI-9.0.1.68: [LOWIController] processMeasurementResults: No current Request. Cache measurements
11-10 20:22:05.484  1161  1202 D LOWI-9.0.1.68: [LOWIController] sendAsyncScanResponse: Request FreeWifiScanObserver_0 is from a different client.
11-10 20:22:05.484  1161  1202 D LOWI-9.0.1.68: [LOWIController] generateResponse: Type (ASYNC_DISCOVERY_SCAN_RESULTS) ScanStatus (1) request FreeWifiScanObserver_0
11-10 20:22:05.485  1161  1202 D LOWI-9.0.1.68: [LOWIEventDispatcher] sendResponse - originator = FreeWifiScanObserver
11-10 20:22:05.485  1161  1202 D LOWI-9.0.1.68: [LOWIUtils] injectScanMeasurements - num of APs = 18
11-10 20:22:05.485  1161  7347 D LOWI-9.0.1.68: [LOWI-Scan] WipsScanUsingNL:wait -1 sec for netlink message
11-10 20:22:05.490  1161  1202 I LOWI-9.0.1.68: [LOWIUtils] responseToOutPostcard - TO: FreeWifiScanObserver, FROM:   LOWI-SERVER, RESP:  LOWI_ASYNC_DISCOVERY_SCAN_RESULTS
11-10 20:22:05.495  1161  1202 D LOWI-9.0.1.68: [LOWIControllerExtn] sendLOWILpDiscoveryScanResponse: Not a discovery scan response
11-10 20:22:05.500  1374  1604 W IE_Capabilities: Unknown RSN cipher suite: aac0f00
11-10 20:22:05.501  1374  1604 D WificondScannerImpl: Filtering out 1 scan results.
11-10 20:22:05.517   748  1825 I LocSvc_api_v02: ---> locClientSendReq line 2412 QMI_LOC_INJECT_WIFI_AP_DATA_REQ_V02
11-10 20:22:05.519   748  3244 I LocSvc_ApiV02: <--- globalRespCb line 277 QMI_LOC_INJECT_WIFI_AP_DATA_REQ_V02
11-10 20:22:05.653  1062  1062 E Bikelogs: recvfrom error: Try again
11-10 20:22:06.677  1062  1062 E Bikelogs: recvfrom error: Try again
11-10 20:22:07.018     0     0 I init    : starting service 'mc_logger'...
11-10 20:22:07.031     0     0 I init    : ... started service 'mc_logger' has pid 7748
11-10 20:22:07.032     0     0 I init    : starting service 'my_uv_service'...
11-10 20:22:07.047     0     0 I init    : ... started service 'my_uv_service' has pid 7749
11-10 20:22:07.053  7748  7748 I MC_LOGGER: Motor Controller Logger Service Starting...
11-10 20:22:07.053  7748  7748 E MC_LOGGER: Failed to open UART device /dev/ttyMSM0: Permission denied
11-10 20:22:07.053  7748  7748 E MC_LOGGER: Motor Controller UART Initialization failed!
11-10 20:22:07.063     0     0 I init    : Service 'mc_logger' (pid 7748) exited with status 1
11-10 20:22:07.063     0     0 I init    : Sending signal 9 to service 'mc_logger' (pid 7748) process group...
11-10 20:22:07.063     0     0 I libprocessgroup: Successfully killed process cgroup uid 1000 pid 7748 in 0ms
11-10 20:22:07.063  7749  7749 W ProcessState: Opening '/dev/vndbinder' failed: Permission denied
11-10 20:22:07.063  7749  7749 F ProcessState: Binder driver '/dev/vndbinder' could not be opened.  Terminating.
11-10 20:22:07.059  7749  7749 W my_uv_service: type=1400 audit(0.0:260): avc:  denied  { read write } for  name="vndbinder" dev="binder" ino=6 scontext=u:r:my_uv_service:s0 tcontext=u:object_r:vndbinder_device:s0 tclass=chr_file permissive=0
11-10 20:22:07.064  7749  7749 F libc    : Fatal signal 6 (SIGABRT), code -1 (SI_QUEUE) in tid 7749 (my_uv_service), pid 7749 (my_uv_service)
11-10 20:22:07.085  7752  7752 I crash_dump64: obtaining output fd from tombstoned, type: kDebuggerdTombstoneProto
11-10 20:22:07.085   586   586 I tombstoned: received crash request for pid 7749
11-10 20:22:07.086  7752  7752 I crash_dump64: performing dump of process 7749 (target tid = 7749)
11-10 20:22:07.113     0     0 I logd    : logdr: UID=1000 GID=1000 PID=7752 n tail=500 logMask=8 pid=7749 start=0ns deadline=0ns
11-10 20:22:07.114     0     0 I logd    : logdr: UID=1000 GID=1000 PID=7752 n tail=500 logMask=1 pid=7749 start=0ns deadline=0ns
11-10 20:22:07.117  7752  7752 F DEBUG   : *** *** *** *** *** *** *** *** *** *** *** *** *** *** *** ***
11-10 20:22:07.117  7752  7752 F DEBUG   : Build fingerprint: 'qti/bengal_2w/bengal_2w:14/UKQ1.250303.001/eng.uvbuil.20250915.113541:userdebug/test-keys'
11-10 20:22:07.117  7752  7752 F DEBUG   : Revision: '0'
11-10 20:22:07.117  7752  7752 F DEBUG   : ABI: 'arm64'
11-10 20:22:07.117  7752  7752 F DEBUG   : Timestamp: 2025-11-10 20:22:07.088477957+0530
11-10 20:22:07.117  7752  7752 F DEBUG   : Process uptime: 1s
11-10 20:22:07.117  7752  7752 F DEBUG   : Cmdline: /vendor/bin/my_uv_service
11-10 20:22:07.117  7752  7752 F DEBUG   : pid: 7749, tid: 7749, name: my_uv_service  >>> /vendor/bin/my_uv_service <<<
11-10 20:22:07.117  7752  7752 F DEBUG   : uid: 1000
11-10 20:22:07.117  7752  7752 F DEBUG   : signal 6 (SIGABRT), code -1 (SI_QUEUE), fault addr --------
11-10 20:22:07.117  7752  7752 F DEBUG   : Abort message: 'Binder driver '/dev/vndbinder' could not be opened.  Terminating.'
11-10 20:22:07.117  7752  7752 F DEBUG   :     x0  0000000000000000  x1  0000000000001e45  x2  0000000000000006  x3  0000007fe7189de0
11-10 20:22:07.117  7752  7752 F DEBUG   :     x4  621f267164636d68  x5  621f267164636d68  x6  621f267164636d68  x7  7f7f7f7f7f7f7f7f
11-10 20:22:07.117  7752  7752 F DEBUG   :     x8  00000000000000f0  x9  000000768cae51b8  x10 0000000000000001  x11 000000768cb2d924
11-10 20:22:07.117  7752  7752 F DEBUG   :     x12 0000007fe7189da0  x13 0000000000000042  x14 0000007fe7189f70  x15 0000000000000000
11-10 20:22:07.117  7752  7752 F DEBUG   :     x16 000000768cb95d18  x17 000000768cb713b0  x18 000000769465e000  x19 0000000000001e45
11-10 20:22:07.117  7752  7752 F DEBUG   :     x20 0000000000001e45  x21 00000000ffffffff  x22 000000769048e028  x23 0000000000000000
11-10 20:22:07.117  7752  7752 F DEBUG   :     x24 0000000000000000  x25 0000000000000000  x26 0000000000000000  x27 0000000000000000
11-10 20:22:07.117  7752  7752 F DEBUG   :     x28 0000000000000000  x29 0000007fe7189e60
11-10 20:22:07.117  7752  7752 F DEBUG   :     lr  000000768cb1e624  sp  0000007fe7189dc0  pc  000000768cb1e650  pst 0000000000000000
11-10 20:22:07.117  7752  7752 F DEBUG   : 7 total frames
11-10 20:22:07.117  7752  7752 F DEBUG   : backtrace:
11-10 20:22:07.117  7752  7752 F DEBUG   :       #00 pc 000000000005b650  /apex/com.android.runtime/lib64/bionic/libc.so (abort+168) (BuildId: 50118287324a156bc7be11d3d940c7be)
11-10 20:22:07.117  7752  7752 F DEBUG   :       #01 pc 0000000000006424  /system/lib64/liblog.so (__android_log_default_aborter+16) (BuildId: e05aefcb936d3c511dd026d3e152503f)
11-10 20:22:07.117  7752  7752 F DEBUG   :       #02 pc 000000000000701c  /system/lib64/liblog.so (__android_log_assert+312) (BuildId: e05aefcb936d3c511dd026d3e152503f)
11-10 20:22:07.118  7752  7752 F DEBUG   :       #03 pc 000000000006adf0  /apex/com.android.vndk.v30/lib64/libbinder.so (android::ProcessState::ProcessState(char const*)+372) (BuildId: 7703b5b080cfabac26e5ae3585f2c76c)
11-10 20:22:07.118  7752  7752 F DEBUG   :       #04 pc 000000000006abe4  /apex/com.android.vndk.v30/lib64/libbinder.so (android::ProcessState::self()+112) (BuildId: 7703b5b080cfabac26e5ae3585f2c76c)
11-10 20:22:07.118  7752  7752 F DEBUG   :       #05 pc 0000000000002074  /vendor/bin/my_uv_service (main+44) (BuildId: 9b47a07ec1d9d741dcbed4bd6570e468)
11-10 20:22:07.118  7752  7752 F DEBUG   :       #06 pc 0000000000053e48  /apex/com.android.runtime/lib64/bionic/libc.so (__libc_init+108) (BuildId: 50118287324a156bc7be11d3d940c7be)
11-10 20:22:07.121  1374  1730 W NativeCrashListener: Couldn't find ProcessRecord for pid 7749
11-10 20:22:07.122  7752  7752 E crash_dump64: AM data write failed: Broken pipe
11-10 20:22:07.133     0     0 I init    : Untracked pid 7752 exited with status 0
11-10 20:22:07.133     0     0 I init    : Untracked pid 7752 did not have an associated service entry and will not be reaped
11-10 20:22:07.134     0     0 I init    : Service 'my_uv_service' (pid 7749) received signal 6
11-10 20:22:07.123   586   586 E tombstoned: Tombstone written to: tombstone_14
11-10 20:22:07.126  1374  1507 E NativeTombstoneManager: Tombstone's UID (1000) not an app, ignoring
11-10 20:22:07.127  1374  1507 E NativeTombstoneManager: Tombstone's UID (1000) not an app, ignoring
11-10 20:22:07.701  1062  1062 E Bikelogs: recvfrom error: Try again
11-10 20:22:07.829  1374  7590 E UdpServiceJNI: udpReceiverThread: recvfrom failed: Try again
11-10 20:22:08.686  2680  2720 E inform_hb_driver: Unable to open /sys/qti_heartbeat/sysstate_value
11-10 20:22:08.725  1062  1062 E Bikelogs: recvfrom error: Try again
11-10 20:22:09.110  2680  2720 E inform_hb_driver: Unable to open /sys/qti_heartbeat/sysstate_value
11-10 20:22:09.749  1062  1062 E Bikelogs: recvfrom error: Try again
11-10 20:22:10.635  1374  3734 I WifiService: startScan uid=1001000
11-10 20:22:10.637  1374  1391 I WifiService: startScan uid=1001000
11-10 20:22:10.641  1374  3008 I WifiService: startScan uid=1001000
11-10 20:22:10.660  1161  7347 D LOWI-9.0.1.68: [LOWI-Scan] wait_event:Wait done with Cmd 33
11-10 20:22:10.660  1161  7347 D LOWI-9.0.1.68: [LOWI-Scan] do_listen_events: Rcvd valid Netlink Cmd 0 Err 0
11-10 20:22:10.661   756  5798 V WifiHAL : event received NL80211_CMD_TRIGGER_SCAN
11-10 20:22:10.773  1062  1062 E Bikelogs: recvfrom error: Try again
11-10 20:22:10.901  1374  7590 E UdpServiceJNI: udpReceiverThread: recvfrom failed: Try again
11-10 20:22:11.797  1062  1062 E Bikelogs: recvfrom error: Try again
11-10 20:22:12.027     0     0 I init    : starting service 'mc_logger'...
11-10 20:22:12.038     0     0 I init    : ... started service 'mc_logger' has pid 7765
11-10 20:22:12.041     0     0 I init    : starting service 'my_uv_service'...
11-10 20:22:12.050     0     0 I init    : ... started service 'my_uv_service' has pid 7766
11-10 20:22:12.055  7765  7765 I MC_LOGGER: Motor Controller Logger Service Starting...
11-10 20:22:12.056  7765  7765 E MC_LOGGER: Failed to open UART device /dev/ttyMSM0: Permission denied
11-10 20:22:12.056  7765  7765 E MC_LOGGER: Motor Controller UART Initialization failed!
11-10 20:22:12.066     0     0 I init    : Service 'mc_logger' (pid 7765) exited with status 1
11-10 20:22:12.066     0     0 I init    : Sending signal 9 to service 'mc_logger' (pid 7765) process group...
11-10 20:22:12.066     0     0 I libprocessgroup: Successfully killed process cgroup uid 1000 pid 7765 in 0ms
11-10 20:22:12.067  7766  7766 W my_uv_service: type=1400 audit(0.0:261): avc:  denied  { read write } for  name="vndbinder" dev="binder" ino=6 scontext=u:r:my_uv_service:s0 tcontext=u:object_r:vndbinder_device:s0 tclass=chr_file permissive=0
11-10 20:22:12.071  7766  7766 W ProcessState: Opening '/dev/vndbinder' failed: Permission denied
11-10 20:22:12.071  7766  7766 F ProcessState: Binder driver '/dev/vndbinder' could not be opened.  Terminating.
11-10 20:22:12.072  7766  7766 F libc    : Fatal signal 6 (SIGABRT), code -1 (SI_QUEUE) in tid 7766 (my_uv_service), pid 7766 (my_uv_service)
11-10 20:22:12.093  7769  7769 I crash_dump64: obtaining output fd from tombstoned, type: kDebuggerdTombstoneProto
11-10 20:22:12.094   586   586 I tombstoned: received crash request for pid 7766
11-10 20:22:12.094  7769  7769 I crash_dump64: performing dump of process 7766 (target tid = 7766)
11-10 20:22:12.130     0     0 I logd    : logdr: UID=1000 GID=1000 PID=7769 n tail=500 logMask=8 pid=7766 start=0ns deadline=0ns
11-10 20:22:12.131     0     0 I logd    : logdr: UID=1000 GID=1000 PID=7769 n tail=500 logMask=1 pid=7766 start=0ns deadline=0ns
11-10 20:22:12.128  7769  7769 F DEBUG   : *** *** *** *** *** *** *** *** *** *** *** *** *** *** *** ***
11-10 20:22:12.128  7769  7769 F DEBUG   : Build fingerprint: 'qti/bengal_2w/bengal_2w:14/UKQ1.250303.001/eng.uvbuil.20250915.113541:userdebug/test-keys'
11-10 20:22:12.129  7769  7769 F DEBUG   : Revision: '0'
11-10 20:22:12.129  7769  7769 F DEBUG   : ABI: 'arm64'
11-10 20:22:12.129  7769  7769 F DEBUG   : Timestamp: 2025-11-10 20:22:12.096852799+0530
11-10 20:22:12.129  7769  7769 F DEBUG   : Process uptime: 1s
11-10 20:22:12.129  7769  7769 F DEBUG   : Cmdline: /vendor/bin/my_uv_service
11-10 20:22:12.129  7769  7769 F DEBUG   : pid: 7766, tid: 7766, name: my_uv_service  >>> /vendor/bin/my_uv_service <<<
11-10 20:22:12.129  7769  7769 F DEBUG   : uid: 1000
11-10 20:22:12.129  7769  7769 F DEBUG   : signal 6 (SIGABRT), code -1 (SI_QUEUE), fault addr --------
11-10 20:22:12.129  7769  7769 F DEBUG   : Abort message: 'Binder driver '/dev/vndbinder' could not be opened.  Terminating.'
11-10 20:22:12.129  7769  7769 F DEBUG   :     x0  0000000000000000  x1  0000000000001e56  x2  0000000000000006  x3  0000007fd6bb5df0
11-10 20:22:12.129  7769  7769 F DEBUG   :     x4  621f267164636d68  x5  621f267164636d68  x6  621f267164636d68  x7  7f7f7f7f7f7f7f7f
11-10 20:22:12.129  7769  7769 F DEBUG   :     x8  00000000000000f0  x9  0000007b1307a1b8  x10 0000000000000001  x11 0000007b130c2924
11-10 20:22:12.129  7769  7769 F DEBUG   :     x12 0000007fd6bb5db0  x13 0000000000000042  x14 0000007fd6bb5f80  x15 0000000000000000
11-10 20:22:12.129  7769  7769 F DEBUG   :     x16 0000007b1312ad18  x17 0000007b131063b0  x18 0000007b17fb0000  x19 0000000000001e56
11-10 20:22:12.129  7769  7769 F DEBUG   :     x20 0000000000001e56  x21 00000000ffffffff  x22 0000007b0f7dd028  x23 0000000000000000
11-10 20:22:12.129  7769  7769 F DEBUG   :     x24 0000000000000000  x25 0000000000000000  x26 0000000000000000  x27 0000000000000000
11-10 20:22:12.129  7769  7769 F DEBUG   :     x28 0000000000000000  x29 0000007fd6bb5e70
11-10 20:22:12.129  7769  7769 F DEBUG   :     lr  0000007b130b3624  sp  0000007fd6bb5dd0  pc  0000007b130b3650  pst 0000000000000000
11-10 20:22:12.129  7769  7769 F DEBUG   : 7 total frames
11-10 20:22:12.129  7769  7769 F DEBUG   : backtrace:
11-10 20:22:12.129  7769  7769 F DEBUG   :       #00 pc 000000000005b650  /apex/com.android.runtime/lib64/bionic/libc.so (abort+168) (BuildId: 50118287324a156bc7be11d3d940c7be)
11-10 20:22:12.129  7769  7769 F DEBUG   :       #01 pc 0000000000006424  /system/lib64/liblog.so (__android_log_default_aborter+16) (BuildId: e05aefcb936d3c511dd026d3e152503f)
11-10 20:22:12.129  7769  7769 F DEBUG   :       #02 pc 000000000000701c  /system/lib64/liblog.so (__android_log_assert+312) (BuildId: e05aefcb936d3c511dd026d3e152503f)
11-10 20:22:12.129  7769  7769 F DEBUG   :       #03 pc 000000000006adf0  /apex/com.android.vndk.v30/lib64/libbinder.so (android::ProcessState::ProcessState(char const*)+372) (BuildId: 7703b5b080cfabac26e5ae3585f2c76c)
11-10 20:22:12.129  7769  7769 F DEBUG   :       #04 pc 000000000006abe4  /apex/com.android.vndk.v30/lib64/libbinder.so (android::ProcessState::self()+112) (BuildId: 7703b5b080cfabac26e5ae3585f2c76c)
11-10 20:22:12.129  7769  7769 F DEBUG   :       #05 pc 0000000000002074  /vendor/bin/my_uv_service (main+44) (BuildId: 9b47a07ec1d9d741dcbed4bd6570e468)
11-10 20:22:12.129  7769  7769 F DEBUG   :       #06 pc 0000000000053e48  /apex/com.android.runtime/lib64/bionic/libc.so (__libc_init+108) (BuildId: 50118287324a156bc7be11d3d940c7be)
11-10 20:22:12.136  1374  1730 W NativeCrashListener: Couldn't find ProcessRecord for pid 7766
11-10 20:22:12.136  7769  7769 E crash_dump64: AM data write failed: Broken pipe
11-10 20:22:12.137   586   586 E tombstoned: Tombstone written to: tombstone_15
11-10 20:22:12.138  1374  1507 E NativeTombstoneManager: Tombstone's UID (1000) not an app, ignoring
11-10 20:22:12.139  1374  1507 E NativeTombstoneManager: Tombstone's UID (1000) not an app, ignoring
11-10 20:22:12.147     0     0 I init    : Untracked pid 7769 exited with status 0
11-10 20:22:12.147     0     0 I init    : Untracked pid 7769 did not have an associated service entry and will not be reaped
11-10 20:22:12.148     0     0 I init    : Service 'my_uv_service' (pid 7766) received signal 6
11-10 20:22:12.821  1062  1062 E Bikelogs: recvfrom error: Try again
11-10 20:22:13.661  2680  2720 E inform_hb_driver: Unable to open /sys/qti_heartbeat/sysstate_value
11-10 20:22:13.845  1062  1062 E Bikelogs: recvfrom error: Try again
11-10 20:22:13.973  1374  7590 E UdpServiceJNI: udpReceiverThread: recvfrom failed: Try again
11-10 20:22:14.078  2680  2720 E inform_hb_driver: Unable to open /sys/qti_heartbeat/sysstate_value
11-10 20:22:14.869  1062  1062 E Bikelogs: recvfrom error: Try again
11-10 20:22:15.537   756  5798 V WifiHAL : event received NL80211_CMD_NEW_SCAN_RESULTS
11-10 20:22:15.537  1161  7347 D LOWI-9.0.1.68: [LOWI-Scan] wait_event:Wait done with Cmd 34
11-10 20:22:15.537  1161  7347 D LOWI-9.0.1.68: [LOWI-Scan] do_listen_events: Rcvd valid Netlink Cmd 34 Err 0
11-10 20:22:15.537  1161  7347 D LOWI-9.0.1.68: [LOWI-Scan] 
11-10 20:22:15.537  1161  7347 D LOWI-9.0.1.68: [LOWI-Scan] is_qcom_ie, bss_age: 0
11-10 20:22:15.538  1161  7347 D LOWI-9.0.1.68: [LOWI-Scan] BSS e6:e4:b7:**:**:20 FREQ: 2462, cFreq1[40:80:160] = [0:0:0] cFreq2 = 0 SSID Shrihari pixel, RSSI(dBM): -77, 11mcRanging: No, Country Code = IN 
11-10 20:22:15.538  1161  7347 D LOWI-9.0.1.68: [LOWI-Scan] 
11-10 20:22:15.538  1161  7347 D LOWI-9.0.1.68: [LOWI-Scan] is_qcom_ie, bss_age: 0
11-10 20:22:15.538  1161  7347 D LOWI-9.0.1.68: [LOWI-Scan] BSS e6:55:b8:**:**:ec FREQ: 5240, cFreq1[40:80:160] = [5230:5210:0] cFreq2 = 0 SSID A71 - IT Infra, RSSI(dBM): -72, 11mcRanging: No, Country Code = IN
