09-15 11:35:41.312  1756  1756 I CAR.POWER: send display brightness = 82
09-15 11:35:41.312  1756  1895 I CAR.POWER: on display 0
09-15 11:35:41.313  1756  1895 E CarPowerManagementService: Failed to notify car power policy daemon: the daemon is not ready
09-15 11:35:41.313  1756  1895 I CarPowerManagementService: The current power policy is system_power_policy_initial_on
09-15 11:35:41.313  1756  1895 W CarPowerManagementService: Failed to cancel system power policy: the current policy is not the system power policy
09-15 11:35:41.313  1756  1756 I CarPowerManagementService: Connected to car power policy daemon
09-15 11:35:41.313  1756  1756 I CarPowerManagementService: CPMS is taking control from carpowerpolicyd
09-15 11:35:41.313  1756  1895 I CAR.POWER: send wait for vhal
09-15 11:35:41.314  1756  1756 I CarPowerManagementService: CPMS applied power policy(system_power_policy_initial_on) before connecting to the daemon. Notifying to the daemon...
09-15 11:35:41.314  1756  1895 I CAR.POWER: setPowerState=WAIT_FOR_VHAL(1) param=0
09-15 11:35:41.314  1756  1756 W CarPowerManagementService: Failed to set power policy group:  is not registered
09-15 11:35:41.314  1756  1756 W CarPowerManagementService: Failed to set power policy group
09-15 11:35:41.315  1756  1756 W CAR.SilentModeHandler: Failed to start monitoring Silent Mode HW state: /sys/power/pm_silentmode_hw_state doesn't exist
09-15 11:35:41.315  1756  1756 V CAR.InitTiming: CarPowerManagementService took to complete: 24ms
09-15 11:35:41.316  1756  1756 V CAR.InitTiming: CarUserNoticeService took to complete: 2ms
09-15 11:35:41.320  1341  1360 D CompatibilityChangeReporter: Compat change id reported: 261072174; UID 1000; state: ENABLED
09-15 11:35:41.320  1756  1756 V CAR.InitTiming: CarPerUserServiceHelper took to complete: 4ms
09-15 11:35:41.320  1756  1756 V CAR.InitTiming: CarBluetoothService took to complete: 0ms
09-15 11:35:41.321  1756  1756 D CAR.INPUT: Hal supports key input.
09-15 11:35:41.321  1756  1756 V CAR.InitTiming: CarInputService took to complete: 1ms
09-15 11:35:41.322  1756  1756 V CAR.InitTiming: CarProjectionService took to complete: 1ms
09-15 11:35:41.322  1756  1756 V CAR.InitTiming: GarageModeService took to complete: 0ms
09-15 11:35:41.322  1756  1756 V CAR.InitTiming: AppFocusService took to complete: 0ms
09-15 11:35:41.322  1756  1756 I CAR.AUDIO: Audio dynamic routing not enabled, run in legacy mode
09-15 11:35:41.325  1756  1883 I CAR.POWER: Received AP_POWER_STATE_REQ=ON(0) param=0
09-15 11:35:41.325  1756  1895 I CarPowerManagementService: doHandlePowerStateChange: newState=ON(1)
09-15 11:35:41.326  1756  1895 I CarPowerManagementService: setCurrentState CpmsState canPostpone=false, carPowerStateListenerState=6, mShutdownType=0, CpmsState=ON(1)
09-15 11:35:41.327  1756  1895 W CarPowerManagementService: Failed to cancel system power policy: the current policy is not the system power policy
09-15 11:35:41.327  1756  1895 W CarPowerManagementService: Failed to cancel system power policy: the current policy is not the system power policy
09-15 11:35:41.327  1756  1895 I CarPowerManagementService: Applying the default power policy for ON
09-15 11:35:41.329  1756  1895 I CarPowerManagementService: The current power policy is system_power_policy_all_on
09-15 11:35:41.329  1756  1895 I CarPowerManagementService: Applying the default power policy for ON
09-15 11:35:41.330  1756  1895 I CarPowerManagementService: The current power policy is system_power_policy_all_on
09-15 11:35:41.330  1756  1756 V CAR.InitTiming: CarAudioService took to complete: 8ms
09-15 11:35:41.330  1756  1895 I CAR.POWER: send on
09-15 11:35:41.331  1756  1895 I CAR.POWER: setPowerState=ON(6) param=0
09-15 11:35:41.331  1756  1895 D CarPowerManagementService: handleOn(): called on boot
09-15 11:35:41.332  1756  1756 W CAR.SENSOR: Failed to get value of NIGHT_MODE
09-15 11:35:41.333  1341  1360 I ActivityTaskManager: Config changes=200 {1.0 ?mcc0mnc [en_US] ldltr sw720dp w720dp h1280dp 160dpi xlrg long port car night finger -keyb/h/h -nav/h winConfig={ mBounds=Rect(0, 0 - 720, 1280) mAppBounds=Rect(0, 0 - 720, 1280) mMaxBounds=Rect(0, 0 - 720, 1280) mDisplayRotation=ROTATION_0 mWindowingMode=fullscreen mDisplayWindowingMode=fullscreen mActivityType=undefined mAlwaysOnTop=undefined mRotation=ROTATION_0} s.10 fontWeightAdjustment=0}
09-15 11:35:41.334  1341  1341 V PackageManager: reconcileAppsData finished 175 packages
09-15 11:35:41.334  1341  1341 V SystemServerTiming: reconcileAppsData took to complete: 216ms
09-15 11:35:41.334  1341  1341 V SystemServerTiming: onBeforeStartUser-0 took to complete: 288ms
09-15 11:35:41.334  1341  1341 V SystemServerTiming: updateStateBooting took to complete: 289ms
09-15 11:35:41.334  1341  1341 D SystemServerTiming: sendMessages
09-15 11:35:41.334  1341  1341 V SystemServerTiming: sendMessages took to complete: 0ms
09-15 11:35:41.334  1341  1341 D SystemServerTiming: finishUserBoot
09-15 11:35:41.334  1341  1341 I ActivityManager: User 0 state changed from BOOTING to RUNNING_LOCKED
09-15 11:35:41.335  1341  1402 D SystemServerTimingAsync: ssm.StartUser-0
09-15 11:35:41.335  1341  1402 I SystemServiceManager: Calling onStartUser 0
09-15 11:35:41.335  1341  1402 D SystemServerTimingAsync: ssm.onStartUser-0_com.android.server.security.FileIntegrityService
09-15 11:35:41.335  1341  1402 V SystemServerTimingAsync: ssm.onStartUser-0_com.android.server.security.FileIntegrityService took to complete: 0ms
09-15 11:35:41.335  1341  1402 D SystemServerTimingAsync: ssm.onStartUser-0_com.android.server.pm.Installer
09-15 11:35:41.335  1341  1402 V SystemServerTimingAsync: ssm.onStartUser-0_com.android.server.pm.Installer took to complete: 0ms
09-15 11:35:41.335  1341  1402 D SystemServerTimingAsync: ssm.onStartUser-0_com.android.server.os.DeviceIdentifiersPolicyService
09-15 11:35:41.335  1341  1402 V SystemServerTimingAsync: ssm.onStartUser-0_com.android.server.os.DeviceIdentifiersPolicyService took to complete: 0ms
09-15 11:35:41.335  1341  1402 D SystemServerTimingAsync: ssm.onStartUser-0_com.android.server.uri.UriGrantsManagerService$Lifecycle
09-15 11:35:41.335  1341  1402 V SystemServerTimingAsync: ssm.onStartUser-0_com.android.server.uri.UriGrantsManagerService$Lifecycle took to complete: 0ms
09-15 11:35:41.335  1341  1402 D SystemServerTimingAsync: ssm.onStartUser-0_com.android.server.powerstats.PowerStatsService
09-15 11:35:41.335  1341  1402 V SystemServerTimingAsync: ssm.onStartUser-0_com.android.server.powerstats.PowerStatsService took to complete: 0ms
09-15 11:35:41.335  1341  1402 D SystemServerTimingAsync: ssm.onStartUser-0_com.android.server.permission.access.AccessCheckingService
09-15 11:35:41.335  1341  1402 V SystemServerTimingAsync: ssm.onStartUser-0_com.android.server.permission.access.AccessCheckingService took to complete: 0ms
09-15 11:35:41.335  1341  1402 D SystemServerTimingAsync: ssm.onStartUser-0_com.android.server.wm.ActivityTaskManagerService$Lifecycle
09-15 11:35:41.335  1341  1402 V SystemServerTimingAsync: ssm.onStartUser-0_com.android.server.wm.ActivityTaskManagerService$Lifecycle took to complete: 0ms
09-15 11:35:41.335  1341  1402 D SystemServerTimingAsync: ssm.onStartUser-0_com.android.server.am.ActivityManagerService$Lifecycle
09-15 11:35:41.335  1341  1402 V SystemServerTimingAsync: ssm.onStartUser-0_com.android.server.am.ActivityManagerService$Lifecycle took to complete: 0ms
09-15 11:35:41.335  1341  1402 D SystemServerTimingAsync: ssm.onStartUser-0_com.android.server.pm.DataLoaderManagerService
09-15 11:35:41.335  1341  1402 V SystemServerTimingAsync: ssm.onStartUser-0_com.android.server.pm.DataLoaderManagerService took to complete: 0ms
09-15 11:35:41.335  1341  1402 D SystemServerTimingAsync: ssm.onStartUser-0_com.android.server.power.PowerManagerService
09-15 11:35:41.335  1341  1402 V SystemServerTimingAsync: ssm.onStartUser-0_com.android.server.power.PowerManagerService took to complete: 0ms
09-15 11:35:41.335  1341  1360 I WindowManager: Override config changes=200 {1.0 ?mcc0mnc [en_US] ldltr sw720dp w720dp h1280dp 160dpi xlrg long port car night finger -keyb/h/h -nav/h winConfig={ mBounds=Rect(0, 0 - 720, 1280) mAppBounds=Rect(0, 0 - 720, 1280) mMaxBounds=Rect(0, 0 - 720, 1280) mDisplayRotation=ROTATION_0 mWindowingMode=fullscreen mDisplayWindowingMode=fullscreen mActivityType=undefined mAlwaysOnTop=undefined mRotation=ROTATION_0} s.10 fontWeightAdjustment=0} for displayId=0
09-15 11:35:41.335  1341  1402 D SystemServerTimingAsync: ssm.onStartUser-0_com.android.server.power.ThermalManagerService
09-15 11:35:41.335  1341  1402 V SystemServerTimingAsync: ssm.onStartUser-0_com.android.server.power.ThermalManagerService took to complete: 0ms
09-15 11:35:41.335  1341  1402 D SystemServerTimingAsync: ssm.onStartUser-0_com.android.server.power.hint.HintManagerService
09-15 11:35:41.335  1341  1402 V SystemServerTimingAsync: ssm.onStartUser-0_com.android.server.power.hint.HintManagerService took to complete: 0ms
09-15 11:35:41.335  1341  1402 D SystemServerTimingAsync: ssm.onStartUser-0_com.android.server.recoverysystem.RecoverySystemService$Lifecycle
09-15 11:35:41.335  1341  1402 V SystemServerTimingAsync: ssm.onStartUser-0_com.android.server.recoverysystem.RecoverySystemService$Lifecycle took to complete: 0ms
09-15 11:35:41.335  1341  1402 D SystemServerTimingAsync: ssm.onStartUser-0_com.android.server.lights.LightsService
09-15 11:35:41.335  1341  1402 V SystemServerTimingAsync: ssm.onStartUser-0_com.android.server.lights.LightsService took to complete: 0ms
09-15 11:35:41.335  1341  1402 D SystemServerTimingAsync: ssm.onStartUser-0_com.android.server.display.DisplayManagerService
09-15 11:35:41.335  1341  1402 V SystemServerTimingAsync: ssm.onStartUser-0_com.android.server.display.DisplayManagerService took to complete: 0ms
09-15 11:35:41.335  1341  1402 D SystemServerTimingAsync: ssm.onStartUser-0_com.android.server.pm.verify.domain.DomainVerificationService
09-15 11:35:41.335  1341  1402 V SystemServerTimingAsync: ssm.onStartUser-0_com.android.server.pm.verify.domain.DomainVerificationService took to complete: 0ms
09-15 11:35:41.335  1341  1402 D SystemServerTimingAsync: ssm.onStartUser-0_com.android.server.pm.PackageInstallerService$Lifecycle
09-15 11:35:41.335  1341  1402 V SystemServerTimingAsync: ssm.onStartUser-0_com.android.server.pm.PackageInstallerService$Lifecycle took to complete: 0ms
09-15 11:35:41.335  1341  1402 D SystemServerTimingAsync: ssm.onStartUser-0_com.android.server.pm.UserManagerService$LifeCycle
09-15 11:35:41.336  1341  1402 V SystemServerTimingAsync: ssm.onStartUser-0_com.android.server.pm.UserManagerService$LifeCycle took to complete: 0ms
09-15 11:35:41.336  1341  1402 D SystemServerTimingAsync: ssm.onStartUser-0_com.android.server.om.OverlayManagerService
09-15 11:35:41.338  1756  1756 V CAR.InitTiming: CarNightService took to complete: 7ms
09-15 11:35:41.338  1756  1756 V CAR.InitTiming: FixedActivityService took to complete: 0ms
09-15 11:35:41.338  1756  1888 I CAR.SENSOR: Set dayNight Mode as false at timestamp: 0
09-15 11:35:41.338  1756  1756 V CAR.InitTiming: ClusterNavigationService took to complete: 0ms
09-15 11:35:41.339  1341  1610 I ActivityTaskManager: Config changes=200 {1.0 ?mcc0mnc [en_US] ldltr sw720dp w720dp h1280dp 160dpi xlrg long port car finger -keyb/h/h -nav/h winConfig={ mBounds=Rect(0, 0 - 720, 1280) mAppBounds=Rect(0, 0 - 720, 1280) mMaxBounds=Rect(0, 0 - 720, 1280) mDisplayRotation=ROTATION_0 mWindowingMode=fullscreen mDisplayWindowingMode=fullscreen mActivityType=undefined mAlwaysOnTop=undefined mRotation=ROTATION_0} s.13 fontWeightAdjustment=0}
09-15 11:35:41.339  1756  1756 V CAR.InitTiming: InstrumentClusterService took to complete: 1ms
09-15 11:35:41.340  1341  1341 I ActivityManager: Not unlocking user 0 yet because boot hasn't completed
09-15 11:35:41.340  1341  1341 V SystemServerTiming: finishUserBoot took to complete: 6ms
09-15 11:35:41.340  1341  1341 D SystemServerTiming: sendRestartBroadcast
09-15 11:35:41.340  1341  1610 I WindowManager: Override config changes=200 {1.0 ?mcc0mnc [en_US] ldltr sw720dp w720dp h1280dp 160dpi xlrg long port car finger -keyb/h/h -nav/h winConfig={ mBounds=Rect(0, 0 - 720, 1280) mAppBounds=Rect(0, 0 - 720, 1280) mMaxBounds=Rect(0, 0 - 720, 1280) mDisplayRotation=ROTATION_0 mWindowingMode=fullscreen mDisplayWindowingMode=fullscreen mActivityType=undefined mAlwaysOnTop=undefined mRotation=ROTATION_0} s.13 fontWeightAdjustment=0} for displayId=0
09-15 11:35:41.341  1756  1756 V CAR.InitTiming: CarStatsService took to complete: 2ms
09-15 11:35:41.341  1756  1756 V CAR.InitTiming: VmsBrokerService took to complete: 0ms
09-15 11:35:41.341  1756  1756 V CAR.InitTiming: CarDiagnosticService took to complete: 0ms
09-15 11:35:41.341  1756  1756 D CarStorageMonitoringService: CarStorageMonitoringService init()
09-15 11:35:41.341  1341  1341 V SystemServerTiming: sendRestartBroadcast took to complete: 1ms
09-15 11:35:41.341  1341  1341 V SystemServerTiming: UserController.startUser-0-bg-start-mode-2 took to complete: 297ms
09-15 11:35:41.341  1341  1341 V SystemServerTiming: am.startUser took to complete: 297ms
09-15 11:35:41.341  1341  1341 V SystemServerTiming: unlock-system-user took to complete: 297ms
09-15 11:35:41.341  1341  1341 D SystemServerTiming: getBootUser
09-15 11:35:41.341  1341  1341 D SystemServerTiming: wait-boot-user
09-15 11:35:41.342  1341  1341 V SystemServerTiming: wait-boot-user took to complete: 0ms
09-15 11:35:41.342  1341  1341 I UserManagerService: Using provided boot user: 10
09-15 11:35:41.342  1341  1341 V SystemServerTiming: getBootUser took to complete: 1ms
09-15 11:35:41.342  1341  1341 D SystemServerTiming: switchToBootUser-10
09-15 11:35:41.342  1756  1756 V CAR.InitTiming: CarStorageMonitoringService took to complete: 1ms
09-15 11:35:41.342  1341  1341 I HsumBootUserInitializer: Switching to boot user 10
09-15 11:35:41.342  1341  1341 D SystemServerTiming: UserController.startUser-10-fg-start-mode-1
09-15 11:35:41.342  1341  1341 D SystemServerTiming: getStartedUserState
09-15 11:35:41.342  1341  1341 V SystemServerTiming: getStartedUserState took to complete: 0ms
09-15 11:35:41.342  1341  1341 D SystemServerTiming: clearAllLockedTasks
09-15 11:35:41.344  1341  1341 V SystemServerTiming: clearAllLockedTasks took to complete: 2ms
09-15 11:35:41.344  1341  1341 D SystemServerTiming: getUserInfo
09-15 11:35:41.344  1341  1341 V SystemServerTiming: getUserInfo took to complete: 0ms
09-15 11:35:41.344  1341  1341 D SystemServerTiming: assignUserToDisplayOnStart
09-15 11:35:41.344  1756  1756 V CAR.InitTiming: CarLocationService took to complete: 2ms
09-15 11:35:41.344  1341  1341 V SystemServerTiming: assignUserToDisplayOnStart took to complete: 0ms
09-15 11:35:41.344  1341  1341 D SystemServerTiming: updateStartedUserArrayStarting
09-15 11:35:41.345  1341  1341 V SystemServerTiming: updateStartedUserArrayStarting took to complete: 0ms
09-15 11:35:41.345  1341  1341 D SystemServerTiming: setUserState
09-15 11:35:41.345  1756  1756 V CAR.InitTiming: CarMediaService took to complete: 1ms
09-15 11:35:41.345  1756  1756 V CAR.InitTiming: CarBugreportManagerService took to complete: 0ms
09-15 11:35:41.345  1341  1341 V SystemServerTiming: setUserState took to complete: 1ms
09-15 11:35:41.345  1341  1341 D SystemServerTiming: updateConfigurationAndProfileIds
09-15 11:35:41.354  1756  1915 I CAR.WatchdogStorage: Deleted 0 user package settings db rows while syncing with alive users
09-15 11:35:41.356  1756  1915 I CarWatchdogService: Read 12 user package settings from database
09-15 11:35:41.357  1756  1756 V CAR.InitTiming: CarWatchdogService took to complete: 11ms
09-15 11:35:41.357  1756  1756 V CAR.InitTiming: CarPerformanceService took to complete: 0ms
09-15 11:35:41.357  1756  1756 D CarDevicePolicyService: init()
09-15 11:35:41.358  1756  1756 V CAR.InitTiming: CarDevicePolicyService took to complete: 0ms
09-15 11:35:41.358  1756  1915 I CarWatchdogService: Read 0 I/O usage stats from database
09-15 11:35:41.358  1756  1756 V CAR.InitTiming: CarTelemetryService took to complete: 1ms
09-15 11:35:41.359  1756  1915 I CarWatchdogService: Read 0 not forgiven overuse stats from database
09-15 11:35:41.359  1341  1341 V SystemServerTiming: updateConfigurationAndProfileIds took to complete: 14ms
09-15 11:35:41.360  1341  1341 D SystemServerTiming: updateStateBooting
09-15 11:35:41.360  1341  1341 D SystemServerTiming: onBeforeStartUser-10
09-15 11:35:41.360  1341  1341 D SystemServerTiming: prepareUserData
09-15 11:35:41.360   491   491 D vold    : fscrypt_prepare_user_storage for volume null, user 10, serial 10, flags 1
09-15 11:35:41.360   491   491 D vold    : Preparing: /data/system/users/10
09-15 11:35:41.361   491   491 D vold    : Preparing: /data/misc/profiles/cur/10
09-15 11:35:41.361   491   491 D vold    : Preparing: /data/system_de/10
09-15 11:35:41.362   491   491 I vold    : Verified that /data/system_de/10 has the encryption policy 824f91e40fcd43535d4c66df9e746d19 v2 modes 1/4 flags 0x12
09-15 11:35:41.362   491   491 D vold    : Preparing: /data/vendor_de/10
09-15 11:35:41.362  1341  1360 D CompatibilityChangeReporter: Compat change id reported: 135634846; UID 1000; state: DISABLED
09-15 11:35:41.363  1341  1360 D CompatibilityChangeReporter: Compat change id reported: 177438394; UID 1000; state: DISABLED
09-15 11:35:41.363  1341  1360 D CompatibilityChangeReporter: Compat change id reported: 135772972; UID 1000; state: DISABLED
09-15 11:35:41.363   491   491 I vold    : Verified that /data/vendor_de/10 has the encryption policy 824f91e40fcd43535d4c66df9e746d19 v2 modes 1/4 flags 0x12
09-15 11:35:41.363   491   491 D vold    : Preparing: /data/misc_de/10
09-15 11:35:41.363  1341  1360 D CompatibilityChangeReporter: Compat change id reported: 135754954; UID 1000; state: ENABLED
09-15 11:35:41.364  1756  1756 V CAR.InitTiming: CarExperimentalFeatureServiceController took to complete: 6ms
09-15 11:35:41.364  1756  1756 V CAR.InitTiming: CarOemService.initComplete took to complete: 0ms
09-15 11:35:41.364  1756  1756 V CAR.InitTiming: CarService.initAllServices took to complete: 105ms
09-15 11:35:41.365  1756  1756 V CAR.InitTiming: ICarImpl.init took to complete: 106ms
09-15 11:35:41.369  1756  1756 V CAR.InitTiming: CarService.onCreate took to complete: 279ms
09-15 11:35:41.369   491   491 I vold    : Verified that /data/misc_de/10 has the encryption policy 824f91e40fcd43535d4c66df9e746d19 v2 modes 1/4 flags 0x12
09-15 11:35:41.369   491   491 D vold    : Preparing: /data/user_de/10
09-15 11:35:41.370   491   491 I vold    : Verified that /data/user_de/10 has the encryption policy 824f91e40fcd43535d4c66df9e746d19 v2 modes 1/4 flags 0x12
09-15 11:35:41.370   491   491 D vold    : /system/bin/vold_prepare_subdirs
09-15 11:35:41.370   491   491 D vold    :     prepare
09-15 11:35:41.370   491   491 D vold    :     
09-15 11:35:41.370   491   491 D vold    :     10
09-15 11:35:41.370   491   491 D vold    :     1
01-01 06:41:06.167     0     0 I init    : processing action (boot.car_service_created=1) from (/system/etc/init/com.android.car.procfsinspector.rc:7)
01-01 06:41:06.167     0     0 I init    : starting service 'com.android.car.procfsinspector'...
09-15 11:35:41.375  1341  1394 I DropBoxManagerService: add tag=system_app_strictmode isTagEnabled=true flags=0x2
09-15 11:35:41.378  1341  1394 I DropBoxManagerService: add tag=system_app_strictmode isTagEnabled=true flags=0x2
09-15 11:35:41.380  1341  1721 V SLog    : static_init took to complete: 0ms
01-01 06:41:06.172     0     0 I init    : ... started service 'com.android.car.procfsinspector' has pid 1924
09-15 11:35:41.380  1341  1721 I CarServiceHelper: **CarService connected**
01-01 06:41:06.172     0     0 I init    : processing action (boot.car_service_created=1) from (/system/etc/init/init.bootstat.car.rc:6)
01-01 06:41:06.173     0     0 I init    : starting service 'exec 34 (/system/bin/bootstat -r car_service_created)'...
09-15 11:35:41.383  1341  1403 I ActivityManager: Start proc 1926:com.android.experimentalcar/1000 for service {com.android.experimentalcar/com.android.experimentalcar.ExperimentalCarService}
09-15 11:35:41.383  1756  1805 I CarUserService: Setting UX restricted to false
09-15 11:35:41.384  1341  1922 I CarDevicePolicySafetyChecker: Setting safe to true
01-01 06:41:06.182     0     0 I init    : ... started service 'exec 34 (/system/bin/bootstat -r car_service_created)' has pid 1927
01-01 06:41:06.182     0     0 I init    : SVC_EXEC service 'exec 34 (/system/bin/bootstat -r car_service_created)' pid 1927 (uid 1000 gid 1007+0 context default) started; waiting...
09-15 11:35:41.388  1341  1360 I CarServiceProxy: CarService connected.
09-15 11:35:41.389  1341  1360 V CarServiceProxy: handleCarServiceConnection took to complete: 0ms
09-15 11:35:41.389  1756  1805 D ICarImpl: initBootUser(): 
01-01 06:41:06.196     0     0 I binder  : 1924:1924 ioctl 40046210 7fdee6ffd0 returned -22
09-15 11:35:41.410  1341  1402 W SystemServiceManager: Service com.android.server.om.OverlayManagerService took 74 ms in onStartUser-0
09-15 11:35:41.410  1341  1402 V SystemServerTimingAsync: ssm.onStartUser-0_com.android.server.om.OverlayManagerService took to complete: 74ms
09-15 11:35:41.410  1341  1402 D SystemServerTimingAsync: ssm.onStartUser-0_com.android.server.resources.ResourcesManagerService
09-15 11:35:41.410  1341  1402 V SystemServerTimingAsync: ssm.onStartUser-0_com.android.server.resources.ResourcesManagerService took to complete: 0ms
09-15 11:35:41.410  1341  1402 D SystemServerTimingAsync: ssm.onStartUser-0_com.android.server.sensorprivacy.SensorPrivacyService
09-15 11:35:41.411  1756  1756 D UpdatablePackageContext: No eligible RRO package to enable.
01-01 06:41:06.213     0     0 I init    : Service 'exec 34 (/system/bin/bootstat -r car_service_created)' (pid 1927) exited with status 0 waiting took 0.032000 seconds
09-15 11:35:41.418  1341  1402 V SystemServerTimingAsync: ssm.onStartUser-0_com.android.server.sensorprivacy.SensorPrivacyService took to complete: 7ms
09-15 11:35:41.418  1756  1756 I CarPerUserServiceImpl: created for user UserHandle{0}
09-15 11:35:41.418  1341  1402 D SystemServerTimingAsync: ssm.onStartUser-0_com.android.server.sensors.SensorService
09-15 11:35:41.418  1341  1402 V SystemServerTimingAsync: ssm.onStartUser-0_com.android.server.sensors.SensorService took to complete: 0ms
09-15 11:35:41.418  1341  1402 D SystemServerTimingAsync: ssm.onStartUser-0_com.android.server.SystemConfigService
09-15 11:35:41.418  1341  1402 V SystemServerTimingAsync: ssm.onStartUser-0_com.android.server.SystemConfigService took to complete: 0ms
09-15 11:35:41.418  1341  1402 D SystemServerTimingAsync: ssm.onStartUser-0_com.android.server.BatteryService
09-15 11:35:41.418  1341  1402 V SystemServerTimingAsync: ssm.onStartUser-0_com.android.server.BatteryService took to complete: 0ms
09-15 11:35:41.418  1341  1402 D SystemServerTimingAsync: ssm.onStartUser-0_com.android.server.usage.UsageStatsService
09-15 11:35:41.418  1341  1402 V SystemServerTimingAsync: ssm.onStartUser-0_com.android.server.usage.UsageStatsService took to complete: 0ms
09-15 11:35:41.418  1341  1402 D SystemServerTimingAsync: ssm.onStartUser-0_com.android.server.webkit.WebViewUpdateService
09-15 11:35:41.418  1341  1402 V SystemServerTimingAsync: ssm.onStartUser-0_com.android.server.webkit.WebViewUpdateService took to complete: 0ms
09-15 11:35:41.418  1341  1402 D SystemServerTimingAsync: ssm.onStartUser-0_com.android.server.CachedDeviceStateService
09-15 11:35:41.418  1341  1402 V SystemServerTimingAsync: ssm.onStartUser-0_com.android.server.CachedDeviceStateService took to complete: 0ms
09-15 11:35:41.418  1341  1402 D SystemServerTimingAsync: ssm.onStartUser-0_com.android.server.BinderCallsStatsService$LifeCycle
09-15 11:35:41.418  1341  1402 V SystemServerTimingAsync: ssm.onStartUser-0_com.android.server.BinderCallsStatsService$LifeCycle took to complete: 0ms
09-15 11:35:41.418  1341  1402 D SystemServerTimingAsync: ssm.onStartUser-0_com.android.server.LooperStatsService$Lifecycle
09-15 11:35:41.418  1341  1402 V SystemServerTimingAsync: ssm.onStartUser-0_com.android.server.LooperStatsService$Lifecycle took to complete: 0ms
09-15 11:35:41.418  1341  1402 D SystemServerTimingAsync: ssm.onStartUser-0_com.android.server.rollback.RollbackManagerService
09-15 11:35:41.418  1341  1402 V SystemServerTimingAsync: ssm.onStartUser-0_com.android.server.rollback.RollbackManagerService took to complete: 0ms
09-15 11:35:41.418  1341  1402 D SystemServerTimingAsync: ssm.onStartUser-0_com.android.server.os.NativeTombstoneManagerService
09-15 11:35:41.418  1341  1402 V SystemServerTimingAsync: ssm.onStartUser-0_com.android.server.os.NativeTombstoneManagerService took to complete: 0ms
09-15 11:35:41.418  1341  1402 D SystemServerTimingAsync: ssm.onStartUser-0_com.android.server.os.BugreportManagerService
09-15 11:35:41.418  1341  1402 V SystemServerTimingAsync: ssm.onStartUser-0_com.android.server.os.BugreportManagerService took to complete: 0ms
09-15 11:35:41.418  1341  1402 D SystemServerTimingAsync: ssm.onStartUser-0_com.android.server.gpu.GpuService
09-15 11:35:41.418  1341  1402 V SystemServerTimingAsync: ssm.onStartUser-0_com.android.server.gpu.GpuService took to complete: 0ms
09-15 11:35:41.418  1341  1402 D SystemServerTimingAsync: ssm.onStartUser-0_com.android.server.security.rkp.RemoteProvisioningService
09-15 11:35:41.418  1341  1402 V SystemServerTimingAsync: ssm.onStartUser-0_com.android.server.security.rkp.RemoteProvisioningService took to complete: 0ms
09-15 11:35:41.418  1341  1402 D SystemServerTimingAsync: ssm.onStartUser-0_com.android.server.cpu.CpuMonitorService
09-15 11:35:41.418  1341  1402 V SystemServerTimingAsync: ssm.onStartUser-0_com.android.server.cpu.CpuMonitorService took to complete: 0ms
09-15 11:35:41.418  1341  1402 D SystemServerTimingAsync: ssm.onStartUser-0_com.android.server.security.KeyChainSystemService
09-15 11:35:41.418  1341  1402 V SystemServerTimingAsync: ssm.onStartUser-0_com.android.server.security.KeyChainSystemService took to complete: 0ms
09-15 11:35:41.418  1341  1402 D SystemServerTimingAsync: ssm.onStartUser-0_com.android.server.BinaryTransparencyService
09-15 11:35:41.418  1341  1402 V SystemServerTimingAsync: ssm.onStartUser-0_com.android.server.BinaryTransparencyService took to complete: 0ms
09-15 11:35:41.418  1341  1402 D SystemServerTimingAsync: ssm.onStartUser-0_com.android.server.telecom.TelecomLoaderService
09-15 11:35:41.418  1341  1402 V SystemServerTimingAsync: ssm.onStartUser-0_com.android.server.telecom.TelecomLoaderService took to complete: 0ms
09-15 11:35:41.418  1341  1402 D SystemServerTimingAsync: ssm.onStartUser-0_com.android.server.accounts.AccountManagerService$Lifecycle
09-15 11:35:41.418  1341  1402 V SystemServerTimingAsync: ssm.onStartUser-0_com.android.server.accounts.AccountManagerService$Lifecycle took to complete: 0ms
09-15 11:35:41.418  1341  1402 D SystemServerTimingAsync: ssm.onStartUser-0_com.android.server.content.ContentService$Lifecycle
09-15 11:35:41.419  1341  1402 V SystemServerTimingAsync: ssm.onStartUser-0_com.android.server.content.ContentService$Lifecycle took to complete: 0ms
09-15 11:35:41.419  1341  1402 D SystemServerTimingAsync: ssm.onStartUser-0_com.android.server.deviceconfig.DeviceConfigInit$Lifecycle
09-15 11:35:41.419  1341  1402 V SystemServerTimingAsync: ssm.onStartUser-0_com.android.server.deviceconfig.DeviceConfigInit$Lifecycle took to complete: 0ms
09-15 11:35:41.419  1341  1402 D SystemServerTimingAsync: ssm.onStartUser-0_com.android.server.DropBoxManagerService
09-15 11:35:41.419  1341  1402 V SystemServerTimingAsync: ssm.onStartUser-0_com.android.server.DropBoxManagerService took to complete: 1ms
09-15 11:35:41.419  1341  1402 D SystemServerTimingAsync: ssm.onStartUser-0_com.android.role.RoleService
09-15 11:35:41.422  1756  1756 D CAR.FastPairProvider: Try to configure by get property
09-15 11:35:41.425  1341  1402 V SystemServerTimingAsync: ssm.onStartUser-0_com.android.role.RoleService took to complete: 6ms
09-15 11:35:41.425  1341  1402 D SystemServerTimingAsync: ssm.onStartUser-0_com.android.server.vibrator.VibratorManagerService$Lifecycle
09-15 11:35:41.425  1341  1402 V SystemServerTimingAsync: ssm.onStartUser-0_com.android.server.vibrator.VibratorManagerService$Lifecycle took to complete: 0ms
09-15 11:35:41.425  1341  1402 D SystemServerTimingAsync: ssm.onStartUser-0_com.android.server.tare.InternalResourceService
09-15 11:35:41.425  1341  1402 V SystemServerTimingAsync: ssm.onStartUser-0_com.android.server.tare.InternalResourceService took to complete: 0ms
09-15 11:35:41.425  1341  1402 D SystemServerTimingAsync: ssm.onStartUser-0_com.android.server.alarm.AlarmManagerService
09-15 11:35:41.425  1341  1402 V SystemServerTimingAsync: ssm.onStartUser-0_com.android.server.alarm.AlarmManagerService took to complete: 0ms
09-15 11:35:41.425  1341  1402 D SystemServerTimingAsync: ssm.onStartUser-0_com.android.server.devicestate.DeviceStateManagerService
09-15 11:35:41.426  1341  1402 V SystemServerTimingAsync: ssm.onStartUser-0_com.android.server.devicestate.DeviceStateManagerService took to complete: 0ms
09-15 11:35:41.426  1341  1402 D SystemServerTimingAsync: ssm.onStartUser-0_com.android.server.camera.CameraServiceProxy
09-15 11:35:41.426  1756  1756 W CAR.FastPairAccountKeyStorage: Loaded while user was not unlocked. Shared Preferences unavailable
09-15 11:35:41.427  1756  1756 I CarServiceUtils: Starting HandlerThread:FastPairProvider
09-15 11:35:41.427  1341  1402 W CameraService_proxy: Could not notify cameraserver, camera service not available.
09-15 11:35:41.427  1341  1402 I CameraService_proxy: Could not notify camera service of user switch, retrying...
09-15 11:35:41.428  1341  1402 V SystemServerTimingAsync: ssm.onStartUser-0_com.android.server.camera.CameraServiceProxy took to complete: 2ms
09-15 11:35:41.428  1341  1402 D SystemServerTimingAsync: ssm.onStartUser-0_com.android.server.bluetooth.BluetoothService
09-15 11:35:41.428  1341  1402 V SystemServerTimingAsync: ssm.onStartUser-0_com.android.server.bluetooth.BluetoothService took to complete: 0ms
09-15 11:35:41.428  1341  1402 D SystemServerTimingAsync: ssm.onStartUser-0_com.android.server.connectivity.IpConnectivityMetrics
09-15 11:35:41.428  1341  1402 V SystemServerTimingAsync: ssm.onStartUser-0_com.android.server.connectivity.IpConnectivityMetrics took to complete: 0ms
09-15 11:35:41.428  1341  1402 D SystemServerTimingAsync: ssm.onStartUser-0_com.android.server.net.watchlist.NetworkWatchlistService$Lifecycle
09-15 11:35:41.428  1341  1402 V SystemServerTimingAsync: ssm.onStartUser-0_com.android.server.net.watchlist.NetworkWatchlistService$Lifecycle took to complete: 0ms
09-15 11:35:41.428  1341  1402 D SystemServerTimingAsync: ssm.onStartUser-0_com.android.server.PinnerService
09-15 11:35:41.428  1341  1402 V SystemServerTimingAsync: ssm.onStartUser-0_com.android.server.PinnerService took to complete: 0ms
09-15 11:35:41.428  1341  1402 D SystemServerTimingAsync: ssm.onStartUser-0_com.android.server.ActivityTriggerService
09-15 11:35:41.428  1341  1402 V SystemServerTimingAsync: ssm.onStartUser-0_com.android.server.ActivityTriggerService took to complete: 0ms
09-15 11:35:41.428  1341  1402 D SystemServerTimingAsync: ssm.onStartUser-0_com.android.server.integrity.AppIntegrityManagerService
09-15 11:35:41.428  1341  1402 V SystemServerTimingAsync: ssm.onStartUser-0_com.android.server.integrity.AppIntegrityManagerService took to complete: 0ms
09-15 11:35:41.428  1341  1402 D SystemServerTimingAsync: ssm.onStartUser-0_com.android.server.logcat.LogcatManagerService
09-15 11:35:41.428  1341  1402 V SystemServerTimingAsync: ssm.onStartUser-0_com.android.server.logcat.LogcatManagerService took to complete: 0ms
09-15 11:35:41.428  1341  1402 D SystemServerTimingAsync: ssm.onStartUser-0_com.android.server.inputmethod.InputMethodManagerService$Lifecycle
09-15 11:35:41.428  1341  1402 V SystemServerTimingAsync: ssm.onStartUser-0_com.android.server.inputmethod.InputMethodManagerService$Lifecycle took to complete: 0ms
09-15 11:35:41.428  1341  1402 D SystemServerTimingAsync: ssm.onStartUser-0_com.android.server.accessibility.AccessibilityManagerService$Lifecycle
09-15 11:35:41.428  1341  1402 V SystemServerTimingAsync: ssm.onStartUser-0_com.android.server.accessibility.AccessibilityManagerService$Lifecycle took to complete: 0ms
09-15 11:35:41.428  1341  1402 D SystemServerTimingAsync: ssm.onStartUser-0_com.android.server.StorageManagerService$Lifecycle
09-15 11:35:41.431  1341  1402 V StorageManagerService: Package com.android.cts.priv.ctsshim does not have legacy storage
09-15 11:35:41.431  1341  1402 V StorageManagerService: Package com.qualcomm.qti.qcolor does not have legacy storage
09-15 11:35:41.431  1341  1402 V StorageManagerService: Package com.android.uwb.resources does not have legacy storage
09-15 11:35:41.431  1341  1402 V StorageManagerService: Package com.android.internal.display.cutout.emulation.corner does not have legacy storage
09-15 11:35:41.431  1341  1402 V StorageManagerService: Package com.android.adservices.api does not have legacy storage
09-15 11:35:41.431  1341  1402 V StorageManagerService: Package com.android.internal.display.cutout.emulation.double does not have legacy storage
09-15 11:35:41.431  1341  1402 V StorageManagerService: Package com.android.providers.telephony does not have legacy storage
09-15 11:35:41.431  1341  1402 V StorageManagerService: Package com.android.dynsystem does not have legacy storage
09-15 11:35:41.431  1341  1402 V StorageManagerService: Package android.car.cluster does not have legacy storage
09-15 11:35:41.431  1341  1402 V StorageManagerService: Package com.android.healthconnect.controller does not have legacy storage
09-15 11:35:41.431  1341  1402 V StorageManagerService: Package com.google.android.car.kitchensink does not have legacy storage
09-15 11:35:41.431  1341  1402 V StorageManagerService: Package com.android.providers.media does not have legacy storage
09-15 11:35:41.431  1341  1402 V StorageManagerService: Package com.qti.service.colorservice does not have legacy storage
09-15 11:35:41.431  1341  1402 V StorageManagerService: Package com.android.health.connect.backuprestore does not have legacy storage
09-15 11:35:41.431  1341  1402 V StorageManagerService: Package com.android.internal.systemui.navbar.gestural_wide_back does not have legacy storage
09-15 11:35:41.432  1341  1402 V StorageManagerService: Package com.qualcomm.qti.xrwifi does not have legacy storage
09-15 11:35:41.433  1341  1402 V StorageManagerService: Package com.qualcomm.qti.server.qtiwifi does not have legacy storage
09-15 11:35:41.433  1341  1402 V StorageManagerService: Package com.android.virtualmachine.res does not have legacy storage
09-15 11:35:41.433  1341  1402 V StorageManagerService: Package com.qualcomm.qti.simcontacts does not have legacy storage
09-15 11:35:41.433  1341  1402 V StorageManagerService: Package com.qualcomm.qti.modemtestmode does not have legacy storage
09-15 11:35:41.433  1341  1402 V StorageManagerService: Package com.android.car.media does not have legacy storage
09-15 11:35:41.433  1341  1402 V StorageManagerService: Package com.android.car.radio does not have legacy storage
09-15 11:35:41.433  1341  1402 V StorageManagerService: Package org.codeaurora.dialer does not have legacy storage
09-15 11:35:41.433  1341  1402 V StorageManagerService: Package com.android.documentsui does not have legacy storage
09-15 11:35:41.433  1341  1402 V StorageManagerService: Package com.android.externalstorage does not have legacy storage
09-15 11:35:41.434  1341  1402 V StorageManagerService: Package com.qualcomm.uimremoteclient does not have legacy storage
09-15 11:35:41.434  1341  1402 V StorageManagerService: Package com.android.htmlviewer does not have legacy storage
09-15 11:35:41.434  1341  1402 V StorageManagerService: Package com.android.companiondevicemanager does not have legacy storage
09-15 11:35:41.434  1341  1402 V StorageManagerService: Package com.android.mms.service does not have legacy storage
09-15 11:35:41.434  1341  1402 V StorageManagerService: Package com.android.car.activityresolver does not have legacy storage
09-15 11:35:41.434  1341  1402 V StorageManagerService: Package com.qualcomm.qti.qms.service.connectionsecurity does not have legacy storage
09-15 11:35:41.434  1341  1402 V StorageManagerService: Package com.android.providers.downloads does not have legacy storage
09-15 11:35:41.434  1341  1402 V StorageManagerService: Package com.android.federatedcompute.services does not have legacy storage
09-15 11:35:41.434  1341  1402 V StorageManagerService: Package vendor.qti.hardware.cacert.server does not have legacy storage
09-15 11:35:41.434  1341  1402 V StorageManagerService: Package com.quicinc.voice.activation does not have legacy storage
09-15 11:35:41.434  1341  1402 V StorageManagerService: Package com.qualcomm.qti.telephonyservice does not have legacy storage
09-15 11:35:41.434  1341  1402 V StorageManagerService: Package com.android.car.updatable.overlay.common does not have legacy storage
09-15 11:35:41.434  1341  1402 V StorageManagerService: Package com.qualcomm.qti.performancemode does not have legacy storage
09-15 11:35:41.434  1341  1402 V StorageManagerService: Package org.codeaurora.bluetooth.bttestapp does not have legacy storage
09-15 11:35:41.434  1341  1402 V StorageManagerService: Package com.qualcomm.qti.ridemodeaudio does not have legacy storage
09-15 11:35:41.434  1341  1402 V StorageManagerService: Package vendor.qti.iwlan does not have legacy storage
09-15 11:35:41.434  1341  1402 V StorageManagerService: Package com.qualcomm.qti.optinoverlay does not have legacy storage
09-15 11:35:41.434  1341  1402 V StorageManagerService: Package com.android.car.provision does not have legacy storage
09-15 11:35:41.434  1341  1402 V StorageManagerService: Package com.android.soundrecorder does not have legacy storage
09-15 11:35:41.434  1341  1402 V StorageManagerService: Package com.qualcomm.uimremoteserver does not have legacy storage
09-15 11:35:41.434  1341  1402 V StorageManagerService: Package com.qti.confuridialer does not have legacy storage
09-15 11:35:41.434  1341  1402 V StorageManagerService: Package android.qvaoverlay.common does not have legacy storage
09-15 11:35:41.434  1341  1402 V StorageManagerService: Package com.android.safetycenter.resources does not have legacy storage
09-15 11:35:41.434  1341  1402 V StorageManagerService: Package com.android.providers.downloads.ui does not have legacy storage
09-15 11:35:41.434  1341  1402 V StorageManagerService: Package com.android.pacprocessor does not have legacy storage
09-15 11:35:41.435  1341  1402 V StorageManagerService: Package com.android.simappdialog does not have legacy storage
09-15 11:35:41.435  1341  1402 V StorageManagerService: Package com.android.networkstack does not have legacy storage
09-15 11:35:41.435  1341  1402 V StorageManagerService: Package android.overlay.common does not have legacy storage
09-15 11:35:41.435  1341  1402 V StorageManagerService: Package com.android.connectivity.resources does not have legacy storage
09-15 11:35:41.435  1341  1402 V StorageManagerService: Package com.android.internal.display.cutout.emulation.hole does not have legacy storage
09-15 11:35:41.435  1341  1402 V StorageManagerService: Package com.android.internal.display.cutout.emulation.tall does not have legacy storage
09-15 11:35:41.435  1341  1402 V StorageManagerService: Package com.android.modulemetadata does not have legacy storage
09-15 11:35:41.435  1341  1402 V StorageManagerService: Package com.android.certinstaller does not have legacy storage
09-15 11:35:41.435  1341  1402 V StorageManagerService: Package com.android.carrierconfig does not have legacy storage
09-15 11:35:41.435  1341  1402 V StorageManagerService: Package com.android.internal.systemui.navbar.threebutton does not have legacy storage
09-15 11:35:41.435  1341  1402 V StorageManagerService: Package com.android.car.custominput.sample does not have legacy storage
09-15 11:35:41.435  1341  1402 V StorageManagerService: Package com.qti.qualcomm.datastatusnotification does not have legacy storage
09-15 11:35:41.435  1341  1402 V StorageManagerService: Package com.android.wifi.dialog does not have legacy storage
09-15 11:35:41.435  1341  1402 V StorageManagerService: Package android does not have legacy storage
09-15 11:35:41.435  1341  1402 V StorageManagerService: Package com.qualcomm.qti.callfeaturessetting does not have legacy storage
09-15 11:35:41.435  1341  1402 V StorageManagerService: Package com.qualcomm.wfd.service does not have legacy storage
09-15 11:35:41.435  1341  1402 V StorageManagerService: Package com.android.car.systemupdater does not have legacy storage
09-15 11:35:41.435  1341  1402 V StorageManagerService: Package com.qualcomm.qtil.aptxacu does not have legacy storage
09-15 11:35:41.435  1341  1402 V StorageManagerService: Package com.qualcomm.qtil.aptxals does not have legacy storage
09-15 11:35:41.436  1756  1756 D CarPerUserServiceImpl: onBind()
09-15 11:35:41.438  1341  1402 V StorageManagerService: Package com.google.android.car.networking.railway does not have legacy storage
09-15 11:35:41.438  1341  1402 V StorageManagerService: Package com.google.android.car.garagemode.testapp does not have legacy storage
09-15 11:35:41.438  1341  1402 V StorageManagerService: Package com.example.database does not have legacy storage
09-15 11:35:41.438  1341  1402 V StorageManagerService: Package com.qti.qualcomm.deviceinfo does not have legacy storage
09-15 11:35:41.438  1341  1402 V StorageManagerService: Package com.qti.msdc_ui does not have legacy storage
09-15 11:35:41.438  1341  1402 V StorageManagerService: Package com.qualcomm.dualbluetooth does not have legacy storage
09-15 11:35:41.438  1341  1402 V StorageManagerService: Package com.android.car does not have legacy storage
09-15 11:35:41.438  1341  1402 V StorageManagerService: Package com.android.egg does not have legacy storage
09-15 11:35:41.438  1341  1402 V StorageManagerService: Package com.android.mms does not have legacy storage
09-15 11:35:41.438  1341  1402 V StorageManagerService: Package com.android.mtp does not have legacy storage
09-15 11:35:41.438  1341  1402 V StorageManagerService: Package com.android.ons does not have legacy storage
09-15 11:35:41.439  1341  1402 V StorageManagerService: Package com.android.stk does not have legacy storage
09-15 11:35:41.439  1341  1402 V StorageManagerService: Package com.android.backupconfirm does not have legacy storage
09-15 11:35:41.439  1341  1402 V StorageManagerService: Package vendor.qti.qesdk.sysservice does not have legacy storage
09-15 11:35:41.439  1341  1402 V StorageManagerService: Package org.codeaurora.ims does not have legacy storage
09-15 11:35:41.439  1341  1402 V StorageManagerService: Package com.android.statementservice does not have legacy storage
09-15 11:35:41.439  1341  1402 V StorageManagerService: Package com.android.car.developeroptions does not have legacy storage
09-15 11:35:41.439  1341  1402 V StorageManagerService: Package android.overlay.target does not have legacy storage
09-15 11:35:41.439  1341  1402 V StorageManagerService: Package com.android.car.test.one.hotworddetectionservice does not have legacy storage
09-15 11:35:41.439  1341  1402 V StorageManagerService: Package com.android.settings.intelligence does not have legacy storage
09-15 11:35:41.439  1341  1402 V StorageManagerService: Package com.android.car.systemui.rro does not have legacy storage
09-15 11:35:41.439  1341  1402 V StorageManagerService: Package com.koushikdutta.vysor does not have legacy storage
09-15 11:35:41.439  1341  1402 V StorageManagerService: Package com.android.internal.systemui.navbar.gestural_extra_wide_back does not have legacy storage
09-15 11:35:41.439  1341  1402 V StorageManagerService: Package com.android.systemui.accessibility.accessibilitymenu does not have legacy storage
09-15 11:35:41.439  1341  1402 V StorageManagerService: Package com.android.car.settings does not have legacy storage
09-15 11:35:41.439  1341  1402 V StorageManagerService: Package com.qualcomm.qti.dynamicddsservice does not have legacy storage
09-15 11:35:41.439  1341  1402 V StorageManagerService: Package com.google.android.wifi.resources.overlay.common does not have legacy storage
09-15 11:35:41.439  1341  1402 V StorageManagerService: Package com.qualcomm.qti.xrvd.service does not have legacy storage
09-15 11:35:41.439  1341  1402 V StorageManagerService: Package com.qualcomm.qcrilmsgtunnel does not have legacy storage
09-15 11:35:41.439  1341  1402 V StorageManagerService: Package com.android.providers.settings does not have legacy storage
09-15 11:35:41.439  1341  1402 V StorageManagerService: Package com.android.sharedstoragebackup does not have legacy storage
09-15 11:35:41.439  1341  1402 V StorageManagerService: Package com.android.printspooler does not have legacy storage
09-15 11:35:41.439  1341  1402 V StorageManagerService: Package com.android.car.frameworkpackagestubs does not have legacy storage
09-15 11:35:41.440  1341  1402 V StorageManagerService: Package com.qualcomm.qti.services.systemhelper does not have legacy storage
09-15 11:35:41.440  1341  1402 V StorageManagerService: Package com.android.wifi.resources.overlay.common does not have legacy storage
09-15 11:35:41.440  1341  1402 V StorageManagerService: Package com.android.dreams.basic does not have legacy storage
09-15 11:35:41.440  1341  1402 V StorageManagerService: Package com.android.webview does not have legacy storage
09-15 11:35:41.440  1341  1402 V StorageManagerService: Package com.android.car.hidecameraapps does not have legacy storage
09-15 11:35:41.440  1341  1402 V StorageManagerService: Package com.android.se does not have legacy storage
09-15 11:35:41.440  1341  1402 V StorageManagerService: Package com.android.inputdevices does not have legacy storage
09-15 11:35:41.440  1341  1402 V StorageManagerService: Package com.android.rkpdapp does not have legacy storage
09-15 11:35:41.440  1341  1402 V StorageManagerService: Package com.qti.dpmserviceapp does not have legacy storage
09-15 11:35:41.440  1341  1402 V StorageManagerService: Package com.google.android.car.defaultstoragemonitoringcompanionapp does not have legacy storage
09-15 11:35:41.440  1341  1402 V StorageManagerService: Package com.qti.xdivert does not have legacy storage
09-15 11:35:41.440  1341  1402 V StorageManagerService: Package com.android.musicfx does not have legacy storage
09-15 11:35:41.440  1341  1402 V StorageManagerService: Package com.android.settings.overlay.common does not have legacy storage
09-15 11:35:41.440  1341  1402 V StorageManagerService: Package com.example.android.locationattribution does not have legacy storage
09-15 11:35:41.440  1341  1402 V StorageManagerService: Package android.ext.shared does not have legacy storage
09-15 11:35:41.440  1341  1402 V StorageManagerService: Package com.android.server.telecom does not have legacy storage
09-15 11:35:41.440  1341  1402 V StorageManagerService: Package com.google.android.car.networking.preferenceupdater does not have legacy storage
09-15 11:35:41.440  1341  1402 V StorageManagerService: Package com.qualcomm.qti.ramdumpcopyui does not have legacy storage
09-15 11:35:41.440  1341  1402 V StorageManagerService: Package com.android.keychain does not have legacy storage
09-15 11:35:41.440  1341  1402 V StorageManagerService: Package com.qti.snapdragon.qdcm_ff does not have legacy storage
09-15 11:35:41.440  1341  1402 V StorageManagerService: Package com.android.wifi.resources.overlay.target does not have legacy storage
09-15 11:35:41.440  1341  1402 V StorageManagerService: Package com.android.gallery3d does not have legacy storage
09-15 11:35:41.440  1341  1402 V StorageManagerService: Package android.ext.services does not have legacy storage
09-15 11:35:41.441  1341  1402 V StorageManagerService: Package com.android.wifi.resources does not have legacy storage
09-15 11:35:41.441  1341  1402 V StorageManagerService: Package com.android.phone.overlay.common does not have legacy storage
09-15 11:35:41.441  1341  1402 V StorageManagerService: Package com.android.carrierconfig.overlay.common does not have legacy storage
09-15 11:35:41.441  1341  1402 V StorageManagerService: Package com.android.systemui.overlay.common does not have legacy storage
09-15 11:35:41.441  1341  1402 V StorageManagerService: Package com.android.cameraextensions does not have legacy storage
09-15 11:35:41.441  1341  1402 V StorageManagerService: Package com.android.server.telecom.overlay.common does not have legacy storage
09-15 11:35:41.441  1341  1402 V StorageManagerService: Package com.android.localtransport does not have legacy storage
09-15 11:35:41.441  1341  1402 V StorageManagerService: Package org.codelinaro.bike.bikelauncher does not have legacy storage
09-15 11:35:41.441  1341  1402 V StorageManagerService: Package com.android.packageinstaller does not have legacy storage
09-15 11:35:41.441  1341  1402 V StorageManagerService: Package com.android.carrierdefaultapp does not have legacy storage
09-15 11:35:41.441  1341  1402 V StorageManagerService: Package com.qualcomm.qti.powersavemode does not have legacy storage
09-15 11:35:41.441  1341  1402 V StorageManagerService: Package com.qualcomm.qti.remoteSimlockAuth does not have legacy storage
09-15 11:35:41.441  1341  1402 V StorageManagerService: Package com.android.credentialmanager does not have legacy storage
09-15 11:35:41.441  1341  1402 V StorageManagerService: Package com.qualcomm.qti.devicestatisticsservice does not have legacy storage
