11-11 18:48:24.484  6780  6852 D SystemServerTimingAsync: InitThreadPoolExec:Update app-ops uidState in case package com.android.car.settings changed
11-11 18:48:24.484  6780  6864 D SystemServerInitThreadPool: Started executing Update app-ops uidState in case package com.android.car changed
11-11 18:48:24.484  6780  6899 D SystemServerTimingAsync: InitThreadPoolExec:Update app-ops uidState in case package vendor.qti.qesdk.sysservice changed
11-11 18:48:24.484  6780  6879 D SystemServerInitThreadPool: Started executing Update app-ops uidState in case package com.android.dynsystem changed
11-11 18:48:24.484  6780  6899 D SystemServerInitThreadPool: Started executing Update app-ops uidState in case package vendor.qti.qesdk.sysservice changed
11-11 18:48:24.484  6780  6852 D SystemServerInitThreadPool: Started executing Update app-ops uidState in case package com.android.car.settings changed
11-11 18:48:24.484  6780  6898 D SystemServerTimingAsync: InitThreadPoolExec:Update app-ops uidState in case package com.android.car.developeroptions changed
11-11 18:48:24.484  6780  6899 D SystemServerInitThreadPool: Finished executing Update app-ops uidState in case package vendor.qti.qesdk.sysservice changed
11-11 18:48:24.484  6780  6899 V SystemServerTimingAsync: InitThreadPoolExec:Update app-ops uidState in case package vendor.qti.qesdk.sysservice changed took to complete: 0ms
11-11 18:48:24.484  6780  6898 D SystemServerInitThreadPool: Started executing Update app-ops uidState in case package com.android.car.developeroptions changed
11-11 18:48:24.484  6780  6852 D SystemServerInitThreadPool: Finished executing Update app-ops uidState in case package com.android.car.settings changed
11-11 18:48:24.484  6780  6899 D SystemServerTimingAsync: InitThreadPoolExec:Update app-ops uidState in case package com.qualcomm.qti.xrvd.service changed
11-11 18:48:24.484  6780  6864 D SystemServerInitThreadPool: Finished executing Update app-ops uidState in case package com.android.car changed
11-11 18:48:24.484  6780  6899 D SystemServerInitThreadPool: Started executing Update app-ops uidState in case package com.qualcomm.qti.xrvd.service changed
11-11 18:48:24.484  6780  6852 V SystemServerTimingAsync: InitThreadPoolExec:Update app-ops uidState in case package com.android.car.settings changed took to complete: 0ms
11-11 18:48:24.484  6780  6879 D SystemServerInitThreadPool: Finished executing Update app-ops uidState in case package com.android.dynsystem changed
11-11 18:48:24.484  6780  6852 D SystemServerTimingAsync: InitThreadPoolExec:Update app-ops uidState in case package com.android.providers.settings changed
11-11 18:48:24.484  6780  6864 V SystemServerTimingAsync: InitThreadPoolExec:Update app-ops uidState in case package com.android.car changed took to complete: 0ms
11-11 18:48:24.484  6780  6812 D SystemServerInitThreadPool: Finished executing Update app-ops uidState in case package android changed
11-11 18:48:24.484  6780  6898 D SystemServerInitThreadPool: Finished executing Update app-ops uidState in case package com.android.car.developeroptions changed
11-11 18:48:24.484  6780  6911 D SystemServerInitThreadPool: Finished executing Update app-ops uidState in case package com.qualcomm.qti.modemtestmode changed
11-11 18:48:24.484  6780  6911 V SystemServerTimingAsync: InitThreadPoolExec:Update app-ops uidState in case package com.qualcomm.qti.modemtestmode changed took to complete: 1ms
11-11 18:48:24.484  6780  6899 D SystemServerInitThreadPool: Finished executing Update app-ops uidState in case package com.qualcomm.qti.xrvd.service changed
11-11 18:48:24.484  6780  6899 V SystemServerTimingAsync: InitThreadPoolExec:Update app-ops uidState in case package com.qualcomm.qti.xrvd.service changed took to complete: 0ms
11-11 18:48:24.484  6780  6852 D SystemServerInitThreadPool: Started executing Update app-ops uidState in case package com.android.providers.settings changed
11-11 18:48:24.484  6780  6864 D SystemServerTimingAsync: InitThreadPoolExec:Update app-ops uidState in case package com.android.inputdevices changed
11-11 18:48:24.484  6780  6812 V SystemServerTimingAsync: InitThreadPoolExec:Update app-ops uidState in case package android changed took to complete: 0ms
11-11 18:48:24.484  6780  6898 V SystemServerTimingAsync: InitThreadPoolExec:Update app-ops uidState in case package com.android.car.developeroptions changed took to complete: 0ms
11-11 18:48:24.484  6780  6812 D SystemServerTimingAsync: InitThreadPoolExec:Update app-ops uidState in case package com.android.keychain changed
11-11 18:48:24.484  6780  6898 D SystemServerTimingAsync: InitThreadPoolExec:Update app-ops uidState in case package com.qti.snapdragon.qdcm_ff changed
11-11 18:48:24.484  6780  6898 D SystemServerInitThreadPool: Started executing Update app-ops uidState in case package com.qti.snapdragon.qdcm_ff changed
11-11 18:48:24.484  6780  6899 D SystemServerTimingAsync: InitThreadPoolExec:Update app-ops uidState in case package com.google.android.car.networking.preferenceupdater changed
11-11 18:48:24.484  6780  6898 D SystemServerInitThreadPool: Finished executing Update app-ops uidState in case package com.qti.snapdragon.qdcm_ff changed
11-11 18:48:24.484  6780  6864 D SystemServerInitThreadPool: Started executing Update app-ops uidState in case package com.android.inputdevices changed
11-11 18:48:24.484  6780  6852 D SystemServerInitThreadPool: Finished executing Update app-ops uidState in case package com.android.providers.settings changed
11-11 18:48:24.484  6780  6812 D SystemServerInitThreadPool: Started executing Update app-ops uidState in case package com.android.keychain changed
11-11 18:48:24.484  6780  6852 V SystemServerTimingAsync: InitThreadPoolExec:Update app-ops uidState in case package com.android.providers.settings changed took to complete: 1ms
11-11 18:48:24.484  6780  6878 D SystemServerInitThreadPool: Finished executing Update app-ops uidState in case package com.qti.dpmserviceapp changed
11-11 18:48:24.484  6780  6852 D SystemServerTimingAsync: InitThreadPoolExec:Update app-ops uidState in case package com.android.localtransport changed
11-11 18:48:24.484  6780  6878 V SystemServerTimingAsync: InitThreadPoolExec:Update app-ops uidState in case package com.qti.dpmserviceapp changed took to complete: 1ms
11-11 18:48:24.484  6780  6852 D SystemServerInitThreadPool: Started executing Update app-ops uidState in case package com.android.localtransport changed
11-11 18:48:24.485  6780  6911 D SystemServerTimingAsync: InitThreadPoolExec:Update app-ops uidState in case package com.android.server.telecom changed
11-11 18:48:24.485  6780  6878 D SystemServerTimingAsync: InitThreadPoolExec:Update app-ops uidState in case package org.codelinaro.bike.bikelauncher changed
11-11 18:48:24.485  6780  6899 D SystemServerInitThreadPool: Started executing Update app-ops uidState in case package com.google.android.car.networking.preferenceupdater changed
11-11 18:48:24.485  6780  6911 D SystemServerInitThreadPool: Started executing Update app-ops uidState in case package com.android.server.telecom changed
11-11 18:48:24.485  6780  6898 V SystemServerTimingAsync: InitThreadPoolExec:Update app-ops uidState in case package com.qti.snapdragon.qdcm_ff changed took to complete: 0ms
11-11 18:48:24.485  6780  6852 D SystemServerInitThreadPool: Finished executing Update app-ops uidState in case package com.android.localtransport changed
11-11 18:48:24.485  6780  6898 D SystemServerTimingAsync: InitThreadPoolExec:Update app-ops uidState in case package com.android.experimentalcar changed
11-11 18:48:24.485  6780  6911 D SystemServerInitThreadPool: Finished executing Update app-ops uidState in case package com.android.server.telecom changed
11-11 18:48:24.485  6780  6878 D SystemServerInitThreadPool: Started executing Update app-ops uidState in case package org.codelinaro.bike.bikelauncher changed
11-11 18:48:24.485  6780  6911 V SystemServerTimingAsync: InitThreadPoolExec:Update app-ops uidState in case package com.android.server.telecom changed took to complete: 0ms
11-11 18:48:24.485  6780  6864 D SystemServerInitThreadPool: Finished executing Update app-ops uidState in case package com.android.inputdevices changed
11-11 18:48:24.485  6780  6911 D SystemServerTimingAsync: InitThreadPoolExec:Update app-ops uidState in case package com.ultraviolette.fotaservice changed
11-11 18:48:24.485  6780  6899 D SystemServerInitThreadPool: Finished executing Update app-ops uidState in case package com.google.android.car.networking.preferenceupdater changed
11-11 18:48:24.485  6780  6864 V SystemServerTimingAsync: InitThreadPoolExec:Update app-ops uidState in case package com.android.inputdevices changed took to complete: 1ms
11-11 18:48:24.485  6780  6864 D SystemServerTimingAsync: InitThreadPoolExec:Update app-ops uidState in case package com.qti.diagservices changed
11-11 18:48:24.485  6780  6864 D SystemServerInitThreadPool: Started executing Update app-ops uidState in case package com.qti.diagservices changed
11-11 18:48:24.485  6780  6812 D SystemServerInitThreadPool: Finished executing Update app-ops uidState in case package com.android.keychain changed
11-11 18:48:24.485  6780  6852 V SystemServerTimingAsync: InitThreadPoolExec:Update app-ops uidState in case package com.android.localtransport changed took to complete: 0ms
11-11 18:48:24.485  6780  6878 D SystemServerInitThreadPool: Finished executing Update app-ops uidState in case package org.codelinaro.bike.bikelauncher changed
11-11 18:48:24.485  6780  6864 D SystemServerInitThreadPool: Finished executing Update app-ops uidState in case package com.qti.diagservices changed
11-11 18:48:24.485  6780  6852 D SystemServerTimingAsync: InitThreadPoolExec:Update app-ops uidState in case package com.qualcomm.qti.qmmi changed
11-11 18:48:24.485  6780  6864 V SystemServerTimingAsync: InitThreadPoolExec:Update app-ops uidState in case package com.qti.diagservices changed took to complete: 0ms
11-11 18:48:24.485  6780  6852 D SystemServerInitThreadPool: Started executing Update app-ops uidState in case package com.qualcomm.qti.qmmi changed
11-11 18:48:24.485  6780  6899 V SystemServerTimingAsync: InitThreadPoolExec:Update app-ops uidState in case package com.google.android.car.networking.preferenceupdater changed took to complete: 1ms
11-11 18:48:24.485  6780  6898 D SystemServerInitThreadPool: Started executing Update app-ops uidState in case package com.android.experimentalcar changed
11-11 18:48:24.485  6780  6911 D SystemServerInitThreadPool: Started executing Update app-ops uidState in case package com.ultraviolette.fotaservice changed
11-11 18:48:24.485  6780  6812 V SystemServerTimingAsync: InitThreadPoolExec:Update app-ops uidState in case package com.android.keychain changed took to complete: 1ms
11-11 18:48:24.485  6780  6878 V SystemServerTimingAsync: InitThreadPoolExec:Update app-ops uidState in case package org.codelinaro.bike.bikelauncher changed took to complete: 0ms
11-11 18:48:24.485  6780  6852 D SystemServerInitThreadPool: Finished executing Update app-ops uidState in case package com.qualcomm.qti.qmmi changed
11-11 18:48:24.485  6780  6864 D SystemServerTimingAsync: InitThreadPoolExec:Update app-ops uidState in case package com.android.location.fused changed
11-11 18:48:24.485  6780  6852 V SystemServerTimingAsync: InitThreadPoolExec:Update app-ops uidState in case package com.qualcomm.qti.qmmi changed took to complete: 0ms
11-11 18:48:24.485  6780  6864 D SystemServerInitThreadPool: Started executing Update app-ops uidState in case package com.android.location.fused changed
11-11 18:48:24.485  6780  6898 D SystemServerInitThreadPool: Finished executing Update app-ops uidState in case package com.android.experimentalcar changed
11-11 18:48:24.485  6780  6898 V SystemServerTimingAsync: InitThreadPoolExec:Update app-ops uidState in case package com.android.experimentalcar changed took to complete: 0ms
11-11 18:48:24.485  6780  6864 D SystemServerInitThreadPool: Finished executing Update app-ops uidState in case package com.android.location.fused changed
11-11 18:48:24.485  6780  6911 D SystemServerInitThreadPool: Finished executing Update app-ops uidState in case package com.ultraviolette.fotaservice changed
11-11 18:48:24.485  6780  6864 V SystemServerTimingAsync: InitThreadPoolExec:Update app-ops uidState in case package com.android.location.fused changed took to complete: 0ms
11-11 18:48:24.485  6780  6911 V SystemServerTimingAsync: InitThreadPoolExec:Update app-ops uidState in case package com.ultraviolette.fotaservice changed took to complete: 0ms
11-11 18:48:24.485  6780  6879 V SystemServerTimingAsync: InitThreadPoolExec:Update app-ops uidState in case package com.android.dynsystem changed took to complete: 0ms
11-11 18:48:24.486  6780  6780 V SystemServerTiming: watchDeviceProvisioning took to complete: 9ms
11-11 18:48:24.486  6780  6780 D SystemServerTiming: retrieveSettings
11-11 18:48:24.488  6780  6780 I ActivityTaskManager: Config changes=10000000 {1.0 ?mcc0mnc [en_US] ldltr sw720dp w720dp h1280dp 160dpi xlrg long port car finger -keyb/h/h -nav/h winConfig={ mBounds=Rect(0, 0 - 720, 1280) mAppBounds=Rect(0, 0 - 720, 1280) mMaxBounds=Rect(0, 0 - 720, 1280) mDisplayRotation=ROTATION_0 mWindowingMode=fullscreen mDisplayWindowingMode=fullscreen mActivityType=undefined mAlwaysOnTop=undefined mRotation=ROTATION_0} s.8 fontWeightAdjustment=0}
11-11 18:48:24.489  6780  6780 I WindowManager: Override config changes=10000000 {1.0 ?mcc0mnc [en_US] ldltr sw720dp w720dp h1280dp 160dpi xlrg long port car finger -keyb/h/h -nav/h winConfig={ mBounds=Rect(0, 0 - 720, 1280) mAppBounds=Rect(0, 0 - 720, 1280) mMaxBounds=Rect(0, 0 - 720, 1280) mDisplayRotation=ROTATION_0 mWindowingMode=fullscreen mDisplayWindowingMode=fullscreen mActivityType=undefined mAlwaysOnTop=undefined mRotation=ROTATION_0} s.8 fontWeightAdjustment=0} for displayId=0
11-11 18:48:24.491  6780  6780 V SystemServerTiming: retrieveSettings took to complete: 5ms
11-11 18:48:24.491  6780  6780 D SystemServerTiming: Ugm.onSystemReady
11-11 18:48:24.491  6780  6780 V SystemServerTiming: Ugm.onSystemReady took to complete: 1ms
11-11 18:48:24.491  6780  6780 D SystemServerTiming: updateForceBackgroundCheck
11-11 18:48:24.492  6780  6780 V SystemServerTiming: updateForceBackgroundCheck took to complete: 0ms
11-11 18:48:24.492  6780  6780 I SystemServer: Making services ready
11-11 18:48:24.492  6780  6780 D SystemServerTiming: StartActivityManagerReadyPhase
11-11 18:48:24.492  6780  6780 I SystemServiceManager: Starting phase 550
11-11 18:48:24.492  6780  6780 D SystemServerTiming: OnBootPhase_550
11-11 18:48:24.492  6780  6780 D SystemServerTiming: OnBootPhase_550_com.android.server.security.FileIntegrityService
11-11 18:48:24.492  6780  6780 V SystemServerTiming: OnBootPhase_550_com.android.server.security.FileIntegrityService took to complete: 0ms
11-11 18:48:24.492  6780  6780 D SystemServerTiming: OnBootPhase_550_com.android.server.pm.Installer
11-11 18:48:24.492  6780  6780 V SystemServerTiming: OnBootPhase_550_com.android.server.pm.Installer took to complete: 0ms
11-11 18:48:24.492  6780  6780 D SystemServerTiming: OnBootPhase_550_com.android.server.os.DeviceIdentifiersPolicyService
11-11 18:48:24.492  6780  6780 V SystemServerTiming: OnBootPhase_550_com.android.server.os.DeviceIdentifiersPolicyService took to complete: 0ms
11-11 18:48:24.492  6780  6780 D SystemServerTiming: OnBootPhase_550_com.android.server.uri.UriGrantsManagerService$Lifecycle
11-11 18:48:24.492  6780  6780 V SystemServerTiming: OnBootPhase_550_com.android.server.uri.UriGrantsManagerService$Lifecycle took to complete: 0ms
11-11 18:48:24.492  6780  6780 D SystemServerTiming: OnBootPhase_550_com.android.server.powerstats.PowerStatsService
11-11 18:48:24.492  6780  6780 V SystemServerTiming: OnBootPhase_550_com.android.server.powerstats.PowerStatsService took to complete: 0ms
11-11 18:48:24.492  6780  6780 D SystemServerTiming: OnBootPhase_550_com.android.server.permission.access.AccessCheckingService
11-11 18:48:24.492  6780  6780 V SystemServerTiming: OnBootPhase_550_com.android.server.permission.access.AccessCheckingService took to complete: 0ms
11-11 18:48:24.492  6780  6780 D SystemServerTiming: OnBootPhase_550_com.android.server.wm.ActivityTaskManagerService$Lifecycle
11-11 18:48:24.492  6780  6780 V SystemServerTiming: OnBootPhase_550_com.android.server.wm.ActivityTaskManagerService$Lifecycle took to complete: 0ms
11-11 18:48:24.492  6780  6780 D SystemServerTiming: OnBootPhase_550_com.android.server.am.ActivityManagerService$Lifecycle
11-11 18:48:24.494  6780  6780 V SystemServerTiming: OnBootPhase_550_com.android.server.am.ActivityManagerService$Lifecycle took to complete: 2ms
11-11 18:48:24.494  6780  6780 D SystemServerTiming: OnBootPhase_550_com.android.server.pm.DataLoaderManagerService
11-11 18:48:24.494  6780  6780 V SystemServerTiming: OnBootPhase_550_com.android.server.pm.DataLoaderManagerService took to complete: 0ms
11-11 18:48:24.494  6780  6780 D SystemServerTiming: OnBootPhase_550_com.android.server.power.PowerManagerService
11-11 18:48:24.494  6780  6780 V SystemServerTiming: OnBootPhase_550_com.android.server.power.PowerManagerService took to complete: 0ms
11-11 18:48:24.494  6780  6780 D SystemServerTiming: OnBootPhase_550_com.android.server.power.ThermalManagerService
11-11 18:48:24.496  6780  6780 E ThermalHalWrapper: Thermal HAL 2.0 service not connected.
11-11 18:48:24.498  6780  6780 E ThermalHalWrapper: Thermal HAL 1.1 service not connected.
11-11 18:48:24.499  6780  6780 E ThermalHalWrapper: Thermal HAL 1.0 service not connected.
11-11 18:48:24.499  6780  6780 W ThermalManagerService: No Thermal HAL service on this device
11-11 18:48:24.499  6780  6780 V SystemServerTiming: OnBootPhase_550_com.android.server.power.ThermalManagerService took to complete: 5ms
11-11 18:48:24.499  6780  6780 D SystemServerTiming: OnBootPhase_550_com.android.server.power.hint.HintManagerService
11-11 18:48:24.499  6780  6780 V SystemServerTiming: OnBootPhase_550_com.android.server.power.hint.HintManagerService took to complete: 0ms
11-11 18:48:24.499  6780  6780 D SystemServerTiming: OnBootPhase_550_com.android.server.recoverysystem.RecoverySystemService$Lifecycle
11-11 18:48:24.499  6780  6780 V SystemServerTiming: OnBootPhase_550_com.android.server.recoverysystem.RecoverySystemService$Lifecycle took to complete: 0ms
11-11 18:48:24.499  6780  6780 D SystemServerTiming: OnBootPhase_550_com.android.server.lights.LightsService
11-11 18:48:24.499  6780  6780 V SystemServerTiming: OnBootPhase_550_com.android.server.lights.LightsService took to complete: 0ms
11-11 18:48:24.499  6780  6780 D SystemServerTiming: OnBootPhase_550_com.android.server.display.DisplayManagerService
11-11 18:48:24.499  6780  6780 V SystemServerTiming: OnBootPhase_550_com.android.server.display.DisplayManagerService took to complete: 0ms
11-11 18:48:24.499  6780  6780 D SystemServerTiming: OnBootPhase_550_com.android.server.pm.verify.domain.DomainVerificationService
11-11 18:48:24.499  6780  6780 V SystemServerTiming: OnBootPhase_550_com.android.server.pm.verify.domain.DomainVerificationService took to complete: 0ms
11-11 18:48:24.499  6780  6780 D SystemServerTiming: OnBootPhase_550_com.android.server.pm.PackageInstallerService$Lifecycle
11-11 18:48:24.499  6780  6780 V SystemServerTiming: OnBootPhase_550_com.android.server.pm.PackageInstallerService$Lifecycle took to complete: 0ms
11-11 18:48:24.500  6780  6780 D SystemServerTiming: OnBootPhase_550_com.android.server.pm.UserManagerService$LifeCycle
11-11 18:48:24.500  6780  6780 V SystemServerTiming: OnBootPhase_550_com.android.server.pm.UserManagerService$LifeCycle took to complete: 0ms
11-11 18:48:24.500  6780  6780 D SystemServerTiming: OnBootPhase_550_com.android.server.om.OverlayManagerService
11-11 18:48:24.500  6780  6780 V SystemServerTiming: OnBootPhase_550_com.android.server.om.OverlayManagerService took to complete: 0ms
11-11 18:48:24.500  6780  6780 D SystemServerTiming: OnBootPhase_550_com.android.server.resources.ResourcesManagerService
11-11 18:48:24.500  6780  6780 V SystemServerTiming: OnBootPhase_550_com.android.server.resources.ResourcesManagerService took to complete: 0ms
11-11 18:48:24.500  6780  6780 D SystemServerTiming: OnBootPhase_550_com.android.server.sensorprivacy.SensorPrivacyService
11-11 18:48:24.501  6780  6780 V SystemServerTiming: OnBootPhase_550_com.android.server.sensorprivacy.SensorPrivacyService took to complete: 1ms
11-11 18:48:24.501  6780  6780 D SystemServerTiming: OnBootPhase_550_com.android.server.sensors.SensorService
11-11 18:48:24.501  6780  6780 V SystemServerTiming: OnBootPhase_550_com.android.server.sensors.SensorService took to complete: 0ms
11-11 18:48:24.501  6780  6780 D SystemServerTiming: OnBootPhase_550_com.android.server.SystemConfigService
11-11 18:48:24.501  6780  6780 V SystemServerTiming: OnBootPhase_550_com.android.server.SystemConfigService took to complete: 0ms
11-11 18:48:24.501  6780  6780 D SystemServerTiming: OnBootPhase_550_com.android.server.BatteryService
11-11 18:48:24.501  6780  6780 V SystemServerTiming: OnBootPhase_550_com.android.server.BatteryService took to complete: 1ms
11-11 18:48:24.501  6780  6780 D SystemServerTiming: OnBootPhase_550_com.android.server.usage.UsageStatsService
11-11 18:48:24.501  6780  6780 V SystemServerTiming: OnBootPhase_550_com.android.server.usage.UsageStatsService took to complete: 0ms
11-11 18:48:24.502  6780  6780 D SystemServerTiming: OnBootPhase_550_com.android.server.webkit.WebViewUpdateService
11-11 18:48:24.502  6780  6780 V SystemServerTiming: OnBootPhase_550_com.android.server.webkit.WebViewUpdateService took to complete: 0ms
11-11 18:48:24.502  6780  6780 D SystemServerTiming: OnBootPhase_550_com.android.server.CachedDeviceStateService
11-11 18:48:24.502  6780  6780 V SystemServerTiming: OnBootPhase_550_com.android.server.CachedDeviceStateService took to complete: 0ms
11-11 18:48:24.502  6780  6780 D SystemServerTiming: OnBootPhase_550_com.android.server.BinderCallsStatsService$LifeCycle
11-11 18:48:24.502  6780  6780 V SystemServerTiming: OnBootPhase_550_com.android.server.BinderCallsStatsService$LifeCycle took to complete: 0ms
11-11 18:48:24.502  6780  6780 D SystemServerTiming: OnBootPhase_550_com.android.server.LooperStatsService$Lifecycle
11-11 18:48:24.502  6780  6780 V SystemServerTiming: OnBootPhase_550_com.android.server.LooperStatsService$Lifecycle took to complete: 0ms
11-11 18:48:24.502  6780  6780 D SystemServerTiming: OnBootPhase_550_com.android.server.rollback.RollbackManagerService
11-11 18:48:24.502  6780  6780 V SystemServerTiming: OnBootPhase_550_com.android.server.rollback.RollbackManagerService took to complete: 0ms
11-11 18:48:24.502  6780  6780 D SystemServerTiming: OnBootPhase_550_com.android.server.os.NativeTombstoneManagerService
11-11 18:48:24.502  6780  6780 V SystemServerTiming: OnBootPhase_550_com.android.server.os.NativeTombstoneManagerService took to complete: 0ms
11-11 18:48:24.502  6780  6780 D SystemServerTiming: OnBootPhase_550_com.android.server.os.BugreportManagerService
11-11 18:48:24.502  6780  6780 V SystemServerTiming: OnBootPhase_550_com.android.server.os.BugreportManagerService took to complete: 0ms
11-11 18:48:24.502  6780  6780 D SystemServerTiming: OnBootPhase_550_com.android.server.gpu.GpuService
11-11 18:48:24.502  6780  6780 V SystemServerTiming: OnBootPhase_550_com.android.server.gpu.GpuService took to complete: 0ms
11-11 18:48:24.502  6780  6780 D SystemServerTiming: OnBootPhase_550_com.android.server.security.rkp.RemoteProvisioningService
11-11 18:48:24.502  6780  6780 V SystemServerTiming: OnBootPhase_550_com.android.server.security.rkp.RemoteProvisioningService took to complete: 0ms
11-11 18:48:24.502  6780  6780 D SystemServerTiming: OnBootPhase_550_com.android.server.cpu.CpuMonitorService
11-11 18:48:24.502  6780  6780 V SystemServerTiming: OnBootPhase_550_com.android.server.cpu.CpuMonitorService took to complete: 0ms
11-11 18:48:24.502  6780  6780 D SystemServerTiming: OnBootPhase_550_com.android.server.security.KeyChainSystemService
11-11 18:48:24.502  6780  6780 V SystemServerTiming: OnBootPhase_550_com.android.server.security.KeyChainSystemService took to complete: 0ms
11-11 18:48:24.502  6780  6780 D SystemServerTiming: OnBootPhase_550_com.android.server.BinaryTransparencyService
11-11 18:48:24.502  6780  6780 V SystemServerTiming: OnBootPhase_550_com.android.server.BinaryTransparencyService took to complete: 0ms
11-11 18:48:24.502  6780  6780 D SystemServerTiming: OnBootPhase_550_com.android.server.telecom.TelecomLoaderService
11-11 18:48:24.507  6780  6875 E NativeTombstoneManager: Tombstone's UID (1000) not an app, ignoring
11-11 18:48:24.512  6780  6780 W ActivityManager: Too early to start/bind service in system_server: Phase=550 ComponentInfo{com.android.server.telecom/com.android.server.telecom.components.TelecomService}
11-11 18:48:24.513  6780  6780 W ActivityManager: Too early to start/bind service in system_server: Phase=550 ComponentInfo{com.android.server.telecom/com.android.server.telecom.components.TelecomService}
11-11 18:48:24.513  6780  6780 D CompatibilityChangeReporter: Compat change id reported: 261072174; UID 1000; state: ENABLED
11-11 18:48:24.514  6780  6780 V SystemServerTiming: OnBootPhase_550_com.android.server.telecom.TelecomLoaderService took to complete: 11ms
11-11 18:48:24.514  6780  6780 D SystemServerTiming: OnBootPhase_550_com.android.server.accounts.AccountManagerService$Lifecycle
11-11 18:48:24.514  6780  6780 V SystemServerTiming: OnBootPhase_550_com.android.server.accounts.AccountManagerService$Lifecycle took to complete: 0ms
11-11 18:48:24.514  6780  6780 D SystemServerTiming: OnBootPhase_550_com.android.server.content.ContentService$Lifecycle
11-11 18:48:24.515  6780  6875 I BootReceiver: Copying /data/tombstones/tombstone_00 to DropBox (SYSTEM_TOMBSTONE)
11-11 18:48:24.515  6780  6875 I DropBoxManagerService: add tag=SYSTEM_TOMBSTONE isTagEnabled=true flags=0x6
11-11 18:48:24.517  6780  6780 I SyncManager: No initial accounts
11-11 18:48:24.522  6780  6780 V SystemServerTiming: OnBootPhase_550_com.android.server.content.ContentService$Lifecycle took to complete: 8ms
11-11 18:48:24.522  6780  6780 D SystemServerTiming: OnBootPhase_550_com.android.server.deviceconfig.DeviceConfigInit$Lifecycle
11-11 18:48:24.522  6780  6780 V SystemServerTiming: OnBootPhase_550_com.android.server.deviceconfig.DeviceConfigInit$Lifecycle took to complete: 0ms
11-11 18:48:24.522  6780  6780 D SystemServerTiming: OnBootPhase_550_com.android.server.DropBoxManagerService
11-11 18:48:24.522  6780  6780 V SystemServerTiming: OnBootPhase_550_com.android.server.DropBoxManagerService took to complete: 0ms
11-11 18:48:24.522  6780  6780 D SystemServerTiming: OnBootPhase_550_com.android.role.RoleService
11-11 18:48:24.522  6780  6780 V SystemServerTiming: OnBootPhase_550_com.android.role.RoleService took to complete: 0ms
11-11 18:48:24.522  6780  6780 D SystemServerTiming: OnBootPhase_550_com.android.server.vibrator.VibratorManagerService$Lifecycle
11-11 18:48:24.522  6780  6780 V SystemServerTiming: OnBootPhase_550_com.android.server.vibrator.VibratorManagerService$Lifecycle took to complete: 0ms
11-11 18:48:24.522  6780  6780 D SystemServerTiming: OnBootPhase_550_com.android.server.tare.InternalResourceService
11-11 18:48:24.522  6780  6780 V SystemServerTiming: OnBootPhase_550_com.android.server.tare.InternalResourceService took to complete: 0ms
11-11 18:48:24.522  6780  6780 D SystemServerTiming: OnBootPhase_550_com.android.server.alarm.AlarmManagerService
11-11 18:48:24.522  6780  6780 V SystemServerTiming: OnBootPhase_550_com.android.server.alarm.AlarmManagerService took to complete: 0ms
11-11 18:48:24.522  6780  6780 D SystemServerTiming: OnBootPhase_550_com.android.server.devicestate.DeviceStateManagerService
11-11 18:48:24.522  6780  6780 V SystemServerTiming: OnBootPhase_550_com.android.server.devicestate.DeviceStateManagerService took to complete: 0ms
11-11 18:48:24.522  6780  6780 D SystemServerTiming: OnBootPhase_550_com.android.server.camera.CameraServiceProxy
11-11 18:48:24.522  6780  6780 V SystemServerTiming: OnBootPhase_550_com.android.server.camera.CameraServiceProxy took to complete: 0ms
11-11 18:48:24.522  6780  6780 D SystemServerTiming: OnBootPhase_550_com.android.server.bluetooth.BluetoothService
11-11 18:48:24.522  6780  6780 V SystemServerTiming: OnBootPhase_550_com.android.server.bluetooth.BluetoothService took to complete: 0ms
11-11 18:48:24.522  6780  6780 D SystemServerTiming: OnBootPhase_550_com.android.server.connectivity.IpConnectivityMetrics
11-11 18:48:24.522  6780  6780 V SystemServerTiming: OnBootPhase_550_com.android.server.connectivity.IpConnectivityMetrics took to complete: 0ms
11-11 18:48:24.522  6780  6780 D SystemServerTiming: OnBootPhase_550_com.android.server.net.watchlist.NetworkWatchlistService$Lifecycle
11-11 18:48:24.525  6780  6780 V SystemServerTiming: OnBootPhase_550_com.android.server.net.watchlist.NetworkWatchlistService$Lifecycle took to complete: 3ms
11-11 18:48:24.525  6780  6780 D SystemServerTiming: OnBootPhase_550_com.android.server.PinnerService
11-11 18:48:24.525  6780  6780 V SystemServerTiming: OnBootPhase_550_com.android.server.PinnerService took to complete: 0ms
11-11 18:48:24.525  6780  6780 D SystemServerTiming: OnBootPhase_550_com.android.server.ActivityTriggerService
11-11 18:48:24.525  6780  6780 V SystemServerTiming: OnBootPhase_550_com.android.server.ActivityTriggerService took to complete: 0ms
11-11 18:48:24.525  6780  6780 D SystemServerTiming: OnBootPhase_550_com.android.server.integrity.AppIntegrityManagerService
11-11 18:48:24.525  6780  6780 V SystemServerTiming: OnBootPhase_550_com.android.server.integrity.AppIntegrityManagerService took to complete: 0ms
11-11 18:48:24.525  6780  6780 D SystemServerTiming: OnBootPhase_550_com.android.server.logcat.LogcatManagerService
11-11 18:48:24.525  6780  6780 V SystemServerTiming: OnBootPhase_550_com.android.server.logcat.LogcatManagerService took to complete: 0ms
11-11 18:48:24.525  6780  6780 D SystemServerTiming: OnBootPhase_550_com.android.server.inputmethod.InputMethodManagerService$Lifecycle
11-11 18:48:24.526  6780  6899 D SystemServerTimingAsync: InitThreadPoolExec:Lazily initialize IMMS#mImeDrawsImeNavBarRes
11-11 18:48:24.526  6780  6899 D SystemServerInitThreadPool: Started executing Lazily initialize IMMS#mImeDrawsImeNavBarRes
11-11 18:48:24.527  6780  6875 E NativeTombstoneManager: Tombstone's UID (1000) not an app, ignoring
11-11 18:48:24.530  6780  6875 I DropBoxManagerService: add tag=SYSTEM_TOMBSTONE_PROTO_WITH_HEADERS isTagEnabled=true flags=0x4
11-11 18:48:24.534  6780  6875 E NativeTombstoneManager: Tombstone's UID (1000) not an app, ignoring
11-11 18:48:24.536  6780  6875 I BootReceiver: Copying /data/tombstones/tombstone_01 to DropBox (SYSTEM_TOMBSTONE)
11-11 18:48:24.536  6780  6875 I DropBoxManagerService: add tag=SYSTEM_TOMBSTONE isTagEnabled=true flags=0x6
11-11 18:48:24.539  6780  6780 V SystemServerTiming: OnBootPhase_550_com.android.server.inputmethod.InputMethodManagerService$Lifecycle took to complete: 14ms
11-11 18:48:24.539  6780  6780 D SystemServerTiming: OnBootPhase_550_com.android.server.accessibility.AccessibilityManagerService$Lifecycle
11-11 18:48:24.539  6780  6780 V SystemServerTiming: OnBootPhase_550_com.android.server.accessibility.AccessibilityManagerService$Lifecycle took to complete: 0ms
11-11 18:48:24.539  6780  6780 D SystemServerTiming: OnBootPhase_550_com.android.server.StorageManagerService$Lifecycle
11-11 18:48:24.539  6780  6780 V SystemServerTiming: OnBootPhase_550_com.android.server.StorageManagerService$Lifecycle took to complete: 0ms
11-11 18:48:24.539  6780  6780 D SystemServerTiming: OnBootPhase_550_com.android.server.usage.StorageStatsService$Lifecycle
11-11 18:48:24.539  6780  6780 V SystemServerTiming: OnBootPhase_550_com.android.server.usage.StorageStatsService$Lifecycle took to complete: 0ms
11-11 18:48:24.539  6780  6780 D SystemServerTiming: OnBootPhase_550_com.android.server.UiModeManagerService
11-11 18:48:24.539  6780  6780 V SystemServerTiming: OnBootPhase_550_com.android.server.UiModeManagerService took to complete: 0ms
11-11 18:48:24.539  6780  6780 D SystemServerTiming: OnBootPhase_550_com.android.server.locales.LocaleManagerService
11-11 18:48:24.539  6780  6780 V SystemServerTiming: OnBootPhase_550_com.android.server.locales.LocaleManagerService took to complete: 0ms
11-11 18:48:24.539  6780  6780 D SystemServerTiming: OnBootPhase_550_com.android.server.grammaticalinflection.GrammaticalInflectionService
11-11 18:48:24.539  6780  6780 V SystemServerTiming: OnBootPhase_550_com.android.server.grammaticalinflection.GrammaticalInflectionService took to complete: 0ms
11-11 18:48:24.539  6780  6780 D SystemServerTiming: OnBootPhase_550_com.android.server.apphibernation.AppHibernationService
11-11 18:48:24.539  6780  6780 V SystemServerTiming: OnBootPhase_550_com.android.server.apphibernation.AppHibernationService took to complete: 0ms
11-11 18:48:24.539  6780  6780 D SystemServerTiming: OnBootPhase_550_com.android.server.locksettings.LockSettingsService$Lifecycle
11-11 18:48:24.540  6780  6780 I RebootEscrowManager: No reboot escrow data found for users, skipping loading escrow data
11-11 18:48:24.541  6780  6780 V SystemServerTiming: OnBootPhase_550_com.android.server.locksettings.LockSettingsService$Lifecycle took to complete: 2ms
11-11 18:48:24.541  6780  6780 D SystemServerTiming: OnBootPhase_550_com.android.server.PersistentDataBlockService
11-11 18:48:24.541  6780  6875 E NativeTombstoneManager: Tombstone's UID (1000) not an app, ignoring
11-11 18:48:24.541  6780  6780 V SystemServerTiming: OnBootPhase_550_com.android.server.PersistentDataBlockService took to complete: 0ms
11-11 18:48:24.541  6780  6780 D SystemServerTiming: OnBootPhase_550_com.android.server.testharness.TestHarnessModeService
11-11 18:48:24.541  6780  6780 V SystemServerTiming: OnBootPhase_550_com.android.server.testharness.TestHarnessModeService took to complete: 0ms
11-11 18:48:24.541  6780  6780 D SystemServerTiming: OnBootPhase_550_com.android.server.oemlock.OemLockService
11-11 18:48:24.541  6780  6780 V SystemServerTiming: OnBootPhase_550_com.android.server.oemlock.OemLockService took to complete: 0ms
11-11 18:48:24.541  6780  6780 D SystemServerTiming: OnBootPhase_550_com.android.server.DeviceIdleController
11-11 18:48:24.541  6780  6780 V SystemServerTiming: OnBootPhase_550_com.android.server.DeviceIdleController took to complete: 0ms
11-11 18:48:24.541  6780  6780 D SystemServerTiming: OnBootPhase_550_com.android.server.devicepolicy.DevicePolicyManagerService$Lifecycle
11-11 18:48:24.541  6780  6780 V SystemServerTiming: OnBootPhase_550_com.android.server.devicepolicy.DevicePolicyManagerService$Lifecycle took to complete: 0ms
11-11 18:48:24.541  6780  6780 D SystemServerTiming: OnBootPhase_550_com.android.server.texttospeech.TextToSpeechManagerService
11-11 18:48:24.541  6780  6780 V SystemServerTiming: OnBootPhase_550_com.android.server.texttospeech.TextToSpeechManagerService took to complete: 0ms
11-11 18:48:24.541  6780  6780 D SystemServerTiming: OnBootPhase_550_com.android.server.ambientcontext.AmbientContextManagerService
11-11 18:48:24.541  6780  6780 V SystemServerTiming: OnBootPhase_550_com.android.server.ambientcontext.AmbientContextManagerService took to complete: 0ms
11-11 18:48:24.541  6780  6780 D SystemServerTiming: OnBootPhase_550_com.android.server.wearable.WearableSensingManagerService
11-11 18:48:24.541  6780  6780 V SystemServerTiming: OnBootPhase_550_com.android.server.wearable.WearableSensingManagerService took to complete: 0ms
11-11 18:48:24.541  6780  6780 D SystemServerTiming: OnBootPhase_550_com.android.server.speech.SpeechRecognitionManagerService
11-11 18:48:24.541  6780  6780 V SystemServerTiming: OnBootPhase_550_com.android.server.speech.SpeechRecognitionManagerService took to complete: 0ms
11-11 18:48:24.541  6780  6780 D SystemServerTiming: OnBootPhase_550_com.android.server.searchui.SearchUiManagerService
11-11 18:48:24.541  6780  6780 V SystemServerTiming: OnBootPhase_550_com.android.server.searchui.SearchUiManagerService took to complete: 0ms
11-11 18:48:24.541  6780  6780 D SystemServerTiming: OnBootPhase_550_com.android.server.smartspace.SmartspaceManagerService
11-11 18:48:24.541  6780  6780 V SystemServerTiming: OnBootPhase_550_com.android.server.smartspace.SmartspaceManagerService took to complete: 0ms
11-11 18:48:24.541  6780  6780 D SystemServerTiming: OnBootPhase_550_com.android.server.graphics.fonts.FontManagerService$Lifecycle
11-11 18:48:24.541  6780  6780 V SystemServerTiming: OnBootPhase_550_com.android.server.graphics.fonts.FontManagerService$Lifecycle took to complete: 0ms
11-11 18:48:24.541  6780  6780 D SystemServerTiming: OnBootPhase_550_com.android.server.textservices.TextServicesManagerService$Lifecycle
11-11 18:48:24.541  6780  6780 V SystemServerTiming: OnBootPhase_550_com.android.server.textservices.TextServicesManagerService$Lifecycle took to complete: 0ms
11-11 18:48:24.542  6780  6780 D SystemServerTiming: OnBootPhase_550_com.android.server.NetworkScoreService$Lifecycle
11-11 18:48:24.542  6780  6780 V SystemServerTiming: OnBootPhase_550_com.android.server.NetworkScoreService$Lifecycle took to complete: 0ms
11-11 18:48:24.542  6780  6780 D SystemServerTiming: OnBootPhase_550_com.android.server.NetworkStatsServiceInitializer
11-11 18:48:24.543  6780  6875 I DropBoxManagerService: add tag=SYSTEM_TOMBSTONE_PROTO_WITH_HEADERS isTagEnabled=true flags=0x4
11-11 18:48:24.547  6780  6875 E NativeTombstoneManager: Tombstone's UID (1000) not an app, ignoring
11-11 18:48:24.549  6780  6875 I BootReceiver: Copying /data/tombstones/tombstone_02 to DropBox (SYSTEM_TOMBSTONE)
11-11 18:48:24.549  6780  6875 I DropBoxManagerService: add tag=SYSTEM_TOMBSTONE isTagEnabled=true flags=0x6
11-11 18:48:24.551  6780  6899 D SystemServerInitThreadPool: Finished executing Lazily initialize IMMS#mImeDrawsImeNavBarRes
11-11 18:48:24.551  6780  6899 V SystemServerTimingAsync: InitThreadPoolExec:Lazily initialize IMMS#mImeDrawsImeNavBarRes took to complete: 26ms
11-11 18:48:24.554  6780  6875 E NativeTombstoneManager: Tombstone's UID (1000) not an app, ignoring
11-11 18:48:24.556  6780  6875 I DropBoxManagerService: add tag=SYSTEM_TOMBSTONE_PROTO_WITH_HEADERS isTagEnabled=true flags=0x4
11-11 18:48:24.560  6780  6875 E NativeTombstoneManager: Tombstone's UID (1000) not an app, ignoring
11-11 18:48:24.562  6780  6780 V SystemServerTiming: OnBootPhase_550_com.android.server.NetworkStatsServiceInitializer took to complete: 20ms
11-11 18:48:24.562  6780  6780 D SystemServerTiming: OnBootPhase_550_com.android.server.wifi.WifiService
11-11 18:48:24.562  6780  6780 V SystemServerTiming: OnBootPhase_550_com.android.server.wifi.WifiService took to complete: 0ms
11-11 18:48:24.562  6780  6780 D SystemServerTiming: OnBootPhase_550_com.android.server.wifi.scanner.WifiScanningService
11-11 18:48:24.562  6780  6780 V SystemServerTiming: OnBootPhase_550_com.android.server.wifi.scanner.WifiScanningService took to complete: 0ms
11-11 18:48:24.562  6780  6780 D SystemServerTiming: OnBootPhase_550_com.android.server.wifi.rtt.RttService
11-11 18:48:24.562  6780  6780 V SystemServerTiming: OnBootPhase_550_com.android.server.wifi.rtt.RttService took to complete: 0ms
11-11 18:48:24.562  6780  6780 D SystemServerTiming: OnBootPhase_550_com.android.server.wifi.aware.WifiAwareService
11-11 18:48:24.562  6780  6780 V SystemServerTiming: OnBootPhase_550_com.android.server.wifi.aware.WifiAwareService took to complete: 0ms
11-11 18:48:24.562  6780  6780 D SystemServerTiming: OnBootPhase_550_com.android.server.wifi.p2p.WifiP2pService
11-11 18:48:24.562  6780  6780 V SystemServerTiming: OnBootPhase_550_com.android.server.wifi.p2p.WifiP2pService took to complete: 0ms
11-11 18:48:24.562  6780  6780 D SystemServerTiming: OnBootPhase_550_com.android.server.ConnectivityServiceInitializer
11-11 18:48:24.562  6780  6780 V SystemServerTiming: OnBootPhase_550_com.android.server.ConnectivityServiceInitializer took to complete: 0ms
11-11 18:48:24.562  6780  6780 D SystemServerTiming: OnBootPhase_550_com.android.server.notification.NotificationManagerService
11-11 18:48:24.562  6780  6780 V SystemServerTiming: OnBootPhase_550_com.android.server.notification.NotificationManagerService took to complete: 0ms
11-11 18:48:24.562  6780  6780 D SystemServerTiming: OnBootPhase_550_com.android.server.storage.DeviceStorageMonitorService
11-11 18:48:24.562  6780  6780 V SystemServerTiming: OnBootPhase_550_com.android.server.storage.DeviceStorageMonitorService took to complete: 0ms
11-11 18:48:24.562  6780  6780 D SystemServerTiming: OnBootPhase_550_com.android.server.timedetector.TimeDetectorService$Lifecycle
11-11 18:48:24.562  6780  6780 V SystemServerTiming: OnBootPhase_550_com.android.server.timedetector.TimeDetectorService$Lifecycle took to complete: 0ms
11-11 18:48:24.562  6780  6780 D SystemServerTiming: OnBootPhase_550_com.android.server.location.LocationManagerService$Lifecycle
11-11 18:48:24.562  6780  6780 V SystemServerTiming: OnBootPhase_550_com.android.server.location.LocationManagerService$Lifecycle took to complete: 0ms
11-11 18:48:24.562  6780  6780 D SystemServerTiming: OnBootPhase_550_com.android.server.timezonedetector.TimeZoneDetectorService$Lifecycle
11-11 18:48:24.562  6780  6780 V SystemServerTiming: OnBootPhase_550_com.android.server.timezonedetector.TimeZoneDetectorService$Lifecycle took to complete: 0ms
11-11 18:48:24.562  6780  6780 D SystemServerTiming: OnBootPhase_550_com.android.server.location.altitude.AltitudeService$Lifecycle
11-11 18:48:24.562  6780  6780 V SystemServerTiming: OnBootPhase_550_com.android.server.location.altitude.AltitudeService$Lifecycle took to complete: 0ms
11-11 18:48:24.562  6780  6780 D SystemServerTiming: OnBootPhase_550_com.android.server.timezonedetector.location.LocationTimeZoneManagerService$Lifecycle
11-11 18:48:24.562  6780  6780 V SystemServerTiming: OnBootPhase_550_com.android.server.timezonedetector.location.LocationTimeZoneManagerService$Lifecycle took to complete: 1ms
11-11 18:48:24.562  6780  6780 D SystemServerTiming: OnBootPhase_550_com.android.server.search.SearchManagerService$Lifecycle
11-11 18:48:24.562  6780  6780 V SystemServerTiming: OnBootPhase_550_com.android.server.search.SearchManagerService$Lifecycle took to complete: 0ms
11-11 18:48:24.562  6780  6780 D SystemServerTiming: OnBootPhase_550_com.android.server.wallpapereffectsgeneration.WallpaperEffectsGenerationManagerService
11-11 18:48:24.562  6780  6875 E NativeTombstoneManager: Tombstone's UID (1000) not an app, ignoring
11-11 18:48:24.563  6780  6780 V SystemServerTiming: OnBootPhase_550_com.android.server.wallpapereffectsgeneration.WallpaperEffectsGenerationManagerService took to complete: 0ms
11-11 18:48:24.563  6780  6780 D SystemServerTiming: OnBootPhase_550_com.android.server.audio.AudioService$Lifecycle
11-11 18:48:24.563  6780  6780 V SystemServerTiming: OnBootPhase_550_com.android.server.audio.AudioService$Lifecycle took to complete: 0ms
11-11 18:48:24.563  6780  6780 D SystemServerTiming: OnBootPhase_550_com.android.server.soundtrigger_middleware.SoundTriggerMiddlewareService$Lifecycle
11-11 18:48:24.563  6780  6780 V SystemServerTiming: OnBootPhase_550_com.android.server.soundtrigger_middleware.SoundTriggerMiddlewareService$Lifecycle took to complete: 0ms
11-11 18:48:24.563  6780  6780 D SystemServerTiming: OnBootPhase_550_com.android.server.broadcastradio.BroadcastRadioService
11-11 18:48:24.563  6780  6780 V SystemServerTiming: OnBootPhase_550_com.android.server.broadcastradio.BroadcastRadioService took to complete: 0ms
11-11 18:48:24.563  6780  6780 D SystemServerTiming: OnBootPhase_550_com.android.server.DockObserver
11-11 18:48:24.563  6780  6780 V SystemServerTiming: OnBootPhase_550_com.android.server.DockObserver took to complete: 0ms
11-11 18:48:24.563  6780  6780 D SystemServerTiming: OnBootPhase_550_com.android.server.midi.MidiService$Lifecycle
11-11 18:48:24.563  6780  6780 V SystemServerTiming: OnBootPhase_550_com.android.server.midi.MidiService$Lifecycle took to complete: 0ms
11-11 18:48:24.563  6780  6780 D SystemServerTiming: OnBootPhase_550_com.android.server.adb.AdbService$Lifecycle
11-11 18:48:24.563  6780  6780 V SystemServerTiming: OnBootPhase_550_com.android.server.adb.AdbService$Lifecycle took to complete: 0ms
11-11 18:48:24.563  6780  6780 D SystemServerTiming: OnBootPhase_550_com.android.server.usb.UsbService$Lifecycle
11-11 18:48:24.564  6780  6780 V SystemServerTiming: OnBootPhase_550_com.android.server.usb.UsbService$Lifecycle took to complete: 1ms
11-11 18:48:24.564  6780  6780 D SystemServerTiming: OnBootPhase_550_com.android.server.twilight.TwilightService
11-11 18:48:24.564  6780  6878 D SystemServerTimingAsync: InitThreadPoolExec:UsbService$Lifecycle#onBootPhase
11-11 18:48:24.564  6780  6780 V SystemServerTiming: OnBootPhase_550_com.android.server.twilight.TwilightService took to complete: 0ms
11-11 18:48:24.564  6780  6878 D SystemServerInitThreadPool: Started executing UsbService$Lifecycle#onBootPhase
11-11 18:48:24.564  6780  6780 D SystemServerTiming: OnBootPhase_550_com.android.server.display.color.ColorDisplayService
11-11 18:48:24.564  6780  6780 V SystemServerTiming: OnBootPhase_550_com.android.server.display.color.ColorDisplayService took to complete: 0ms
11-11 18:48:24.564  6780  6780 D SystemServerTiming: OnBootPhase_550_com.android.server.job.JobSchedulerService
11-11 18:48:24.564  6780  6780 V SystemServerTiming: OnBootPhase_550_com.android.server.job.JobSchedulerService took to complete: 0ms
11-11 18:48:24.564  6780  6780 D SystemServerTiming: OnBootPhase_550_com.android.server.soundtrigger.SoundTriggerService
11-11 18:48:24.564  6780  6780 D SoundTriggerService: onBootPhase: 550 : false
11-11 18:48:24.565  6780  6780 V SystemServerTiming: OnBootPhase_550_com.android.server.soundtrigger.SoundTriggerService took to complete: 1ms
11-11 18:48:24.565  6780  6780 D SystemServerTiming: OnBootPhase_550_com.android.server.trust.TrustManagerService
11-11 18:48:24.565  6780  6780 V SystemServerTiming: OnBootPhase_550_com.android.server.trust.TrustManagerService took to complete: 0ms
11-11 18:48:24.565  6780  6780 D SystemServerTiming: OnBootPhase_550_com.android.server.appwidget.AppWidgetService
11-11 18:48:24.565  6780  6875 E NativeTombstoneManager: Tombstone's UID (1000) not an app, ignoring
11-11 18:48:24.565  6780  6780 V SystemServerTiming: OnBootPhase_550_com.android.server.appwidget.AppWidgetService took to complete: 0ms
11-11 18:48:24.565  6780  6780 D SystemServerTiming: OnBootPhase_550_com.android.server.voiceinteraction.VoiceInteractionManagerService
11-11 18:48:24.565  6780  6780 V SystemServerTiming: OnBootPhase_550_com.android.server.voiceinteraction.VoiceInteractionManagerService took to complete: 0ms
11-11 18:48:24.565  6780  6780 D SystemServerTiming: OnBootPhase_550_com.android.server.GestureLauncherService
11-11 18:48:24.565  6780  6780 V SystemServerTiming: OnBootPhase_550_com.android.server.GestureLauncherService took to complete: 0ms
11-11 18:48:24.565  6780  6780 D SystemServerTiming: OnBootPhase_550_com.android.server.SensorNotificationService
11-11 18:48:24.565  6780  6780 V SystemServerTiming: OnBootPhase_550_com.android.server.SensorNotificationService took to complete: 0ms
11-11 18:48:24.565  6780  6780 D SystemServerTiming: OnBootPhase_550_com.android.server.emergency.EmergencyAffordanceService
11-11 18:48:24.565  6780  6780 V SystemServerTiming: OnBootPhase_550_com.android.server.emergency.EmergencyAffordanceService took to complete: 0ms
11-11 18:48:24.565  6780  6780 D SystemServerTiming: OnBootPhase_550_com.android.server.blob.BlobStoreManagerService
11-11 18:48:24.566  6780  6878 D SystemServerInitThreadPool: Finished executing UsbService$Lifecycle#onBootPhase
11-11 18:48:24.566  6780  6878 V SystemServerTimingAsync: InitThreadPoolExec:UsbService$Lifecycle#onBootPhase took to complete: 3ms
11-11 18:48:24.567  6780  6780 V SystemServerTiming: OnBootPhase_550_com.android.server.blob.BlobStoreManagerService took to complete: 2ms
11-11 18:48:24.567  6780  6780 D SystemServerTiming: OnBootPhase_550_com.android.server.dreams.DreamManagerService
11-11 18:48:24.567  6780  6780 V SystemServerTiming: OnBootPhase_550_com.android.server.dreams.DreamManagerService took to complete: 0ms
11-11 18:48:24.567  6780  6780 D SystemServerTiming: OnBootPhase_550_com.android.server.security.AttestationVerificationManagerService
11-11 18:48:24.567  6780  6780 V SystemServerTiming: OnBootPhase_550_com.android.server.security.AttestationVerificationManagerService took to complete: 0ms
11-11 18:48:24.567  6780  6780 D SystemServerTiming: OnBootPhase_550_com.android.server.companion.CompanionDeviceManagerService
11-11 18:48:24.567  6780  6780 V SystemServerTiming: OnBootPhase_550_com.android.server.companion.CompanionDeviceManagerService took to complete: 0ms
11-11 18:48:24.567  6780  6780 D SystemServerTiming: OnBootPhase_550_com.android.server.companion.virtual.VirtualDeviceManagerService
11-11 18:48:24.567  6780  6780 V SystemServerTiming: OnBootPhase_550_com.android.server.companion.virtual.VirtualDeviceManagerService took to complete: 0ms
11-11 18:48:24.567  6780  6780 D SystemServerTiming: OnBootPhase_550_com.android.server.restrictions.RestrictionsManagerService
11-11 18:48:24.567  6780  6780 V SystemServerTiming: OnBootPhase_550_com.android.server.restrictions.RestrictionsManagerService took to complete: 0ms
11-11 18:48:24.567  6780  6780 D SystemServerTiming: OnBootPhase_550_com.android.server.media.MediaSessionService
11-11 18:48:24.568  6780  6780 V SystemServerTiming: OnBootPhase_550_com.android.server.media.MediaSessionService took to complete: 1ms
