11-11 18:38:41.698  1414  2056 D SystemServerTimingAsync: ssm.onStartUser-10_com.android.server.apphibernation.AppHibernationService
11-11 18:38:41.698  1414  2056 V SystemServerTimingAsync: ssm.onStartUser-10_com.android.server.apphibernation.AppHibernationService took to complete: 0ms
11-11 18:38:41.698  1414  2056 D SystemServerTimingAsync: ssm.onStartUser-10_com.android.server.locksettings.LockSettingsService$Lifecycle
11-11 18:38:41.698  1414  2056 V SystemServerTimingAsync: ssm.onStartUser-10_com.android.server.locksettings.LockSettingsService$Lifecycle took to complete: 0ms
11-11 18:38:41.698  1414  2056 D SystemServerTimingAsync: ssm.onStartUser-10_com.android.server.PersistentDataBlockService
11-11 18:38:41.698  1414  2056 V SystemServerTimingAsync: ssm.onStartUser-10_com.android.server.PersistentDataBlockService took to complete: 0ms
11-11 18:38:41.698  1414  2056 D SystemServerTimingAsync: ssm.onStartUser-10_com.android.server.testharness.TestHarnessModeService
11-11 18:38:41.698  1414  2056 V SystemServerTimingAsync: ssm.onStartUser-10_com.android.server.testharness.TestHarnessModeService took to complete: 0ms
11-11 18:38:41.698  1414  2056 D SystemServerTimingAsync: ssm.onStartUser-10_com.android.server.oemlock.OemLockService
11-11 18:38:41.698  1414  2056 V SystemServerTimingAsync: ssm.onStartUser-10_com.android.server.oemlock.OemLockService took to complete: 0ms
11-11 18:38:41.698  1414  2056 D SystemServerTimingAsync: ssm.onStartUser-10_com.android.server.DeviceIdleController
11-11 18:38:41.698  1414  2056 V SystemServerTimingAsync: ssm.onStartUser-10_com.android.server.DeviceIdleController took to complete: 0ms
11-11 18:38:41.698  1414  2056 D SystemServerTimingAsync: ssm.onStartUser-10_com.android.server.devicepolicy.DevicePolicyManagerService$Lifecycle
11-11 18:38:41.703  1414  1414 D CompatibilityChangeReporter: Compat change id reported: 184838306; UID 1001000; state: DISABLED
11-11 18:38:41.703  1414  2055 V SystemServerTimingAsync: ssm.onStartUser-10_com.android.role.RoleService took to complete: 7ms
11-11 18:38:41.703  1414  2055 D SystemServerTimingAsync: ssm.onStartUser-10_com.android.server.texttospeech.TextToSpeechManagerService
11-11 18:38:41.703  1414  2055 V SystemServerTimingAsync: ssm.onStartUser-10_com.android.server.texttospeech.TextToSpeechManagerService took to complete: 0ms
11-11 18:38:41.703  1414  2055 D SystemServerTimingAsync: ssm.onStartUser-10_com.android.server.ambientcontext.AmbientContextManagerService
11-11 18:38:41.703  1414  2055 V SystemServerTimingAsync: ssm.onStartUser-10_com.android.server.ambientcontext.AmbientContextManagerService took to complete: 0ms
11-11 18:38:41.703  1414  2055 D SystemServerTimingAsync: ssm.onStartUser-10_com.android.server.wearable.WearableSensingManagerService
11-11 18:38:41.703  1414  2055 V SystemServerTimingAsync: ssm.onStartUser-10_com.android.server.wearable.WearableSensingManagerService took to complete: 0ms
11-11 18:38:41.703  1414  2055 D SystemServerTimingAsync: ssm.onStartUser-10_com.android.server.speech.SpeechRecognitionManagerService
11-11 18:38:41.703  1414  2055 V SystemServerTimingAsync: ssm.onStartUser-10_com.android.server.speech.SpeechRecognitionManagerService took to complete: 0ms
11-11 18:38:41.703  1414  1414 D CompatibilityChangeReporter: Compat change id reported: 185004937; UID 1001000; state: DISABLED
11-11 18:38:41.704  1414  2055 D SystemServerTimingAsync: ssm.onStartUser-10_com.android.server.searchui.SearchUiManagerService
11-11 18:38:41.704  1414  2055 V SystemServerTimingAsync: ssm.onStartUser-10_com.android.server.searchui.SearchUiManagerService took to complete: 0ms
11-11 18:38:41.704  1414  2055 D SystemServerTimingAsync: ssm.onStartUser-10_com.android.server.smartspace.SmartspaceManagerService
11-11 18:38:41.704  1414  2055 V SystemServerTimingAsync: ssm.onStartUser-10_com.android.server.smartspace.SmartspaceManagerService took to complete: 0ms
11-11 18:38:41.704  1414  2055 D SystemServerTimingAsync: ssm.onStartUser-10_com.android.server.graphics.fonts.FontManagerService$Lifecycle
11-11 18:38:41.704  1414  2055 V SystemServerTimingAsync: ssm.onStartUser-10_com.android.server.graphics.fonts.FontManagerService$Lifecycle took to complete: 0ms
11-11 18:38:41.704  1414  2055 D SystemServerTimingAsync: ssm.onStartUser-10_com.android.server.textservices.TextServicesManagerService$Lifecycle
11-11 18:38:41.704  1414  2055 V SystemServerTimingAsync: ssm.onStartUser-10_com.android.server.textservices.TextServicesManagerService$Lifecycle took to complete: 0ms
11-11 18:38:41.704  1414  2055 D SystemServerTimingAsync: ssm.onStartUser-10_com.android.server.NetworkScoreService$Lifecycle
11-11 18:38:41.704  1414  2055 V SystemServerTimingAsync: ssm.onStartUser-10_com.android.server.NetworkScoreService$Lifecycle took to complete: 0ms
11-11 18:38:41.704  1414  2055 D SystemServerTimingAsync: ssm.onStartUser-10_com.android.server.NetworkStatsServiceInitializer
11-11 18:38:41.704  1414  2055 V SystemServerTimingAsync: ssm.onStartUser-10_com.android.server.NetworkStatsServiceInitializer took to complete: 0ms
11-11 18:38:41.704  1414  2055 D SystemServerTimingAsync: ssm.onStartUser-10_com.android.server.wifi.WifiService
11-11 18:38:41.704  1414  2055 V SystemServerTimingAsync: ssm.onStartUser-10_com.android.server.wifi.WifiService took to complete: 0ms
11-11 18:38:41.704  1414  2055 D SystemServerTimingAsync: ssm.onStartUser-10_com.android.server.wifi.scanner.WifiScanningService
11-11 18:38:41.704  1414  2055 V SystemServerTimingAsync: ssm.onStartUser-10_com.android.server.wifi.scanner.WifiScanningService took to complete: 0ms
11-11 18:38:41.704  1414  2055 D SystemServerTimingAsync: ssm.onStartUser-10_com.android.server.wifi.rtt.RttService
11-11 18:38:41.704  1414  2055 V SystemServerTimingAsync: ssm.onStartUser-10_com.android.server.wifi.rtt.RttService took to complete: 0ms
11-11 18:38:41.704  1414  2055 D SystemServerTimingAsync: ssm.onStartUser-10_com.android.server.wifi.aware.WifiAwareService
11-11 18:38:41.704  1414  2055 V SystemServerTimingAsync: ssm.onStartUser-10_com.android.server.wifi.aware.WifiAwareService took to complete: 0ms
11-11 18:38:41.704  1414  2055 D SystemServerTimingAsync: ssm.onStartUser-10_com.android.server.wifi.p2p.WifiP2pService
11-11 18:38:41.704  1414  2055 V SystemServerTimingAsync: ssm.onStartUser-10_com.android.server.wifi.p2p.WifiP2pService took to complete: 0ms
11-11 18:38:41.704  1414  2055 D SystemServerTimingAsync: ssm.onStartUser-10_com.android.server.ConnectivityServiceInitializer
11-11 18:38:41.704  1414  2055 V SystemServerTimingAsync: ssm.onStartUser-10_com.android.server.ConnectivityServiceInitializer took to complete: 0ms
11-11 18:38:41.704  1414  2055 D SystemServerTimingAsync: ssm.onStartUser-10_com.android.server.notification.NotificationManagerService
11-11 18:38:41.704  1414  2055 V SystemServerTimingAsync: ssm.onStartUser-10_com.android.server.notification.NotificationManagerService took to complete: 0ms
11-11 18:38:41.704  1414  2055 D SystemServerTimingAsync: ssm.onStartUser-10_com.android.server.storage.DeviceStorageMonitorService
11-11 18:38:41.704  1414  2055 V SystemServerTimingAsync: ssm.onStartUser-10_com.android.server.storage.DeviceStorageMonitorService took to complete: 0ms
11-11 18:38:41.704  1414  2055 D SystemServerTimingAsync: ssm.onStartUser-10_com.android.server.timedetector.TimeDetectorService$Lifecycle
11-11 18:38:41.704  1414  2055 V SystemServerTimingAsync: ssm.onStartUser-10_com.android.server.timedetector.TimeDetectorService$Lifecycle took to complete: 0ms
11-11 18:38:41.704  1414  2055 D SystemServerTimingAsync: ssm.onStartUser-10_com.android.server.location.LocationManagerService$Lifecycle
11-11 18:38:41.705  1414  1414 D CompatibilityChangeReporter: Compat change id reported: 194480991; UID 1001000; state: ENABLED
11-11 18:38:41.705  1414  2056 V SystemServerTimingAsync: ssm.onStartUser-10_com.android.server.devicepolicy.DevicePolicyManagerService$Lifecycle took to complete: 6ms
11-11 18:38:41.705  1414  2056 D SystemServerTimingAsync: ssm.onStartUser-10_com.android.server.timezonedetector.TimeZoneDetectorService$Lifecycle
11-11 18:38:41.705  1414  2056 V SystemServerTimingAsync: ssm.onStartUser-10_com.android.server.timezonedetector.TimeZoneDetectorService$Lifecycle took to complete: 0ms
11-11 18:38:41.705  1414  2056 D SystemServerTimingAsync: ssm.onStartUser-10_com.android.server.location.altitude.AltitudeService$Lifecycle
11-11 18:38:41.705  1414  2056 V SystemServerTimingAsync: ssm.onStartUser-10_com.android.server.location.altitude.AltitudeService$Lifecycle took to complete: 1ms
11-11 18:38:41.705  1414  2056 D SystemServerTimingAsync: ssm.onStartUser-10_com.android.server.timezonedetector.location.LocationTimeZoneManagerService$Lifecycle
11-11 18:38:41.705  1414  2056 V SystemServerTimingAsync: ssm.onStartUser-10_com.android.server.timezonedetector.location.LocationTimeZoneManagerService$Lifecycle took to complete: 0ms
11-11 18:38:41.705  1414  2056 D SystemServerTimingAsync: ssm.onStartUser-10_com.android.server.search.SearchManagerService$Lifecycle
11-11 18:38:41.705  1414  2056 V SystemServerTimingAsync: ssm.onStartUser-10_com.android.server.search.SearchManagerService$Lifecycle took to complete: 0ms
11-11 18:38:41.705  1414  2056 D SystemServerTimingAsync: ssm.onStartUser-10_com.android.server.wallpapereffectsgeneration.WallpaperEffectsGenerationManagerService
11-11 18:38:41.705  1414  2056 V SystemServerTimingAsync: ssm.onStartUser-10_com.android.server.wallpapereffectsgeneration.WallpaperEffectsGenerationManagerService took to complete: 0ms
11-11 18:38:41.705  1414  2056 D SystemServerTimingAsync: ssm.onStartUser-10_com.android.server.audio.AudioService$Lifecycle
11-11 18:38:41.705  1414  2056 V SystemServerTimingAsync: ssm.onStartUser-10_com.android.server.audio.AudioService$Lifecycle took to complete: 0ms
11-11 18:38:41.705  1414  2056 D SystemServerTimingAsync: ssm.onStartUser-10_com.android.server.soundtrigger_middleware.SoundTriggerMiddlewareService$Lifecycle
11-11 18:38:41.705  1414  2056 V SystemServerTimingAsync: ssm.onStartUser-10_com.android.server.soundtrigger_middleware.SoundTriggerMiddlewareService$Lifecycle took to complete: 0ms
11-11 18:38:41.705  1414  2056 D SystemServerTimingAsync: ssm.onStartUser-10_com.android.server.broadcastradio.BroadcastRadioService
11-11 18:38:41.705  1414  2056 V SystemServerTimingAsync: ssm.onStartUser-10_com.android.server.broadcastradio.BroadcastRadioService took to complete: 0ms
11-11 18:38:41.705  1414  2055 V SystemServerTimingAsync: ssm.onStartUser-10_com.android.server.location.LocationManagerService$Lifecycle took to complete: 1ms
11-11 18:38:41.705  1414  2056 D SystemServerTimingAsync: ssm.onStartUser-10_com.android.server.DockObserver
11-11 18:38:41.705  1414  2055 D SystemServerTimingAsync: ssm.onStartUser-10_com.android.server.midi.MidiService$Lifecycle
11-11 18:38:41.705  1414  2056 V SystemServerTimingAsync: ssm.onStartUser-10_com.android.server.DockObserver took to complete: 0ms
11-11 18:38:41.705  1414  2055 V SystemServerTimingAsync: ssm.onStartUser-10_com.android.server.midi.MidiService$Lifecycle took to complete: 0ms
11-11 18:38:41.705  1414  2056 D SystemServerTimingAsync: ssm.onStartUser-10_com.android.server.adb.AdbService$Lifecycle
11-11 18:38:41.705  1414  2055 D SystemServerTimingAsync: ssm.onStartUser-10_com.android.server.usb.UsbService$Lifecycle
11-11 18:38:41.705  1414  2056 V SystemServerTimingAsync: ssm.onStartUser-10_com.android.server.adb.AdbService$Lifecycle took to complete: 0ms
11-11 18:38:41.705  1414  2055 V SystemServerTimingAsync: ssm.onStartUser-10_com.android.server.usb.UsbService$Lifecycle took to complete: 0ms
11-11 18:38:41.705  1414  2056 D SystemServerTimingAsync: ssm.onStartUser-10_com.android.server.twilight.TwilightService
11-11 18:38:41.705  1414  2055 D SystemServerTimingAsync: ssm.onStartUser-10_com.android.server.display.color.ColorDisplayService
11-11 18:38:41.705  1414  2056 V SystemServerTimingAsync: ssm.onStartUser-10_com.android.server.twilight.TwilightService took to complete: 0ms
11-11 18:38:41.705  1414  2055 V SystemServerTimingAsync: ssm.onStartUser-10_com.android.server.display.color.ColorDisplayService took to complete: 0ms
11-11 18:38:41.705  1414  2056 D SystemServerTimingAsync: ssm.onStartUser-10_com.android.server.job.JobSchedulerService
11-11 18:38:41.705  1414  2055 D SystemServerTimingAsync: ssm.onStartUser-10_com.android.server.soundtrigger.SoundTriggerService
11-11 18:38:41.705  1414  2055 V SystemServerTimingAsync: ssm.onStartUser-10_com.android.server.soundtrigger.SoundTriggerService took to complete: 0ms
11-11 18:38:41.705  1414  2056 V SystemServerTimingAsync: ssm.onStartUser-10_com.android.server.job.JobSchedulerService took to complete: 0ms
11-11 18:38:41.705  1414  2055 D SystemServerTimingAsync: ssm.onStartUser-10_com.android.server.trust.TrustManagerService
11-11 18:38:41.705  1414  2056 D SystemServerTimingAsync: ssm.onStartUser-10_com.android.server.appwidget.AppWidgetService
11-11 18:38:41.705  1414  2056 V SystemServerTimingAsync: ssm.onStartUser-10_com.android.server.appwidget.AppWidgetService took to complete: 0ms
11-11 18:38:41.705  1414  2055 V SystemServerTimingAsync: ssm.onStartUser-10_com.android.server.trust.TrustManagerService took to complete: 0ms
11-11 18:38:41.705  1414  2056 D SystemServerTimingAsync: ssm.onStartUser-10_com.android.server.voiceinteraction.VoiceInteractionManagerService
11-11 18:38:41.706  1414  2055 D SystemServerTimingAsync: ssm.onStartUser-10_com.android.server.GestureLauncherService
11-11 18:38:41.706  1414  2055 V SystemServerTimingAsync: ssm.onStartUser-10_com.android.server.GestureLauncherService took to complete: 0ms
11-11 18:38:41.706  1414  2055 D SystemServerTimingAsync: ssm.onStartUser-10_com.android.server.SensorNotificationService
11-11 18:38:41.706  1414  2055 V SystemServerTimingAsync: ssm.onStartUser-10_com.android.server.SensorNotificationService took to complete: 0ms
11-11 18:38:41.706  1414  2055 D SystemServerTimingAsync: ssm.onStartUser-10_com.android.server.emergency.EmergencyAffordanceService
11-11 18:38:41.706  1414  2055 V SystemServerTimingAsync: ssm.onStartUser-10_com.android.server.emergency.EmergencyAffordanceService took to complete: 0ms
11-11 18:38:41.706  1414  2055 D SystemServerTimingAsync: ssm.onStartUser-10_com.android.server.blob.BlobStoreManagerService
11-11 18:38:41.706  1414  2055 V SystemServerTimingAsync: ssm.onStartUser-10_com.android.server.blob.BlobStoreManagerService took to complete: 0ms
11-11 18:38:41.706  1414  2055 D SystemServerTimingAsync: ssm.onStartUser-10_com.android.server.dreams.DreamManagerService
11-11 18:38:41.706  1414  2055 V SystemServerTimingAsync: ssm.onStartUser-10_com.android.server.dreams.DreamManagerService took to complete: 0ms
11-11 18:38:41.706  1414  2055 D SystemServerTimingAsync: ssm.onStartUser-10_com.android.server.security.AttestationVerificationManagerService
11-11 18:38:41.706  1414  2055 V SystemServerTimingAsync: ssm.onStartUser-10_com.android.server.security.AttestationVerificationManagerService took to complete: 0ms
11-11 18:38:41.706  1414  2055 D SystemServerTimingAsync: ssm.onStartUser-10_com.android.server.companion.CompanionDeviceManagerService
11-11 18:38:41.706  1414  2055 V SystemServerTimingAsync: ssm.onStartUser-10_com.android.server.companion.CompanionDeviceManagerService took to complete: 0ms
11-11 18:38:41.706  1414  2055 D SystemServerTimingAsync: ssm.onStartUser-10_com.android.server.companion.virtual.VirtualDeviceManagerService
11-11 18:38:41.706  1414  2055 V SystemServerTimingAsync: ssm.onStartUser-10_com.android.server.companion.virtual.VirtualDeviceManagerService took to complete: 0ms
11-11 18:38:41.706  1414  2055 D SystemServerTimingAsync: ssm.onStartUser-10_com.android.server.restrictions.RestrictionsManagerService
11-11 18:38:41.706  1414  2055 V SystemServerTimingAsync: ssm.onStartUser-10_com.android.server.restrictions.RestrictionsManagerService took to complete: 0ms
11-11 18:38:41.706  1414  2055 D SystemServerTimingAsync: ssm.onStartUser-10_com.android.server.media.MediaSessionService
11-11 18:38:41.706  1414  2055 V SystemServerTimingAsync: ssm.onStartUser-10_com.android.server.media.MediaSessionService took to complete: 1ms
11-11 18:38:41.706  1414  2055 D SystemServerTimingAsync: ssm.onStartUser-10_com.android.server.biometrics.BiometricService
11-11 18:38:41.706  1414  2055 V SystemServerTimingAsync: ssm.onStartUser-10_com.android.server.biometrics.BiometricService took to complete: 0ms
11-11 18:38:41.706  1414  2055 D SystemServerTimingAsync: ssm.onStartUser-10_com.android.server.biometrics.AuthService
11-11 18:38:41.706  1414  2055 V SystemServerTimingAsync: ssm.onStartUser-10_com.android.server.biometrics.AuthService took to complete: 0ms
11-11 18:38:41.706  1414  2055 D SystemServerTimingAsync: ssm.onStartUser-10_com.android.server.pm.ShortcutService$Lifecycle
11-11 18:38:41.706  1414  2055 V SystemServerTimingAsync: ssm.onStartUser-10_com.android.server.pm.ShortcutService$Lifecycle took to complete: 0ms
11-11 18:38:41.706  1414  2055 D SystemServerTimingAsync: ssm.onStartUser-10_com.android.server.pm.LauncherAppsService
11-11 18:38:41.706  1414  2055 V SystemServerTimingAsync: ssm.onStartUser-10_com.android.server.pm.LauncherAppsService took to complete: 0ms
11-11 18:38:41.706  1414  2055 D SystemServerTimingAsync: ssm.onStartUser-10_com.android.server.pm.CrossProfileAppsService
11-11 18:38:41.706  1414  2055 V SystemServerTimingAsync: ssm.onStartUser-10_com.android.server.pm.CrossProfileAppsService took to complete: 0ms
11-11 18:38:41.706  1414  2055 D SystemServerTimingAsync: ssm.onStartUser-10_com.android.server.people.PeopleService
11-11 18:38:41.706  1414  2055 V SystemServerTimingAsync: ssm.onStartUser-10_com.android.server.people.PeopleService took to complete: 0ms
11-11 18:38:41.706  1414  2055 D SystemServerTimingAsync: ssm.onStartUser-10_com.android.server.media.metrics.MediaMetricsManagerService
11-11 18:38:41.706  1414  2055 V SystemServerTimingAsync: ssm.onStartUser-10_com.android.server.media.metrics.MediaMetricsManagerService took to complete: 0ms
11-11 18:38:41.706  1414  2055 D SystemServerTimingAsync: ssm.onStartUser-10_com.android.server.pm.BackgroundInstallControlService
11-11 18:38:41.706  1414  2055 V SystemServerTimingAsync: ssm.onStartUser-10_com.android.server.pm.BackgroundInstallControlService took to complete: 0ms
11-11 18:38:41.706  1414  2055 D SystemServerTimingAsync: ssm.onStartUser-10_com.android.server.media.projection.MediaProjectionManagerService
11-11 18:38:41.706  1414  2055 V SystemServerTimingAsync: ssm.onStartUser-10_com.android.server.media.projection.MediaProjectionManagerService took to complete: 0ms
11-11 18:38:41.706  1414  2055 D SystemServerTimingAsync: ssm.onStartUser-10_com.android.server.slice.SliceManagerService$Lifecycle
11-11 18:38:41.706  1414  2055 V SystemServerTimingAsync: ssm.onStartUser-10_com.android.server.slice.SliceManagerService$Lifecycle took to complete: 0ms
11-11 18:38:41.706  1414  2055 D SystemServerTimingAsync: ssm.onStartUser-10_com.android.server.stats.StatsCompanion$Lifecycle
11-11 18:38:41.706  1414  2055 V SystemServerTimingAsync: ssm.onStartUser-10_com.android.server.stats.StatsCompanion$Lifecycle took to complete: 0ms
11-11 18:38:41.706  1414  2055 D SystemServerTimingAsync: ssm.onStartUser-10_com.android.server.scheduling.RebootReadinessManagerService$Lifecycle
11-11 18:38:41.706  1414  2055 V SystemServerTimingAsync: ssm.onStartUser-10_com.android.server.scheduling.RebootReadinessManagerService$Lifecycle took to complete: 0ms
11-11 18:38:41.706  1414  2055 D SystemServerTimingAsync: ssm.onStartUser-10_com.android.server.stats.pull.StatsPullAtomService
11-11 18:38:41.706  1414  2055 V SystemServerTimingAsync: ssm.onStartUser-10_com.android.server.stats.pull.StatsPullAtomService took to complete: 0ms
11-11 18:38:41.706  1414  2055 D SystemServerTimingAsync: ssm.onStartUser-10_com.android.server.stats.bootstrap.StatsBootstrapAtomService$Lifecycle
11-11 18:38:41.706  1414  2055 V SystemServerTimingAsync: ssm.onStartUser-10_com.android.server.stats.bootstrap.StatsBootstrapAtomService$Lifecycle took to complete: 0ms
11-11 18:38:41.706  1414  2055 D SystemServerTimingAsync: ssm.onStartUser-10_com.android.server.incident.IncidentCompanionService
11-11 18:38:41.706  1414  2055 V SystemServerTimingAsync: ssm.onStartUser-10_com.android.server.incident.IncidentCompanionService took to complete: 0ms
11-11 18:38:41.706  1414  2055 D SystemServerTimingAsync: ssm.onStartUser-10_com.android.server.sdksandbox.SdkSandboxManagerService$Lifecycle
11-11 18:38:41.706  1414  2055 V SystemServerTimingAsync: ssm.onStartUser-10_com.android.server.sdksandbox.SdkSandboxManagerService$Lifecycle took to complete: 0ms
11-11 18:38:41.707  1414  2055 D SystemServerTimingAsync: ssm.onStartUser-10_com.android.server.adservices.AdServicesManagerService$Lifecycle
11-11 18:38:41.707  1414  2055 V SystemServerTimingAsync: ssm.onStartUser-10_com.android.server.adservices.AdServicesManagerService$Lifecycle took to complete: 0ms
11-11 18:38:41.707  1414  2055 D SystemServerTimingAsync: ssm.onStartUser-10_com.android.server.ondevicepersonalization.OnDevicePersonalizationSystemService$Lifecycle
11-11 18:38:41.707  1414  2055 V SystemServerTimingAsync: ssm.onStartUser-10_com.android.server.ondevicepersonalization.OnDevicePersonalizationSystemService$Lifecycle took to complete: 0ms
11-11 18:38:41.707  1414  2055 D SystemServerTimingAsync: ssm.onStartUser-10_com.android.server.MmsServiceBroker
11-11 18:38:41.707  1414  2055 V SystemServerTimingAsync: ssm.onStartUser-10_com.android.server.MmsServiceBroker took to complete: 0ms
11-11 18:38:41.707  1414  2055 D SystemServerTimingAsync: ssm.onStartUser-10_com.android.server.selectiontoolbar.SelectionToolbarManagerService
11-11 18:38:41.707  1414  2055 V SystemServerTimingAsync: ssm.onStartUser-10_com.android.server.selectiontoolbar.SelectionToolbarManagerService took to complete: 0ms
11-11 18:38:41.707  1414  2055 D SystemServerTimingAsync: ssm.onStartUser-10_com.android.server.clipboard.ClipboardService
11-11 18:38:41.707  1414  2055 V SystemServerTimingAsync: ssm.onStartUser-10_com.android.server.clipboard.ClipboardService took to complete: 0ms
11-11 18:38:41.707  1414  2055 D SystemServerTimingAsync: ssm.onStartUser-10_com.android.server.appbinding.AppBindingService$Lifecycle
11-11 18:38:41.707  1414  2055 V SystemServerTimingAsync: ssm.onStartUser-10_com.android.server.appbinding.AppBindingService$Lifecycle took to complete: 1ms
11-11 18:38:41.707  1414  2055 D SystemServerTimingAsync: ssm.onStartUser-10_com.android.server.tracing.TracingServiceProxy
11-11 18:38:41.707  1414  2055 V SystemServerTimingAsync: ssm.onStartUser-10_com.android.server.tracing.TracingServiceProxy took to complete: 0ms
11-11 18:38:41.707  1414  2055 D SystemServerTimingAsync: ssm.onStartUser-10_com.android.server.policy.PermissionPolicyService
11-11 18:38:41.707  1414  2055 D SystemServerTiming: Permission_grant_default_permissions-10
11-11 18:38:41.707  1414  2054 V StorageManagerService: Package com.android.cts.priv.ctsshim does not have legacy storage
11-11 18:38:41.707  1414  2055 V SystemServerTiming: Permission_grant_default_permissions-10 took to complete: 0ms
11-11 18:38:41.707  1414  2055 D SystemServerTiming: Permission_synchronize_permissions-10
11-11 18:38:41.707  1414  2054 V StorageManagerService: Package com.qualcomm.qti.qcolor does not have legacy storage
11-11 18:38:41.707  1414  2054 V StorageManagerService: Package com.android.uwb.resources does not have legacy storage
11-11 18:38:41.707  1414  2054 V StorageManagerService: Package com.android.internal.display.cutout.emulation.corner does not have legacy storage
11-11 18:38:41.707  1414  2054 V StorageManagerService: Package com.android.adservices.api does not have legacy storage
11-11 18:38:41.707  1414  2054 V StorageManagerService: Package com.android.internal.display.cutout.emulation.double does not have legacy storage
11-11 18:38:41.707  1414  2054 V StorageManagerService: Package com.android.providers.telephony does not have legacy storage
11-11 18:38:41.707  1414  2054 V StorageManagerService: Package com.android.dynsystem has legacy storage
11-11 18:38:41.708  1414  2054 V StorageManagerService: Package android.car.cluster does not have legacy storage
11-11 18:38:41.708  1414  2054 V StorageManagerService: Package com.android.healthconnect.controller does not have legacy storage
11-11 18:38:41.708  1414  2054 V StorageManagerService: Package com.google.android.car.kitchensink does not have legacy storage
11-11 18:38:41.708  1414  2056 W VoiceInteractionManager: no available voice recognition services found for user 10
11-11 18:38:41.708  1414  2054 V StorageManagerService: Package com.android.providers.media does not have legacy storage
11-11 18:38:41.708  1414  2056 V SystemServerTimingAsync: ssm.onStartUser-10_com.android.server.voiceinteraction.VoiceInteractionManagerService took to complete: 3ms
11-11 18:38:41.708  1414  2054 V StorageManagerService: Package com.qti.service.colorservice does not have legacy storage
11-11 18:38:41.708  1414  2056 D SystemServerTimingAsync: ssm.onStartUser-10_com.android.server.pm.StagingManager$Lifecycle
11-11 18:38:41.708  1414  2056 V SystemServerTimingAsync: ssm.onStartUser-10_com.android.server.pm.StagingManager$Lifecycle took to complete: 0ms
11-11 18:38:41.708  1414  2054 V StorageManagerService: Package com.android.health.connect.backuprestore does not have legacy storage
11-11 18:38:41.708  1414  2054 V StorageManagerService: Package com.android.internal.systemui.navbar.gestural_wide_back does not have legacy storage
11-11 18:38:41.708  1414  2056 D SystemServerTimingAsync: ssm.onStartUser-10_com.android.server.app.GameManagerService$Lifecycle
11-11 18:38:41.708  1414  2054 V StorageManagerService: Package com.qualcomm.qti.xrwifi does not have legacy storage
11-11 18:38:41.708  1414  2056 D GameManagerService: Starting user 10
11-11 18:38:41.708  1414  2054 V StorageManagerService: Package com.qualcomm.qti.server.qtiwifi does not have legacy storage
11-11 18:38:41.708  1414  2054 V StorageManagerService: Package com.android.virtualmachine.res does not have legacy storage
11-11 18:38:41.708  1414  2054 V StorageManagerService: Package com.qualcomm.qti.simcontacts does not have legacy storage
11-11 18:38:41.708  1414  2054 V StorageManagerService: Package com.qualcomm.qti.modemtestmode does not have legacy storage
11-11 18:38:41.709  1414  2055 D SystemServerTiming: Permission_synchronize_addPackages-10
11-11 18:38:41.709  1414  2054 V StorageManagerService: Package com.android.car.media does not have legacy storage
11-11 18:38:41.709  1414  2054 V StorageManagerService: Package com.android.car.radio does not have legacy storage
11-11 18:38:41.709  1414  2054 V StorageManagerService: Package org.codeaurora.dialer does not have legacy storage
11-11 18:38:41.709  1414  2054 V StorageManagerService: Package com.android.documentsui does not have legacy storage
11-11 18:38:41.709  1414  2054 V StorageManagerService: Package com.android.externalstorage does not have legacy storage
11-11 18:38:41.709  1414  2054 V StorageManagerService: Package com.qualcomm.uimremoteclient does not have legacy storage
11-11 18:38:41.709  1414  2054 V StorageManagerService: Package com.android.htmlviewer does not have legacy storage
11-11 18:38:41.709  1414  2054 V StorageManagerService: Package com.android.companiondevicemanager does not have legacy storage
11-11 18:38:41.709  1414  2054 V StorageManagerService: Package com.android.mms.service does not have legacy storage
11-11 18:38:41.709  1414  2054 V StorageManagerService: Package com.android.car.activityresolver does not have legacy storage
11-11 18:38:41.709  1414  2054 V StorageManagerService: Package com.qualcomm.qti.qms.service.connectionsecurity does not have legacy storage
11-11 18:38:41.709  1414  2056 V SystemServerTimingAsync: ssm.onStartUser-10_com.android.server.app.GameManagerService$Lifecycle took to complete: 1ms
11-11 18:38:41.709  1414  2056 D SystemServerTimingAsync: ssm.onStartUser-10_com.android.safetycenter.SafetyCenterService
11-11 18:38:41.709  1414  2056 V SystemServerTimingAsync: ssm.onStartUser-10_com.android.safetycenter.SafetyCenterService took to complete: 0ms
11-11 18:38:41.709  1414  2056 D SystemServerTimingAsync: ssm.onStartUser-10_com.android.server.appsearch.AppSearchModule$Lifecycle
11-11 18:38:41.709  1414  2056 V SystemServerTimingAsync: ssm.onStartUser-10_com.android.server.appsearch.AppSearchModule$Lifecycle took to complete: 0ms
11-11 18:38:41.709  1414  2056 D SystemServerTimingAsync: ssm.onStartUser-10_com.android.server.media.MediaCommunicationService
11-11 18:38:41.710  1414  2056 V SystemServerTimingAsync: ssm.onStartUser-10_com.android.server.media.MediaCommunicationService took to complete: 0ms
11-11 18:38:41.710  1414  2056 D SystemServerTimingAsync: ssm.onStartUser-10_com.android.server.compat.overrides.AppCompatOverridesService$Lifecycle
11-11 18:38:41.710  1414  2056 V SystemServerTimingAsync: ssm.onStartUser-10_com.android.server.compat.overrides.AppCompatOverridesService$Lifecycle took to complete: 0ms
11-11 18:38:41.710  1414  2056 D SystemServerTimingAsync: ssm.onStartUser-10_com.android.server.healthconnect.HealthConnectManagerService
11-11 18:38:41.710  1414  2056 V SystemServerTimingAsync: ssm.onStartUser-10_com.android.server.healthconnect.HealthConnectManagerService took to complete: 0ms
11-11 18:38:41.710  1414  2056 D SystemServerTimingAsync: ssm.onStartUser-10_com.android.server.devicelock.DeviceLockService
11-11 18:38:41.710  1414  2056 V SystemServerTimingAsync: ssm.onStartUser-10_com.android.server.devicelock.DeviceLockService took to complete: 0ms
11-11 18:38:41.710  1414  2056 D SystemServerTimingAsync: ssm.onStartUser-10_com.android.internal.car.CarServiceHelperService
11-11 18:38:41.710  1414  2056 D CarServiceHelper: onUserStarting(10)
11-11 18:38:41.710  1414  2056 V SystemServerTimingAsync: ssm.onStartUser-10_com.android.internal.car.CarServiceHelperService took to complete: 1ms
11-11 18:38:41.710  1821  2051 D ICarImpl: onUserLifecycleEvent(STARTING, 10)
11-11 18:38:41.710  1414  2054 V StorageManagerService: Package com.android.providers.downloads does not have legacy storage
11-11 18:38:41.711  1414  1414 I ActivityTaskManager: Loaded persisted task ids for user 10
11-11 18:38:41.711  1821  1949 V CarUserService: notify-listener-com.android.car.user.InternalLifecycleListener@3e7e681 took to complete: 0ms
11-11 18:38:41.711  1821  1949 V CarUserService: notify-listeners-user-10-event-1 took to complete: 0ms
11-11 18:38:41.711  1414  2054 V StorageManagerService: Package com.android.federatedcompute.services does not have legacy storage
11-11 18:38:41.711  1414  2054 V StorageManagerService: Package vendor.qti.hardware.cacert.server does not have legacy storage
11-11 18:38:41.711  1414  2054 V StorageManagerService: Package com.quicinc.voice.activation does not have legacy storage
11-11 18:38:41.711  1414  2054 V StorageManagerService: Package com.qualcomm.qti.telephonyservice does not have legacy storage
11-11 18:38:41.711  1414  2054 V StorageManagerService: Package com.android.car.updatable.overlay.common does not have legacy storage
11-11 18:38:41.711  1414  2054 V StorageManagerService: Package com.qualcomm.qti.performancemode does not have legacy storage
11-11 18:38:41.711  1414  2054 V StorageManagerService: Package org.codeaurora.bluetooth.bttestapp does not have legacy storage
11-11 18:38:41.711  1414  2054 V StorageManagerService: Package com.qualcomm.qti.ridemodeaudio does not have legacy storage
11-11 18:38:41.711  1414  2054 V StorageManagerService: Package vendor.qti.iwlan does not have legacy storage
11-11 18:38:41.711  1414  2054 V StorageManagerService: Package com.qualcomm.qti.optinoverlay does not have legacy storage
11-11 18:38:41.711  1414  2054 V StorageManagerService: Package com.android.car.provision does not have legacy storage
11-11 18:38:41.711  1414  2054 V StorageManagerService: Package com.android.soundrecorder does not have legacy storage
11-11 18:38:41.711  1414  2054 V StorageManagerService: Package com.qualcomm.uimremoteserver does not have legacy storage
11-11 18:38:41.711  1414  2054 V StorageManagerService: Package com.qti.confuridialer does not have legacy storage
11-11 18:38:41.712  1414  2054 V StorageManagerService: Package android.qvaoverlay.common does not have legacy storage
11-11 18:38:41.712  1414  2054 V StorageManagerService: Package com.android.safetycenter.resources does not have legacy storage
11-11 18:38:41.712  1414  2054 V StorageManagerService: Package com.android.providers.downloads.ui does not have legacy storage
11-11 18:38:41.712  1414  2054 V StorageManagerService: Package com.android.pacprocessor does not have legacy storage
11-11 18:38:41.712  1414  2054 V StorageManagerService: Package com.android.simappdialog does not have legacy storage
11-11 18:38:41.712  1414  2054 V StorageManagerService: Package com.android.networkstack does not have legacy storage
11-11 18:38:41.712  1414  2054 V StorageManagerService: Package android.overlay.common does not have legacy storage
11-11 18:38:41.712  1414  2054 V StorageManagerService: Package com.android.connectivity.resources does not have legacy storage
11-11 18:38:41.712  1414  2054 V StorageManagerService: Package com.android.internal.display.cutout.emulation.hole does not have legacy storage
11-11 18:38:41.713  1414  2054 V StorageManagerService: Package com.android.internal.display.cutout.emulation.tall does not have legacy storage
11-11 18:38:41.713  1414  2054 V StorageManagerService: Package com.android.modulemetadata does not have legacy storage
11-11 18:38:41.713  1414  2054 V StorageManagerService: Package com.android.certinstaller does not have legacy storage
11-11 18:38:41.713  1414  2054 V StorageManagerService: Package com.android.carrierconfig does not have legacy storage
11-11 18:38:41.713  1414  2054 V StorageManagerService: Package com.android.internal.systemui.navbar.threebutton does not have legacy storage
11-11 18:38:41.713  1414  2054 V StorageManagerService: Package com.android.car.custominput.sample does not have legacy storage
11-11 18:38:41.713  1414  2054 V StorageManagerService: Package com.qti.qualcomm.datastatusnotification does not have legacy storage
11-11 18:38:41.713  1414  2054 V StorageManagerService: Package com.android.wifi.dialog does not have legacy storage
11-11 18:38:41.713  1414  2054 V StorageManagerService: Package android has legacy storage
11-11 18:38:41.713  1414  2054 V StorageManagerService: Package com.qualcomm.qti.callfeaturessetting does not have legacy storage
11-11 18:38:41.713  1414  2054 V StorageManagerService: Package com.qualcomm.wfd.service does not have legacy storage
11-11 18:38:41.713  1414  2054 V StorageManagerService: Package com.android.car.systemupdater does not have legacy storage
11-11 18:38:41.714  1414  2054 V StorageManagerService: Package com.qualcomm.qtil.aptxacu does not have legacy storage
11-11 18:38:41.715  1414  1586 W CameraService_proxy: Could not notify cameraserver, camera service not available.
11-11 18:38:41.715  1414  1586 I CameraService_proxy: Could not notify camera service of user switch, retrying...
11-11 18:38:41.718  1414  2054 V StorageManagerService: Package com.qualcomm.qtil.aptxals does not have legacy storage
11-11 18:38:41.718  1414  2054 V StorageManagerService: Package com.google.android.car.networking.railway does not have legacy storage
11-11 18:38:41.718  1414  2054 V StorageManagerService: Package com.google.android.car.garagemode.testapp has legacy storage
11-11 18:38:41.719  1414  2054 V StorageManagerService: Package com.example.database does not have legacy storage
11-11 18:38:41.720  1414  2054 V StorageManagerService: Package com.qti.qualcomm.deviceinfo does not have legacy storage
11-11 18:38:41.721  1414  2054 V StorageManagerService: Package com.qti.msdc_ui does not have legacy storage
11-11 18:38:41.721  1414  2054 V StorageManagerService: Package com.qualcomm.dualbluetooth does not have legacy storage
11-11 18:38:41.721  1414  2054 V StorageManagerService: Package com.android.car has legacy storage
11-11 18:38:41.721  1414  2054 V StorageManagerService: Package com.android.egg does not have legacy storage
11-11 18:38:41.722  1414  2057 W ContextImpl: Calling a method in the system process without a qualified user: android.app.ContextImpl.bindService:1988 android.content.ContextWrapper.bindService:861 com.qualcomm.qti.activityextension.ActivityNotifier.bindToDynamicDDSService:103 com.qualcomm.qti.activityextension.ActivityNotifier.handleSendActivityInvokeNotification:184 com.qualcomm.qti.activityextension.ActivityNotifier.access$300:26 
11-11 18:38:41.722  1414  2054 V StorageManagerService: Package com.android.mms does not have legacy storage
11-11 18:38:41.722  1414  1414 I ActivityTaskManager: START u10 {act=android.intent.action.MAIN cat=[android.intent.category.HOME] flg=0x10000100 cmp=com.android.car.settings/.FallbackHome (has extras)} with LAUNCH_MULTIPLE from uid 0 (BAL_ALLOW_ALLOWLISTED_UID) result code=0
11-11 18:38:41.722  1414  2054 V StorageManagerService: Package com.android.mtp does not have legacy storage
11-11 18:38:41.722  1414  2054 V StorageManagerService: Package com.android.ons does not have legacy storage
11-11 18:38:41.722  1414  2054 V StorageManagerService: Package com.android.stk does not have legacy storage
11-11 18:38:41.722  1414  2054 V StorageManagerService: Package com.android.backupconfirm does not have legacy storage
11-11 18:38:41.722  1414  1414 V SystemServerTiming: moveUserToForeground took to complete: 75ms
11-11 18:38:41.722  1414  1414 D SystemServerTiming: sendRestartBroadcast
11-11 18:38:41.722  1414  2054 V StorageManagerService: Package vendor.qti.qesdk.sysservice has legacy storage
11-11 18:38:41.722  1414  2054 V StorageManagerService: Package org.codeaurora.ims does not have legacy storage
11-11 18:38:41.722  1414  2054 V StorageManagerService: Package com.android.statementservice does not have legacy storage
11-11 18:38:41.723  1414  2054 V StorageManagerService: Package com.android.car.developeroptions has legacy storage
11-11 18:38:41.723  1414  1414 V SystemServerTiming: sendRestartBroadcast took to complete: 0ms
11-11 18:38:41.723  1414  1463 I ActivityTaskManager: Config changes=80000000 {1.0 ?mcc0mnc [en_US] ldltr sw720dp w720dp h1280dp 160dpi xlrg long port car finger -keyb/h/h -nav/h winConfig={ mBounds=Rect(0, 0 - 720, 1280) mAppBounds=Rect(0, 0 - 720, 1280) mMaxBounds=Rect(0, 0 - 720, 1280) mDisplayRotation=ROTATION_0 mWindowingMode=fullscreen mDisplayWindowingMode=fullscreen mActivityType=undefined mAlwaysOnTop=undefined mRotation=ROTATION_0} as.2 s.16 fontWeightAdjustment=0}
11-11 18:38:41.723  1414  2054 V StorageManagerService: Package android.overlay.target does not have legacy storage
11-11 18:38:41.723  1414  1414 V SystemServerTiming: UserController.startUser-10-fg-start-mode-1 took to complete: 461ms
11-11 18:38:41.723  1414  1414 V SystemServerTiming: switchToBootUser-10 took to complete: 461ms
11-11 18:38:41.723  1414  2054 V StorageManagerService: Package com.android.car.test.one.hotworddetectionservice does not have legacy storage
11-11 18:38:41.723  1414  1414 V SystemServerTiming: HsumBootUserInitializer.systemRunning took to complete: 756ms
11-11 18:38:41.723  1414  2054 V StorageManagerService: Package com.android.settings.intelligence does not have legacy storage
11-11 18:38:41.723  1414  1414 D SystemServerTiming: StartNetworkStack
11-11 18:38:41.723  1414  2054 V StorageManagerService: Package com.android.car.systemui.rro does not have legacy storage
11-11 18:38:41.723  1414  2054 V StorageManagerService: Package com.koushikdutta.vysor does not have legacy storage
11-11 18:38:41.723  1414  2054 V StorageManagerService: Package com.android.internal.systemui.navbar.gestural_extra_wide_back does not have legacy storage
11-11 18:38:41.723  1414  2054 V StorageManagerService: Package com.android.systemui.accessibility.accessibilitymenu does not have legacy storage
11-11 18:38:41.723  1414  2054 V StorageManagerService: Package com.android.car.settings has legacy storage
11-11 18:38:41.723  1414  2054 V StorageManagerService: Package com.qualcomm.qti.dynamicddsservice does not have legacy storage
11-11 18:38:41.723  1414  2054 V StorageManagerService: Package com.google.android.wifi.resources.overlay.common does not have legacy storage
11-11 18:38:41.723  1414  2054 V StorageManagerService: Package com.qualcomm.qti.xrvd.service has legacy storage
11-11 18:38:41.723  1414  2054 V StorageManagerService: Package com.qualcomm.qcrilmsgtunnel does not have legacy storage
11-11 18:38:41.724  1414  2054 V StorageManagerService: Package com.android.providers.settings has legacy storage
11-11 18:38:41.724  1414  2054 V StorageManagerService: Package com.android.sharedstoragebackup does not have legacy storage
11-11 18:38:41.724  1414  2054 V StorageManagerService: Package com.android.printspooler does not have legacy storage
11-11 18:38:41.724  1414  2054 V StorageManagerService: Package com.android.car.frameworkpackagestubs does not have legacy storage
11-11 18:38:41.724  1414  2054 V StorageManagerService: Package com.qualcomm.qti.services.systemhelper does not have legacy storage
11-11 18:38:41.724  1414  2054 V StorageManagerService: Package com.android.wifi.resources.overlay.common does not have legacy storage
11-11 18:38:41.724  1414  2054 V StorageManagerService: Package com.android.dreams.basic does not have legacy storage
11-11 18:38:41.725  1414  2054 V StorageManagerService: Package com.android.webview does not have legacy storage
11-11 18:38:41.725  1414  2054 V StorageManagerService: Package com.android.car.hidecameraapps does not have legacy storage
11-11 18:38:41.725  1414  2054 V StorageManagerService: Package com.android.se does not have legacy storage
11-11 18:38:41.725  1414  2054 V StorageManagerService: Package com.android.inputdevices has legacy storage
11-11 18:38:41.725  1414  2054 V StorageManagerService: Package com.android.rkpdapp does not have legacy storage
11-11 18:38:41.725  1414  2054 V StorageManagerService: Package com.qti.dpmserviceapp does not have legacy storage
11-11 18:38:41.725  1414  2054 V StorageManagerService: Package com.google.android.car.defaultstoragemonitoringcompanionapp does not have legacy storage
11-11 18:38:41.725  1414  2054 V StorageManagerService: Package com.qti.xdivert does not have legacy storage
11-11 18:38:41.725  1414  2054 V StorageManagerService: Package com.android.musicfx does not have legacy storage
11-11 18:38:41.725  1414  2054 V StorageManagerService: Package com.android.settings.overlay.common does not have legacy storage
11-11 18:38:41.725  1414  2054 V StorageManagerService: Package com.example.android.locationattribution does not have legacy storage
11-11 18:38:41.725  1414  2054 V StorageManagerService: Package android.ext.shared does not have legacy storage
11-11 18:38:41.725  1414  2054 V StorageManagerService: Package com.android.server.telecom has legacy storage
11-11 18:38:41.725  1414  2054 V StorageManagerService: Package com.google.android.car.networking.preferenceupdater has legacy storage
11-11 18:38:41.725  1414  2054 V StorageManagerService: Package com.qualcomm.qti.ramdumpcopyui does not have legacy storage
11-11 18:38:41.725  1414  2054 V StorageManagerService: Package com.android.keychain has legacy storage
11-11 18:38:41.725  1414  2054 V StorageManagerService: Package com.qti.snapdragon.qdcm_ff has legacy storage
11-11 18:38:41.725  1414  2054 V StorageManagerService: Package com.android.wifi.resources.overlay.target does not have legacy storage
11-11 18:38:41.725  1414  2054 V StorageManagerService: Package com.android.gallery3d has legacy storage
11-11 18:38:41.725  1414  2054 V StorageManagerService: Package android.ext.services does not have legacy storage
11-11 18:38:41.725  1414  2054 V StorageManagerService: Package com.android.wifi.resources does not have legacy storage
11-11 18:38:41.725  1414  2054 V StorageManagerService: Package com.android.phone.overlay.common does not have legacy storage
11-11 18:38:41.726  1414  2054 V StorageManagerService: Package com.android.carrierconfig.overlay.common does not have legacy storage
11-11 18:38:41.726  1414  2054 V StorageManagerService: Package com.android.systemui.overlay.common does not have legacy storage
11-11 18:38:41.726  1414  2054 V StorageManagerService: Package com.android.cameraextensions does not have legacy storage
11-11 18:38:41.726  1414  2054 V StorageManagerService: Package com.android.server.telecom.overlay.common does not have legacy storage
11-11 18:38:41.726  1414  2054 V StorageManagerService: Package com.android.localtransport has legacy storage
11-11 18:38:41.726  1414  2054 V StorageManagerService: Package org.codelinaro.bike.bikelauncher has legacy storage
11-11 18:38:41.726  1414  2054 V StorageManagerService: Package com.android.packageinstaller does not have legacy storage
11-11 18:38:41.726  1414  2054 V StorageManagerService: Package com.android.carrierdefaultapp does not have legacy storage
11-11 18:38:41.726  1414  1463 I WindowManager: Override config changes=80000000 {1.0 ?mcc0mnc [en_US] ldltr sw720dp w720dp h1280dp 160dpi xlrg long port car finger -keyb/h/h -nav/h winConfig={ mBounds=Rect(0, 0 - 720, 1280) mAppBounds=Rect(0, 0 - 720, 1280) mMaxBounds=Rect(0, 0 - 720, 1280) mDisplayRotation=ROTATION_0 mWindowingMode=fullscreen mDisplayWindowingMode=fullscreen mActivityType=undefined mAlwaysOnTop=undefined mRotation=ROTATION_0} as.2 s.16 fontWeightAdjustment=0} for displayId=0
11-11 18:38:41.726  1414  2054 V StorageManagerService: Package com.qualcomm.qti.powersavemode does not have legacy storage
11-11 18:38:41.726  1414  2054 V StorageManagerService: Package com.qualcomm.qti.remoteSimlockAuth does not have legacy storage
11-11 18:38:41.726  1414  2054 V StorageManagerService: Package com.android.credentialmanager does not have legacy storage
11-11 18:38:41.726  1414  2054 V StorageManagerService: Package com.qualcomm.qti.devicestatisticsservice does not have legacy storage
11-11 18:38:41.726  1414  2054 V StorageManagerService: Package com.android.theme.font.notoserifsource does not have legacy storage
11-11 18:38:41.726  1414  2054 V StorageManagerService: Package com.android.proxyhandler does not have legacy storage
11-11 18:38:41.726  1414  2054 V StorageManagerService: Package com.android.internal.display.cutout.emulation.waterfall does not have legacy storage
11-11 18:38:41.726  1414  2054 V StorageManagerService: Package com.android.intentresolver does not have legacy storage
11-11 18:38:41.726  1414  2054 V StorageManagerService: Package com.qualcomm.qti.workloadclassifier does not have legacy storage
11-11 18:38:41.726  1414  2054 V StorageManagerService: Package com.android.nearby.halfsheet does not have legacy storage
11-11 18:38:41.726  1414  2054 V StorageManagerService: Package com.android.inputmethod.latin does not have legacy storage
11-11 18:38:41.726  1414  2054 V StorageManagerService: Package com.android.internal.systemui.navbar.transparent does not have legacy storage
11-11 18:38:41.727  1414  2054 V StorageManagerService: Package android.car.usb.handler does not have legacy storage
11-11 18:38:41.727  1414  2054 V StorageManagerService: Package com.android.managedprovisioning does not have legacy storage
11-11 18:38:41.727  1414  2054 V StorageManagerService: Package com.android.networkstack.tethering does not have legacy storage
11-11 18:38:41.727  1414  2054 V StorageManagerService: Package com.android.soundpicker does not have legacy storage
11-11 18:38:41.727  1414  2054 V StorageManagerService: Package com.example.vehiclemqttservice does not have legacy storage
11-11 18:38:41.727  1414  2054 V StorageManagerService: Package com.android.car.bugreport does not have legacy storage
11-11 18:38:41.727  1414  2054 V StorageManagerService: Package com.qualcomm.qct.dlt does not have legacy storage
11-11 18:38:41.727  1414  2054 V StorageManagerService: Package com.android.smspush does not have legacy storage
11-11 18:38:41.727  1414  2054 V StorageManagerService: Package com.qualcomm.qti.dcf.client.service does not have legacy storage
11-11 18:38:41.727  1414  2054 V StorageManagerService: Package com.android.role.notes.enabled does not have legacy storage
11-11 18:38:41.727  1414  2054 V StorageManagerService: Package com.qualcomm.atfwd2 does not have legacy storage
11-11 18:38:41.727  1414  2054 V StorageManagerService: Package com.android.car.cartelemetryapp does not have legacy storage
11-11 18:38:41.727  1414  2054 V StorageManagerService: Package com.android.experimentalcar has legacy storage
11-11 18:38:41.727  1414  2054 V StorageManagerService: Package com.android.apps.tag does not have legacy storage
11-11 18:38:41.727  1414  2054 V StorageManagerService: Package com.android.imsserviceentitlement does not have legacy storage
11-11 18:38:41.727  1414  2054 V StorageManagerService: Package com.android.storagemanager does not have legacy storage
11-11 18:38:41.727  1414  2054 V StorageManagerService: Package com.quicinc.voiceassistant.reference does not have legacy storage
11-11 18:38:41.727  1414  2054 V StorageManagerService: Package my.tests.snapdragonsdktest does not have legacy storage
11-11 18:38:41.727  1414  2054 V StorageManagerService: Package com.qualcomm.qti.cne does not have legacy storage
11-11 18:38:41.727  1414  2054 V StorageManagerService: Package com.qualcomm.qti.ims does not have legacy storage
11-11 18:38:41.727  1414  2054 V StorageManagerService: Package com.qualcomm.qti.lpa does not have legacy storage
