09-15 11:35:40.829  1341  1341 D SystemServerTiming: OnBootPhase_600_com.android.server.oemlock.OemLockService
09-15 11:35:40.829  1341  1341 V SystemServerTiming: OnBootPhase_600_com.android.server.oemlock.OemLockService took to complete: 0ms
09-15 11:35:40.829  1341  1341 D SystemServerTiming: OnBootPhase_600_com.android.server.DeviceIdleController
09-15 11:35:40.829  1341  1341 V SystemServerTiming: OnBootPhase_600_com.android.server.DeviceIdleController took to complete: 0ms
09-15 11:35:40.829  1341  1341 D SystemServerTiming: OnBootPhase_600_com.android.server.devicepolicy.DevicePolicyManagerService$Lifecycle
09-15 11:35:40.829  1341  1341 V SystemServerTiming: OnBootPhase_600_com.android.server.devicepolicy.DevicePolicyManagerService$Lifecycle took to complete: 0ms
09-15 11:35:40.829  1341  1341 D SystemServerTiming: OnBootPhase_600_com.android.server.texttospeech.TextToSpeechManagerService
09-15 11:35:40.830  1341  1341 V SystemServerTiming: OnBootPhase_600_com.android.server.texttospeech.TextToSpeechManagerService took to complete: 0ms
09-15 11:35:40.830  1341  1341 D SystemServerTiming: OnBootPhase_600_com.android.server.ambientcontext.AmbientContextManagerService
09-15 11:35:40.830  1341  1341 V SystemServerTiming: OnBootPhase_600_com.android.server.ambientcontext.AmbientContextManagerService took to complete: 0ms
09-15 11:35:40.830  1341  1341 D SystemServerTiming: OnBootPhase_600_com.android.server.wearable.WearableSensingManagerService
09-15 11:35:40.830  1341  1341 V SystemServerTiming: OnBootPhase_600_com.android.server.wearable.WearableSensingManagerService took to complete: 0ms
09-15 11:35:40.830  1341  1341 D SystemServerTiming: OnBootPhase_600_com.android.server.speech.SpeechRecognitionManagerService
09-15 11:35:40.830  1341  1341 V SystemServerTiming: OnBootPhase_600_com.android.server.speech.SpeechRecognitionManagerService took to complete: 1ms
09-15 11:35:40.830  1341  1341 D SystemServerTiming: OnBootPhase_600_com.android.server.searchui.SearchUiManagerService
09-15 11:35:40.830  1341  1341 V SystemServerTiming: OnBootPhase_600_com.android.server.searchui.SearchUiManagerService took to complete: 0ms
09-15 11:35:40.830  1341  1341 D SystemServerTiming: OnBootPhase_600_com.android.server.smartspace.SmartspaceManagerService
09-15 11:35:40.830  1341  1341 V SystemServerTiming: OnBootPhase_600_com.android.server.smartspace.SmartspaceManagerService took to complete: 0ms
09-15 11:35:40.830  1341  1341 D SystemServerTiming: OnBootPhase_600_com.android.server.graphics.fonts.FontManagerService$Lifecycle
09-15 11:35:40.830  1341  1341 V SystemServerTiming: OnBootPhase_600_com.android.server.graphics.fonts.FontManagerService$Lifecycle took to complete: 0ms
09-15 11:35:40.830  1341  1341 D SystemServerTiming: OnBootPhase_600_com.android.server.textservices.TextServicesManagerService$Lifecycle
09-15 11:35:40.830  1341  1341 V SystemServerTiming: OnBootPhase_600_com.android.server.textservices.TextServicesManagerService$Lifecycle took to complete: 0ms
09-15 11:35:40.830  1341  1341 D SystemServerTiming: OnBootPhase_600_com.android.server.NetworkScoreService$Lifecycle
09-15 11:35:40.830  1341  1341 V SystemServerTiming: OnBootPhase_600_com.android.server.NetworkScoreService$Lifecycle took to complete: 0ms
09-15 11:35:40.830  1341  1341 D SystemServerTiming: OnBootPhase_600_com.android.server.NetworkStatsServiceInitializer
09-15 11:35:40.830  1341  1341 V SystemServerTiming: OnBootPhase_600_com.android.server.NetworkStatsServiceInitializer took to complete: 0ms
09-15 11:35:40.830  1341  1341 D SystemServerTiming: OnBootPhase_600_com.android.server.wifi.WifiService
09-15 11:35:40.830  1341  1341 V SystemServerTiming: OnBootPhase_600_com.android.server.wifi.WifiService took to complete: 0ms
09-15 11:35:40.830  1341  1341 D SystemServerTiming: OnBootPhase_600_com.android.server.wifi.scanner.WifiScanningService
09-15 11:35:40.830  1341  1341 V SystemServerTiming: OnBootPhase_600_com.android.server.wifi.scanner.WifiScanningService took to complete: 0ms
09-15 11:35:40.830  1341  1341 D SystemServerTiming: OnBootPhase_600_com.android.server.wifi.rtt.RttService
09-15 11:35:40.830  1341  1341 V SystemServerTiming: OnBootPhase_600_com.android.server.wifi.rtt.RttService took to complete: 0ms
09-15 11:35:40.830  1341  1341 D SystemServerTiming: OnBootPhase_600_com.android.server.wifi.aware.WifiAwareService
09-15 11:35:40.830  1341  1341 V SystemServerTiming: OnBootPhase_600_com.android.server.wifi.aware.WifiAwareService took to complete: 0ms
09-15 11:35:40.830  1341  1341 D SystemServerTiming: OnBootPhase_600_com.android.server.wifi.p2p.WifiP2pService
09-15 11:35:40.830  1341  1341 V SystemServerTiming: OnBootPhase_600_com.android.server.wifi.p2p.WifiP2pService took to complete: 0ms
09-15 11:35:40.830  1341  1341 D SystemServerTiming: OnBootPhase_600_com.android.server.ConnectivityServiceInitializer
09-15 11:35:40.831  1341  1403 W ActivityManager: Slow operation: 135ms so far, now at startProcess: returned from zygote!
09-15 11:35:40.831  1341  1403 W ActivityManager: Slow operation: 135ms so far, now at startProcess: done updating battery stats
09-15 11:35:40.831  1341  1403 W ActivityManager: Slow operation: 135ms so far, now at startProcess: building log message
09-15 11:35:40.831  1341  1403 I ActivityManager: Start proc 1756:com.android.car/1000 for service {com.android.car/com.android.car.CarService}
09-15 11:35:40.831  1341  1403 W ActivityManager: Slow operation: 135ms so far, now at startProcess: starting to update pids map
09-15 11:35:40.832  1341  1403 W ActivityManager: Slow operation: 135ms so far, now at startProcess: done updating pids map
09-15 11:35:40.833  1341  1341 V SystemServerTiming: OnBootPhase_600_com.android.server.ConnectivityServiceInitializer took to complete: 3ms
09-15 11:35:40.833  1341  1341 D SystemServerTiming: OnBootPhase_600_com.android.server.notification.NotificationManagerService
09-15 11:35:40.838  1341  1584 W BroadcastLoopers: Found previously unknown looper Thread[NetworkStats,5,main]
01-01 06:41:05.632     0     0 I binder  : 1740:1740 ioctl 40046210 ff9d6c50 returned -22
01-01 06:41:05.639     0     0 I binder  : 1748:1748 ioctl 40046210 7fd7d70190 returned -22
09-15 11:35:40.840  1341  1341 V SystemServerTiming: OnBootPhase_600_com.android.server.notification.NotificationManagerService took to complete: 7ms
09-15 11:35:40.840  1341  1341 D SystemServerTiming: OnBootPhase_600_com.android.server.storage.DeviceStorageMonitorService
09-15 11:35:40.840  1341  1341 V SystemServerTiming: OnBootPhase_600_com.android.server.storage.DeviceStorageMonitorService took to complete: 0ms
09-15 11:35:40.840  1341  1341 D SystemServerTiming: OnBootPhase_600_com.android.server.timedetector.TimeDetectorService$Lifecycle
09-15 11:35:40.840  1341  1341 V SystemServerTiming: OnBootPhase_600_com.android.server.timedetector.TimeDetectorService$Lifecycle took to complete: 0ms
09-15 11:35:40.840  1341  1341 D SystemServerTiming: OnBootPhase_600_com.android.server.location.LocationManagerService$Lifecycle
09-15 11:35:40.845  1341  1610 D GameManagerService: User ID '0' does not have a Game Mode selected for package: 'android'
09-15 11:35:40.845  1341  1610 D CompatibilityChangeReporter: Compat change id reported: 168419799; UID 1000; state: DISABLED
09-15 11:35:40.845  1341  1610 D CompatibilityChangeReporter: Compat change id reported: 273564678; UID 1000; state: DISABLED
09-15 11:35:40.848  1341  1360 D GameManagerService: User ID '0' does not have a Game Mode selected for package: 'android'
01-01 06:41:05.656     0     0 I msm_vidc: high: 00000001: ....d: Opening video instance: 00000000ca464241, 1
01-01 06:41:05.662     0     0 I msm_vidc: high: 00000001:  vp9d: Closed video instance: 00000000ca464241
09-15 11:35:40.874  1341  1610 W PackageManager: Invalid dex load report. loadingPackageName=null, uid=1037
01-01 06:41:05.674     0     0 I binder  : 1756:1756 ioctl 40046210 7fd7d70190 returned -22
09-15 11:35:40.884  1341  1610 D GameManagerService: User ID '0' does not have a Game Mode selected for package: 'com.android.car'
09-15 11:35:40.884  1341  1610 D CompatibilityChangeReporter: Compat change id reported: 168419799; UID 1000; state: DISABLED
09-15 11:35:40.885  1341  1610 D CompatibilityChangeReporter: Compat change id reported: 273564678; UID 1000; state: DISABLED
01-01 06:41:05.689     0     0 I msm_vidc: high: 00000001: ....e: Opening video instance: 00000000ec053a8a, 0
01-01 06:41:05.690     0     0 I msm_vidc: err : 00000001: ....e: Unsupported WxH (320)x(240), max supported is (0)x(0)
01-01 06:41:05.690     0     0 I msm_vidc: err : 00000001: ....e: msm_vidc_check_session_supported: Resolution unsupported
01-01 06:41:05.690     0     0 I msm_vidc: err : 00000001: ....e: msm_venc_s_fmt: session not supported
01-01 06:41:05.690     0     0 I msm_vidc: err : 00000001: ....e: msm_vidc_comm_update_ctrl: failed: control name Video B Frames, min 0, max 0, step 0, default_value 0
01-01 06:41:05.700     0     0 I msm_vidc: high: 00000001: h264e: Closed video instance: 00000000ec053a8a
09-15 11:35:40.921  1341  1610 W PackageManager: Invalid dex load report. loadingPackageName=null, uid=1037
09-15 11:35:40.967  1341  1341 W SystemServiceManager: Service com.android.server.location.LocationManagerService$Lifecycle took 127 ms in onBootPhase
09-15 11:35:40.967  1341  1341 V SystemServerTiming: OnBootPhase_600_com.android.server.location.LocationManagerService$Lifecycle took to complete: 127ms
09-15 11:35:40.967  1341  1341 D SystemServerTiming: OnBootPhase_600_com.android.server.timezonedetector.TimeZoneDetectorService$Lifecycle
09-15 11:35:40.968  1341  1341 V SystemServerTiming: OnBootPhase_600_com.android.server.timezonedetector.TimeZoneDetectorService$Lifecycle took to complete: 0ms
09-15 11:35:40.968  1341  1341 D SystemServerTiming: OnBootPhase_600_com.android.server.location.altitude.AltitudeService$Lifecycle
09-15 11:35:40.968  1341  1341 V SystemServerTiming: OnBootPhase_600_com.android.server.location.altitude.AltitudeService$Lifecycle took to complete: 0ms
09-15 11:35:40.968  1341  1341 D SystemServerTiming: OnBootPhase_600_com.android.server.timezonedetector.location.LocationTimeZoneManagerService$Lifecycle
09-15 11:35:40.968  1341  1341 V SystemServerTiming: OnBootPhase_600_com.android.server.timezonedetector.location.LocationTimeZoneManagerService$Lifecycle took to complete: 0ms
09-15 11:35:40.968  1341  1341 D SystemServerTiming: OnBootPhase_600_com.android.server.search.SearchManagerService$Lifecycle
09-15 11:35:40.968  1341  1341 V SystemServerTiming: OnBootPhase_600_com.android.server.search.SearchManagerService$Lifecycle took to complete: 0ms
09-15 11:35:40.968  1341  1341 D SystemServerTiming: OnBootPhase_600_com.android.server.wallpapereffectsgeneration.WallpaperEffectsGenerationManagerService
09-15 11:35:40.969  1341  1341 V SystemServerTiming: OnBootPhase_600_com.android.server.wallpapereffectsgeneration.WallpaperEffectsGenerationManagerService took to complete: 1ms
09-15 11:35:40.969  1341  1341 D SystemServerTiming: OnBootPhase_600_com.android.server.audio.AudioService$Lifecycle
09-15 11:35:40.969  1341  1341 V SystemServerTiming: OnBootPhase_600_com.android.server.audio.AudioService$Lifecycle took to complete: 0ms
09-15 11:35:40.969  1341  1341 D SystemServerTiming: OnBootPhase_600_com.android.server.soundtrigger_middleware.SoundTriggerMiddlewareService$Lifecycle
09-15 11:35:40.969  1341  1341 V SystemServerTiming: OnBootPhase_600_com.android.server.soundtrigger_middleware.SoundTriggerMiddlewareService$Lifecycle took to complete: 0ms
09-15 11:35:40.969  1341  1341 D SystemServerTiming: OnBootPhase_600_com.android.server.broadcastradio.BroadcastRadioService
09-15 11:35:40.969  1341  1341 V SystemServerTiming: OnBootPhase_600_com.android.server.broadcastradio.BroadcastRadioService took to complete: 0ms
09-15 11:35:40.969  1341  1341 D SystemServerTiming: OnBootPhase_600_com.android.server.DockObserver
09-15 11:35:40.969  1341  1341 V SystemServerTiming: OnBootPhase_600_com.android.server.DockObserver took to complete: 0ms
09-15 11:35:40.969  1341  1341 D SystemServerTiming: OnBootPhase_600_com.android.server.midi.MidiService$Lifecycle
09-15 11:35:40.969  1341  1341 V SystemServerTiming: OnBootPhase_600_com.android.server.midi.MidiService$Lifecycle took to complete: 0ms
09-15 11:35:40.969  1341  1341 D SystemServerTiming: OnBootPhase_600_com.android.server.adb.AdbService$Lifecycle
09-15 11:35:40.969  1341  1341 V SystemServerTiming: OnBootPhase_600_com.android.server.adb.AdbService$Lifecycle took to complete: 0ms
09-15 11:35:40.969  1341  1341 D SystemServerTiming: OnBootPhase_600_com.android.server.usb.UsbService$Lifecycle
09-15 11:35:40.969  1341  1341 V SystemServerTiming: OnBootPhase_600_com.android.server.usb.UsbService$Lifecycle took to complete: 0ms
09-15 11:35:40.969  1341  1341 D SystemServerTiming: OnBootPhase_600_com.android.server.twilight.TwilightService
09-15 11:35:40.969  1341  1341 V SystemServerTiming: OnBootPhase_600_com.android.server.twilight.TwilightService took to complete: 0ms
09-15 11:35:40.969  1341  1341 D SystemServerTiming: OnBootPhase_600_com.android.server.display.color.ColorDisplayService
09-15 11:35:40.969  1341  1341 V SystemServerTiming: OnBootPhase_600_com.android.server.display.color.ColorDisplayService took to complete: 0ms
09-15 11:35:40.969  1341  1341 D SystemServerTiming: OnBootPhase_600_com.android.server.job.JobSchedulerService
09-15 11:35:40.978  1341  1341 V SystemServerTiming: OnBootPhase_600_com.android.server.job.JobSchedulerService took to complete: 9ms
09-15 11:35:40.978  1341  1341 D SystemServerTiming: OnBootPhase_600_com.android.server.soundtrigger.SoundTriggerService
09-15 11:35:40.978  1341  1341 D SoundTriggerService: onBootPhase: 600 : false
09-15 11:35:40.980  1341  1341 V SystemServerTiming: OnBootPhase_600_com.android.server.soundtrigger.SoundTriggerService took to complete: 2ms
09-15 11:35:40.980  1341  1341 D SystemServerTiming: OnBootPhase_600_com.android.server.trust.TrustManagerService
09-15 11:35:40.986   543   573 I keystore2: system/security/keystore2/src/authorization.rs:143 - on_lock_screen_event(r#UNLOCK, user_id=0, password.is_some()=false, unlocking_sids=Some([]))
09-15 11:35:40.997   543   573 I keystore2: system/security/keystore2/src/authorization.rs:143 - on_lock_screen_event(r#UNLOCK, user_id=10, password.is_some()=false, unlocking_sids=Some([]))
09-15 11:35:40.998  1341  1341 V SystemServerTiming: OnBootPhase_600_com.android.server.trust.TrustManagerService took to complete: 18ms
09-15 11:35:40.998  1341  1341 D SystemServerTiming: OnBootPhase_600_com.android.server.appwidget.AppWidgetService
09-15 11:35:40.998  1341  1341 V SystemServerTiming: OnBootPhase_600_com.android.server.appwidget.AppWidgetService took to complete: 0ms
09-15 11:35:40.998  1341  1341 D SystemServerTiming: OnBootPhase_600_com.android.server.voiceinteraction.VoiceInteractionManagerService
09-15 11:35:41.000  1341  1341 V SystemServerTiming: OnBootPhase_600_com.android.server.voiceinteraction.VoiceInteractionManagerService took to complete: 2ms
09-15 11:35:41.000  1341  1341 D SystemServerTiming: OnBootPhase_600_com.android.server.GestureLauncherService
09-15 11:35:41.002  1341  1341 V SystemServerTiming: OnBootPhase_600_com.android.server.GestureLauncherService took to complete: 2ms
09-15 11:35:41.002  1341  1341 D SystemServerTiming: OnBootPhase_600_com.android.server.SensorNotificationService
01-01 06:41:05.798     0     0 I msm_vidc: high: 00000001: ....e: Opening video instance: 0000000022b7e62f, 0
01-01 06:41:05.798     0     0 I msm_vidc: err : 00000001: ....e: Unsupported WxH (320)x(240), max supported is (0)x(0)
01-01 06:41:05.798     0     0 I msm_vidc: err : 00000001: ....e: msm_vidc_check_session_supported: Resolution unsupported
01-01 06:41:05.798     0     0 I msm_vidc: err : 00000001: ....e: msm_venc_s_fmt: session not supported
01-01 06:41:05.798     0     0 I msm_vidc: err : 00000001: ....e: msm_vidc_comm_update_ctrl: failed: control name Video B Frames, min 0, max 0, step 0, default_value 0
09-15 11:35:41.005  1341  1341 V SystemServerTiming: OnBootPhase_600_com.android.server.SensorNotificationService took to complete: 3ms
09-15 11:35:41.006  1341  1341 D SystemServerTiming: OnBootPhase_600_com.android.server.emergency.EmergencyAffordanceService
09-15 11:35:41.006  1341  1394 I DropBoxManagerService: add tag=system_app_strictmode isTagEnabled=true flags=0x2
09-15 11:35:41.009  1341  1394 I DropBoxManagerService: add tag=system_app_strictmode isTagEnabled=true flags=0x2
09-15 11:35:41.010  1341  1360 I ActivityManager: Process WebViewLoader-arm64-v8a (pid 1748) has died: psvc PER 
09-15 11:35:41.011  1341  1394 I DropBoxManagerService: add tag=system_app_strictmode isTagEnabled=true flags=0x2
09-15 11:35:41.013  1341  1394 I DropBoxManagerService: add tag=system_app_strictmode isTagEnabled=true flags=0x2
09-15 11:35:41.014  1341  1610 I ActivityManager: Flag disabled. Ignoring finishAttachApplication from uid: 1000. pid: 1756
09-15 11:35:41.018  1341  1341 V SystemServerTiming: OnBootPhase_600_com.android.server.emergency.EmergencyAffordanceService took to complete: 11ms
09-15 11:35:41.018  1341  1341 D SystemServerTiming: OnBootPhase_600_com.android.server.blob.BlobStoreManagerService
09-15 11:35:41.024  1756  1756 V SLog    : static_init took to complete: 1ms
09-15 11:35:41.025  1756  1756 D UpdatablePackageContext: No eligible RRO package to enable.
01-01 06:41:05.809     0     0 I msm_vidc: high: 00000001: h265e: Closed video instance: 0000000022b7e62f
01-01 06:41:05.811     0     0 E init    : Control message: Could not find 'vendor.qti.hardware.iop@2.0::IIop/default' for ctl.interface_start from pid: 473 (/system/bin/hwservicemanager)
09-15 11:35:41.029  1341  1341 V SystemServerTiming: OnBootPhase_600_com.android.server.blob.BlobStoreManagerService took to complete: 11ms
09-15 11:35:41.029  1341  1341 D SystemServerTiming: OnBootPhase_600_com.android.server.dreams.DreamManagerService
09-15 11:35:41.031  1341  1341 V SystemServerTiming: OnBootPhase_600_com.android.server.dreams.DreamManagerService took to complete: 2ms
09-15 11:35:41.031  1341  1341 D SystemServerTiming: OnBootPhase_600_com.android.server.security.AttestationVerificationManagerService
09-15 11:35:41.031  1341  1341 V SystemServerTiming: OnBootPhase_600_com.android.server.security.AttestationVerificationManagerService took to complete: 0ms
09-15 11:35:41.031  1341  1341 D SystemServerTiming: OnBootPhase_600_com.android.server.companion.CompanionDeviceManagerService
09-15 11:35:41.031  1341  1341 V SystemServerTiming: OnBootPhase_600_com.android.server.companion.CompanionDeviceManagerService took to complete: 0ms
09-15 11:35:41.031  1341  1341 D SystemServerTiming: OnBootPhase_600_com.android.server.companion.virtual.VirtualDeviceManagerService
09-15 11:35:41.032  1341  1341 V SystemServerTiming: OnBootPhase_600_com.android.server.companion.virtual.VirtualDeviceManagerService took to complete: 0ms
09-15 11:35:41.032  1341  1341 D SystemServerTiming: OnBootPhase_600_com.android.server.restrictions.RestrictionsManagerService
09-15 11:35:41.032  1341  1341 V SystemServerTiming: OnBootPhase_600_com.android.server.restrictions.RestrictionsManagerService took to complete: 0ms
09-15 11:35:41.032  1341  1341 D SystemServerTiming: OnBootPhase_600_com.android.server.media.MediaSessionService
09-15 11:35:41.032  1341  1341 V SystemServerTiming: OnBootPhase_600_com.android.server.media.MediaSessionService took to complete: 0ms
09-15 11:35:41.032  1341  1341 D SystemServerTiming: OnBootPhase_600_com.android.server.biometrics.BiometricService
09-15 11:35:41.032  1341  1341 V SystemServerTiming: OnBootPhase_600_com.android.server.biometrics.BiometricService took to complete: 0ms
09-15 11:35:41.032  1341  1341 D SystemServerTiming: OnBootPhase_600_com.android.server.biometrics.AuthService
09-15 11:35:41.032  1341  1341 V SystemServerTiming: OnBootPhase_600_com.android.server.biometrics.AuthService took to complete: 0ms
09-15 11:35:41.032  1341  1341 D SystemServerTiming: OnBootPhase_600_com.android.server.pm.ShortcutService$Lifecycle
09-15 11:35:41.032  1341  1341 V SystemServerTiming: OnBootPhase_600_com.android.server.pm.ShortcutService$Lifecycle took to complete: 0ms
09-15 11:35:41.032  1341  1341 D SystemServerTiming: OnBootPhase_600_com.android.server.pm.LauncherAppsService
09-15 11:35:41.032  1341  1341 V SystemServerTiming: OnBootPhase_600_com.android.server.pm.LauncherAppsService took to complete: 0ms
09-15 11:35:41.032  1341  1341 D SystemServerTiming: OnBootPhase_600_com.android.server.pm.CrossProfileAppsService
09-15 11:35:41.032  1341  1341 V SystemServerTiming: OnBootPhase_600_com.android.server.pm.CrossProfileAppsService took to complete: 0ms
09-15 11:35:41.032  1341  1341 D SystemServerTiming: OnBootPhase_600_com.android.server.people.PeopleService
09-15 11:35:41.032  1341  1341 V SystemServerTiming: OnBootPhase_600_com.android.server.people.PeopleService took to complete: 0ms
09-15 11:35:41.032  1341  1341 D SystemServerTiming: OnBootPhase_600_com.android.server.media.metrics.MediaMetricsManagerService
09-15 11:35:41.032  1341  1341 V SystemServerTiming: OnBootPhase_600_com.android.server.media.metrics.MediaMetricsManagerService took to complete: 0ms
09-15 11:35:41.032  1341  1341 D SystemServerTiming: OnBootPhase_600_com.android.server.pm.BackgroundInstallControlService
09-15 11:35:41.032  1341  1341 V SystemServerTiming: OnBootPhase_600_com.android.server.pm.BackgroundInstallControlService took to complete: 0ms
09-15 11:35:41.032  1341  1341 D SystemServerTiming: OnBootPhase_600_com.android.server.media.projection.MediaProjectionManagerService
09-15 11:35:41.032  1341  1341 V SystemServerTiming: OnBootPhase_600_com.android.server.media.projection.MediaProjectionManagerService took to complete: 0ms
09-15 11:35:41.032  1341  1341 D SystemServerTiming: OnBootPhase_600_com.android.server.slice.SliceManagerService$Lifecycle
09-15 11:35:41.032  1341  1341 V SystemServerTiming: OnBootPhase_600_com.android.server.slice.SliceManagerService$Lifecycle took to complete: 0ms
09-15 11:35:41.032  1341  1341 D SystemServerTiming: OnBootPhase_600_com.android.server.stats.StatsCompanion$Lifecycle
09-15 11:35:41.041  1341  1341 V SystemServerTiming: OnBootPhase_600_com.android.server.stats.StatsCompanion$Lifecycle took to complete: 8ms
09-15 11:35:41.041  1341  1341 D SystemServerTiming: OnBootPhase_600_com.android.server.scheduling.RebootReadinessManagerService$Lifecycle
09-15 11:35:41.041  1341  1341 V SystemServerTiming: OnBootPhase_600_com.android.server.scheduling.RebootReadinessManagerService$Lifecycle took to complete: 0ms
09-15 11:35:41.041  1341  1341 D SystemServerTiming: OnBootPhase_600_com.android.server.stats.pull.StatsPullAtomService
09-15 11:35:41.041  1341  1341 V SystemServerTiming: OnBootPhase_600_com.android.server.stats.pull.StatsPullAtomService took to complete: 1ms
09-15 11:35:41.041  1341  1341 D SystemServerTiming: OnBootPhase_600_com.android.server.stats.bootstrap.StatsBootstrapAtomService$Lifecycle
09-15 11:35:41.041  1341  1341 V SystemServerTiming: OnBootPhase_600_com.android.server.stats.bootstrap.StatsBootstrapAtomService$Lifecycle took to complete: 0ms
09-15 11:35:41.041  1341  1341 D SystemServerTiming: OnBootPhase_600_com.android.server.incident.IncidentCompanionService
09-15 11:35:41.041  1341  1341 V SystemServerTiming: OnBootPhase_600_com.android.server.incident.IncidentCompanionService took to complete: 0ms
09-15 11:35:41.041  1341  1341 D SystemServerTiming: OnBootPhase_600_com.android.server.sdksandbox.SdkSandboxManagerService$Lifecycle
09-15 11:35:41.041  1341  1341 V SystemServerTiming: OnBootPhase_600_com.android.server.sdksandbox.SdkSandboxManagerService$Lifecycle took to complete: 0ms
09-15 11:35:41.041  1341  1341 D SystemServerTiming: OnBootPhase_600_com.android.server.adservices.AdServicesManagerService$Lifecycle
09-15 11:35:41.041  1341  1341 V SystemServerTiming: OnBootPhase_600_com.android.server.adservices.AdServicesManagerService$Lifecycle took to complete: 0ms
09-15 11:35:41.041  1341  1401 D StatsPullAtomService: Registering NetworkStats pullers with statsd
09-15 11:35:41.041  1341  1341 D SystemServerTiming: OnBootPhase_600_com.android.server.ondevicepersonalization.OnDevicePersonalizationSystemService$Lifecycle
09-15 11:35:41.041  1341  1341 V SystemServerTiming: OnBootPhase_600_com.android.server.ondevicepersonalization.OnDevicePersonalizationSystemService$Lifecycle took to complete: 0ms
09-15 11:35:41.041  1341  1341 D SystemServerTiming: OnBootPhase_600_com.android.server.MmsServiceBroker
09-15 11:35:41.041  1341  1341 V SystemServerTiming: OnBootPhase_600_com.android.server.MmsServiceBroker took to complete: 0ms
09-15 11:35:41.041  1341  1341 D SystemServerTiming: OnBootPhase_600_com.android.server.selectiontoolbar.SelectionToolbarManagerService
09-15 11:35:41.041  1341  1341 V SystemServerTiming: OnBootPhase_600_com.android.server.selectiontoolbar.SelectionToolbarManagerService took to complete: 0ms
09-15 11:35:41.041  1341  1341 D SystemServerTiming: OnBootPhase_600_com.android.server.clipboard.ClipboardService
09-15 11:35:41.041  1341  1341 V SystemServerTiming: OnBootPhase_600_com.android.server.clipboard.ClipboardService took to complete: 0ms
09-15 11:35:41.041  1341  1341 D SystemServerTiming: OnBootPhase_600_com.android.server.appbinding.AppBindingService$Lifecycle
09-15 11:35:41.042  1341  1341 V SystemServerTiming: OnBootPhase_600_com.android.server.appbinding.AppBindingService$Lifecycle took to complete: 1ms
09-15 11:35:41.042  1341  1341 D SystemServerTiming: OnBootPhase_600_com.android.server.tracing.TracingServiceProxy
09-15 11:35:41.042  1341  1341 V SystemServerTiming: OnBootPhase_600_com.android.server.tracing.TracingServiceProxy took to complete: 0ms
09-15 11:35:41.042  1341  1341 D SystemServerTiming: OnBootPhase_600_com.android.server.policy.PermissionPolicyService
09-15 11:35:41.042  1341  1341 V SystemServerTiming: OnBootPhase_600_com.android.server.policy.PermissionPolicyService took to complete: 0ms
09-15 11:35:41.042  1341  1341 D SystemServerTiming: OnBootPhase_600_com.android.server.pm.StagingManager$Lifecycle
09-15 11:35:41.042  1341  1341 V SystemServerTiming: OnBootPhase_600_com.android.server.pm.StagingManager$Lifecycle took to complete: 0ms
09-15 11:35:41.042  1341  1341 D SystemServerTiming: OnBootPhase_600_com.android.server.app.GameManagerService$Lifecycle
09-15 11:35:41.042  1341  1341 V SystemServerTiming: OnBootPhase_600_com.android.server.app.GameManagerService$Lifecycle took to complete: 0ms
09-15 11:35:41.042  1341  1341 D SystemServerTiming: OnBootPhase_600_com.android.safetycenter.SafetyCenterService
09-15 11:35:41.042  1341  1341 V SystemServerTiming: OnBootPhase_600_com.android.safetycenter.SafetyCenterService took to complete: 0ms
09-15 11:35:41.042  1341  1341 D SystemServerTiming: OnBootPhase_600_com.android.server.appsearch.AppSearchModule$Lifecycle
09-15 11:35:41.042  1341  1341 V SystemServerTiming: OnBootPhase_600_com.android.server.appsearch.AppSearchModule$Lifecycle took to complete: 0ms
09-15 11:35:41.042  1341  1341 D SystemServerTiming: OnBootPhase_600_com.android.server.media.MediaCommunicationService
09-15 11:35:41.042  1341  1341 V SystemServerTiming: OnBootPhase_600_com.android.server.media.MediaCommunicationService took to complete: 0ms
09-15 11:35:41.042  1341  1341 D SystemServerTiming: OnBootPhase_600_com.android.server.compat.overrides.AppCompatOverridesService$Lifecycle
09-15 11:35:41.042  1341  1341 V SystemServerTiming: OnBootPhase_600_com.android.server.compat.overrides.AppCompatOverridesService$Lifecycle took to complete: 0ms
09-15 11:35:41.042  1341  1341 D SystemServerTiming: OnBootPhase_600_com.android.server.healthconnect.HealthConnectManagerService
09-15 11:35:41.042  1341  1341 V SystemServerTiming: OnBootPhase_600_com.android.server.healthconnect.HealthConnectManagerService took to complete: 0ms
09-15 11:35:41.042  1341  1341 D SystemServerTiming: OnBootPhase_600_com.android.server.devicelock.DeviceLockService
09-15 11:35:41.042  1341  1341 D DeviceLockService: onBootPhase: 600
09-15 11:35:41.042  1341  1341 V SystemServerTiming: OnBootPhase_600_com.android.server.devicelock.DeviceLockService took to complete: 0ms
09-15 11:35:41.042  1341  1341 D SystemServerTiming: OnBootPhase_600_com.android.internal.car.CarServiceHelperService
09-15 11:35:41.042  1341  1341 D CarServiceHelper: onBootPhase: 600
09-15 11:35:41.042  1341  1341 D CarServiceHelper: onBootPhase.3pApps
09-15 11:35:41.043  1341  1341 D CarServiceHelper: setupAndStartUsers
09-15 11:35:41.043  1341  1341 V CarServiceHelper: setupAndStartUsers took to complete: 1ms
09-15 11:35:41.043  1341  1341 V CarServiceHelper: onBootPhase.3pApps took to complete: 1ms
09-15 11:35:41.043  1341  1341 V SystemServerTiming: OnBootPhase_600_com.android.internal.car.CarServiceHelperService took to complete: 1ms
09-15 11:35:41.044  1341  1341 V SystemServerTiming: OnBootPhase_600 took to complete: 230ms
09-15 11:35:41.044  1341  1341 V SystemServerTiming: PhaseThirdPartyAppsCanStart took to complete: 230ms
09-15 11:35:41.044  1341  1341 D SystemServerTiming: HsumBootUserInitializer.systemRunning
09-15 11:35:41.044  1341  1341 I HsumBootUserInitializer: Unlocking system user
09-15 11:35:41.044  1341  1341 D SystemServerTiming: unlock-system-user
09-15 11:35:41.044  1341  1341 D SystemServerTiming: am.startUser
09-15 11:35:41.044  1341  1341 D SystemServerTiming: UserController.startUser-0-bg-start-mode-2
09-15 11:35:41.045  1341  1341 D SystemServerTiming: getStartedUserState
09-15 11:35:41.045  1341  1341 V SystemServerTiming: getStartedUserState took to complete: 0ms
09-15 11:35:41.045  1341  1341 D SystemServerTiming: getUserInfo
09-15 11:35:41.045  1341  1341 V SystemServerTiming: getUserInfo took to complete: 0ms
09-15 11:35:41.045  1341  1341 D SystemServerTiming: assignUserToDisplayOnStart
01-01 06:41:05.840     0     0 I msm_vidc: high: 00000001: ....e: Opening video instance: 00000000e3d061a8, 0
01-01 06:41:05.840     0     0 I msm_vidc: err : 00000001: ....e: Unsupported WxH (320)x(240), max supported is (0)x(0)
01-01 06:41:05.840     0     0 I msm_vidc: err : 00000001: ....e: msm_vidc_check_session_supported: Resolution unsupported
01-01 06:41:05.840     0     0 I msm_vidc: err : 00000001: ....e: msm_venc_s_fmt: session not supported
01-01 06:41:05.841     0     0 I msm_vidc: err : 00000001: ....e: msm_vidc_comm_update_ctrl: failed: control name Video B Frames, min 0, max 0, step 0, default_value 0
09-15 11:35:41.045  1341  1341 V SystemServerTiming: assignUserToDisplayOnStart took to complete: 1ms
09-15 11:35:41.045  1341  1341 D SystemServerTiming: updateStartedUserArrayStarting
09-15 11:35:41.045  1341  1341 V SystemServerTiming: updateStartedUserArrayStarting took to complete: 0ms
09-15 11:35:41.045  1341  1341 D SystemServerTiming: updateConfigurationAndProfileIds
09-15 11:35:41.045  1341  1341 V SystemServerTiming: updateConfigurationAndProfileIds took to complete: 0ms
09-15 11:35:41.045  1341  1341 D SystemServerTiming: updateStateBooting
09-15 11:35:41.045  1341  1341 D SystemServerTiming: onBeforeStartUser-0
09-15 11:35:41.045  1341  1341 D SystemServerTiming: prepareUserData
09-15 11:35:41.046   491   491 D vold    : fscrypt_prepare_user_storage for volume null, user 0, serial 0, flags 1
09-15 11:35:41.046   491   491 D vold    : Preparing: /data/system/users/0
09-15 11:35:41.046   491   491 D vold    : Preparing: /data/misc/profiles/cur/0
09-15 11:35:41.047   491   491 D vold    : Preparing: /data/system_de/0
09-15 11:35:41.048   491   491 I vold    : Verified that /data/system_de/0 has the encryption policy a50e94b462a0f7212666126db14aa965 v2 modes 1/4 flags 0x12
09-15 11:35:41.048   491   491 D vold    : Preparing: /data/vendor_de/0
09-15 11:35:41.048   491   491 I vold    : Verified that /data/vendor_de/0 has the encryption policy a50e94b462a0f7212666126db14aa965 v2 modes 1/4 flags 0x12
09-15 11:35:41.048   491   491 D vold    : Preparing: /data/misc_de/0
09-15 11:35:41.049   491   491 I vold    : Verified that /data/misc_de/0 has the encryption policy a50e94b462a0f7212666126db14aa965 v2 modes 1/4 flags 0x12
09-15 11:35:41.049   491   491 D vold    : Preparing: /data/user_de/0
09-15 11:35:41.049   491   491 I vold    : Verified that /data/user_de/0 has the encryption policy a50e94b462a0f7212666126db14aa965 v2 modes 1/4 flags 0x12
09-15 11:35:41.049   491   491 D vold    : /system/bin/vold_prepare_subdirs
09-15 11:35:41.049   491   491 D vold    :     prepare
09-15 11:35:41.049   491   491 D vold    :     
09-15 11:35:41.049   491   491 D vold    :     0
09-15 11:35:41.049   491   491 D vold    :     1
01-01 06:41:05.848     0     0 I msm_vidc: high: 00000001: h265e: Closed video instance: 00000000e3d061a8
09-15 11:35:41.060  1341  1719 D CompatibilityChangeReporter: Compat change id reported: 135634846; UID 10100; state: DISABLED
09-15 11:35:41.061  1341  1719 D CompatibilityChangeReporter: Compat change id reported: 177438394; UID 10100; state: DISABLED
09-15 11:35:41.061  1341  1719 D CompatibilityChangeReporter: Compat change id reported: 135772972; UID 10100; state: DISABLED
09-15 11:35:41.061  1341  1719 D CompatibilityChangeReporter: Compat change id reported: 135754954; UID 10100; state: ENABLED
09-15 11:35:41.061  1341  1719 D CompatibilityChangeReporter: Compat change id reported: 207557677; UID 10100; state: ENABLED
09-15 11:35:41.079  1341  1360 I ActivityManager: Process WebViewLoader-armeabi-v7a (pid 1740) has died: psvc PER 
09-15 11:35:41.081  1341  1393 D DisplayManagerService: Drop pending events for gone uid 1037
09-15 11:35:41.094  1756  1756 I CarServiceUtils: Starting HandlerThread:AidlVehicleStub
09-15 11:35:41.097  1756  1756 I CAR.SERVICE: No AIDL vehicle HAL found, fall back to HIDL version
01-01 06:41:05.878     0     0 E init    : Control message: Could not find 'vendor.qti.hardware.iop@2.0::IIop/default' for ctl.interface_start from pid: 473 (/system/bin/hwservicemanager)
01-01 06:41:05.894     0     0 I binder  : 1756:1756 ioctl 40046210 7fd7d6ee14 returned -22
09-15 11:35:41.101  1756  1756 V CAR.InitTiming: getVehicle took to complete: 11ms
09-15 11:35:41.102  1756  1756 I CAR.SERVICE: Connected to android.hardware.automotive.vehicle@2.0::IVehicle
09-15 11:35:41.116  1341  1341 V UserDataPreparer: Found /data/user_de/0 with serial number 0
09-15 11:35:41.117  1341  1341 V UserDataPreparer: Found /data/system_de/0 with serial number 0
09-15 11:35:41.118  1341  1341 V SystemServerTiming: prepareUserData took to complete: 72ms
09-15 11:35:41.118  1341  1341 D SystemServerTiming: reconcileAppsData
09-15 11:35:41.118  1341  1341 V PackageManager: reconcileAppsData for null u0 0x1 migrateAppData=false
09-15 11:35:41.121  1341  1341 W PackageManager: Skipping preparing app data for com.android.sdksandbox
09-15 11:35:41.123  1756  1756 I CarOemProxyService: Oem Car Service Config. Connection timeout:5000, Service Ready timeout:5000, component Name:
09-15 11:35:41.123  1756  1756 I CarOemProxyService: **CarOemService is disabled.**
09-15 11:35:41.124  1756  1756 V CAR.InitTiming: CarOemProxyService took to complete: 3ms
09-15 11:35:41.124  1756  1756 I CarServiceUtils: Starting HandlerThread:VehicleHal
09-15 11:35:41.130  1756  1756 I CarServiceUtils: Starting HandlerThread:PropertyHalService
09-15 11:35:41.132  1756  1756 I CarServiceUtils: Starting HandlerThread:VmsHalService
09-15 11:35:41.133  1756  1756 I CAR.VmsHalService: Metrics collection disabled
09-15 11:35:41.133  1756  1756 I CarServiceUtils: Starting HandlerThread:UserService
09-15 11:35:41.139  1756  1756 V CAR.InitTiming: VehicleHal took to complete: 15ms
09-15 11:35:41.140  1756  1756 D CAR.HidlVehicleStub: Use getAllPropConfigs to fetch all property configs
09-15 11:35:41.144  1756  1756 I CarServiceUtils: Starting HandlerThread:CarFeatureController
09-15 11:35:41.144  1756  1756 I CarFeatureController: mDefaultEnabledFeaturesFromConfig:[car_navigation_service, car_telemetry_service, cluster_service, com.android.car.user.CarUserNoticeService, diagnostic, storage_monitoring, vehicle_map_service],mDisabledFeaturesFromVhal:[]
09-15 11:35:41.146  1756  1756 I CarFeatureController: Loaded features:[car_device_policy_service, hvac, storage_monitoring, cabin, car-service-test, vehicle_map_service, uxrestriction, com.android.car.user.CarUserNoticeService, car_navigation_service, drivingstate, property, audio, power, projection, diagnostic, car_occupant_zone_service, info, car_bugreport, car_media, app_focus, package, car_watchdog, vendor_extension, car_bluetooth, car_performance, car_user_service, cluster_service, car_activity_service, android.car.input, car_telemetry_service, sensor]
09-15 11:35:41.147  1756  1756 V CAR.InitTiming: CarFeatureController took to complete: 4ms
09-15 11:35:41.148  1756  1756 I CarServiceUtils: Starting HandlerThread:CarPropertyService
09-15 11:35:41.149  1756  1756 V CAR.InitTiming: CarPropertyService took to complete: 1ms
09-15 11:35:41.150  1756  1756 I CarServiceUtils: Starting HandlerThread:CarDrivingStateService
09-15 11:35:41.151  1756  1756 V CAR.InitTiming: CarDrivingStateService took to complete: 2ms
09-15 11:35:41.152  1756  1756 I CarServiceUtils: Starting HandlerThread:CarOccupantZoneService
09-15 11:35:41.153  1756  1756 V CAR.InitTiming: CarOccupantZoneService took to complete: 2ms
09-15 11:35:41.155  1756  1756 I CarServiceUtils: Starting HandlerThread:CarUxRestrictionsManagerService
09-15 11:35:41.157  1756  1756 V CAR.InitTiming: CarUxRestrictionsManagerService took to complete: 2ms
09-15 11:35:41.158  1756  1756 I CarServiceUtils: Starting HandlerThread:SystemActivityMonitoringService
09-15 11:35:41.159  1756  1756 V CAR.InitTiming: CarActivityService took to complete: 1ms
09-15 11:35:41.160  1756  1756 I CarServiceUtils: Starting HandlerThread:CarPackageManagerService
09-15 11:35:41.163  1756  1756 V CAR.InitTiming: CarPackageManagerService took to complete: 4ms
09-15 11:35:41.166  1756  1756 I CarServiceUtils: Starting HandlerThread:UserService.BG
09-15 11:35:41.169  1756  1756 V CAR.InitTiming: CarUserService took to complete: 4ms
09-15 11:35:41.169  1756  1756 I ICarImpl: VHAL Priority Init Enabled
09-15 11:35:41.169  1756  1756 I ICarImpl: Car User Service Priority Init Enabled
09-15 11:35:41.169  1756  1756 I CAR.HAL : fetchAllPropConfigs already fetched
09-15 11:35:41.171  1756  1756 I CAR.VmsHalService: VmsHalService VHAL property not supported
09-15 11:35:41.171  1756  1756 D ClusterHalService: initClusterHalService
09-15 11:35:41.171  1756  1756 W CAR.UserHalService: Vehicle HAL does not support user management
09-15 11:35:41.175  1756  1756 V CAR.InitTiming: SystemActivityMonitoringService took to complete: 0ms
09-15 11:35:41.177  1756  1756 I CarServiceUtils: Starting HandlerThread:CarPowerManagementService
09-15 11:35:41.186  1756  1886 I CAR.InitialUserSetter: Last active user loaded for initial user: 10
09-15 11:35:41.188  1756  1756 W CarPowerManagementService: mEnableBatteryProfile= true
09-15 11:35:41.188  1756  1756 V CAR.InitTiming: CarPowerManagementService took to complete: 12ms
09-15 11:35:41.188  1756  1756 I CarServiceUtils: Starting HandlerThread:CarServiceUtils_COMMON_HANDLER_THREAD
09-15 11:35:41.191  1756  1756 V CAR.InitTiming: CarUserNoticeService took to complete: 2ms
09-15 11:35:41.191  1756  1886 I CAR.InitialUserSetter: Setting boot user to: 10
09-15 11:35:41.192  1756  1756 I CarServiceUtils: Starting HandlerThread:CarPerUserServiceHelper
09-15 11:35:41.192  1341  1610 I UserManagerService: setBootUser 10
09-15 11:35:41.193  1756  1756 V CAR.InitTiming: CarPerUserServiceHelper took to complete: 2ms
09-15 11:35:41.194  1756  1756 V CAR.InitTiming: CarBluetoothService took to complete: 1ms
09-15 11:35:41.197  1756  1756 V CAR.InitTiming: CarInputService took to complete: 1ms
09-15 11:35:41.199  1756  1756 V CAR.InitTiming: CarProjectionService took to complete: 1ms
09-15 11:35:41.201  1756  1756 V CAR.InitTiming: GarageModeService took to complete: 2ms
09-15 11:35:41.202  1756  1756 I CarServiceUtils: Starting HandlerThread:AppFocusService
09-15 11:35:41.203  1756  1756 V CAR.InitTiming: AppFocusService took to complete: 2ms
09-15 11:35:41.207  1756  1756 I CarServiceUtils: Starting HandlerThread:CarVolumeCallback
09-15 11:35:41.208  1756  1756 I CarServiceUtils: Starting HandlerThread:CarAudioService
09-15 11:35:41.209  1756  1756 I CarServiceUtils: Starting HandlerThread:CarAudioMediaRequest
09-15 11:35:41.210  1756  1756 I CarServiceUtils: Starting HandlerThread:CarAudioMirrorRequest
09-15 11:35:41.212  1756  1756 V CAR.InitTiming: CarAudioService took to complete: 7ms
09-15 11:35:41.214  1756  1756 V CAR.InitTiming: CarNightService took to complete: 2ms
09-15 11:35:41.215  1756  1756 I CarServiceUtils: Starting HandlerThread:FixedActivityService
09-15 11:35:41.216  1756  1756 V CAR.InitTiming: FixedActivityService took to complete: 1ms
09-15 11:35:41.216  1756  1756 V CAR.InitTiming: ClusterNavigationService took to complete: 0ms
09-15 11:35:41.218  1756  1756 V CAR.InitTiming: InstrumentClusterService took to complete: 1ms
09-15 11:35:41.219  1756  1756 V CAR.InitTiming: CarStatsService took to complete: 1ms
09-15 11:35:41.221  1756  1756 V CAR.InitTiming: VmsBrokerService took to complete: 1ms
09-15 11:35:41.222  1756  1756 V CAR.InitTiming: CarDiagnosticService took to complete: 0ms
09-15 11:35:41.225  1756  1756 V CAR.InitTiming: CarStorageMonitoringService took to complete: 3ms
09-15 11:35:41.226  1756  1756 I CarServiceUtils: Starting HandlerThread:CarLocationService
09-15 11:35:41.235  1756  1756 V CAR.InitTiming: CarLocationService took to complete: 9ms
09-15 11:35:41.236  1756  1756 I CarServiceUtils: Starting HandlerThread:CarMediaService
09-15 11:35:41.241  1756  1756 V CAR.InitTiming: CarMediaService took to complete: 6ms
09-15 11:35:41.242  1756  1756 I CarServiceUtils: Starting HandlerThread:CarBugreportManagerService
09-15 11:35:41.243  1756  1756 V CAR.InitTiming: CarBugreportManagerService took to complete: 1ms
09-15 11:35:41.247  1756  1756 I CarServiceUtils: Starting HandlerThread:CarWatchdogService
09-15 11:35:41.250  1756  1756 V CAR.InitTiming: CarWatchdogService took to complete: 6ms
09-15 11:35:41.252  1756  1756 V CAR.InitTiming: CarPerformanceService took to complete: 1ms
09-15 11:35:41.253  1756  1756 V CAR.InitTiming: CarDevicePolicyService took to complete: 0ms
09-15 11:35:41.254  1756  1756 I CarServiceUtils: Starting HandlerThread:CarTelemetryService
09-15 11:35:41.257  1756  1756 V CAR.InitTiming: CarTelemetryService took to complete: 3ms
09-15 11:35:41.258  1756  1756 V CAR.InitTiming: CarExperimentalFeatureServiceController took to complete: 0ms
09-15 11:35:41.259  1756  1756 I ICarImpl: Initializing CarCellularPowerPolicyHandler
09-15 11:35:41.259  1756  1756 V CAR.InitTiming: ICarImpl.constructor took to complete: 140ms
09-15 11:35:41.259  1756  1756 V CAR.InitTiming: CarOemProxyService took to complete: 0ms
09-15 11:35:41.259  1756  1756 V CAR.InitTiming: VehicleHal took to complete: 0ms
09-15 11:35:41.259  1756  1756 V CAR.InitTiming: CarFeatureController took to complete: 0ms
09-15 11:35:41.261  1756  1756 E CAR.PropertyHalServiceIds: propId is not writable : 0x11100101
09-15 11:35:41.261  1756  1756 E CAR.PropertyHalServiceIds: propId is not writable : 0x11100102
09-15 11:35:41.261  1756  1756 E CAR.PropertyHalServiceIds: propId is not writable : 0x1120030b
09-15 11:35:41.261  1756  1756 E CAR.PropertyHalServiceIds: propId is not writable : 0x11200402
09-15 11:35:41.261  1756  1756 E CAR.PropertyHalServiceIds: propId is not writable : 0x11200405
09-15 11:35:41.261  1756  1756 E CAR.PropertyHalServiceIds: propId is not writable : 0x11200407
09-15 11:35:41.262  1756  1756 E CAR.PropertyHalServiceIds: propId is not writable : 0x11400400
09-15 11:35:41.262  1756  1756 E CAR.PropertyHalServiceIds: propId is not writable : 0x11400401
09-15 11:35:41.262  1756  1756 E CAR.PropertyHalServiceIds: propId is not writable : 0x11400408
09-15 11:35:41.262  1756  1756 E CAR.PropertyHalServiceIds: propId is not writable : 0x11400409
09-15 11:35:41.262  1756  1756 E CAR.PropertyHalServiceIds: propId is not writable : 0x11400e00
09-15 11:35:41.262  1756  1756 E CAR.PropertyHalServiceIds: propId is not writable : 0x11400e01
09-15 11:35:41.262  1756  1756 E CAR.PropertyHalServiceIds: propId is not writable : 0x11400e03
09-15 11:35:41.262  1756  1756 E CAR.PropertyHalServiceIds: propId is not writable : 0x11410105
09-15 11:35:41.262  1756  1756 E CAR.PropertyHalServiceIds: propId is not writable : 0x11410107
09-15 11:35:41.262  1756  1756 E CAR.PropertyHalServiceIds: propId is not writable : 0x11510306
09-15 11:35:41.262  1756  1756 E CAR.PropertyHalServiceIds: propId is not writable : 0x11600104
09-15 11:35:41.262  1756  1756 E CAR.PropertyHalServiceIds: propId is not writable : 0x11600106
09-15 11:35:41.262  1756  1756 E CAR.PropertyHalServiceIds: propId is not writable : 0x11600204
09-15 11:35:41.262  1756  1756 E CAR.PropertyHalServiceIds: propId is not writable : 0x11600207
09-15 11:35:41.262  1756  1756 E CAR.PropertyHalServiceIds: propId is not writable : 0x11600305
09-15 11:35:41.262  1756  1756 E CAR.PropertyHalServiceIds: propId is not writable : 0x11600307
09-15 11:35:41.262  1756  1756 E CAR.PropertyHalServiceIds: propId is not writable : 0x11600309
09-15 11:35:41.262  1756  1756 E CAR.PropertyHalServiceIds: propId is not writable : 0x1160030c
09-15 11:35:41.262  1756  1756 E CAR.PropertyHalServiceIds: propId is not writable : 0x1540010a
09-15 11:35:41.262  1756  1756 E CAR.PropertyHalServiceIds: propId is not writable : 0x17600309
09-15 11:35:41.262  1756  1756 E CAR.PropertyHalServiceIds: propId is not writable : 0x21400f43
09-15 11:35:41.262  1756  1756 E CAR.PropertyHalServiceIds: propId is not writable : 0x21400f46
09-15 11:35:41.262  1756  1756 E CAR.PropertyHalServiceIds: propId is not writable : 0x21400f48
09-15 11:35:41.262  1756  1756 E CAR.PropertyHalServiceIds: propId is not writable : 0x21400f4a
09-15 11:35:41.262  1756  1756 E CAR.PropertyHalServiceIds: propId is not writable : 0x21600f49
09-15 11:35:41.262  1756  1756 E CAR.PropertyHalServiceIds: propId is not writable : 0x21600f50
09-15 11:35:41.262  1756  1756 E CAR.PropertyHalServiceIds: propId is not writable : 0x21600f51
09-15 11:35:41.262  1756  1756 E CAR.PropertyHalServiceIds: propId is not writable : 0x21600f52
09-15 11:35:41.262  1756  1756 E CAR.PropertyHalServiceIds: propId is not writable : 0x21600f53
09-15 11:35:41.262  1756  1756 E CAR.PropertyHalServiceIds: propId is not writable : 0x21600f54
09-15 11:35:41.262  1756  1756 E CAR.PropertyHalServiceIds: propId is not writable : 0x21600f55
09-15 11:35:41.262  1756  1756 E CAR.PropertyHalServiceIds: propId is not writable : 0x27200f4d
09-15 11:35:41.262  1756  1756 E CAR.PropertyHalServiceIds: propId is not writable : 0x27200f4e
09-15 11:35:41.262  1756  1756 E CAR.PropertyHalServiceIds: propId is not writable : 0x27600f4b
09-15 11:35:41.262  1756  1756 E CAR.PropertyHalServiceIds: propId is not writable : 0x27600f4c
09-15 11:35:41.262  1756  1756 V CAR.InitTiming: CarPropertyService took to complete: 3ms
09-15 11:35:41.273  1756  1756 V CAR.InitTiming: CarDrivingStateService took to complete: 10ms
09-15 11:35:41.278  1756  1756 W CarOccupantZoneService: No default display configuration, will assign to zone:0
09-15 11:35:41.278  1756  1756 W CarOccupantZoneService: No input type was defined for displayType:1  and occupantZoneId:0
09-15 11:35:41.279  1756  1756 V CAR.InitTiming: CarOccupantZoneService took to complete: 6ms
09-15 11:35:41.280  1756  1756 I CarUxRestrictionsManagerService: initDisplayIdsLocked: adding display: 0
09-15 11:35:41.280  1756  1756 I CarUxRestrictionsManagerService: initDisplayIdsLocked: setting default display id by zone to {occupantZoneId=0 displayType=1}
09-15 11:35:41.288  1756  1756 V CAR.InitTiming: CarUxRestrictionsManagerService took to complete: 9ms
09-15 11:35:41.288  1756  1756 V CAR.InitTiming: CarActivityService took to complete: 0ms
09-15 11:35:41.289  1756  1756 V CAR.InitTiming: CarPackageManagerService took to complete: 1ms
09-15 11:35:41.289  1756  1756 V CAR.InitTiming: CarUserService took to complete: 0ms
09-15 11:35:41.290  1756  1756 V CAR.InitTiming: SystemActivityMonitoringService took to complete: 1ms
09-15 11:35:41.290  1756  1893 I CAR.VendorServiceController: Found 0 services to be started/bound
09-15 11:35:41.290  1756  1756 W CAR.PolicyReader: Proceed without registered policies: failed to parse /vendor/etc/automotive/power_policy.xml: java.io.FileNotFoundException: /vendor/etc/automotive/power_policy.xml: open failed: ENOENT (No such file or directory)
09-15 11:35:41.291  1756  1756 W CAR.PolicyReader: readPowerPolicyFromXml :: system_power_policy_battery_profile_critical_on
09-15 11:35:41.292  1756  1756 W CAR.PolicyReader: Updated system power policy:: system_power_policy_battery_profile_critical_on
09-15 11:35:41.294  1756  1756 W CAR.PolicyReader: readPowerPolicyFromXml :: system_power_policy_battery_profile_low_on
09-15 11:35:41.294  1756  1756 W CAR.PolicyReader: Updated system power policy:: system_power_policy_battery_profile_low_on
09-15 11:35:41.306  1756  1895 I CarPowerManagementService: doHandlePowerStateChange: newState=WAIT_FOR_VHAL(0)
09-15 11:35:41.307  1756  1895 I CarPowerManagementService: setCurrentState CpmsState canPostpone=false, carPowerStateListenerState=1, mShutdownType=1, CpmsState=WAIT_FOR_VHAL(0)
09-15 11:35:41.308  1756  1895 I CarPowerManagementService: Applying the default power policy for WAIT_FOR_VHAL
09-15 11:35:41.310  1341  1360 I PowerManagerService: Allowing device wake-up from app com.android.car
09-15 11:35:41.311  1756  1756 I DisplayInterface: Refreshing percent brightness(from Setting) to 82
