11-11 18:48:24.871  6780  6780 D SystemServerTiming: OnBootPhase_600_com.android.server.usage.StorageStatsService$Lifecycle
11-11 18:48:24.871  6780  6780 V SystemServerTiming: OnBootPhase_600_com.android.server.usage.StorageStatsService$Lifecycle took to complete: 0ms
11-11 18:48:24.871  6780  6780 D SystemServerTiming: OnBootPhase_600_com.android.server.UiModeManagerService
11-11 18:48:24.871  6780  6780 V SystemServerTiming: OnBootPhase_600_com.android.server.UiModeManagerService took to complete: 0ms
11-11 18:48:24.871  6780  6780 D SystemServerTiming: OnBootPhase_600_com.android.server.locales.LocaleManagerService
11-11 18:48:24.871  6780  6780 V SystemServerTiming: OnBootPhase_600_com.android.server.locales.LocaleManagerService took to complete: 0ms
11-11 18:48:24.871  6780  6780 D SystemServerTiming: OnBootPhase_600_com.android.server.grammaticalinflection.GrammaticalInflectionService
11-11 18:48:24.871  6780  6780 V SystemServerTiming: OnBootPhase_600_com.android.server.grammaticalinflection.GrammaticalInflectionService took to complete: 0ms
11-11 18:48:24.871  6780  6780 D SystemServerTiming: OnBootPhase_600_com.android.server.apphibernation.AppHibernationService
11-11 18:48:24.871  6780  6780 V SystemServerTiming: OnBootPhase_600_com.android.server.apphibernation.AppHibernationService took to complete: 0ms
11-11 18:48:24.871  6780  6780 D SystemServerTiming: OnBootPhase_600_com.android.server.locksettings.LockSettingsService$Lifecycle
11-11 18:48:24.871  6780  6780 V SystemServerTiming: OnBootPhase_600_com.android.server.locksettings.LockSettingsService$Lifecycle took to complete: 0ms
11-11 18:48:24.872  6780  6780 D SystemServerTiming: OnBootPhase_600_com.android.server.PersistentDataBlockService
11-11 18:48:24.872  6780  6780 V SystemServerTiming: OnBootPhase_600_com.android.server.PersistentDataBlockService took to complete: 0ms
11-11 18:48:24.872  6780  6780 D SystemServerTiming: OnBootPhase_600_com.android.server.testharness.TestHarnessModeService
11-11 18:48:24.872  6780  6780 V SystemServerTiming: OnBootPhase_600_com.android.server.testharness.TestHarnessModeService took to complete: 0ms
11-11 18:48:24.872  6780  6780 D SystemServerTiming: OnBootPhase_600_com.android.server.oemlock.OemLockService
11-11 18:48:24.872  6780  6780 V SystemServerTiming: OnBootPhase_600_com.android.server.oemlock.OemLockService took to complete: 0ms
11-11 18:48:24.872  6780  6780 D SystemServerTiming: OnBootPhase_600_com.android.server.DeviceIdleController
11-11 18:48:24.872  6780  6780 V SystemServerTiming: OnBootPhase_600_com.android.server.DeviceIdleController took to complete: 0ms
11-11 18:48:24.872  6780  6780 D SystemServerTiming: OnBootPhase_600_com.android.server.devicepolicy.DevicePolicyManagerService$Lifecycle
11-11 18:48:24.872  6780  6780 V SystemServerTiming: OnBootPhase_600_com.android.server.devicepolicy.DevicePolicyManagerService$Lifecycle took to complete: 0ms
11-11 18:48:24.872  6780  6780 D SystemServerTiming: OnBootPhase_600_com.android.server.texttospeech.TextToSpeechManagerService
11-11 18:48:24.872  6780  6780 V SystemServerTiming: OnBootPhase_600_com.android.server.texttospeech.TextToSpeechManagerService took to complete: 0ms
11-11 18:48:24.872  6780  6780 D SystemServerTiming: OnBootPhase_600_com.android.server.ambientcontext.AmbientContextManagerService
11-11 18:48:24.872  6780  6780 V SystemServerTiming: OnBootPhase_600_com.android.server.ambientcontext.AmbientContextManagerService took to complete: 0ms
11-11 18:48:24.872  6780  6780 D SystemServerTiming: OnBootPhase_600_com.android.server.wearable.WearableSensingManagerService
11-11 18:48:24.872  6780  6780 V SystemServerTiming: OnBootPhase_600_com.android.server.wearable.WearableSensingManagerService took to complete: 0ms
11-11 18:48:24.872  6780  6780 D SystemServerTiming: OnBootPhase_600_com.android.server.speech.SpeechRecognitionManagerService
11-11 18:48:24.873  6780  6780 V SystemServerTiming: OnBootPhase_600_com.android.server.speech.SpeechRecognitionManagerService took to complete: 1ms
11-11 18:48:24.873  6780  6780 D SystemServerTiming: OnBootPhase_600_com.android.server.searchui.SearchUiManagerService
11-11 18:48:24.873  6780  6780 V SystemServerTiming: OnBootPhase_600_com.android.server.searchui.SearchUiManagerService took to complete: 0ms
11-11 18:48:24.873  6780  6780 D SystemServerTiming: OnBootPhase_600_com.android.server.smartspace.SmartspaceManagerService
11-11 18:48:24.873  6780  6780 V SystemServerTiming: OnBootPhase_600_com.android.server.smartspace.SmartspaceManagerService took to complete: 0ms
11-11 18:48:24.873  6780  6780 D SystemServerTiming: OnBootPhase_600_com.android.server.graphics.fonts.FontManagerService$Lifecycle
11-11 18:48:24.873  6780  6780 V SystemServerTiming: OnBootPhase_600_com.android.server.graphics.fonts.FontManagerService$Lifecycle took to complete: 0ms
11-11 18:48:24.873  6780  6780 D SystemServerTiming: OnBootPhase_600_com.android.server.textservices.TextServicesManagerService$Lifecycle
11-11 18:48:24.873  6780  6780 V SystemServerTiming: OnBootPhase_600_com.android.server.textservices.TextServicesManagerService$Lifecycle took to complete: 0ms
11-11 18:48:24.873  6780  6780 D SystemServerTiming: OnBootPhase_600_com.android.server.NetworkScoreService$Lifecycle
11-11 18:48:24.873  6780  6780 V SystemServerTiming: OnBootPhase_600_com.android.server.NetworkScoreService$Lifecycle took to complete: 0ms
11-11 18:48:24.873  6780  6780 D SystemServerTiming: OnBootPhase_600_com.android.server.NetworkStatsServiceInitializer
11-11 18:48:24.873  6780  6780 V SystemServerTiming: OnBootPhase_600_com.android.server.NetworkStatsServiceInitializer took to complete: 0ms
11-11 18:48:24.873  6780  6780 D SystemServerTiming: OnBootPhase_600_com.android.server.wifi.WifiService
11-11 18:48:24.873  6780  6780 V SystemServerTiming: OnBootPhase_600_com.android.server.wifi.WifiService took to complete: 0ms
11-11 18:48:24.873  6780  6780 D SystemServerTiming: OnBootPhase_600_com.android.server.wifi.scanner.WifiScanningService
11-11 18:48:24.873  6780  6780 V SystemServerTiming: OnBootPhase_600_com.android.server.wifi.scanner.WifiScanningService took to complete: 0ms
11-11 18:48:24.873  6780  6780 D SystemServerTiming: OnBootPhase_600_com.android.server.wifi.rtt.RttService
11-11 18:48:24.873  6780  6780 V SystemServerTiming: OnBootPhase_600_com.android.server.wifi.rtt.RttService took to complete: 0ms
11-11 18:48:24.873  6780  6780 D SystemServerTiming: OnBootPhase_600_com.android.server.wifi.aware.WifiAwareService
11-11 18:48:24.873  6780  6780 V SystemServerTiming: OnBootPhase_600_com.android.server.wifi.aware.WifiAwareService took to complete: 0ms
11-11 18:48:24.873  6780  6780 D SystemServerTiming: OnBootPhase_600_com.android.server.wifi.p2p.WifiP2pService
11-11 18:48:24.873  6780  6780 V SystemServerTiming: OnBootPhase_600_com.android.server.wifi.p2p.WifiP2pService took to complete: 0ms
11-11 18:48:24.873  6780  6780 D SystemServerTiming: OnBootPhase_600_com.android.server.ConnectivityServiceInitializer
11-11 18:48:24.876  6780  6780 V SystemServerTiming: OnBootPhase_600_com.android.server.ConnectivityServiceInitializer took to complete: 3ms
11-11 18:48:24.876  6780  6780 D SystemServerTiming: OnBootPhase_600_com.android.server.notification.NotificationManagerService
11-11 18:48:24.876  6780  6984 D GameManagerService: User ID '0' does not have a Game Mode selected for package: 'android'
11-11 18:48:24.876  6780  6984 D CompatibilityChangeReporter: Compat change id reported: 168419799; UID 1000; state: DISABLED
11-11 18:48:24.876  6780  6984 D CompatibilityChangeReporter: Compat change id reported: 273564678; UID 1000; state: DISABLED
11-11 18:48:24.881  6780  6780 V SystemServerTiming: OnBootPhase_600_com.android.server.notification.NotificationManagerService took to complete: 5ms
11-11 18:48:24.881  6780  6780 D SystemServerTiming: OnBootPhase_600_com.android.server.storage.DeviceStorageMonitorService
11-11 18:48:24.881  6780  6780 V SystemServerTiming: OnBootPhase_600_com.android.server.storage.DeviceStorageMonitorService took to complete: 0ms
11-11 18:48:24.881  6780  6780 D SystemServerTiming: OnBootPhase_600_com.android.server.timedetector.TimeDetectorService$Lifecycle
11-11 18:48:24.881  6780  6780 V SystemServerTiming: OnBootPhase_600_com.android.server.timedetector.TimeDetectorService$Lifecycle took to complete: 0ms
11-11 18:48:24.881  6780  6780 D SystemServerTiming: OnBootPhase_600_com.android.server.location.LocationManagerService$Lifecycle
11-11 18:48:24.901     0     0 I binder  : 7018:7018 ioctl 40046210 7fecfd55f0 returned -22
11-11 18:48:24.899  6780  6917 W BroadcastLoopers: Found previously unknown looper Thread[NetworkStats,5,main]
11-11 18:48:24.900  6780  6984 D GameManagerService: User ID '0' does not have a Game Mode selected for package: 'android'
11-11 18:48:24.910     0     0 I binder  : 7030:7030 ioctl 40046210 7fecfd55f0 returned -22
11-11 18:48:24.910  6780  6984 D GameManagerService: User ID '0' does not have a Game Mode selected for package: 'com.android.car'
11-11 18:48:24.910  6780  6984 D CompatibilityChangeReporter: Compat change id reported: 168419799; UID 1000; state: DISABLED
11-11 18:48:24.910  6780  6984 D CompatibilityChangeReporter: Compat change id reported: 273564678; UID 1000; state: DISABLED
11-11 18:48:24.917  6780  6986 W PackageManager: Invalid dex load report. loadingPackageName=null, uid=1037
11-11 18:48:24.974  6780  6984 W PackageManager: Invalid dex load report. loadingPackageName=null, uid=1037
11-11 18:48:24.985  6780  6984 I ActivityManager: Process WebViewLoader-arm64-v8a (pid 7018) has died: psvc PER 
11-11 18:48:24.989  6780  6865 I ActivityManager: Flag disabled. Ignoring finishAttachApplication from uid: 1000. pid: 7030
11-11 18:48:24.998  7030  7030 V SLog    : static_init took to complete: 2ms
11-11 18:48:24.998  7030  7030 D UpdatablePackageContext: No eligible RRO package to enable.
11-11 18:48:25.014  7030  7030 I CarServiceUtils: Starting HandlerThread:AidlVehicleStub
11-11 18:48:25.019  7030  7030 I CAR.SERVICE: No AIDL vehicle HAL found, fall back to HIDL version
11-11 18:48:25.021  6780  6780 W SystemServiceManager: Service com.android.server.location.LocationManagerService$Lifecycle took 140 ms in onBootPhase
11-11 18:48:25.021  6780  6780 V SystemServerTiming: OnBootPhase_600_com.android.server.location.LocationManagerService$Lifecycle took to complete: 140ms
11-11 18:48:25.021  6780  6780 D SystemServerTiming: OnBootPhase_600_com.android.server.timezonedetector.TimeZoneDetectorService$Lifecycle
11-11 18:48:25.021  6780  6780 V SystemServerTiming: OnBootPhase_600_com.android.server.timezonedetector.TimeZoneDetectorService$Lifecycle took to complete: 0ms
11-11 18:48:25.021  6780  6780 D SystemServerTiming: OnBootPhase_600_com.android.server.location.altitude.AltitudeService$Lifecycle
11-11 18:48:25.021  6780  6780 V SystemServerTiming: OnBootPhase_600_com.android.server.location.altitude.AltitudeService$Lifecycle took to complete: 0ms
11-11 18:48:25.021  6780  6780 D SystemServerTiming: OnBootPhase_600_com.android.server.timezonedetector.location.LocationTimeZoneManagerService$Lifecycle
11-11 18:48:25.022  6780  6780 V SystemServerTiming: OnBootPhase_600_com.android.server.timezonedetector.location.LocationTimeZoneManagerService$Lifecycle took to complete: 1ms
11-11 18:48:25.022  6780  6780 D SystemServerTiming: OnBootPhase_600_com.android.server.search.SearchManagerService$Lifecycle
11-11 18:48:25.022  6780  6780 V SystemServerTiming: OnBootPhase_600_com.android.server.search.SearchManagerService$Lifecycle took to complete: 0ms
11-11 18:48:25.022  6780  6780 D SystemServerTiming: OnBootPhase_600_com.android.server.wallpapereffectsgeneration.WallpaperEffectsGenerationManagerService
11-11 18:48:25.022  6780  6780 V SystemServerTiming: OnBootPhase_600_com.android.server.wallpapereffectsgeneration.WallpaperEffectsGenerationManagerService took to complete: 0ms
11-11 18:48:25.022  6780  6780 D SystemServerTiming: OnBootPhase_600_com.android.server.audio.AudioService$Lifecycle
11-11 18:48:25.022  6780  6780 V SystemServerTiming: OnBootPhase_600_com.android.server.audio.AudioService$Lifecycle took to complete: 0ms
11-11 18:48:25.022  6780  6780 D SystemServerTiming: OnBootPhase_600_com.android.server.soundtrigger_middleware.SoundTriggerMiddlewareService$Lifecycle
11-11 18:48:25.022  6780  6780 V SystemServerTiming: OnBootPhase_600_com.android.server.soundtrigger_middleware.SoundTriggerMiddlewareService$Lifecycle took to complete: 0ms
11-11 18:48:25.022  6780  6780 D SystemServerTiming: OnBootPhase_600_com.android.server.broadcastradio.BroadcastRadioService
11-11 18:48:25.022  6780  6780 V SystemServerTiming: OnBootPhase_600_com.android.server.broadcastradio.BroadcastRadioService took to complete: 0ms
11-11 18:48:25.022  6780  6780 D SystemServerTiming: OnBootPhase_600_com.android.server.DockObserver
11-11 18:48:25.022  6780  6780 V SystemServerTiming: OnBootPhase_600_com.android.server.DockObserver took to complete: 0ms
11-11 18:48:25.022  6780  6780 D SystemServerTiming: OnBootPhase_600_com.android.server.midi.MidiService$Lifecycle
11-11 18:48:25.022  6780  6780 V SystemServerTiming: OnBootPhase_600_com.android.server.midi.MidiService$Lifecycle took to complete: 0ms
11-11 18:48:25.022  6780  6780 D SystemServerTiming: OnBootPhase_600_com.android.server.adb.AdbService$Lifecycle
11-11 18:48:25.022  6780  6780 V SystemServerTiming: OnBootPhase_600_com.android.server.adb.AdbService$Lifecycle took to complete: 0ms
11-11 18:48:25.022  6780  6780 D SystemServerTiming: OnBootPhase_600_com.android.server.usb.UsbService$Lifecycle
11-11 18:48:25.022  6780  6780 V SystemServerTiming: OnBootPhase_600_com.android.server.usb.UsbService$Lifecycle took to complete: 0ms
11-11 18:48:25.022  6780  6780 D SystemServerTiming: OnBootPhase_600_com.android.server.twilight.TwilightService
11-11 18:48:25.022  6780  6780 V SystemServerTiming: OnBootPhase_600_com.android.server.twilight.TwilightService took to complete: 0ms
11-11 18:48:25.022  6780  6780 D SystemServerTiming: OnBootPhase_600_com.android.server.display.color.ColorDisplayService
11-11 18:48:25.022  6780  6780 V SystemServerTiming: OnBootPhase_600_com.android.server.display.color.ColorDisplayService took to complete: 1ms
11-11 18:48:25.022  6780  6780 D SystemServerTiming: OnBootPhase_600_com.android.server.job.JobSchedulerService
11-11 18:48:25.031     0     0 I binder  : 7030:7030 ioctl 40046210 7fecfd4274 returned -22
11-11 18:48:25.030  7030  7030 V CAR.InitTiming: getVehicle took to complete: 21ms
11-11 18:48:25.032  7030  7030 I CAR.SERVICE: Connected to android.hardware.automotive.vehicle@2.0::IVehicle
11-11 18:48:25.035  6780  6780 V SystemServerTiming: OnBootPhase_600_com.android.server.job.JobSchedulerService took to complete: 13ms
11-11 18:48:25.036  6780  6780 D SystemServerTiming: OnBootPhase_600_com.android.server.soundtrigger.SoundTriggerService
11-11 18:48:25.036  6780  6780 D SoundTriggerService: onBootPhase: 600 : false
11-11 18:48:25.040  6780  6780 V SystemServerTiming: OnBootPhase_600_com.android.server.soundtrigger.SoundTriggerService took to complete: 4ms
11-11 18:48:25.040  6780  6780 D SystemServerTiming: OnBootPhase_600_com.android.server.trust.TrustManagerService
11-11 18:48:25.051     0     0 I init    : starting service 'mc_logger'...
11-11 18:48:25.045   540   569 I keystore2: system/security/keystore2/src/authorization.rs:143 - on_lock_screen_event(r#UNLOCK, user_id=0, password.is_some()=false, unlocking_sids=Some([]))
11-11 18:48:25.049   540   569 I keystore2: system/security/keystore2/src/authorization.rs:143 - on_lock_screen_event(r#UNLOCK, user_id=10, password.is_some()=false, unlocking_sids=Some([]))
11-11 18:48:25.049  6780  6780 V SystemServerTiming: OnBootPhase_600_com.android.server.trust.TrustManagerService took to complete: 9ms
11-11 18:48:25.049  6780  6780 D SystemServerTiming: OnBootPhase_600_com.android.server.appwidget.AppWidgetService
11-11 18:48:25.049  6780  6780 V SystemServerTiming: OnBootPhase_600_com.android.server.appwidget.AppWidgetService took to complete: 0ms
11-11 18:48:25.049  6780  6780 D SystemServerTiming: OnBootPhase_600_com.android.server.voiceinteraction.VoiceInteractionManagerService
11-11 18:48:25.052  7030  7030 I CarOemProxyService: Oem Car Service Config. Connection timeout:5000, Service Ready timeout:5000, component Name:
11-11 18:48:25.052  7030  7030 I CarOemProxyService: **CarOemService is disabled.**
11-11 18:48:25.052  7030  7030 V CAR.InitTiming: CarOemProxyService took to complete: 1ms
11-11 18:48:25.052  7030  7030 I CarServiceUtils: Starting HandlerThread:VehicleHal
11-11 18:48:25.052  6780  6780 V SystemServerTiming: OnBootPhase_600_com.android.server.voiceinteraction.VoiceInteractionManagerService took to complete: 3ms
11-11 18:48:25.052  6780  6780 D SystemServerTiming: OnBootPhase_600_com.android.server.GestureLauncherService
11-11 18:48:25.060     0     0 I init    : ... started service 'mc_logger' has pid 7082
11-11 18:48:25.057  7030  7030 I CarServiceUtils: Starting HandlerThread:PropertyHalService
11-11 18:48:25.059  7030  7030 I CarServiceUtils: Starting HandlerThread:VmsHalService
11-11 18:48:25.060  7030  7030 I CAR.VmsHalService: Metrics collection disabled
11-11 18:48:25.061  7030  7030 I CarServiceUtils: Starting HandlerThread:UserService
11-11 18:48:25.063  6780  6780 V SystemServerTiming: OnBootPhase_600_com.android.server.GestureLauncherService took to complete: 10ms
11-11 18:48:25.063  6780  6780 D SystemServerTiming: OnBootPhase_600_com.android.server.SensorNotificationService
11-11 18:48:25.065  6780  6780 V SystemServerTiming: OnBootPhase_600_com.android.server.SensorNotificationService took to complete: 2ms
11-11 18:48:25.070  6780  6780 D SystemServerTiming: OnBootPhase_600_com.android.server.emergency.EmergencyAffordanceService
11-11 18:48:25.072  7030  7030 V CAR.InitTiming: VehicleHal took to complete: 20ms
11-11 18:48:25.074  7030  7030 D CAR.HidlVehicleStub: Use getAllPropConfigs to fetch all property configs
11-11 18:48:25.079  7030  7030 I CarServiceUtils: Starting HandlerThread:CarFeatureController
11-11 18:48:25.080  7030  7030 I CarFeatureController: mDefaultEnabledFeaturesFromConfig:[car_navigation_service, car_telemetry_service, cluster_service, com.android.car.user.CarUserNoticeService, diagnostic, storage_monitoring, vehicle_map_service],mDisabledFeaturesFromVhal:[]
11-11 18:48:25.087     0     0 I init    : Service 'mc_logger' (pid 7082) exited with status 1
11-11 18:48:25.087     0     0 I init    : Sending signal 9 to service 'mc_logger' (pid 7082) process group...
11-11 18:48:25.087     0     0 I libprocessgroup: Successfully killed process cgroup uid 1000 pid 7082 in 0ms
11-11 18:48:25.080  6780  6780 V SystemServerTiming: OnBootPhase_600_com.android.server.emergency.EmergencyAffordanceService took to complete: 10ms
11-11 18:48:25.081  6780  6780 D SystemServerTiming: OnBootPhase_600_com.android.server.blob.BlobStoreManagerService
11-11 18:48:25.082  7030  7030 I CarFeatureController: Loaded features:[car_device_policy_service, hvac, storage_monitoring, cabin, car-service-test, vehicle_map_service, uxrestriction, com.android.car.user.CarUserNoticeService, car_navigation_service, drivingstate, property, audio, power, projection, diagnostic, car_occupant_zone_service, info, car_bugreport, car_media, app_focus, package, car_watchdog, vendor_extension, car_bluetooth, car_performance, car_user_service, cluster_service, car_activity_service, android.car.input, car_telemetry_service, sensor]
11-11 18:48:25.083  7030  7030 V CAR.InitTiming: CarFeatureController took to complete: 5ms
11-11 18:48:25.087  7030  7030 I CarServiceUtils: Starting HandlerThread:CarPropertyService
11-11 18:48:25.088  7030  7030 V CAR.InitTiming: CarPropertyService took to complete: 3ms
11-11 18:48:25.090  7030  7030 I CarServiceUtils: Starting HandlerThread:CarDrivingStateService
11-11 18:48:25.092  7030  7030 V CAR.InitTiming: CarDrivingStateService took to complete: 3ms
11-11 18:48:25.093  6780  6780 V SystemServerTiming: OnBootPhase_600_com.android.server.blob.BlobStoreManagerService took to complete: 12ms
11-11 18:48:25.093  6780  6780 D SystemServerTiming: OnBootPhase_600_com.android.server.dreams.DreamManagerService
11-11 18:48:25.095  7030  7030 I CarServiceUtils: Starting HandlerThread:CarOccupantZoneService
11-11 18:48:25.096  7030  7030 V CAR.InitTiming: CarOccupantZoneService took to complete: 3ms
11-11 18:48:25.096  6780  6780 V SystemServerTiming: OnBootPhase_600_com.android.server.dreams.DreamManagerService took to complete: 3ms
11-11 18:48:25.096  6780  6780 D SystemServerTiming: OnBootPhase_600_com.android.server.security.AttestationVerificationManagerService
11-11 18:48:25.096  6780  6780 V SystemServerTiming: OnBootPhase_600_com.android.server.security.AttestationVerificationManagerService took to complete: 0ms
11-11 18:48:25.096  6780  6780 D SystemServerTiming: OnBootPhase_600_com.android.server.companion.CompanionDeviceManagerService
11-11 18:48:25.096  6780  6780 V SystemServerTiming: OnBootPhase_600_com.android.server.companion.CompanionDeviceManagerService took to complete: 0ms
11-11 18:48:25.096  6780  6780 D SystemServerTiming: OnBootPhase_600_com.android.server.companion.virtual.VirtualDeviceManagerService
11-11 18:48:25.096  6780  6780 V SystemServerTiming: OnBootPhase_600_com.android.server.companion.virtual.VirtualDeviceManagerService took to complete: 0ms
11-11 18:48:25.096  6780  6780 D SystemServerTiming: OnBootPhase_600_com.android.server.restrictions.RestrictionsManagerService
11-11 18:48:25.096  6780  6780 V SystemServerTiming: OnBootPhase_600_com.android.server.restrictions.RestrictionsManagerService took to complete: 0ms
11-11 18:48:25.096  6780  6780 D SystemServerTiming: OnBootPhase_600_com.android.server.media.MediaSessionService
11-11 18:48:25.096  6780  6780 V SystemServerTiming: OnBootPhase_600_com.android.server.media.MediaSessionService took to complete: 0ms
11-11 18:48:25.096  6780  6780 D SystemServerTiming: OnBootPhase_600_com.android.server.biometrics.BiometricService
11-11 18:48:25.096  6780  6780 V SystemServerTiming: OnBootPhase_600_com.android.server.biometrics.BiometricService took to complete: 0ms
11-11 18:48:25.096  6780  6780 D SystemServerTiming: OnBootPhase_600_com.android.server.biometrics.AuthService
11-11 18:48:25.096  6780  6780 V SystemServerTiming: OnBootPhase_600_com.android.server.biometrics.AuthService took to complete: 0ms
11-11 18:48:25.096  6780  6780 D SystemServerTiming: OnBootPhase_600_com.android.server.pm.ShortcutService$Lifecycle
11-11 18:48:25.096  6780  6780 V SystemServerTiming: OnBootPhase_600_com.android.server.pm.ShortcutService$Lifecycle took to complete: 0ms
11-11 18:48:25.096  6780  6780 D SystemServerTiming: OnBootPhase_600_com.android.server.pm.LauncherAppsService
11-11 18:48:25.096  6780  6780 V SystemServerTiming: OnBootPhase_600_com.android.server.pm.LauncherAppsService took to complete: 0ms
11-11 18:48:25.096  6780  6780 D SystemServerTiming: OnBootPhase_600_com.android.server.pm.CrossProfileAppsService
11-11 18:48:25.096  6780  6780 V SystemServerTiming: OnBootPhase_600_com.android.server.pm.CrossProfileAppsService took to complete: 0ms
11-11 18:48:25.096  6780  6780 D SystemServerTiming: OnBootPhase_600_com.android.server.people.PeopleService
11-11 18:48:25.096  6780  6780 V SystemServerTiming: OnBootPhase_600_com.android.server.people.PeopleService took to complete: 0ms
11-11 18:48:25.096  6780  6780 D SystemServerTiming: OnBootPhase_600_com.android.server.media.metrics.MediaMetricsManagerService
11-11 18:48:25.096  6780  6780 V SystemServerTiming: OnBootPhase_600_com.android.server.media.metrics.MediaMetricsManagerService took to complete: 0ms
11-11 18:48:25.096  6780  6780 D SystemServerTiming: OnBootPhase_600_com.android.server.pm.BackgroundInstallControlService
11-11 18:48:25.096  6780  6780 V SystemServerTiming: OnBootPhase_600_com.android.server.pm.BackgroundInstallControlService took to complete: 0ms
11-11 18:48:25.096  6780  6780 D SystemServerTiming: OnBootPhase_600_com.android.server.media.projection.MediaProjectionManagerService
11-11 18:48:25.096  6780  6780 V SystemServerTiming: OnBootPhase_600_com.android.server.media.projection.MediaProjectionManagerService took to complete: 0ms
11-11 18:48:25.096  6780  6780 D SystemServerTiming: OnBootPhase_600_com.android.server.slice.SliceManagerService$Lifecycle
11-11 18:48:25.096  6780  6780 V SystemServerTiming: OnBootPhase_600_com.android.server.slice.SliceManagerService$Lifecycle took to complete: 0ms
11-11 18:48:25.096  6780  6780 D SystemServerTiming: OnBootPhase_600_com.android.server.stats.StatsCompanion$Lifecycle
11-11 18:48:25.097  7030  7030 I CarServiceUtils: Starting HandlerThread:CarUxRestrictionsManagerService
11-11 18:48:25.099  7030  7030 V CAR.InitTiming: CarUxRestrictionsManagerService took to complete: 3ms
11-11 18:48:25.100  7030  7030 I CarServiceUtils: Starting HandlerThread:SystemActivityMonitoringService
11-11 18:48:25.101  7030  7030 V CAR.InitTiming: CarActivityService took to complete: 1ms
11-11 18:48:25.103  7030  7030 I CarServiceUtils: Starting HandlerThread:CarPackageManagerService
11-11 18:48:25.106  7030  7030 V CAR.InitTiming: CarPackageManagerService took to complete: 4ms
11-11 18:48:25.111  7030  7030 I CarServiceUtils: Starting HandlerThread:UserService.BG
11-11 18:48:25.113  7030  7030 V CAR.InitTiming: CarUserService took to complete: 6ms
11-11 18:48:25.113  7030  7030 I ICarImpl: VHAL Priority Init Enabled
11-11 18:48:25.114  7030  7030 I ICarImpl: Car User Service Priority Init Enabled
11-11 18:48:25.114  7030  7030 I CAR.HAL : fetchAllPropConfigs already fetched
11-11 18:48:25.114  6780  7014 D CompatibilityChangeReporter: Compat change id reported: 135634846; UID 10100; state: DISABLED
11-11 18:48:25.114  6780  7014 D CompatibilityChangeReporter: Compat change id reported: 177438394; UID 10100; state: DISABLED
11-11 18:48:25.115  6780  7014 D CompatibilityChangeReporter: Compat change id reported: 135772972; UID 10100; state: DISABLED
11-11 18:48:25.115  6780  7014 D CompatibilityChangeReporter: Compat change id reported: 135754954; UID 10100; state: ENABLED
11-11 18:48:25.115  6780  7014 D CompatibilityChangeReporter: Compat change id reported: 207557677; UID 10100; state: ENABLED
11-11 18:48:25.115  6780  6780 V SystemServerTiming: OnBootPhase_600_com.android.server.stats.StatsCompanion$Lifecycle took to complete: 19ms
11-11 18:48:25.115  6780  6780 D SystemServerTiming: OnBootPhase_600_com.android.server.scheduling.RebootReadinessManagerService$Lifecycle
11-11 18:48:25.115  6780  6780 V SystemServerTiming: OnBootPhase_600_com.android.server.scheduling.RebootReadinessManagerService$Lifecycle took to complete: 0ms
11-11 18:48:25.115  6780  6780 D SystemServerTiming: OnBootPhase_600_com.android.server.stats.pull.StatsPullAtomService
11-11 18:48:25.115  6780  6780 V SystemServerTiming: OnBootPhase_600_com.android.server.stats.pull.StatsPullAtomService took to complete: 0ms
11-11 18:48:25.115  6780  6780 D SystemServerTiming: OnBootPhase_600_com.android.server.stats.bootstrap.StatsBootstrapAtomService$Lifecycle
11-11 18:48:25.115  6780  6780 V SystemServerTiming: OnBootPhase_600_com.android.server.stats.bootstrap.StatsBootstrapAtomService$Lifecycle took to complete: 0ms
11-11 18:48:25.115  6780  6780 D SystemServerTiming: OnBootPhase_600_com.android.server.incident.IncidentCompanionService
11-11 18:48:25.115  6780  6780 V SystemServerTiming: OnBootPhase_600_com.android.server.incident.IncidentCompanionService took to complete: 0ms
11-11 18:48:25.115  6780  6780 D SystemServerTiming: OnBootPhase_600_com.android.server.sdksandbox.SdkSandboxManagerService$Lifecycle
11-11 18:48:25.115  6780  6780 V SystemServerTiming: OnBootPhase_600_com.android.server.sdksandbox.SdkSandboxManagerService$Lifecycle took to complete: 0ms
11-11 18:48:25.115  6780  6780 D SystemServerTiming: OnBootPhase_600_com.android.server.adservices.AdServicesManagerService$Lifecycle
11-11 18:48:25.115  6780  6780 V SystemServerTiming: OnBootPhase_600_com.android.server.adservices.AdServicesManagerService$Lifecycle took to complete: 0ms
11-11 18:48:25.115  6780  6780 D SystemServerTiming: OnBootPhase_600_com.android.server.ondevicepersonalization.OnDevicePersonalizationSystemService$Lifecycle
11-11 18:48:25.115  6780  6780 V SystemServerTiming: OnBootPhase_600_com.android.server.ondevicepersonalization.OnDevicePersonalizationSystemService$Lifecycle took to complete: 0ms
11-11 18:48:25.115  6780  6780 D SystemServerTiming: OnBootPhase_600_com.android.server.MmsServiceBroker
11-11 18:48:25.115  6780  6780 V SystemServerTiming: OnBootPhase_600_com.android.server.MmsServiceBroker took to complete: 0ms
11-11 18:48:25.115  6780  6780 D SystemServerTiming: OnBootPhase_600_com.android.server.selectiontoolbar.SelectionToolbarManagerService
11-11 18:48:25.115  6780  6816 D StatsPullAtomService: Registering NetworkStats pullers with statsd
11-11 18:48:25.116  7030  7030 I CAR.VmsHalService: VmsHalService VHAL property not supported
11-11 18:48:25.116  6780  6780 V SystemServerTiming: OnBootPhase_600_com.android.server.selectiontoolbar.SelectionToolbarManagerService took to complete: 0ms
11-11 18:48:25.116  6780  6780 D SystemServerTiming: OnBootPhase_600_com.android.server.clipboard.ClipboardService
11-11 18:48:25.116  6780  6780 V SystemServerTiming: OnBootPhase_600_com.android.server.clipboard.ClipboardService took to complete: 0ms
11-11 18:48:25.116  6780  6780 D SystemServerTiming: OnBootPhase_600_com.android.server.appbinding.AppBindingService$Lifecycle
11-11 18:48:25.116  6780  6780 V SystemServerTiming: OnBootPhase_600_com.android.server.appbinding.AppBindingService$Lifecycle took to complete: 0ms
11-11 18:48:25.116  6780  6780 D SystemServerTiming: OnBootPhase_600_com.android.server.tracing.TracingServiceProxy
11-11 18:48:25.116  6780  6780 V SystemServerTiming: OnBootPhase_600_com.android.server.tracing.TracingServiceProxy took to complete: 0ms
11-11 18:48:25.116  6780  6780 D SystemServerTiming: OnBootPhase_600_com.android.server.policy.PermissionPolicyService
11-11 18:48:25.116  6780  6780 V SystemServerTiming: OnBootPhase_600_com.android.server.policy.PermissionPolicyService took to complete: 0ms
11-11 18:48:25.116  6780  6780 D SystemServerTiming: OnBootPhase_600_com.android.server.pm.StagingManager$Lifecycle
11-11 18:48:25.116  6780  6780 V SystemServerTiming: OnBootPhase_600_com.android.server.pm.StagingManager$Lifecycle took to complete: 0ms
11-11 18:48:25.116  6780  6780 D SystemServerTiming: OnBootPhase_600_com.android.server.app.GameManagerService$Lifecycle
11-11 18:48:25.116  6780  6780 V SystemServerTiming: OnBootPhase_600_com.android.server.app.GameManagerService$Lifecycle took to complete: 0ms
11-11 18:48:25.116  6780  6780 D SystemServerTiming: OnBootPhase_600_com.android.safetycenter.SafetyCenterService
11-11 18:48:25.116  6780  6780 V SystemServerTiming: OnBootPhase_600_com.android.safetycenter.SafetyCenterService took to complete: 0ms
11-11 18:48:25.116  6780  6780 D SystemServerTiming: OnBootPhase_600_com.android.server.appsearch.AppSearchModule$Lifecycle
11-11 18:48:25.116  6780  6780 V SystemServerTiming: OnBootPhase_600_com.android.server.appsearch.AppSearchModule$Lifecycle took to complete: 0ms
11-11 18:48:25.116  6780  6780 D SystemServerTiming: OnBootPhase_600_com.android.server.media.MediaCommunicationService
11-11 18:48:25.116  6780  6780 V SystemServerTiming: OnBootPhase_600_com.android.server.media.MediaCommunicationService took to complete: 0ms
11-11 18:48:25.116  6780  6780 D SystemServerTiming: OnBootPhase_600_com.android.server.compat.overrides.AppCompatOverridesService$Lifecycle
11-11 18:48:25.116  6780  6780 V SystemServerTiming: OnBootPhase_600_com.android.server.compat.overrides.AppCompatOverridesService$Lifecycle took to complete: 0ms
11-11 18:48:25.116  6780  6780 D SystemServerTiming: OnBootPhase_600_com.android.server.healthconnect.HealthConnectManagerService
11-11 18:48:25.116  6780  6780 V SystemServerTiming: OnBootPhase_600_com.android.server.healthconnect.HealthConnectManagerService took to complete: 0ms
11-11 18:48:25.116  6780  6780 D SystemServerTiming: OnBootPhase_600_com.android.server.devicelock.DeviceLockService
11-11 18:48:25.116  6780  6780 D DeviceLockService: onBootPhase: 600
11-11 18:48:25.116  6780  6780 V SystemServerTiming: OnBootPhase_600_com.android.server.devicelock.DeviceLockService took to complete: 0ms
11-11 18:48:25.116  6780  6780 D SystemServerTiming: OnBootPhase_600_com.android.internal.car.CarServiceHelperService
11-11 18:48:25.116  6780  6780 D CarServiceHelper: onBootPhase: 600
11-11 18:48:25.116  6780  6780 D CarServiceHelper: onBootPhase.3pApps
11-11 18:48:25.116  6780  6780 D CarServiceHelper: setupAndStartUsers
11-11 18:48:25.117  6780  6780 V CarServiceHelper: setupAndStartUsers took to complete: 0ms
11-11 18:48:25.117  6780  6780 V CarServiceHelper: onBootPhase.3pApps took to complete: 1ms
11-11 18:48:25.117  6780  6780 V SystemServerTiming: OnBootPhase_600_com.android.internal.car.CarServiceHelperService took to complete: 1ms
11-11 18:48:25.117  6780  6780 V SystemServerTiming: OnBootPhase_600 took to complete: 256ms
11-11 18:48:25.117  6780  6780 V SystemServerTiming: PhaseThirdPartyAppsCanStart took to complete: 256ms
11-11 18:48:25.117  6780  6780 D SystemServerTiming: HsumBootUserInitializer.systemRunning
11-11 18:48:25.117  6780  6780 I HsumBootUserInitializer: Unlocking system user
11-11 18:48:25.117  6780  6780 D SystemServerTiming: unlock-system-user
11-11 18:48:25.117  6780  6780 D SystemServerTiming: am.startUser
11-11 18:48:25.117  6780  6780 D SystemServerTiming: UserController.startUser-0-bg-start-mode-2
11-11 18:48:25.117  6780  6780 D SystemServerTiming: getStartedUserState
11-11 18:48:25.117  6780  6780 V SystemServerTiming: getStartedUserState took to complete: 0ms
11-11 18:48:25.117  6780  6780 D SystemServerTiming: getUserInfo
11-11 18:48:25.117  6780  6780 V SystemServerTiming: getUserInfo took to complete: 1ms
11-11 18:48:25.117  6780  6780 D SystemServerTiming: assignUserToDisplayOnStart
11-11 18:48:25.118  6780  6780 V SystemServerTiming: assignUserToDisplayOnStart took to complete: 0ms
11-11 18:48:25.118  6780  6780 D SystemServerTiming: updateStartedUserArrayStarting
11-11 18:48:25.118  6780  6780 V SystemServerTiming: updateStartedUserArrayStarting took to complete: 0ms
11-11 18:48:25.118  6780  6780 D SystemServerTiming: updateConfigurationAndProfileIds
11-11 18:48:25.118  6780  6780 V SystemServerTiming: updateConfigurationAndProfileIds took to complete: 0ms
11-11 18:48:25.118  6780  6780 D SystemServerTiming: updateStateBooting
11-11 18:48:25.118  7030  7030 W CAR.UserHalService: Vehicle HAL does not support user management
11-11 18:48:25.118  6780  6780 D SystemServerTiming: onBeforeStartUser-0
11-11 18:48:25.118  6780  6780 D SystemServerTiming: prepareUserData
11-11 18:48:25.118  7030  7030 D ClusterHalService: initClusterHalService
11-11 18:48:25.119   484   570 D vold    : fscrypt_prepare_user_storage for volume null, user 0, serial 0, flags 1
11-11 18:48:25.119   484   570 D vold    : Preparing: /data/system/users/0
11-11 18:48:25.120  7030  7030 V CAR.InitTiming: SystemActivityMonitoringService took to complete: 1ms
11-11 18:48:25.121   484   570 D vold    : Preparing: /data/misc/profiles/cur/0
11-11 18:48:25.122   484   570 D vold    : Preparing: /data/system_de/0
11-11 18:48:25.122  7030  7030 I CarServiceUtils: Starting HandlerThread:CarPowerManagementService
11-11 18:48:25.122   484   570 I vold    : Verified that /data/system_de/0 has the encryption policy a50e94b462a0f7212666126db14aa965 v2 modes 1/4 flags 0x12
11-11 18:48:25.122   484   570 D vold    : Preparing: /data/vendor_de/0
11-11 18:48:25.123   484   570 I vold    : Verified that /data/vendor_de/0 has the encryption policy a50e94b462a0f7212666126db14aa965 v2 modes 1/4 flags 0x12
11-11 18:48:25.123   484   570 D vold    : Preparing: /data/misc_de/0
11-11 18:48:25.123   484   570 I vold    : Verified that /data/misc_de/0 has the encryption policy a50e94b462a0f7212666126db14aa965 v2 modes 1/4 flags 0x12
11-11 18:48:25.123   484   570 D vold    : Preparing: /data/user_de/0
11-11 18:48:25.124   484   570 I vold    : Verified that /data/user_de/0 has the encryption policy a50e94b462a0f7212666126db14aa965 v2 modes 1/4 flags 0x12
11-11 18:48:25.124   484   570 D vold    : /system/bin/vold_prepare_subdirs
11-11 18:48:25.124   484   570 D vold    :     prepare
11-11 18:48:25.124   484   570 D vold    :     
11-11 18:48:25.124   484   570 D vold    :     0
11-11 18:48:25.124   484   570 D vold    :     1
11-11 18:48:25.133  7030  7030 W CarPowerManagementService: mEnableBatteryProfile= true
11-11 18:48:25.133  7030  7030 V CAR.InitTiming: CarPowerManagementService took to complete: 12ms
11-11 18:48:25.134  7030  7030 I CarServiceUtils: Starting HandlerThread:CarServiceUtils_COMMON_HANDLER_THREAD
11-11 18:48:25.136  7030  7089 I CAR.InitialUserSetter: Last active user loaded for initial user: 10
11-11 18:48:25.137  7030  7030 V CAR.InitTiming: CarUserNoticeService took to complete: 3ms
11-11 18:48:25.138  7030  7030 I CarServiceUtils: Starting HandlerThread:CarPerUserServiceHelper
11-11 18:48:25.139  7030  7030 V CAR.InitTiming: CarPerUserServiceHelper took to complete: 2ms
11-11 18:48:25.140  7030  7030 V CAR.InitTiming: CarBluetoothService took to complete: 1ms
11-11 18:48:25.142  7030  7089 I CAR.InitialUserSetter: Setting boot user to: 10
11-11 18:48:25.143  6780  6796 I UserManagerService: setBootUser 10
11-11 18:48:25.143  7030  7030 V CAR.InitTiming: CarInputService took to complete: 2ms
11-11 18:48:25.145  7030  7030 V CAR.InitTiming: CarProjectionService took to complete: 1ms
11-11 18:48:25.147  7030  7030 V CAR.InitTiming: GarageModeService took to complete: 3ms
11-11 18:48:25.149  7030  7030 I CarServiceUtils: Starting HandlerThread:AppFocusService
11-11 18:48:25.151  7030  7030 V CAR.InitTiming: AppFocusService took to complete: 3ms
11-11 18:48:25.155  7030  7030 I CarServiceUtils: Starting HandlerThread:CarVolumeCallback
11-11 18:48:25.156  7030  7030 I CarServiceUtils: Starting HandlerThread:CarAudioService
11-11 18:48:25.157  7030  7030 I CarServiceUtils: Starting HandlerThread:CarAudioMediaRequest
11-11 18:48:25.161  7030  7030 I CarServiceUtils: Starting HandlerThread:CarAudioMirrorRequest
11-11 18:48:25.163  7030  7030 V CAR.InitTiming: CarAudioService took to complete: 11ms
11-11 18:48:25.166  7030  7030 V CAR.InitTiming: CarNightService took to complete: 2ms
11-11 18:48:25.166  7030  7030 I CarServiceUtils: Starting HandlerThread:FixedActivityService
11-11 18:48:25.168  7030  7030 V CAR.InitTiming: FixedActivityService took to complete: 2ms
11-11 18:48:25.169  7030  7030 V CAR.InitTiming: ClusterNavigationService took to complete: 0ms
11-11 18:48:25.170  7030  7030 V CAR.InitTiming: InstrumentClusterService took to complete: 1ms
11-11 18:48:25.172  7030  7030 V CAR.InitTiming: CarStatsService took to complete: 1ms
11-11 18:48:25.173  7030  7030 V CAR.InitTiming: VmsBrokerService took to complete: 1ms
11-11 18:48:25.174  7030  7030 V CAR.InitTiming: CarDiagnosticService took to complete: 1ms
11-11 18:48:25.178  7030  7030 V CAR.InitTiming: CarStorageMonitoringService took to complete: 3ms
11-11 18:48:25.179  7030  7030 I CarServiceUtils: Starting HandlerThread:CarLocationService
11-11 18:48:25.180  6780  6985 I ActivityManager: Process WebViewLoader-armeabi-v7a (pid 7017) has died: psvc PER 
11-11 18:48:25.181  7030  7030 V CAR.InitTiming: CarLocationService took to complete: 2ms
11-11 18:48:25.182  7030  7030 I CarServiceUtils: Starting HandlerThread:CarMediaService
11-11 18:48:25.188  6780  6806 D DisplayManagerService: Drop pending events for gone uid 1037
11-11 18:48:25.188  7030  7030 V CAR.InitTiming: CarMediaService took to complete: 6ms
11-11 18:48:25.190  7030  7030 I CarServiceUtils: Starting HandlerThread:CarBugreportManagerService
11-11 18:48:25.191  7030  7030 V CAR.InitTiming: CarBugreportManagerService took to complete: 2ms
11-11 18:48:25.194  6780  6780 V UserDataPreparer: Found /data/user_de/0 with serial number 0
11-11 18:48:25.194  6780  6780 V UserDataPreparer: Found /data/system_de/0 with serial number 0
11-11 18:48:25.195  6780  6780 V SystemServerTiming: prepareUserData took to complete: 77ms
11-11 18:48:25.195  6780  6780 D SystemServerTiming: reconcileAppsData
11-11 18:48:25.195  6780  6780 V PackageManager: reconcileAppsData for null u0 0x1 migrateAppData=false
11-11 18:48:25.196  7030  7030 I CarServiceUtils: Starting HandlerThread:CarWatchdogService
11-11 18:48:25.199  6780  6780 W PackageManager: Skipping preparing app data for com.android.sdksandbox
11-11 18:48:25.200  7030  7030 V CAR.InitTiming: CarWatchdogService took to complete: 8ms
11-11 18:48:25.201  7030  7030 V CAR.InitTiming: CarPerformanceService took to complete: 1ms
11-11 18:48:25.202  7030  7030 V CAR.InitTiming: CarDevicePolicyService took to complete: 0ms
11-11 18:48:25.204  7030  7030 I CarServiceUtils: Starting HandlerThread:CarTelemetryService
11-11 18:48:25.205  7030  7030 V CAR.InitTiming: CarTelemetryService took to complete: 2ms
11-11 18:48:25.206  7030  7030 V CAR.InitTiming: CarExperimentalFeatureServiceController took to complete: 1ms
11-11 18:48:25.207  7030  7030 I ICarImpl: Initializing CarCellularPowerPolicyHandler
11-11 18:48:25.207  7030  7030 V CAR.InitTiming: ICarImpl.constructor took to complete: 157ms
11-11 18:48:25.207  7030  7030 V CAR.InitTiming: CarOemProxyService took to complete: 0ms
11-11 18:48:25.207  7030  7030 V CAR.InitTiming: VehicleHal took to complete: 0ms
11-11 18:48:25.207  7030  7030 V CAR.InitTiming: CarFeatureController took to complete: 0ms
11-11 18:48:25.209  7030  7030 E CAR.PropertyHalServiceIds: propId is not writable : 0x11100101
11-11 18:48:25.209  7030  7030 E CAR.PropertyHalServiceIds: propId is not writable : 0x11100102
11-11 18:48:25.209  7030  7030 E CAR.PropertyHalServiceIds: propId is not writable : 0x1120030b
11-11 18:48:25.209  7030  7030 E CAR.PropertyHalServiceIds: propId is not writable : 0x11200402
11-11 18:48:25.209  7030  7030 E CAR.PropertyHalServiceIds: propId is not writable : 0x11200405
11-11 18:48:25.209  7030  7030 E CAR.PropertyHalServiceIds: propId is not writable : 0x11200407
11-11 18:48:25.209  7030  7030 E CAR.PropertyHalServiceIds: propId is not writable : 0x11400400
11-11 18:48:25.209  7030  7030 E CAR.PropertyHalServiceIds: propId is not writable : 0x11400401
11-11 18:48:25.209  7030  7030 E CAR.PropertyHalServiceIds: propId is not writable : 0x11400408
11-11 18:48:25.209  7030  7030 E CAR.PropertyHalServiceIds: propId is not writable : 0x11400409
11-11 18:48:25.209  7030  7030 E CAR.PropertyHalServiceIds: propId is not writable : 0x11400e00
11-11 18:48:25.209  7030  7030 E CAR.PropertyHalServiceIds: propId is not writable : 0x11400e01
11-11 18:48:25.209  7030  7030 E CAR.PropertyHalServiceIds: propId is not writable : 0x11400e03
11-11 18:48:25.209  7030  7030 E CAR.PropertyHalServiceIds: propId is not writable : 0x11410105
11-11 18:48:25.209  7030  7030 E CAR.PropertyHalServiceIds: propId is not writable : 0x11410107
11-11 18:48:25.209  7030  7030 E CAR.PropertyHalServiceIds: propId is not writable : 0x11510306
11-11 18:48:25.209  7030  7030 E CAR.PropertyHalServiceIds: propId is not writable : 0x11600104
11-11 18:48:25.209  7030  7030 E CAR.PropertyHalServiceIds: propId is not writable : 0x11600106
11-11 18:48:25.209  7030  7030 E CAR.PropertyHalServiceIds: propId is not writable : 0x11600204
11-11 18:48:25.209  7030  7030 E CAR.PropertyHalServiceIds: propId is not writable : 0x11600207
11-11 18:48:25.209  7030  7030 E CAR.PropertyHalServiceIds: propId is not writable : 0x11600305
11-11 18:48:25.209  7030  7030 E CAR.PropertyHalServiceIds: propId is not writable : 0x11600307
11-11 18:48:25.209  7030  7030 E CAR.PropertyHalServiceIds: propId is not writable : 0x11600309
11-11 18:48:25.209  7030  7030 E CAR.PropertyHalServiceIds: propId is not writable : 0x1160030c
11-11 18:48:25.209  7030  7030 E CAR.PropertyHalServiceIds: propId is not writable : 0x1540010a
11-11 18:48:25.209  7030  7030 E CAR.PropertyHalServiceIds: propId is not writable : 0x17600309
11-11 18:48:25.210  7030  7030 E CAR.PropertyHalServiceIds: propId is not writable : 0x21400f43
11-11 18:48:25.210  7030  7030 E CAR.PropertyHalServiceIds: propId is not writable : 0x21400f46
11-11 18:48:25.210  7030  7030 E CAR.PropertyHalServiceIds: propId is not writable : 0x21400f48
11-11 18:48:25.210  7030  7030 E CAR.PropertyHalServiceIds: propId is not writable : 0x21400f4a
11-11 18:48:25.210  7030  7030 E CAR.PropertyHalServiceIds: propId is not writable : 0x21600f49
11-11 18:48:25.210  7030  7030 E CAR.PropertyHalServiceIds: propId is not writable : 0x21600f50
11-11 18:48:25.210  7030  7030 E CAR.PropertyHalServiceIds: propId is not writable : 0x21600f51
11-11 18:48:25.210  7030  7030 E CAR.PropertyHalServiceIds: propId is not writable : 0x21600f52
11-11 18:48:25.210  7030  7030 E CAR.PropertyHalServiceIds: propId is not writable : 0x21600f53
11-11 18:48:25.210  7030  7030 E CAR.PropertyHalServiceIds: propId is not writable : 0x21600f54
11-11 18:48:25.210  7030  7030 E CAR.PropertyHalServiceIds: propId is not writable : 0x21600f55
11-11 18:48:25.210  7030  7030 E CAR.PropertyHalServiceIds: propId is not writable : 0x27200f4d
11-11 18:48:25.210  7030  7030 E CAR.PropertyHalServiceIds: propId is not writable : 0x27200f4e
11-11 18:48:25.210  7030  7030 E CAR.PropertyHalServiceIds: propId is not writable : 0x27600f4b
11-11 18:48:25.210  7030  7030 E CAR.PropertyHalServiceIds: propId is not writable : 0x27600f4c
11-11 18:48:25.210  7030  7030 V CAR.InitTiming: CarPropertyService took to complete: 3ms
11-11 18:48:25.220  7030  7030 V CAR.InitTiming: CarDrivingStateService took to complete: 10ms
11-11 18:48:25.224  7030  7030 W CarOccupantZoneService: No default display configuration, will assign to zone:0
11-11 18:48:25.224  7030  7030 W CarOccupantZoneService: No input type was defined for displayType:1  and occupantZoneId:0
11-11 18:48:25.225  7030  7030 V CAR.InitTiming: CarOccupantZoneService took to complete: 5ms
11-11 18:48:25.225  7030  7030 I CarUxRestrictionsManagerService: initDisplayIdsLocked: adding display: 0
11-11 18:48:25.226  7030  7030 I CarUxRestrictionsManagerService: initDisplayIdsLocked: setting default display id by zone to {occupantZoneId=0 displayType=1}
11-11 18:48:25.234  7030  7030 V CAR.InitTiming: CarUxRestrictionsManagerService took to complete: 9ms
11-11 18:48:25.234  7030  7030 V CAR.InitTiming: CarActivityService took to complete: 0ms
11-11 18:48:25.236  7030  7030 V CAR.InitTiming: CarPackageManagerService took to complete: 2ms
11-11 18:48:25.236  7030  7030 V CAR.InitTiming: CarUserService took to complete: 0ms
11-11 18:48:25.238  7030  7030 V CAR.InitTiming: SystemActivityMonitoringService took to complete: 1ms
11-11 18:48:25.238  7030  7099 I CAR.VendorServiceController: Found 0 services to be started/bound
11-11 18:48:25.238  7030  7030 W CAR.PolicyReader: Proceed without registered policies: failed to parse /vendor/etc/automotive/power_policy.xml: java.io.FileNotFoundException: /vendor/etc/automotive/power_policy.xml: open failed: ENOENT (No such file or directory)
11-11 18:48:25.239  7030  7030 W CAR.PolicyReader: readPowerPolicyFromXml :: system_power_policy_battery_profile_critical_on
11-11 18:48:25.240  7030  7030 W CAR.PolicyReader: Updated system power policy:: system_power_policy_battery_profile_critical_on
11-11 18:48:25.241  7030  7030 W CAR.PolicyReader: readPowerPolicyFromXml :: system_power_policy_battery_profile_low_on
11-11 18:48:25.241  7030  7030 W CAR.PolicyReader: Updated system power policy:: system_power_policy_battery_profile_low_on
11-11 18:48:25.254  7030  7109 I CarPowerManagementService: doHandlePowerStateChange: newState=WAIT_FOR_VHAL(0)
11-11 18:48:25.255  7030  7109 I CarPowerManagementService: setCurrentState CpmsState canPostpone=false, carPowerStateListenerState=1, mShutdownType=1, CpmsState=WAIT_FOR_VHAL(0)
11-11 18:48:25.256  7030  7109 I CarPowerManagementService: Applying the default power policy for WAIT_FOR_VHAL
11-11 18:48:25.259  6780  6985 I PowerManagerService: Allowing device wake-up from app com.android.car
11-11 18:48:25.259  7030  7030 I DisplayInterface: Refreshing percent brightness(from Setting) to 82
11-11 18:48:25.260  7030  7030 I CAR.POWER: send display brightness = 82
11-11 18:48:25.263  7030  7030 I CarPowerManagementService: Connected to car power policy daemon
11-11 18:48:25.263  7030  7030 I CarPowerManagementService: CPMS is taking control from carpowerpolicyd
11-11 18:48:25.263  7030  7109 I CAR.POWER: on display 0
11-11 18:48:25.263  7030  7109 W CarPowerManagementService: Notifying policy change is deferred: CPMS has not yet taken control
11-11 18:48:25.264  7030  7109 I CarPowerManagementService: The current power policy is system_power_policy_initial_on
11-11 18:48:25.264  7030  7109 W CarPowerManagementService: Failed to cancel system power policy: the current policy is not the system power policy
11-11 18:48:25.264  7030  7109 I CAR.POWER: send wait for vhal
11-11 18:48:25.266  7030  7109 I CAR.POWER: setPowerState=WAIT_FOR_VHAL(1) param=0
11-11 18:48:25.266  7030  7030 I CarPowerManagementService: CPMS applied power policy(system_power_policy_initial_on) before connecting to the daemon. Notifying to the daemon...
11-11 18:48:25.272  7030  7030 W CarPowerManagementService: Failed to set power policy group:  is not registered
11-11 18:48:25.272  7030  7030 W CarPowerManagementService: Failed to set power policy group
11-11 18:48:25.273  7030  7030 W CAR.SilentModeHandler: Failed to start monitoring Silent Mode HW state: /sys/power/pm_silentmode_hw_state doesn't exist
11-11 18:48:25.273  7030  7030 V CAR.InitTiming: CarPowerManagementService took to complete: 35ms
