11-11 18:48:24.568  6780  6780 D SystemServerTiming: OnBootPhase_550_com.android.server.biometrics.BiometricService
11-11 18:48:24.568  6780  6780 V SystemServerTiming: OnBootPhase_550_com.android.server.biometrics.BiometricService took to complete: 0ms
11-11 18:48:24.568  6780  6780 D SystemServerTiming: OnBootPhase_550_com.android.server.biometrics.AuthService
11-11 18:48:24.568  6780  6780 V SystemServerTiming: OnBootPhase_550_com.android.server.biometrics.AuthService took to complete: 0ms
11-11 18:48:24.568  6780  6780 D SystemServerTiming: OnBootPhase_550_com.android.server.pm.ShortcutService$Lifecycle
11-11 18:48:24.568  6780  6780 V SystemServerTiming: OnBootPhase_550_com.android.server.pm.ShortcutService$Lifecycle took to complete: 0ms
11-11 18:48:24.568  6780  6780 D SystemServerTiming: OnBootPhase_550_com.android.server.pm.LauncherAppsService
11-11 18:48:24.568  6780  6875 E NativeTombstoneManager: Tombstone's UID (1000) not an app, ignoring
11-11 18:48:24.568  6780  6780 V SystemServerTiming: OnBootPhase_550_com.android.server.pm.LauncherAppsService took to complete: 0ms
11-11 18:48:24.568  6780  6780 D SystemServerTiming: OnBootPhase_550_com.android.server.pm.CrossProfileAppsService
11-11 18:48:24.568  6780  6780 V SystemServerTiming: OnBootPhase_550_com.android.server.pm.CrossProfileAppsService took to complete: 0ms
11-11 18:48:24.568  6780  6780 D SystemServerTiming: OnBootPhase_550_com.android.server.people.PeopleService
11-11 18:48:24.568  6780  6780 V SystemServerTiming: OnBootPhase_550_com.android.server.people.PeopleService took to complete: 0ms
11-11 18:48:24.568  6780  6780 D SystemServerTiming: OnBootPhase_550_com.android.server.media.metrics.MediaMetricsManagerService
11-11 18:48:24.568  6780  6780 V SystemServerTiming: OnBootPhase_550_com.android.server.media.metrics.MediaMetricsManagerService took to complete: 0ms
11-11 18:48:24.568  6780  6780 D SystemServerTiming: OnBootPhase_550_com.android.server.pm.BackgroundInstallControlService
11-11 18:48:24.568  6780  6780 V SystemServerTiming: OnBootPhase_550_com.android.server.pm.BackgroundInstallControlService took to complete: 0ms
11-11 18:48:24.568  6780  6780 D SystemServerTiming: OnBootPhase_550_com.android.server.media.projection.MediaProjectionManagerService
11-11 18:48:24.568  6780  6780 V SystemServerTiming: OnBootPhase_550_com.android.server.media.projection.MediaProjectionManagerService took to complete: 0ms
11-11 18:48:24.568  6780  6780 D SystemServerTiming: OnBootPhase_550_com.android.server.slice.SliceManagerService$Lifecycle
11-11 18:48:24.568  6780  6780 V SystemServerTiming: OnBootPhase_550_com.android.server.slice.SliceManagerService$Lifecycle took to complete: 0ms
11-11 18:48:24.568  6780  6780 D SystemServerTiming: OnBootPhase_550_com.android.server.stats.StatsCompanion$Lifecycle
11-11 18:48:24.568  6780  6780 V SystemServerTiming: OnBootPhase_550_com.android.server.stats.StatsCompanion$Lifecycle took to complete: 0ms
11-11 18:48:24.568  6780  6780 D SystemServerTiming: OnBootPhase_550_com.android.server.scheduling.RebootReadinessManagerService$Lifecycle
11-11 18:48:24.568  6780  6780 V SystemServerTiming: OnBootPhase_550_com.android.server.scheduling.RebootReadinessManagerService$Lifecycle took to complete: 0ms
11-11 18:48:24.568  6780  6780 D SystemServerTiming: OnBootPhase_550_com.android.server.stats.pull.StatsPullAtomService
11-11 18:48:24.568  6780  6780 V SystemServerTiming: OnBootPhase_550_com.android.server.stats.pull.StatsPullAtomService took to complete: 0ms
11-11 18:48:24.568  6780  6780 D SystemServerTiming: OnBootPhase_550_com.android.server.stats.bootstrap.StatsBootstrapAtomService$Lifecycle
11-11 18:48:24.568  6780  6780 V SystemServerTiming: OnBootPhase_550_com.android.server.stats.bootstrap.StatsBootstrapAtomService$Lifecycle took to complete: 0ms
11-11 18:48:24.569  6780  6780 D SystemServerTiming: OnBootPhase_550_com.android.server.incident.IncidentCompanionService
11-11 18:48:24.569  6780  6780 V SystemServerTiming: OnBootPhase_550_com.android.server.incident.IncidentCompanionService took to complete: 0ms
11-11 18:48:24.569  6780  6780 D SystemServerTiming: OnBootPhase_550_com.android.server.sdksandbox.SdkSandboxManagerService$Lifecycle
11-11 18:48:24.569  6780  6780 V SystemServerTiming: OnBootPhase_550_com.android.server.sdksandbox.SdkSandboxManagerService$Lifecycle took to complete: 0ms
11-11 18:48:24.569  6780  6780 D SystemServerTiming: OnBootPhase_550_com.android.server.adservices.AdServicesManagerService$Lifecycle
11-11 18:48:24.569  6780  6941 W BroadcastLoopers: Found previously unknown looper Thread[AudioDeviceBroker,5,main]
11-11 18:48:24.569  6780  6780 V SystemServerTiming: OnBootPhase_550_com.android.server.adservices.AdServicesManagerService$Lifecycle took to complete: 0ms
11-11 18:48:24.569  6780  6780 D SystemServerTiming: OnBootPhase_550_com.android.server.ondevicepersonalization.OnDevicePersonalizationSystemService$Lifecycle
11-11 18:48:24.569  6780  6780 V SystemServerTiming: OnBootPhase_550_com.android.server.ondevicepersonalization.OnDevicePersonalizationSystemService$Lifecycle took to complete: 0ms
11-11 18:48:24.569  6780  6780 D SystemServerTiming: OnBootPhase_550_com.android.server.MmsServiceBroker
11-11 18:48:24.569  6780  6780 V SystemServerTiming: OnBootPhase_550_com.android.server.MmsServiceBroker took to complete: 0ms
11-11 18:48:24.569  6780  6780 D SystemServerTiming: OnBootPhase_550_com.android.server.selectiontoolbar.SelectionToolbarManagerService
11-11 18:48:24.569  6780  6780 V SystemServerTiming: OnBootPhase_550_com.android.server.selectiontoolbar.SelectionToolbarManagerService took to complete: 0ms
11-11 18:48:24.569  6780  6780 D SystemServerTiming: OnBootPhase_550_com.android.server.clipboard.ClipboardService
11-11 18:48:24.569  6780  6780 V SystemServerTiming: OnBootPhase_550_com.android.server.clipboard.ClipboardService took to complete: 0ms
11-11 18:48:24.569  6780  6780 D SystemServerTiming: OnBootPhase_550_com.android.server.appbinding.AppBindingService$Lifecycle
11-11 18:48:24.570  6780  6780 I AppBindingService: Updating constants with: null
11-11 18:48:24.570  6780  6780 V SystemServerTiming: OnBootPhase_550_com.android.server.appbinding.AppBindingService$Lifecycle took to complete: 1ms
11-11 18:48:24.570  6780  6780 D SystemServerTiming: OnBootPhase_550_com.android.server.tracing.TracingServiceProxy
11-11 18:48:24.570  6780  6780 V SystemServerTiming: OnBootPhase_550_com.android.server.tracing.TracingServiceProxy took to complete: 0ms
11-11 18:48:24.570  6780  6780 D SystemServerTiming: OnBootPhase_550_com.android.server.policy.PermissionPolicyService
11-11 18:48:24.570  6780  6780 D SystemServerTiming: Permission_grant_default_permissions-0
11-11 18:48:24.570  6780  6780 V SystemServerTiming: Permission_grant_default_permissions-0 took to complete: 0ms
11-11 18:48:24.570  6780  6780 D SystemServerTiming: Permission_synchronize_permissions-0
11-11 18:48:24.571  6780  6780 D SystemServerTiming: Permission_synchronize_addPackages-0
11-11 18:48:24.571  6780  6875 E NativeTombstoneManager: Tombstone's UID (1000) not an app, ignoring
11-11 18:48:24.571  6780  6956 I UsbPortManager: ClientCallback V1_2: 
11-11 18:48:24.575  6780  6875 E NativeTombstoneManager: Tombstone's UID (1000) not an app, ignoring
11-11 18:48:24.578  6780  6805 I UsbPortManager: USB port added: port=UsbPort{id=, supportedModes=none, supportedContaminantProtectionModes=0, supportsEnableContaminantPresenceProtection=false, supportsEnableContaminantPresenceDetection=false, supportsComplianceWarnings=false, status=UsbPortStatus{connected=false, currentMode=none, currentPowerRole=no-power, currentDataRole=no-data, supportedRoleCombinations=[no-power:no-data], contaminantDetectionStatus=0, contaminantProtectionStatus=0, usbDataStatus=unknown, isPowerTransferLimited=false, powerBrickConnectionStatus=unknown, complianceWarnings=[], plugState=0, displayPortAltModeInfo=null}, canChangeMode=false, canChangePowerRole=false, canChangeDataRole=false, connectedAtMillis=0, lastConnectDurationMillis=0
11-11 18:48:24.578  6780  6875 E NativeTombstoneManager: Tombstone's UID (1000) not an app, ignoring
11-11 18:48:24.578  6780  6875 E NativeTombstoneManager: Tombstone's UID (1000) not an app, ignoring
11-11 18:48:24.578  6780  6875 E NativeTombstoneManager: Tombstone's UID (1000) not an app, ignoring
11-11 18:48:24.579  6780  6875 E NativeTombstoneManager: Tombstone's UID (1000) not an app, ignoring
11-11 18:48:24.579  6780  6875 E NativeTombstoneManager: Tombstone's UID (1000) not an app, ignoring
11-11 18:48:24.579  6780  6875 E NativeTombstoneManager: Tombstone's UID (1000) not an app, ignoring
11-11 18:48:24.580  6780  6875 E NativeTombstoneManager: Tombstone's UID (1000) not an app, ignoring
11-11 18:48:24.580  6780  6875 E NativeTombstoneManager: Tombstone's UID (1000) not an app, ignoring
11-11 18:48:24.580  6780  6875 E NativeTombstoneManager: Tombstone's UID (1000) not an app, ignoring
11-11 18:48:24.580  6780  6875 E NativeTombstoneManager: Tombstone's UID (1000) not an app, ignoring
11-11 18:48:24.580  6780  6875 E NativeTombstoneManager: Tombstone's UID (1000) not an app, ignoring
11-11 18:48:24.582  6780  6875 E NativeTombstoneManager: Tombstone's UID (1000) not an app, ignoring
11-11 18:48:24.583  6780  6875 E NativeTombstoneManager: Tombstone's UID (1000) not an app, ignoring
11-11 18:48:24.583  6780  6875 E NativeTombstoneManager: Tombstone's UID (1000) not an app, ignoring
11-11 18:48:24.583  6780  6875 E NativeTombstoneManager: Tombstone's UID (1000) not an app, ignoring
11-11 18:48:24.584  6780  6875 E NativeTombstoneManager: Tombstone's UID (1000) not an app, ignoring
11-11 18:48:24.584  6780  6875 E NativeTombstoneManager: Tombstone's UID (1000) not an app, ignoring
11-11 18:48:24.584  6780  6875 E NativeTombstoneManager: Tombstone's UID (1000) not an app, ignoring
11-11 18:48:24.585  6780  6875 E NativeTombstoneManager: Tombstone's UID (1000) not an app, ignoring
11-11 18:48:24.585  6780  6875 E NativeTombstoneManager: Tombstone's UID (1000) not an app, ignoring
11-11 18:48:24.585  6780  6875 E NativeTombstoneManager: Tombstone's UID (1000) not an app, ignoring
11-11 18:48:24.586  6780  6875 E NativeTombstoneManager: Tombstone's UID (1000) not an app, ignoring
11-11 18:48:24.586  6780  6875 E NativeTombstoneManager: Tombstone's UID (1000) not an app, ignoring
11-11 18:48:24.586  6780  6875 E NativeTombstoneManager: Tombstone's UID (1000) not an app, ignoring
11-11 18:48:24.587  6780  6875 E NativeTombstoneManager: Tombstone's UID (1000) not an app, ignoring
11-11 18:48:24.587  6780  6875 E NativeTombstoneManager: Tombstone's UID (1000) not an app, ignoring
11-11 18:48:24.587  6780  6875 E NativeTombstoneManager: Tombstone's UID (1000) not an app, ignoring
11-11 18:48:24.587  6780  6875 E NativeTombstoneManager: Tombstone's UID (1000) not an app, ignoring
11-11 18:48:24.587  6780  6875 E NativeTombstoneManager: Tombstone's UID (1000) not an app, ignoring
11-11 18:48:24.588  6780  6875 E NativeTombstoneManager: Tombstone's UID (1000) not an app, ignoring
11-11 18:48:24.588  6780  6875 E NativeTombstoneManager: Tombstone's UID (1000) not an app, ignoring
11-11 18:48:24.588  6780  6875 E NativeTombstoneManager: Tombstone's UID (1000) not an app, ignoring
11-11 18:48:24.588  6780  6875 E NativeTombstoneManager: Tombstone's UID (1000) not an app, ignoring
11-11 18:48:24.589  6780  6875 E NativeTombstoneManager: Tombstone's UID (1000) not an app, ignoring
11-11 18:48:24.589  6780  6875 E NativeTombstoneManager: Tombstone's UID (1000) not an app, ignoring
11-11 18:48:24.589  6780  6875 E NativeTombstoneManager: Tombstone's UID (1000) not an app, ignoring
11-11 18:48:24.591  6780  6875 E NativeTombstoneManager: Tombstone's UID (0) not an app, ignoring
11-11 18:48:24.593  6780  6875 E NativeTombstoneManager: Tombstone's UID (0) not an app, ignoring
11-11 18:48:24.595  6780  6875 E NativeTombstoneManager: Tombstone's UID (0) not an app, ignoring
11-11 18:48:24.598  6780  6875 E NativeTombstoneManager: Tombstone's UID (0) not an app, ignoring
11-11 18:48:24.600  6780  6875 E NativeTombstoneManager: Tombstone's UID (0) not an app, ignoring
11-11 18:48:24.602  6780  6875 E NativeTombstoneManager: Tombstone's UID (0) not an app, ignoring
11-11 18:48:24.604  6780  6875 E NativeTombstoneManager: Tombstone's UID (0) not an app, ignoring
11-11 18:48:24.606  6780  6875 E NativeTombstoneManager: Tombstone's UID (0) not an app, ignoring
11-11 18:48:24.608  6780  6875 E NativeTombstoneManager: Tombstone's UID (0) not an app, ignoring
11-11 18:48:24.610  6780  6875 E NativeTombstoneManager: Tombstone's UID (0) not an app, ignoring
11-11 18:48:24.613  6780  6875 E NativeTombstoneManager: Tombstone's UID (0) not an app, ignoring
11-11 18:48:24.615  6780  6875 E NativeTombstoneManager: Tombstone's UID (0) not an app, ignoring
11-11 18:48:24.615  6780  6875 E NativeTombstoneManager: Tombstone's UID (1000) not an app, ignoring
11-11 18:48:24.615  6780  6875 E NativeTombstoneManager: Tombstone's UID (1000) not an app, ignoring
11-11 18:48:24.616  6780  6875 E NativeTombstoneManager: Tombstone's UID (1000) not an app, ignoring
11-11 18:48:24.616  6780  6875 E NativeTombstoneManager: Tombstone's UID (1000) not an app, ignoring
11-11 18:48:24.620  6780  6780 V SystemServerTiming: Permission_synchronize_addPackages-0 took to complete: 49ms
11-11 18:48:24.620  6780  6780 D SystemServerTiming: Permission_syncPackages-0
11-11 18:48:24.626  6780  6780 V SystemServerTiming: Permission_syncPackages-0 took to complete: 6ms
11-11 18:48:24.626  6780  6780 V SystemServerTiming: Permission_synchronize_permissions-0 took to complete: 56ms
11-11 18:48:24.626  6780  6780 D SystemServerTiming: Permission_onInitialized-0
11-11 18:48:24.626  6780  6780 I PermissionManager: Permission ownership changed. Updating all permissions.
11-11 18:48:24.635     0     0 I [wifi@1][0x4900d59b][13:18:24.627491] wlan: [760:I:OBJMGR] wlan_objmgr_vdev_obj_delete: 341: Logically deleting vdev 0
11-11 18:48:24.635     0     0 I [wifi@1][0x4900dac6][13:18:24.627560] wlan: [760:I:CMN_MLME] mlme_vdev_cmd_mutex_destroy: 237: VDEV CMD lock is disabled!!!
11-11 18:48:24.635     0     0 I [wifi@1][0x4900db5f][13:18:24.627568] wlan: [760:I:CMN_MLME] mlme_vdev_sm_spinlock_destroy: 217: VDEV SM lock is disabled!!!
11-11 18:48:24.637     0     0 I [wifi@1][0x490181bf][13:18:24.629787] wlan: [760:I:CMN_MLME] mlme_vdev_sm_spinlock_create: 211: VDEV SM lock is disabled!!!
11-11 18:48:24.637     0     0 I [wifi@1][0x490182c1][13:18:24.629800] wlan: [760:I:CMN_MLME] mlme_vdev_cmd_mutex_create: 231: VDEV CMD lock is disabled!!!
11-11 18:48:24.638     0     0 I [wifi@1][0x490194a2][13:18:24.630038] wlan: [760:I:OBJMGR] wlan_objmgr_vdev_obj_create: 269: Created vdev 0
11-11 18:48:24.639     0     0 I IPv6    : ADDRCONF(NETDEV_UP): wlan0: link is not ready
11-11 18:48:24.692  6780  6780 V SystemServerTiming: Permission_onInitialized-0 took to complete: 65ms
11-11 18:48:24.692  6780  6780 W SystemServiceManager: Service com.android.server.policy.PermissionPolicyService took 122 ms in onBootPhase
11-11 18:48:24.692  6780  6780 V SystemServerTiming: OnBootPhase_550_com.android.server.policy.PermissionPolicyService took to complete: 122ms
11-11 18:48:24.692  6780  6780 D SystemServerTiming: OnBootPhase_550_com.android.server.pm.StagingManager$Lifecycle
11-11 18:48:24.692  6780  6780 V SystemServerTiming: OnBootPhase_550_com.android.server.pm.StagingManager$Lifecycle took to complete: 0ms
11-11 18:48:24.692  6780  6780 D SystemServerTiming: OnBootPhase_550_com.android.server.app.GameManagerService$Lifecycle
11-11 18:48:24.692  6780  6780 V SystemServerTiming: OnBootPhase_550_com.android.server.app.GameManagerService$Lifecycle took to complete: 0ms
11-11 18:48:24.692  6780  6780 D SystemServerTiming: OnBootPhase_550_com.android.safetycenter.SafetyCenterService
11-11 18:48:24.692  6780  6780 V SystemServerTiming: OnBootPhase_550_com.android.safetycenter.SafetyCenterService took to complete: 0ms
11-11 18:48:24.692  6780  6780 D SystemServerTiming: OnBootPhase_550_com.android.server.appsearch.AppSearchModule$Lifecycle
11-11 18:48:24.692  6780  6780 V SystemServerTiming: OnBootPhase_550_com.android.server.appsearch.AppSearchModule$Lifecycle took to complete: 0ms
11-11 18:48:24.692  6780  6780 D SystemServerTiming: OnBootPhase_550_com.android.server.media.MediaCommunicationService
11-11 18:48:24.692  6780  6780 V SystemServerTiming: OnBootPhase_550_com.android.server.media.MediaCommunicationService took to complete: 0ms
11-11 18:48:24.692  6780  6780 D SystemServerTiming: OnBootPhase_550_com.android.server.compat.overrides.AppCompatOverridesService$Lifecycle
11-11 18:48:24.692  6780  6780 V SystemServerTiming: OnBootPhase_550_com.android.server.compat.overrides.AppCompatOverridesService$Lifecycle took to complete: 0ms
11-11 18:48:24.692  6780  6780 D SystemServerTiming: OnBootPhase_550_com.android.server.healthconnect.HealthConnectManagerService
11-11 18:48:24.692  6780  6780 V SystemServerTiming: OnBootPhase_550_com.android.server.healthconnect.HealthConnectManagerService took to complete: 0ms
11-11 18:48:24.692  6780  6780 D SystemServerTiming: OnBootPhase_550_com.android.server.devicelock.DeviceLockService
11-11 18:48:24.692  6780  6780 D DeviceLockService: onBootPhase: 550
11-11 18:48:24.692  6780  6780 V SystemServerTiming: OnBootPhase_550_com.android.server.devicelock.DeviceLockService took to complete: 0ms
11-11 18:48:24.692  6780  6780 V SystemServerTiming: OnBootPhase_550 took to complete: 200ms
11-11 18:48:24.692  6780  6780 V SystemServerTiming: StartActivityManagerReadyPhase took to complete: 200ms
11-11 18:48:24.692  6780  6780 D SystemServerTiming: StartObservingNativeCrashes
11-11 18:48:24.693  6780  6780 V SystemServerTiming: StartObservingNativeCrashes took to complete: 1ms
11-11 18:48:24.693  6780  6780 D SystemServerTiming: RegisterAppOpsPolicy
11-11 18:48:24.694  6780  6780 V SystemServerTiming: RegisterAppOpsPolicy took to complete: 1ms
11-11 18:48:24.694  6780  6780 D SystemServerTiming: StartCarServiceHelperService
11-11 18:48:24.696  6780  6812 D SystemServerTimingAsync: InitThreadPoolExec:WebViewFactoryPreparation
11-11 18:48:24.696  6780  6812 D SystemServerInitThreadPool: Started executing WebViewFactoryPreparation
11-11 18:48:24.696  6780  6780 I SystemServiceManager: Starting com.android.internal.car.CarServiceHelperService
11-11 18:48:24.696  6780  6812 I SystemServer: WebViewFactoryPreparation
11-11 18:48:24.697  6780  6812 D SystemServerTimingAsync: WebViewFactoryPreparation
11-11 18:48:24.702  6780  6812 E AppOps  : Bad call made by uid 1000. Package "android" does not belong to uid 1037.
11-11 18:48:24.703  6780  6812 E AppOps  : Cannot checkOperation
11-11 18:48:24.703  6780  6812 E AppOps  : java.lang.SecurityException: Specified package "android" under uid 1037 but it is not
11-11 18:48:24.703  6780  6812 E AppOps  : 	at com.android.server.appop.AppOpsService.verifyAndGetBypass(AppOpsService.java:3915)
11-11 18:48:24.703  6780  6812 E AppOps  : 	at com.android.server.appop.AppOpsService.verifyAndGetBypass(AppOpsService.java:3775)
11-11 18:48:24.703  6780  6812 E AppOps  : 	at com.android.server.appop.AppOpsService.verifyAndGetBypass(AppOpsService.java:3767)
11-11 18:48:24.703  6780  6812 E AppOps  : 	at com.android.server.appop.AppOpsService.checkOperationUnchecked(AppOpsService.java:2427)
11-11 18:48:24.703  6780  6812 E AppOps  : 	at com.android.server.appop.AppOpsService.checkOperationImpl(AppOpsService.java:2410)
11-11 18:48:24.703  6780  6812 E AppOps  : 	at com.android.server.appop.AppOpsService.-$$Nest$mcheckOperationImpl(AppOpsService.java:0)
11-11 18:48:24.703  6780  6812 E AppOps  : 	at com.android.server.appop.AppOpsService$CheckOpsDelegateDispatcher.$r8$lambda$fx57Sum-uA3sXo7NCFwrI3iq4WM(AppOpsService.java:0)
11-11 18:48:24.703  6780  6812 E AppOps  : 	at com.android.server.appop.AppOpsService$CheckOpsDelegateDispatcher$$ExternalSyntheticLambda10.apply(R8$$SyntheticClass:0)
11-11 18:48:24.703  6780  6812 E AppOps  : 	at com.android.server.policy.AppOpsPolicy.checkOperation(AppOpsPolicy.java:221)
11-11 18:48:24.703  6780  6812 E AppOps  : 	at com.android.server.appop.AppOpsService$CheckOpsDelegateDispatcher.checkOperation(AppOpsService.java:6448)
11-11 18:48:24.703  6780  6812 E AppOps  : 	at com.android.server.appop.AppOpsService.checkOperation(AppOpsService.java:2395)
11-11 18:48:24.703  6780  6812 E AppOps  : 	at com.android.server.StorageManagerService$StorageManagerInternalImpl.hasExternalStorageAccess(StorageManagerService.java:4718)
11-11 18:48:24.703  6780  6812 E AppOps  : 	at com.android.server.am.ProcessList.startProcessLocked(ProcessList.java:1785)
11-11 18:48:24.703  6780  6812 E AppOps  : 	at com.android.server.am.ProcessList.startProcessLocked(ProcessList.java:2500)
11-11 18:48:24.703  6780  6812 E AppOps  : 	at com.android.server.am.ProcessList.startProcessLocked(ProcessList.java:2645)
11-11 18:48:24.703  6780  6812 E AppOps  : 	at com.android.server.am.ActivityManagerService.startIsolatedProcess(ActivityManagerService.java:2917)
11-11 18:48:24.703  6780  6812 E AppOps  : 	at com.android.server.am.ActivityManagerService$LocalService.startIsolatedProcess(ActivityManagerService.java:17502)
11-11 18:48:24.703  6780  6812 E AppOps  : 	at android.webkit.WebViewLibraryLoader.createRelroFile(WebViewLibraryLoader.java:126)
11-11 18:48:24.703  6780  6812 E AppOps  : 	at android.webkit.WebViewLibraryLoader.createRelros(WebViewLibraryLoader.java:164)
11-11 18:48:24.703  6780  6812 E AppOps  : 	at android.webkit.WebViewLibraryLoader.prepareNativeLibraries(WebViewLibraryLoader.java:152)
11-11 18:48:24.703  6780  6812 E AppOps  : 	at android.webkit.WebViewFactory.onWebViewProviderChanged(WebViewFactory.java:555)
11-11 18:48:24.703  6780  6812 E AppOps  : 	at com.android.server.webkit.SystemImpl.onWebViewProviderChanged(SystemImpl.java:174)
11-11 18:48:24.703  6780  6812 E AppOps  : 	at com.android.server.webkit.WebViewUpdateServiceImpl.onWebViewProviderChanged(WebViewUpdateServiceImpl.java:351)
11-11 18:48:24.703  6780  6812 E AppOps  : 	at com.android.server.webkit.WebViewUpdateServiceImpl.prepareWebViewInSystemServer(WebViewUpdateServiceImpl.java:182)
11-11 18:48:24.703  6780  6812 E AppOps  : 	at com.android.server.webkit.WebViewUpdateService.prepareWebViewInSystemServer(WebViewUpdateService.java:129)
11-11 18:48:24.703  6780  6812 E AppOps  : 	at com.android.server.SystemServer.lambda$startOtherServices$4(SystemServer.java:3011)
11-11 18:48:24.703  6780  6812 E AppOps  : 	at com.android.server.SystemServer.$r8$lambda$t1R-mpe1gQ3l_T3UqaEuPqwZT88(SystemServer.java:0)
11-11 18:48:24.703  6780  6812 E AppOps  : 	at com.android.server.SystemServer$$ExternalSyntheticLambda1.run(R8$$SyntheticClass:0)
11-11 18:48:24.703  6780  6812 E AppOps  : 	at com.android.server.SystemServerInitThreadPool.lambda$submitTask$0(SystemServerInitThreadPool.java:107)
11-11 18:48:24.703  6780  6812 E AppOps  : 	at com.android.server.SystemServerInitThreadPool.$r8$lambda$iar571g8isa6ZrPZMHj1USmyX48(SystemServerInitThreadPool.java:0)
11-11 18:48:24.703  6780  6812 E AppOps  : 	at com.android.server.SystemServerInitThreadPool$$ExternalSyntheticLambda0.run(R8$$SyntheticClass:0)
11-11 18:48:24.703  6780  6812 E AppOps  : 	at java.util.concurrent.Executors$RunnableAdapter.call(Executors.java:487)
11-11 18:48:24.703  6780  6812 E AppOps  : 	at java.util.concurrent.FutureTask.run(FutureTask.java:264)
11-11 18:48:24.703  6780  6812 E AppOps  : 	at java.util.concurrent.ThreadPoolExecutor.runWorker(ThreadPoolExecutor.java:1145)
11-11 18:48:24.703  6780  6812 E AppOps  : 	at java.util.concurrent.ThreadPoolExecutor$Worker.run(ThreadPoolExecutor.java:644)
11-11 18:48:24.703  6780  6812 E AppOps  : 	at com.android.internal.util.ConcurrentUtils$1$1.run(ConcurrentUtils.java:65)
11-11 18:48:24.704  6780  6812 D CompatibilityChangeReporter: Compat change id reported: 135634846; UID 1000; state: DISABLED
11-11 18:48:24.705  6780  6812 D CompatibilityChangeReporter: Compat change id reported: 177438394; UID 1000; state: DISABLED
11-11 18:48:24.705  6780  6812 D CompatibilityChangeReporter: Compat change id reported: 135772972; UID 1000; state: DISABLED
11-11 18:48:24.705  6780  6780 D CarServiceHelper: CarServiceHelperServiceUpdatable created via reflection.
11-11 18:48:24.706  6780  6812 D CompatibilityChangeReporter: Compat change id reported: 178038272; UID 1000; state: DISABLED
11-11 18:48:24.709  6780  6812 E AppOps  : Bad call made by uid 1000. Package "android" does not belong to uid 1037.
11-11 18:48:24.710  6780  6812 E AppOps  : Cannot checkOperation
11-11 18:48:24.710  6780  6812 E AppOps  : java.lang.SecurityException: Specified package "android" under uid 1037 but it is not
11-11 18:48:24.710  6780  6812 E AppOps  : 	at com.android.server.appop.AppOpsService.verifyAndGetBypass(AppOpsService.java:3915)
11-11 18:48:24.710  6780  6812 E AppOps  : 	at com.android.server.appop.AppOpsService.verifyAndGetBypass(AppOpsService.java:3775)
11-11 18:48:24.710  6780  6812 E AppOps  : 	at com.android.server.appop.AppOpsService.verifyAndGetBypass(AppOpsService.java:3767)
11-11 18:48:24.710  6780  6812 E AppOps  : 	at com.android.server.appop.AppOpsService.checkOperationUnchecked(AppOpsService.java:2427)
11-11 18:48:24.710  6780  6812 E AppOps  : 	at com.android.server.appop.AppOpsService.checkOperationImpl(AppOpsService.java:2410)
11-11 18:48:24.710  6780  6812 E AppOps  : 	at com.android.server.appop.AppOpsService.-$$Nest$mcheckOperationImpl(AppOpsService.java:0)
11-11 18:48:24.710  6780  6812 E AppOps  : 	at com.android.server.appop.AppOpsService$CheckOpsDelegateDispatcher.$r8$lambda$fx57Sum-uA3sXo7NCFwrI3iq4WM(AppOpsService.java:0)
11-11 18:48:24.710  6780  6812 E AppOps  : 	at com.android.server.appop.AppOpsService$CheckOpsDelegateDispatcher$$ExternalSyntheticLambda10.apply(R8$$SyntheticClass:0)
11-11 18:48:24.710  6780  6812 E AppOps  : 	at com.android.server.policy.AppOpsPolicy.checkOperation(AppOpsPolicy.java:221)
11-11 18:48:24.710  6780  6812 E AppOps  : 	at com.android.server.appop.AppOpsService$CheckOpsDelegateDispatcher.checkOperation(AppOpsService.java:6448)
11-11 18:48:24.710  6780  6812 E AppOps  : 	at com.android.server.appop.AppOpsService.checkOperation(AppOpsService.java:2395)
11-11 18:48:24.710  6780  6812 E AppOps  : 	at com.android.server.StorageManagerService$StorageManagerInternalImpl.hasExternalStorageAccess(StorageManagerService.java:4718)
11-11 18:48:24.710  6780  6812 E AppOps  : 	at com.android.server.am.ProcessList.startProcessLocked(ProcessList.java:1785)
11-11 18:48:24.710  6780  6812 E AppOps  : 	at com.android.server.am.ProcessList.startProcessLocked(ProcessList.java:2500)
11-11 18:48:24.710  6780  6812 E AppOps  : 	at com.android.server.am.ProcessList.startProcessLocked(ProcessList.java:2645)
11-11 18:48:24.710  6780  6812 E AppOps  : 	at com.android.server.am.ActivityManagerService.startIsolatedProcess(ActivityManagerService.java:2917)
11-11 18:48:24.710  6780  6812 E AppOps  : 	at com.android.server.am.ActivityManagerService$LocalService.startIsolatedProcess(ActivityManagerService.java:17502)
11-11 18:48:24.710  6780  6812 E AppOps  : 	at android.webkit.WebViewLibraryLoader.createRelroFile(WebViewLibraryLoader.java:126)
11-11 18:48:24.710  6780  6812 E AppOps  : 	at android.webkit.WebViewLibraryLoader.createRelros(WebViewLibraryLoader.java:170)
11-11 18:48:24.710  6780  6812 E AppOps  : 	at android.webkit.WebViewLibraryLoader.prepareNativeLibraries(WebViewLibraryLoader.java:152)
11-11 18:48:24.710  6780  6812 E AppOps  : 	at android.webkit.WebViewFactory.onWebViewProviderChanged(WebViewFactory.java:555)
11-11 18:48:24.710  6780  6812 E AppOps  : 	at com.android.server.webkit.SystemImpl.onWebViewProviderChanged(SystemImpl.java:174)
11-11 18:48:24.710  6780  6812 E AppOps  : 	at com.android.server.webkit.WebViewUpdateServiceImpl.onWebViewProviderChanged(WebViewUpdateServiceImpl.java:351)
11-11 18:48:24.710  6780  6812 E AppOps  : 	at com.android.server.webkit.WebViewUpdateServiceImpl.prepareWebViewInSystemServer(WebViewUpdateServiceImpl.java:182)
11-11 18:48:24.710  6780  6812 E AppOps  : 	at com.android.server.webkit.WebViewUpdateService.prepareWebViewInSystemServer(WebViewUpdateService.java:129)
11-11 18:48:24.710  6780  6812 E AppOps  : 	at com.android.server.SystemServer.lambda$startOtherServices$4(SystemServer.java:3011)
11-11 18:48:24.710  6780  6812 E AppOps  : 	at com.android.server.SystemServer.$r8$lambda$t1R-mpe1gQ3l_T3UqaEuPqwZT88(SystemServer.java:0)
11-11 18:48:24.710  6780  6812 E AppOps  : 	at com.android.server.SystemServer$$ExternalSyntheticLambda1.run(R8$$SyntheticClass:0)
11-11 18:48:24.710  6780  6812 E AppOps  : 	at com.android.server.SystemServerInitThreadPool.lambda$submitTask$0(SystemServerInitThreadPool.java:107)
11-11 18:48:24.710  6780  6812 E AppOps  : 	at com.android.server.SystemServerInitThreadPool.$r8$lambda$iar571g8isa6ZrPZMHj1USmyX48(SystemServerInitThreadPool.java:0)
11-11 18:48:24.710  6780  6812 E AppOps  : 	at com.android.server.SystemServerInitThreadPool$$ExternalSyntheticLambda0.run(R8$$SyntheticClass:0)
11-11 18:48:24.710  6780  6812 E AppOps  : 	at java.util.concurrent.Executors$RunnableAdapter.call(Executors.java:487)
11-11 18:48:24.710  6780  6812 E AppOps  : 	at java.util.concurrent.FutureTask.run(FutureTask.java:264)
11-11 18:48:24.710  6780  6812 E AppOps  : 	at java.util.concurrent.ThreadPoolExecutor.runWorker(ThreadPoolExecutor.java:1145)
11-11 18:48:24.710  6780  6812 E AppOps  : 	at java.util.concurrent.ThreadPoolExecutor$Worker.run(ThreadPoolExecutor.java:644)
11-11 18:48:24.710  6780  6812 E AppOps  : 	at com.android.internal.util.ConcurrentUtils$1$1.run(ConcurrentUtils.java:65)
11-11 18:48:24.712  6780  6812 V SystemServerTimingAsync: WebViewFactoryPreparation took to complete: 15ms
11-11 18:48:24.712  6780  6812 D SystemServerInitThreadPool: Finished executing WebViewFactoryPreparation
11-11 18:48:24.712  6780  6812 V SystemServerTimingAsync: InitThreadPoolExec:WebViewFactoryPreparation took to complete: 16ms
11-11 18:48:24.717  6780  6780 D CompatibilityChangeReporter: Compat change id reported: 135754954; UID 1000; state: ENABLED
11-11 18:48:24.719  6780  6780 I DevicePolicyManager: Setting DevicePolicySafetyChecker as com.android.internal.car.CarServiceHelperService@6b34d83
11-11 18:48:24.719  6780  6780 V SystemServerTiming: StartCarServiceHelperService took to complete: 25ms
11-11 18:48:24.719  6780  6780 D SystemServerTiming: MakeNetworkManagementServiceReady
11-11 18:48:24.722  6780  6780 V SystemServerTiming: MakeNetworkManagementServiceReady took to complete: 3ms
11-11 18:48:24.722  6780  6780 D SystemServerTiming: MakeConnectivityServiceReady
11-11 18:48:24.733  6780  6919 W NetworkPolicy: setRestrictBackgroundUL: already false
11-11 18:48:24.815  6780  6780 V SystemServerTiming: MakeConnectivityServiceReady took to complete: 93ms
11-11 18:48:24.815  6780  6780 D SystemServerTiming: MakeVpnManagerServiceReady
11-11 18:48:24.821  6780  6780 V SystemServerTiming: MakeVpnManagerServiceReady took to complete: 6ms
11-11 18:48:24.821  6780  6780 D SystemServerTiming: MakeVcnManagementServiceReady
11-11 18:48:24.827  6780  6780 V SystemServerTiming: MakeVcnManagementServiceReady took to complete: 6ms
11-11 18:48:24.827  6780  6780 D SystemServerTiming: MakeNetworkPolicyServiceReady
11-11 18:48:24.831  6780  6935 I VcnManagementService: new snapshot: TelephonySubscriptionSnapshot{ mActiveDataSubId=-1, mSubIdToInfoMap={}, mSubIdToCarrierConfigMap={}, mPrivilegedPackages={} }
11-11 18:48:24.850  6780  6818 W ActivityManager: Slow operation: 149ms so far, now at startProcess: returned from zygote!
11-11 18:48:24.851  6780  6818 W ActivityManager: Slow operation: 150ms so far, now at startProcess: done updating battery stats
11-11 18:48:24.851  6780  6818 W ActivityManager: Slow operation: 150ms so far, now at startProcess: building log message
11-11 18:48:24.851  6780  6818 I ActivityManager: Start proc 7017:WebViewLoader-armeabi-v7a/1037 [android.webkit.WebViewLibraryLoader$RelroFileCreator] for 
11-11 18:48:24.851  6780  6818 W ActivityManager: Slow operation: 150ms so far, now at startProcess: starting to update pids map
11-11 18:48:24.852  6780  6818 W ActivityManager: Slow operation: 151ms so far, now at startProcess: done updating pids map
11-11 18:48:24.852  6780  6818 W ActivityManager: Slow operation: 143ms so far, now at startProcess: asking zygote to start proc
11-11 18:48:24.861  6780  6780 V SystemServerTiming: MakeNetworkPolicyServiceReady took to complete: 34ms
11-11 18:48:24.861  6780  6780 D SystemServerTiming: PhaseThirdPartyAppsCanStart
11-11 18:48:24.861  6780  6780 I SystemServiceManager: Starting phase 600
11-11 18:48:24.861  6780  6818 W ActivityManager: Slow operation: 152ms so far, now at startProcess: returned from zygote!
11-11 18:48:24.861  6780  6780 D SystemServerTiming: OnBootPhase_600
11-11 18:48:24.861  6780  6780 D SystemServerTiming: OnBootPhase_600_com.android.server.security.FileIntegrityService
11-11 18:48:24.861  6780  6780 V SystemServerTiming: OnBootPhase_600_com.android.server.security.FileIntegrityService took to complete: 0ms
11-11 18:48:24.861  6780  6780 D SystemServerTiming: OnBootPhase_600_com.android.server.pm.Installer
11-11 18:48:24.861  6780  6780 V SystemServerTiming: OnBootPhase_600_com.android.server.pm.Installer took to complete: 0ms
11-11 18:48:24.861  6780  6780 D SystemServerTiming: OnBootPhase_600_com.android.server.os.DeviceIdentifiersPolicyService
11-11 18:48:24.861  6780  6780 V SystemServerTiming: OnBootPhase_600_com.android.server.os.DeviceIdentifiersPolicyService took to complete: 0ms
11-11 18:48:24.861  6780  6780 D SystemServerTiming: OnBootPhase_600_com.android.server.uri.UriGrantsManagerService$Lifecycle
11-11 18:48:24.861  6780  6780 V SystemServerTiming: OnBootPhase_600_com.android.server.uri.UriGrantsManagerService$Lifecycle took to complete: 0ms
11-11 18:48:24.861  6780  6780 D SystemServerTiming: OnBootPhase_600_com.android.server.powerstats.PowerStatsService
11-11 18:48:24.861  6780  6780 V SystemServerTiming: OnBootPhase_600_com.android.server.powerstats.PowerStatsService took to complete: 0ms
11-11 18:48:24.861  6780  6780 D SystemServerTiming: OnBootPhase_600_com.android.server.permission.access.AccessCheckingService
11-11 18:48:24.861  6780  6780 V SystemServerTiming: OnBootPhase_600_com.android.server.permission.access.AccessCheckingService took to complete: 0ms
11-11 18:48:24.861  6780  6780 D SystemServerTiming: OnBootPhase_600_com.android.server.wm.ActivityTaskManagerService$Lifecycle
11-11 18:48:24.861  6780  6780 V SystemServerTiming: OnBootPhase_600_com.android.server.wm.ActivityTaskManagerService$Lifecycle took to complete: 0ms
11-11 18:48:24.861  6780  6780 D SystemServerTiming: OnBootPhase_600_com.android.server.am.ActivityManagerService$Lifecycle
11-11 18:48:24.861  6780  6818 W ActivityManager: Slow operation: 152ms so far, now at startProcess: done updating battery stats
11-11 18:48:24.861  6780  6818 W ActivityManager: Slow operation: 153ms so far, now at startProcess: building log message
11-11 18:48:24.861  6780  6818 I ActivityManager: Start proc 7018:WebViewLoader-arm64-v8a/1037 [android.webkit.WebViewLibraryLoader$RelroFileCreator] for 
11-11 18:48:24.862  6780  6818 W ActivityManager: Slow operation: 153ms so far, now at startProcess: starting to update pids map
11-11 18:48:24.862  6780  6818 W ActivityManager: Slow operation: 153ms so far, now at startProcess: done updating pids map
11-11 18:48:24.862  6780  6818 W ActivityManager: Slow operation: 148ms so far, now at startProcess: asking zygote to start proc
11-11 18:48:24.862  6780  6780 I ExplicitHealthCheckController: Explicit health checks enabled.
11-11 18:48:24.863  6780  6780 I PackageWatchdog: Syncing state, reason: health check state enabled
11-11 18:48:24.863  6780  6780 V SystemServerTiming: OnBootPhase_600_com.android.server.am.ActivityManagerService$Lifecycle took to complete: 2ms
11-11 18:48:24.863  6780  6780 D SystemServerTiming: OnBootPhase_600_com.android.server.pm.DataLoaderManagerService
11-11 18:48:24.863  6780  6780 V SystemServerTiming: OnBootPhase_600_com.android.server.pm.DataLoaderManagerService took to complete: 0ms
11-11 18:48:24.863  6780  6780 D SystemServerTiming: OnBootPhase_600_com.android.server.power.PowerManagerService
11-11 18:48:24.878     0     0 I binder  : 7017:7017 ioctl 40046210 fff23450 returned -22
11-11 18:48:24.865  6780  6780 V SystemServerTiming: OnBootPhase_600_com.android.server.power.PowerManagerService took to complete: 2ms
11-11 18:48:24.868  6780  6816 I PackageWatchdog: Saving observer state to file
11-11 18:48:24.869  6780  6780 D SystemServerTiming: OnBootPhase_600_com.android.server.power.ThermalManagerService
11-11 18:48:24.869  6780  6780 V SystemServerTiming: OnBootPhase_600_com.android.server.power.ThermalManagerService took to complete: 0ms
11-11 18:48:24.869  6780  6780 D SystemServerTiming: OnBootPhase_600_com.android.server.power.hint.HintManagerService
11-11 18:48:24.869  6780  6780 V SystemServerTiming: OnBootPhase_600_com.android.server.power.hint.HintManagerService took to complete: 0ms
11-11 18:48:24.869  6780  6780 D SystemServerTiming: OnBootPhase_600_com.android.server.recoverysystem.RecoverySystemService$Lifecycle
11-11 18:48:24.869  6780  6780 V SystemServerTiming: OnBootPhase_600_com.android.server.recoverysystem.RecoverySystemService$Lifecycle took to complete: 0ms
11-11 18:48:24.869  6780  6780 D SystemServerTiming: OnBootPhase_600_com.android.server.lights.LightsService
11-11 18:48:24.869  6780  6780 V SystemServerTiming: OnBootPhase_600_com.android.server.lights.LightsService took to complete: 0ms
11-11 18:48:24.869  6780  6780 D SystemServerTiming: OnBootPhase_600_com.android.server.display.DisplayManagerService
11-11 18:48:24.869  6780  6780 V SystemServerTiming: OnBootPhase_600_com.android.server.display.DisplayManagerService took to complete: 0ms
11-11 18:48:24.869  6780  6780 D SystemServerTiming: OnBootPhase_600_com.android.server.pm.verify.domain.DomainVerificationService
11-11 18:48:24.869  6780  6780 V SystemServerTiming: OnBootPhase_600_com.android.server.pm.verify.domain.DomainVerificationService took to complete: 0ms
11-11 18:48:24.869  6780  6780 D SystemServerTiming: OnBootPhase_600_com.android.server.pm.PackageInstallerService$Lifecycle
11-11 18:48:24.869  6780  6780 V SystemServerTiming: OnBootPhase_600_com.android.server.pm.PackageInstallerService$Lifecycle took to complete: 0ms
11-11 18:48:24.869  6780  6780 D SystemServerTiming: OnBootPhase_600_com.android.server.pm.UserManagerService$LifeCycle
11-11 18:48:24.869  6780  6780 V SystemServerTiming: OnBootPhase_600_com.android.server.pm.UserManagerService$LifeCycle took to complete: 0ms
11-11 18:48:24.869  6780  6780 D SystemServerTiming: OnBootPhase_600_com.android.server.om.OverlayManagerService
11-11 18:48:24.869  6780  6780 V SystemServerTiming: OnBootPhase_600_com.android.server.om.OverlayManagerService took to complete: 0ms
11-11 18:48:24.869  6780  6780 D SystemServerTiming: OnBootPhase_600_com.android.server.resources.ResourcesManagerService
11-11 18:48:24.869  6780  6780 V SystemServerTiming: OnBootPhase_600_com.android.server.resources.ResourcesManagerService took to complete: 0ms
11-11 18:48:24.869  6780  6780 D SystemServerTiming: OnBootPhase_600_com.android.server.sensorprivacy.SensorPrivacyService
11-11 18:48:24.869  6780  6780 V SystemServerTiming: OnBootPhase_600_com.android.server.sensorprivacy.SensorPrivacyService took to complete: 0ms
11-11 18:48:24.869  6780  6780 D SystemServerTiming: OnBootPhase_600_com.android.server.sensors.SensorService
11-11 18:48:24.869  6780  6780 V SystemServerTiming: OnBootPhase_600_com.android.server.sensors.SensorService took to complete: 0ms
11-11 18:48:24.869  6780  6780 D SystemServerTiming: OnBootPhase_600_com.android.server.SystemConfigService
11-11 18:48:24.869  6780  6780 V SystemServerTiming: OnBootPhase_600_com.android.server.SystemConfigService took to complete: 0ms
11-11 18:48:24.869  6780  6780 D SystemServerTiming: OnBootPhase_600_com.android.server.BatteryService
11-11 18:48:24.869  6780  6780 V SystemServerTiming: OnBootPhase_600_com.android.server.BatteryService took to complete: 0ms
11-11 18:48:24.869  6780  6780 D SystemServerTiming: OnBootPhase_600_com.android.server.usage.UsageStatsService
11-11 18:48:24.869  6780  6780 V SystemServerTiming: OnBootPhase_600_com.android.server.usage.UsageStatsService took to complete: 0ms
11-11 18:48:24.869  6780  6780 D SystemServerTiming: OnBootPhase_600_com.android.server.webkit.WebViewUpdateService
11-11 18:48:24.869  6780  6780 V SystemServerTiming: OnBootPhase_600_com.android.server.webkit.WebViewUpdateService took to complete: 0ms
11-11 18:48:24.869  6780  6780 D SystemServerTiming: OnBootPhase_600_com.android.server.CachedDeviceStateService
11-11 18:48:24.869  6780  6780 V SystemServerTiming: OnBootPhase_600_com.android.server.CachedDeviceStateService took to complete: 0ms
11-11 18:48:24.869  6780  6780 D SystemServerTiming: OnBootPhase_600_com.android.server.BinderCallsStatsService$LifeCycle
11-11 18:48:24.869  6780  6780 V SystemServerTiming: OnBootPhase_600_com.android.server.BinderCallsStatsService$LifeCycle took to complete: 0ms
11-11 18:48:24.869  6780  6780 D SystemServerTiming: OnBootPhase_600_com.android.server.LooperStatsService$Lifecycle
11-11 18:48:24.869  6780  6780 V SystemServerTiming: OnBootPhase_600_com.android.server.LooperStatsService$Lifecycle took to complete: 0ms
11-11 18:48:24.869  6780  6780 D SystemServerTiming: OnBootPhase_600_com.android.server.rollback.RollbackManagerService
11-11 18:48:24.869  6780  6780 V SystemServerTiming: OnBootPhase_600_com.android.server.rollback.RollbackManagerService took to complete: 0ms
11-11 18:48:24.869  6780  6780 D SystemServerTiming: OnBootPhase_600_com.android.server.os.NativeTombstoneManagerService
11-11 18:48:24.869  6780  6780 V SystemServerTiming: OnBootPhase_600_com.android.server.os.NativeTombstoneManagerService took to complete: 0ms
11-11 18:48:24.869  6780  6780 D SystemServerTiming: OnBootPhase_600_com.android.server.os.BugreportManagerService
11-11 18:48:24.869  6780  6780 V SystemServerTiming: OnBootPhase_600_com.android.server.os.BugreportManagerService took to complete: 0ms
11-11 18:48:24.869  6780  6780 D SystemServerTiming: OnBootPhase_600_com.android.server.gpu.GpuService
11-11 18:48:24.869  6780  6780 V SystemServerTiming: OnBootPhase_600_com.android.server.gpu.GpuService took to complete: 0ms
11-11 18:48:24.869  6780  6780 D SystemServerTiming: OnBootPhase_600_com.android.server.security.rkp.RemoteProvisioningService
11-11 18:48:24.869  6780  6780 V SystemServerTiming: OnBootPhase_600_com.android.server.security.rkp.RemoteProvisioningService took to complete: 0ms
11-11 18:48:24.869  6780  6780 D SystemServerTiming: OnBootPhase_600_com.android.server.cpu.CpuMonitorService
11-11 18:48:24.870  6780  6780 V SystemServerTiming: OnBootPhase_600_com.android.server.cpu.CpuMonitorService took to complete: 0ms
11-11 18:48:24.870  6780  6780 D SystemServerTiming: OnBootPhase_600_com.android.server.security.KeyChainSystemService
11-11 18:48:24.870  6780  6780 V SystemServerTiming: OnBootPhase_600_com.android.server.security.KeyChainSystemService took to complete: 0ms
11-11 18:48:24.870  6780  6780 D SystemServerTiming: OnBootPhase_600_com.android.server.BinaryTransparencyService
11-11 18:48:24.870  6780  6780 V SystemServerTiming: OnBootPhase_600_com.android.server.BinaryTransparencyService took to complete: 0ms
11-11 18:48:24.870  6780  6780 D SystemServerTiming: OnBootPhase_600_com.android.server.telecom.TelecomLoaderService
11-11 18:48:24.870  6780  6780 V SystemServerTiming: OnBootPhase_600_com.android.server.telecom.TelecomLoaderService took to complete: 0ms
11-11 18:48:24.870  6780  6780 D SystemServerTiming: OnBootPhase_600_com.android.server.accounts.AccountManagerService$Lifecycle
11-11 18:48:24.870  6780  6780 V SystemServerTiming: OnBootPhase_600_com.android.server.accounts.AccountManagerService$Lifecycle took to complete: 0ms
11-11 18:48:24.870  6780  6780 D SystemServerTiming: OnBootPhase_600_com.android.server.content.ContentService$Lifecycle
11-11 18:48:24.870  6780  6780 V SystemServerTiming: OnBootPhase_600_com.android.server.content.ContentService$Lifecycle took to complete: 0ms
11-11 18:48:24.870  6780  6780 D SystemServerTiming: OnBootPhase_600_com.android.server.deviceconfig.DeviceConfigInit$Lifecycle
11-11 18:48:24.870  6780  6780 V SystemServerTiming: OnBootPhase_600_com.android.server.deviceconfig.DeviceConfigInit$Lifecycle took to complete: 0ms
11-11 18:48:24.870  6780  6780 D SystemServerTiming: OnBootPhase_600_com.android.server.DropBoxManagerService
11-11 18:48:24.870  6780  6780 V SystemServerTiming: OnBootPhase_600_com.android.server.DropBoxManagerService took to complete: 0ms
11-11 18:48:24.870  6780  6780 D SystemServerTiming: OnBootPhase_600_com.android.role.RoleService
11-11 18:48:24.870  6780  6780 V SystemServerTiming: OnBootPhase_600_com.android.role.RoleService took to complete: 0ms
11-11 18:48:24.870  6780  6780 D SystemServerTiming: OnBootPhase_600_com.android.server.vibrator.VibratorManagerService$Lifecycle
11-11 18:48:24.870  6780  6780 V SystemServerTiming: OnBootPhase_600_com.android.server.vibrator.VibratorManagerService$Lifecycle took to complete: 0ms
11-11 18:48:24.870  6780  6780 D SystemServerTiming: OnBootPhase_600_com.android.server.tare.InternalResourceService
11-11 18:48:24.870  6780  6780 V SystemServerTiming: OnBootPhase_600_com.android.server.tare.InternalResourceService took to complete: 0ms
11-11 18:48:24.870  6780  6780 D SystemServerTiming: OnBootPhase_600_com.android.server.alarm.AlarmManagerService
11-11 18:48:24.870  6780  6780 V SystemServerTiming: OnBootPhase_600_com.android.server.alarm.AlarmManagerService took to complete: 0ms
11-11 18:48:24.870  6780  6780 D SystemServerTiming: OnBootPhase_600_com.android.server.devicestate.DeviceStateManagerService
11-11 18:48:24.870  6780  6780 V SystemServerTiming: OnBootPhase_600_com.android.server.devicestate.DeviceStateManagerService took to complete: 0ms
11-11 18:48:24.870  6780  6780 D SystemServerTiming: OnBootPhase_600_com.android.server.camera.CameraServiceProxy
11-11 18:48:24.870  6780  6780 V SystemServerTiming: OnBootPhase_600_com.android.server.camera.CameraServiceProxy took to complete: 0ms
11-11 18:48:24.870  6780  6780 D SystemServerTiming: OnBootPhase_600_com.android.server.bluetooth.BluetoothService
11-11 18:48:24.870  6780  6780 V SystemServerTiming: OnBootPhase_600_com.android.server.bluetooth.BluetoothService took to complete: 0ms
11-11 18:48:24.870  6780  6780 D SystemServerTiming: OnBootPhase_600_com.android.server.connectivity.IpConnectivityMetrics
11-11 18:48:24.870  6780  6780 V SystemServerTiming: OnBootPhase_600_com.android.server.connectivity.IpConnectivityMetrics took to complete: 0ms
11-11 18:48:24.870  6780  6780 D SystemServerTiming: OnBootPhase_600_com.android.server.net.watchlist.NetworkWatchlistService$Lifecycle
11-11 18:48:24.870  6780  6780 V SystemServerTiming: OnBootPhase_600_com.android.server.net.watchlist.NetworkWatchlistService$Lifecycle took to complete: 0ms
11-11 18:48:24.870  6780  6780 D SystemServerTiming: OnBootPhase_600_com.android.server.PinnerService
11-11 18:48:24.870  6780  6780 V SystemServerTiming: OnBootPhase_600_com.android.server.PinnerService took to complete: 0ms
11-11 18:48:24.870  6780  6780 D SystemServerTiming: OnBootPhase_600_com.android.server.ActivityTriggerService
11-11 18:48:24.870  6780  6780 V SystemServerTiming: OnBootPhase_600_com.android.server.ActivityTriggerService took to complete: 0ms
11-11 18:48:24.870  6780  6780 D SystemServerTiming: OnBootPhase_600_com.android.server.integrity.AppIntegrityManagerService
11-11 18:48:24.870  6780  6780 V SystemServerTiming: OnBootPhase_600_com.android.server.integrity.AppIntegrityManagerService took to complete: 0ms
11-11 18:48:24.870  6780  6780 D SystemServerTiming: OnBootPhase_600_com.android.server.logcat.LogcatManagerService
11-11 18:48:24.870  6780  6780 V SystemServerTiming: OnBootPhase_600_com.android.server.logcat.LogcatManagerService took to complete: 0ms
11-11 18:48:24.870  6780  6780 D SystemServerTiming: OnBootPhase_600_com.android.server.inputmethod.InputMethodManagerService$Lifecycle
11-11 18:48:24.870  6780  6780 V SystemServerTiming: OnBootPhase_600_com.android.server.inputmethod.InputMethodManagerService$Lifecycle took to complete: 0ms
11-11 18:48:24.870  6780  6780 D SystemServerTiming: OnBootPhase_600_com.android.server.accessibility.AccessibilityManagerService$Lifecycle
11-11 18:48:24.871  6780  6818 W ActivityManager: Slow operation: 157ms so far, now at startProcess: returned from zygote!
11-11 18:48:24.871  6780  6818 W ActivityManager: Slow operation: 157ms so far, now at startProcess: done updating battery stats
11-11 18:48:24.871  6780  6818 W ActivityManager: Slow operation: 157ms so far, now at startProcess: building log message
11-11 18:48:24.871  6780  6818 I ActivityManager: Start proc 7030:com.android.car/1000 for service {com.android.car/com.android.car.CarService}
11-11 18:48:24.871  6780  6818 W ActivityManager: Slow operation: 157ms so far, now at startProcess: starting to update pids map
11-11 18:48:24.871  6780  6818 W ActivityManager: Slow operation: 157ms so far, now at startProcess: done updating pids map
11-11 18:48:24.871  6780  6780 V SystemServerTiming: OnBootPhase_600_com.android.server.accessibility.AccessibilityManagerService$Lifecycle took to complete: 1ms
11-11 18:48:24.871  6780  6780 D SystemServerTiming: OnBootPhase_600_com.android.server.StorageManagerService$Lifecycle
11-11 18:48:24.871  6780  6780 V SystemServerTiming: OnBootPhase_600_com.android.server.StorageManagerService$Lifecycle took to complete: 0ms
