11-10 20:20:53.381  1374  1600 W ContextImpl: Calling a method in the system process without a qualified user: android.app.ContextImpl.sendStickyBroadcast:1626 com.android.server.wifi.ClientModeImpl.sendNetworkChangeBroadcast:3023 com.android.server.wifi.ClientModeImpl.lambda$sendNetworkChangeBroadcastWithCurrentState$14:3000 com.android.server.wifi.ClientModeImpl.$r8$lambda$q-j88Pjw4gROgoJFr8wBlBVbuJI:0 com.android.server.wifi.ClientModeImpl$$ExternalSyntheticLambda4.send:0 
11-10 20:20:53.383  1374  1608 D ConnectivityService: [100 WIFI] EVENT_NETWORK_INFO_CHANGED, going from CONNECTING to CONNECTED
11-10 20:20:53.384   627   627 I netd    : networkCreate(NativeNetworkConfig{netId: 100, networkType: PHYSICAL, permission: 0, secure: false, vpnType: -1, excludeLocalRoutes: false}) <0.13ms>
11-10 20:20:53.389   627   627 I netd    : createNetworkCache(100) <0.69ms>
11-10 20:20:53.390  1374  1608 D DnsManager: sendDnsConfigurationForNetwork(100, [172.22.204.46], [], 1800, 25, 8, 64, 0, 0, , [])
11-10 20:20:53.392  1374  1600 W WifiScoreReport: Cannot start external scoring netId=100 currentNetId=100 currentNetCapabilities=[ Transports: WIFI Capabilities: INTERNET&NOT_RESTRICTED&TRUSTED&NOT_VPN&NOT_ROAMING&NOT_CONGESTED&NOT_SUSPENDED&NOT_VCN_MANAGED LinkUpBandwidth>=10000Kbps LinkDnBandwidth>=10000Kbps Specifier: <WifiNetworkAgentSpecifier [WifiConfiguration=, SSID="Xiaomi 11i", BSSID=ae:7a:e9:4c:ad:43, band=1, mMatchLocalOnlySpecifiers=false]> TransportInfo: <SSID: "Xiaomi 11i", BSSID: ae:7a:e9:4c:ad:43, MAC: 6e:a3:ab:4b:67:e1, IP: /172.22.204.79, Security type: 2, Supplicant state: COMPLETED, Wi-Fi standard: 4, RSSI: -67, Link speed: 57Mbps, Tx Link speed: 57Mbps, Max Supported Tx Link speed: 72Mbps, Rx Link speed: 57Mbps, Max Supported Rx Link speed: 72Mbps, Frequency: 2437MHz, Net ID: 2, Metered hint: true, score: 60, isUsable: true, CarrierMerged: false, SubscriptionId: -1, IsPrimary: 1, Trusted: true, Restricted: false, Ephemeral: false, OEM paid: false, OEM private: false, OSU AP: false, FQDN: <none>, Provider friendly name: <none>, Requesting package name: <none>"Xiaomi 11i"wpa2-pskMLO Information: , Is TID-To-Link negotiation supported by the AP: false, AP MLD Address: <none>, AP MLO Link Id: <none>, AP MLO Affiliated links: <none>> SignalStrength: -67 AllowedUids: <{1001000}> OwnerUid: 1001000 AdminUids: [1001000] SSID: "Xiaomi 11i" UnderlyingNetworks: Null] sessionId=1008
11-10 20:20:53.402  2001  3441 D QCNEJ/WlanStaInfoRelay: Received action: android.net.wifi.STATE_CHANGE
11-10 20:20:53.404   627   627 I resolv  : resolv_set_nameservers: netid = 100, addr = 172.22.204.46
11-10 20:20:53.404   627   627 I netd    : DnsResolverService::setResolverConfiguration(100, [172.22.204.46], [], 1800, 25, 8, 64, 0, 0, "", []) -> (0) (1e+01ms)
11-10 20:20:53.405   627   627 I netd    : setResolverConfiguration(ResolverParamsParcel{netId: 100, sampleValiditySeconds: 1800, successThreshold: 25, minSamples: 8, maxSamples: 64, baseTimeoutMsec: 0, retryCount: 0, servers: [172.22.204.46], domains: [], tlsName: , tlsServers: [], tlsFingerprints: [], caCertificate: , tlsConnectTimeoutMs: 0, resolverOptions: (null), transportTypes: [1]}) <14.18ms>
11-10 20:20:53.405  1374  3008 D WifiMemoryStoreImpl: Set cluster Ga5955f4d19dc7d76 for Wace835e032fe560d: SUCCESS
11-10 20:20:53.406   627   738 I netd    : tetherGetStats() -> {[]} <1.85ms>
11-10 20:20:53.407   627   738 I netd    : setNetworkAllowlist([NativeUidRangeConfig{netId: 100, uidRanges: [UidRangeParcel{start: 0, stop: 99999}, UidRangeParcel{start: 1000000, stop: 1099999}], subPriority: 0}]) <0.03ms>
11-10 20:20:53.410  1374  1608 W DnsManager: updatePrivateDns(100, PrivateDnsConfig{true:/[]})
11-10 20:20:53.411  1374  1608 D ConnectivityService: Setting DNS servers for network 100 to [/172.22.204.46]
11-10 20:20:53.411  1374  1608 D DnsManager: sendDnsConfigurationForNetwork(100, [172.22.204.46], [], 1800, 25, 8, 64, 0, 0, , [172.22.204.46])
11-10 20:20:53.413   627   738 I resolv  : setDoh: No suitable DoH server found
11-10 20:20:53.413   627   738 I netd    : DnsResolverService::setResolverConfiguration(100, [172.22.204.46], [], 1800, 25, 8, 64, 0, 0, "", [172.22.204.46]) -> (0) (1ms)
11-10 20:20:53.413   627   738 I netd    : setResolverConfiguration(ResolverParamsParcel{netId: 100, sampleValiditySeconds: 1800, successThreshold: 25, minSamples: 8, maxSamples: 64, baseTimeoutMsec: 0, retryCount: 0, servers: [172.22.204.46], domains: [], tlsName: , tlsServers: [172.22.204.46], tlsFingerprints: [], caCertificate: , tlsConnectTimeoutMs: 0, resolverOptions: (null), transportTypes: [1]}) <1.44ms>
11-10 20:20:53.415  1374  1608 D ConnectivityService: Adding iface wlan0 to network 100
11-10 20:20:53.421  1374  2361 D WifiMemoryStoreImpl: Set cluster Ga5955f4d19dc7d76 for Wa5955f4d19dc7d76: SUCCESS
11-10 20:20:53.422   627   738 I netd    : networkAddInterface(100, wlan0) <6.84ms>
11-10 20:20:53.426   627   738 I netd    : wakeupAddInterface(wlan0, 432902426637:wlan0, -2147483648, -2147483648) <3.75ms>
11-10 20:20:53.428   627  7360 W resolv  : Validating DnsTlsServer 172.22.204.46 with mark 0xf0064
11-10 20:20:53.429   627  7360 W resolv  : Socket failed to connect: Network is unreachable
11-10 20:20:53.429   627  7360 W resolv  : TCP Handshake failed: 101
11-10 20:20:53.429   627  7360 W resolv  : query failed
11-10 20:20:53.429   627  7360 W resolv  : validateDnsTlsServer returned 0 for 172.22.204.46
11-10 20:20:53.430   627  7360 W resolv  : Validation failed
11-10 20:20:53.433  7270  7270 D FocusParkingView: The window of Activity [com.android.car.settings.common.SubSettingsActivity@b98529d] gained focus
11-10 20:20:53.433  7270  7270 D FocusAreaHelper: The window of Activity [com.android.car.settings.common.SubSettingsActivity@b98529d] gained focus
11-10 20:20:53.434  7270  7270 D FocusParkingView: The window of Activity [com.android.car.settings.common.SubSettingsActivity@b98529d] gained focus
11-10 20:20:53.434  7270  7270 D FocusAreaHelper: The window of Activity [com.android.car.settings.common.SubSettingsActivity@b98529d] gained focus
11-10 20:20:53.434  7270  7270 D FocusAreaHelper: The window of Activity [com.android.car.settings.common.SubSettingsActivity@b98529d] gained focus
11-10 20:20:53.435   627   738 I netd    : networkAddRouteParcel(100, RouteInfoParcel{destination: fe80::/64, ifName: wlan0, nextHop: , mtu: 0}) <0.55ms>
11-10 20:20:53.436   627   738 I netd    : networkAddRouteParcel(100, RouteInfoParcel{destination: 172.22.204.0/24, ifName: wlan0, nextHop: , mtu: 0}) <0.30ms>
11-10 20:20:53.437   627   738 I netd    : networkAddRouteParcel(100, RouteInfoParcel{destination: 0.0.0.0/0, ifName: wlan0, nextHop: 172.22.204.46, mtu: 0}) <0.29ms>
11-10 20:20:53.437  1374  2361 I ImeTracker: com.android.car.settings:d15a68ea: onRequestHide at ORIGIN_SERVER_HIDE_INPUT reason HIDE_UNSPECIFIED_WINDOW
11-10 20:20:53.437  1374  2361 I ImeTracker: com.android.car.settings:d15a68ea: onCancelled at PHASE_SERVER_SHOULD_HIDE
11-10 20:20:53.438  1374  1608 D ConnectivityService: Setting DNS servers for network 100 to [/172.22.204.46]
11-10 20:20:53.438  1374  1608 D DnsManager: sendDnsConfigurationForNetwork(100, [172.22.204.46], [], 1800, 25, 8, 64, 0, 0, , [172.22.204.46])
11-10 20:20:53.438   627   738 I resolv  : setDoh: No suitable DoH server found
11-10 20:20:53.439   627   738 I netd    : DnsResolverService::setResolverConfiguration(100, [172.22.204.46], [], 1800, 25, 8, 64, 0, 0, "", [172.22.204.46]) -> (0) (0.4ms)
11-10 20:20:53.439   627   738 I netd    : setResolverConfiguration(ResolverParamsParcel{netId: 100, sampleValiditySeconds: 1800, successThreshold: 25, minSamples: 8, maxSamples: 64, baseTimeoutMsec: 0, retryCount: 0, servers: [172.22.204.46], domains: [], tlsName: , tlsServers: [172.22.204.46], tlsFingerprints: [], caCertificate: , tlsConnectTimeoutMs: 0, resolverOptions: (null), transportTypes: [1]}) <0.55ms>
11-10 20:20:53.443   627  7362 W resolv  : Validating DnsTlsServer 172.22.204.46 with mark 0xf0064
11-10 20:20:53.449  1374  1608 W BestClock: java.time.DateTimeException: Missing network time fix
11-10 20:20:53.452   627   738 I netd    : tetherGetStats() -> {[]} <1.66ms>
11-10 20:20:53.453  1083  1083 I cnss-daemon: Ready to update GW parameters
11-10 20:20:53.454   627   738 I netd    : setProcSysNet(4, 2, wlan0, retrans_time_ms, 750) <0.18ms>
11-10 20:20:53.454   627   738 I netd    : setProcSysNet(4, 2, wlan0, ucast_solicit, 10) <0.13ms>
11-10 20:20:53.455  1374  1608 W BestClock: java.time.DateTimeException: Missing network time fix
11-10 20:20:53.455   627  7362 W resolv  : SSL_connect ssl error =5, mark 0xf0064: Connection refused
11-10 20:20:53.455   627   738 I netd    : setProcSysNet(6, 2, wlan0, retrans_time_ms, 750) <0.16ms>
11-10 20:20:53.455   627  7362 W resolv  : TLS Handshake failed
11-10 20:20:53.455   627  7362 W resolv  : query failed
11-10 20:20:53.455   627  7362 W resolv  : validateDnsTlsServer returned 0 for 172.22.204.46
11-10 20:20:53.456   627   738 I netd    : setProcSysNet(6, 2, wlan0, ucast_solicit, 10) <0.11ms>
11-10 20:20:53.456   627  7362 W resolv  : Validation failed
11-10 20:20:53.459  1374  1608 D ConnectivityService: Switching to new default network for: uid/pid:1000/1374 activeRequest: 1 callbackRequest: 1 [NetworkRequest [ REQUEST id=1, [ Capabilities: INTERNET&NOT_RESTRICTED&TRUSTED&NOT_VPN&NOT_VCN_MANAGED RequestorUid: 1000 RequestorPkg: android UnderlyingNetworks: Null] ]] callback flags: 1 order: 2147483647 using NetworkAgentInfo{network{100}  handle{432902426637}  ni{WIFI CONNECTED extra: } created=2025-11-10T14:50:53.091Z Score(Policies : TRANSPORT_PRIMARY ; KeepConnected : 0)  created 377384  lp{{InterfaceName: wlan0 LinkAddresses: [ fe80::6ca3:abff:fe4b:67e1/64,172.22.204.79/24 ] DnsAddresses: [ /172.22.204.46 ] Domains: null MTU: 0 ServerAddress: /172.22.204.46 TcpBufferSizes: 524288,1048576,2097152,262144,524288,1048576 Routes: [ fe80::/64 -> :: wlan0 mtu 0,172.22.204.0/24 -> 0.0.0.0 wlan0 mtu 0,0.0.0.0/0 -> 172.22.204.46 wlan0 mtu 0 ]}}  nc{[ Transports: WIFI Capabilities: INTERNET&NOT_RESTRICTED&TRUSTED&NOT_VPN&NOT_ROAMING&FOREGROUND&NOT_CONGESTED&NOT_SUSPENDED&NOT_VCN_MANAGED LinkUpBandwidth>=10000Kbps LinkDnBandwidth>=10000Kbps Specifier: <WifiNetworkAgentSpecifier [WifiConfiguration=, SSID="Xiaomi 11i", BSSID=ae:7a:e9:4c:ad:43, band=1, mMatchLocalOnlySpecifiers=false]> TransportInfo: <SSID: "Xiaomi 11i", BSSID: ae:7a:e9:4c:ad:43, MAC: 6e:a3:ab:4b:67:e1, IP: /172.22.204.79, Security type: 2, Supplicant state: COMPLETED, Wi-Fi standard: 4, RSSI: -67, Link speed: 57Mbps, Tx Link speed: 57Mbps, Max Supported Tx Link speed: 72Mbps, Rx Link speed: 57Mbps, Max Supported Rx Link speed: 72Mbps, Frequency: 2437MHz, Net ID: 2, Metered hint: true, score: 60, isUsable: true, CarrierMerged: false, SubscriptionId: -1, IsPrimary: 1, Trusted: true, Restricted: false, Ephemeral: false, OEM paid: false, OEM private: false, OSU AP: false, FQDN: <none>, Provider friendly name: <none>, Requesting package name: <none>"Xiaomi 11i"wpa2-pskMLO Information: , Is TID-To-Link negotiation supported by the AP: false, AP MLD Address: <none>, AP MLO Link Id: <none>, AP MLO Affiliated links: <none>> SignalStrength: -67 OwnerUid: 1001000 AdminUids: [1001000] SSID: "Xiaomi 11i" UnderlyingNetworks: Null]}  factorySerialNumber=9}
11-10 20:20:53.460   627   738 I netd    : networkSetDefault(100) <0.22ms>
11-10 20:20:53.460  1374  1600 E WifiStaIfaceHidlImpl: stopRssiMonitoring failed with status: {.code = ERROR_NOT_AVAILABLE, .description = }
11-10 20:20:53.465   627   727 E NetlinkEvent: NetlinkEvent::FindParam(): Parameter 'INTERFACE' not found
11-10 20:20:53.466   627   727 E NetlinkEvent: NetlinkEvent::FindParam(): Parameter 'STATE' not found
11-10 20:20:53.466   627   727 E NetlinkEvent: NetlinkEvent::FindParam(): Parameter 'TIME_NS' not found
11-10 20:20:53.466   627   727 E NetlinkEvent: NetlinkEvent::FindParam(): Parameter 'UID' not found
11-10 20:20:53.470   627   738 I netd    : idletimerAddInterface(wlan0, 15, 1) <6.51ms>
11-10 20:20:53.470   627   738 I netd    : setTcpRWmemorySize(524288 1048576 2097152, 262144 524288 1048576) <0.17ms>
11-10 20:20:53.479  2045  7365 D TrafficStats: tagSocket(105) with statsTag=0xffffff81, statsUid=-1
11-10 20:20:53.481  1374  1608 W BestClock: java.time.DateTimeException: Missing network time fix
11-10 20:20:53.483  2045  7364 D TrafficStats: tagSocket(106) with statsTag=0xffffff81, statsUid=-1
11-10 20:20:53.484  2045  7365 D TrafficStats: tagSocket(105) with statsTag=0xffffff81, statsUid=-1
11-10 20:20:53.485   627   738 I netd    : tetherGetStats() -> {[]} <1.08ms>
11-10 20:20:53.486  2045  7364 D TrafficStats: tagSocket(106) with statsTag=0xffffff81, statsUid=-1
11-10 20:20:53.487  1374  1608 W BestClock: java.time.DateTimeException: Missing network time fix
11-10 20:20:53.491  1374  1598 W BestClock: java.time.DateTimeException: Missing network time fix
11-10 20:20:53.492  1374  1640 D NetworkTimeUpdateService: New default network 100; checking time.
11-10 20:20:53.496   627   738 I netd    : bandwidthSetInterfaceQuota(wlan0, 9223372036854775807) <4.14ms>
11-10 20:20:53.498   627  7367 I resolv  : ResNSendHandler::run: 0 / {100 983140 100 983140 1073 1}
11-10 20:20:53.502  2045  2345 D UpstreamNetworkMonitor: New default Internet network: 100
11-10 20:20:53.502   627  7368 I resolv  : ResNSendHandler::run: 0 / {100 983140 100 983140 1073 1}
11-10 20:20:53.502  1374  1598 W BestClock: java.time.DateTimeException: Missing network time fix
11-10 20:20:53.507  1374  1387 W JavaBinder: BinderProxy is being destroyed but the application did not call unlinkToDeath to unlink all of its death recipients beforehand.  Releasing leaked death recipient: com.android.server.am.ActivityManagerService$14
11-10 20:20:53.507  1374  1387 I BpBinder: onLastStrongRef automatically unlinking death recipients: 
11-10 20:20:53.508  1374  1387 W JavaBinder: BinderProxy is being destroyed but the application did not call unlinkToDeath to unlink all of its death recipients beforehand.  Releasing leaked death recipient: com.android.server.am.ActivityManagerService$14
11-10 20:20:53.508  1374  1387 I BpBinder: onLastStrongRef automatically unlinking death recipients: 
11-10 20:20:53.508  1374  1387 W JavaBinder: BinderProxy is being destroyed but the application did not call unlinkToDeath to unlink all of its death recipients beforehand.  Releasing leaked death recipient: com.android.server.am.ActivityManagerService$14
11-10 20:20:53.508  1374  1387 I BpBinder: onLastStrongRef automatically unlinking death recipients: 
11-10 20:20:53.510  2001  3441 D QCNEJ/DefaultNetworkInfoRelay: Default network available: 100
11-10 20:20:53.514  1374  1608 D ConnectivityService: Sending CONNECTED broadcast for type 1 [100 WIFI] isDefaultNetwork=true
11-10 20:20:53.514  1374  1608 W ContextImpl: Calling a method in the system process without a qualified user: android.app.ContextImpl.sendStickyBroadcast:1626 android.net.connectivity.com.android.server.ConnectivityService.sendStickyBroadcast:3282 android.net.connectivity.com.android.server.ConnectivityService.sendGeneralBroadcast:3252 android.net.connectivity.com.android.server.ConnectivityService.sendConnectedBroadcast:3225 android.net.connectivity.com.android.server.ConnectivityService.sendLegacyNetworkBroadcast:10219 
11-10 20:20:53.517  1374  1608 D ConnectivityService: NetReassign [72 : null  100, 17 : null  100, 29 : null  100, 24 : null  100, 69 : null  100, 40 : null  100, 21 : null  100, 45 : null  100, 32 : null  100, 59 : null  100, 66 : null  100, 7 : null  100, 1 : null  100, 19 : null  100, 57 : null  100, 47 : null  100, 42 : null  100, 51 : null  100, 37 : null  100, 14 : null  100, 26 : null  100, 53 : null  100, 77 : null  100] [c 0] [a 57] [i 2]
11-10 20:20:53.518   627   738 I netd    : bandwidthRemoveInterfaceQuota(wlan0) <3.07ms>
11-10 20:20:53.521  2001  3441 D QCNEJ/WlanStaInfoRelay: network available: 100
11-10 20:20:53.522   627   738 I netd    : bandwidthSetInterfaceQuota(wlan0, 9223372036854775807) <2.04ms>
11-10 20:20:53.523  1374  1598 W BestClock: java.time.DateTimeException: Missing network time fix
11-10 20:20:53.528  7270  7324 D CompatibilityChangeReporter: Compat change id reported: 186082280; UID 1001000; state: DISABLED
11-10 20:20:53.529   627  7370 I resolv  : GetAddrInfoHandler::run: {100 983140 100 983140 1000 1}
11-10 20:20:53.530  2001  3441 D CompatibilityChangeReporter: Compat change id reported: 186082280; UID 10081; state: ENABLED
11-10 20:20:53.532   627   738 I netd    : bandwidthRemoveInterfaceQuota(wlan0) <6.69ms>
11-10 20:20:53.532   627  7367 I resolv  : res_nsend: used send_dg 63 terrno: 0
11-10 20:20:53.533   627  7371 I resolv  : res_nmkquery: (QUERY, IN, A)
11-10 20:20:53.536   627   738 I netd    : bandwidthSetInterfaceQuota(wlan0, 9223372036854775807) <3.03ms>
11-10 20:20:53.536  2045  2045 D TrafficStats: tagSocket(105) with statsTag=0xffffffff, statsUid=-1
11-10 20:20:53.538   627  7368 I resolv  : res_nsend: used send_dg 48 terrno: 0
11-10 20:20:53.542  1374  1598 W BestClock: java.time.DateTimeException: Missing network time fix
11-10 20:20:53.543  1374  1405 I DropBoxManagerService: add tag=system_server_strictmode isTagEnabled=true flags=0x2
11-10 20:20:53.547  2045  2045 D TrafficStats: tagSocket(105) with statsTag=0xffffffff, statsUid=-1
11-10 20:20:53.548  1374  1598 W BestClock: java.time.DateTimeException: Missing network time fix
11-10 20:20:53.550  2045  7365 D NetworkMonitor/100: PROBE_DNS connectivitycheck.gstatic.com 67ms OK 142.251.221.99
11-10 20:20:53.550  2045  7364 D NetworkMonitor/100: PROBE_DNS www.google.com 67ms OK 142.251.43.36
11-10 20:20:53.552   627   738 I netd    : bandwidthRemoveInterfaceQuota(wlan0) <3.43ms>
11-10 20:20:53.554  2045  7365 I DpmTcmClient: RegisterTcmMonitor from: $Proxy2
11-10 20:20:53.555   627   738 I netd    : bandwidthSetInterfaceQuota(wlan0, 9223372036854775807) <2.32ms>
11-10 20:20:53.557  1374  1598 W BestClock: java.time.DateTimeException: Missing network time fix
11-10 20:20:53.559   627  7374 I resolv  : GetAddrInfoHandler::run: {100 983140 100 983140 1073 1}
11-10 20:20:53.560   627  7371 I resolv  : res_nsend: used send_dg 98 terrno: 0
11-10 20:20:53.560   627  7371 I resolv  : doQuery: rcode=0, ancount=4, return value=98
11-10 20:20:53.562   627  7376 I resolv  : res_nmkquery: (QUERY, IN, A)
11-10 20:20:53.562   627  7375 I resolv  : GetAddrInfoHandler::run: {100 983140 100 983140 1073 1}
11-10 20:20:53.563   627  7376 I resolv  : resolv_cache_lookup: FOUND IN CACHE entry=0xb400007998c4bc50
11-10 20:20:53.563   627  7376 I resolv  : doQuery: rcode=0, ancount=1, return value=63
11-10 20:20:53.563  1374  1405 I DropBoxManagerService: add tag=system_app_strictmode isTagEnabled=true flags=0x2
11-10 20:20:53.564  2045  7365 D TrafficStats: tagSocket(106) with statsTag=0xffffff81, statsUid=-1
11-10 20:20:53.566  1374  1640 D TrafficStats: tagSocket(604) with statsTag=0xffffff41, statsUid=-1
11-10 20:20:53.570   627  7378 I resolv  : res_nmkquery: (QUERY, IN, A)
11-10 20:20:53.570   627  7378 I resolv  : resolv_cache_lookup: FOUND IN CACHE entry=0xb4000077f8c4a220
11-10 20:20:53.570   627  7378 I resolv  : doQuery: rcode=0, ancount=1, return value=48
11-10 20:20:53.572  2045  7364 D TrafficStats: tagSocket(109) with statsTag=0xffffff81, statsUid=-1
11-10 20:20:53.635  2680  2720 E inform_hb_driver: Unable to open /sys/qti_heartbeat/sysstate_value
11-10 20:20:53.651  1374  1640 D SntpClient: round trip: 79ms, clock offset: 496ms
11-10 20:20:53.750  2045  7365 D NetworkMonitor/100: PROBE_HTTP http://connectivitycheck.gstatic.com/generate_204 time=190ms ret=204 request={Connection=[close], User-Agent=[Mozilla/5.0 (X11; Linux x86_64) AppleWebKit/537.36 (KHTML, like Gecko) Chrome/60.0.3112.32 Safari/537.36]} headers={null=[HTTP/1.1 204 No Content], Connection=[close], Content-Length=[0], Cross-Origin-Resource-Policy=[cross-origin], Date=[Mon, 10 Nov 2025 14:50:54 GMT], X-Android-Received-Millis=[1762786253747], X-Android-Response-Source=[NETWORK 204], X-Android-Selected-Protocol=[http/1.1], X-Android-Sent-Millis=[1762786253645]}
11-10 20:20:53.789     0     0 I IRQ 6   : no longer affine to CPU7
11-10 20:20:53.850  1998  2071 I DynamicDDSService: handleMessage(ACTIVITY_SUSPEND{appInfo=com.android.car.settings isFullScreen=}true)
11-10 20:20:53.850  1998  2071 W DynamicDDSService: mAppNames is empty, no need to send QMI
11-10 20:20:53.860  7270  7324 I WifiPickerTracker: Scanning stopped
11-10 20:20:53.861  7270  7322 I WifiPickerTracker: Scanning stopped
11-10 20:20:53.861  7270  7321 I WifiPickerTracker: Scanning stopped
11-10 20:20:53.867  7270  7270 I TetheringManager: unregisterTetheringEventCallback caller:com.android.car.settings
11-10 20:20:53.868  7270  7270 V WifiManager: unregisterSoftApCallback: callback=com.android.car.settings.wifi.WifiTetheringHandler$1@27a9b8b
11-10 20:20:53.872  7270  7290 D OpenGLRenderer: endAllActiveAnimators on 0xb400007688423180 (StateListDrawable) with handle 0xb400007698392f20
11-10 20:20:53.973  1062  1062 E Bikelogs: recvfrom error: Try again
11-10 20:20:54.017  2680  2720 E inform_hb_driver: Unable to open /sys/qti_heartbeat/sysstate_value
11-10 20:20:54.101  1374  1509 E UdpServiceJNI: udpReceiverThread: recvfrom failed: Try again
11-10 20:20:54.168  2045  5816 D IpClient/wlan0: addressUpdated: fe80::6ca3:abff:fe4b:67e1/64 on ifindex 31 flags 0x00000080 scope 253
11-10 20:20:54.177  3681  3681 D AwsIotSslUtility: Creating SSLSocketFactory from bundled app credentials...
11-10 20:20:54.181  2045  5816 D IpClient/wlan0: routeUpdated: ::/0 -> fe80::ac7a:e9ff:fe4c:ad43 wlan0 mtu 0
11-10 20:20:54.181  2045  5816 D IpClient/wlan0: routeUpdated: 2401:4900:33b1:7b52::/64 -> :: wlan0 mtu 0
11-10 20:20:54.184  2045  5816 D IpClient/wlan0: interfaceDnsServerInfo: [2401:4900:33b1:7b52::8f]
11-10 20:20:54.186  2045  5816 D IpClient/wlan0: addressUpdated: 2401:4900:33b1:7b52:6ca3:abff:fe4b:67e1/64 on ifindex 31 flags 0x00000144 scope 0
11-10 20:20:54.186  2045  7353 D ApfFilter: (wlan0): Adding RA fe80::ac7a:e9ff:fe4c:ad43 -> fe80::6ca3:abff:fe4b:67e1 7200s 2401:4900:33b1:7b52::/64 7200s/7200s DNS 7200s 2401:4900:33b1:7b52::8f 
11-10 20:20:54.188  2045  5816 D IpClient/wlan0: addressUpdated: 2401:4900:33b1:7b52:e0ce:9c56:bd6b:1d53/64 on ifindex 31 flags 0x00000045 scope 0
11-10 20:20:54.201   756   756 V WifiHAL : WifiVendorCommand 0xb4000072baf59900 created vendor_id:0x1374 subcmd:83
11-10 20:20:54.207  2045  5816 D IpClient.wlan0: set max DTIM multiplier to 2
11-10 20:20:54.208   627   738 I netd    : networkAddRouteParcel(100, RouteInfoParcel{destination: 2401:4900:33b1:7b52::/64, ifName: wlan0, nextHop: , mtu: 0}) <0.46ms>
11-10 20:20:54.209  1374  1600 D WifiStaIfaceHidlImpl: setDtimMultiplier is not implemented by HIDL
11-10 20:20:54.209   627   738 E netd    : Error adding route ::/0 -> fe80::ac7a:e9ff:fe4c:ad43 wlan0 to table 1031: File exists
11-10 20:20:54.209   627   738 I netd    : networkAddRouteParcel(100, RouteInfoParcel{destination: ::/0, ifName: wlan0, nextHop: fe80::ac7a:e9ff:fe4c:ad43, mtu: 0}) <0.28ms>
11-10 20:20:54.210  1374  1608 D ConnectivityService: Setting DNS servers for network 100 to [/2401:4900:33b1:7b52::8f, /172.22.204.46]
11-10 20:20:54.210  1374  1608 D DnsManager: sendDnsConfigurationForNetwork(100, [2401:4900:33b1:7b52::8f, 172.22.204.46], [], 1800, 25, 8, 64, 0, 0, , [2401:4900:33b1:7b52::8f, 172.22.204.46])
11-10 20:20:54.211   627   738 I resolv  : setDoh: No suitable DoH server found
11-10 20:20:54.211   627   738 I resolv  : resolv_set_nameservers: netid = 100, addr = 2401:4900:33b1:7b52::8f
11-10 20:20:54.211   627   738 I resolv  : resolv_set_nameservers: netid = 100, addr = 172.22.204.46
11-10 20:20:54.211   627   738 I netd    : DnsResolverService::setResolverConfiguration(100, [2401:4900:33b1:7b52::8f, 172.22.204.46], [], 1800, 25, 8, 64, 0, 0, "", [2401:4900:33b1:7b52::8f, 172.22.204.46]) -> (0) (0.6ms)
11-10 20:20:54.211   627   738 I netd    : setResolverConfiguration(ResolverParamsParcel{netId: 100, sampleValiditySeconds: 1800, successThreshold: 25, minSamples: 8, maxSamples: 64, baseTimeoutMsec: 0, retryCount: 0, servers: [2401:4900:33b1:7b52::8f, 172.22.204.46], domains: [], tlsName: , tlsServers: [2401:4900:33b1:7b52::8f, 172.22.204.46], tlsFingerprints: [], caCertificate: , tlsConnectTimeoutMs: 0, resolverOptions: (null), transportTypes: [1]}) <0.67ms>
11-10 20:20:54.211  2001  3441 D QCNEJ/WlanStaInfoRelay: Received action: android.net.wifi.LINK_CONFIGURATION_CHANGED
11-10 20:20:54.211  2001  3441 E QCNEJ/WlanStaInfoRelay: update link properties given null lp
11-10 20:20:54.211   627  7384 W resolv  : Validating DnsTlsServer 172.22.204.46 with mark 0xf0064
11-10 20:20:54.220   627  7385 W resolv  : Validating DnsTlsServer 2401:4900:33b1:7b52::8f with mark 0xf0064
11-10 20:20:54.238  3681  3681 D CompatibilityChangeReporter: Compat change id reported: 247079863; UID 10045; state: ENABLED
11-10 20:20:54.268  2045  7364 D NetworkMonitor/100: PROBE_HTTPS https://www.google.com/generate_204 time=709ms ret=204 request={Connection=[close], User-Agent=[Mozilla/5.0 (X11; Linux x86_64) AppleWebKit/537.36 (KHTML, like Gecko) Chrome/60.0.3112.32 Safari/537.36]} headers={null=[HTTP/1.1 204 No Content], Alt-Svc=[h3=":443"; ma=2592000,h3-29=":443"; ma=2592000], Connection=[close], Content-Length=[0], Cross-Origin-Resource-Policy=[cross-origin], Date=[Mon, 10 Nov 2025 14:50:54 GMT], X-Android-Received-Millis=[1762786254265], X-Android-Response-Source=[NETWORK 204], X-Android-Selected-Protocol=[http/1.1], X-Android-Sent-Millis=[1762786254109]}
11-10 20:20:54.283     0     0 I cnss-daemon: Invalid mac address
11-10 20:20:54.283     0     0 I cnss-daemon: failed to update gateway
11-10 20:20:54.272  2045  7363 D NetworkMonitor/100: isCaptivePortal: isSuccessful()=true isPortal()=false RedirectUrl=null isPartialConnectivity()=false Time=796ms
11-10 20:20:54.273   627  7384 W resolv  : SSL_connect ssl error =5, mark 0xf0064: Connection refused
11-10 20:20:54.273   627  7384 W resolv  : TLS Handshake failed
11-10 20:20:54.273   627  7384 W resolv  : query failed
11-10 20:20:54.273   627  7384 W resolv  : validateDnsTlsServer returned 0 for 172.22.204.46
11-10 20:20:54.274  1083  1083 I cnss-daemon: Ready to update GW parameters
11-10 20:20:54.274   627  7384 W resolv  : Validation failed
11-10 20:20:54.275  1083  1083 E cnss-daemon: Invalid mac address
11-10 20:20:54.275  1083  1083 E cnss-daemon: failed to update gateway
11-10 20:20:54.282  1374  1608 I ConnectivityService: Update score for net 100 : +EVER_EVALUATED
11-10 20:20:54.282  1374  1608 D ConnectivityService: [100 WIFI] validation passed
11-10 20:20:54.282  1374  1608 I ConnectivityService: Update capabilities for net 100 : +VALIDATED
11-10 20:20:54.282  1374  1608 I ConnectivityService: Update score for net 100 : +EVER_VALIDATED+IS_VALIDATED
11-10 20:20:54.286  1374  1608 D ConnectivityService: NetReassign [no changes] [c 0] [a 0] [i 3]
11-10 20:20:54.287  2119  3709 D com.android.ons.ONSProfileActivator: Internet connection available
11-10 20:20:54.291  2001  3441 D QCNEJ/WlanStaInfoRelay: AndroidValidate from false to true
11-10 20:20:54.297  1374  1608 D ConnectivityService: Setting DNS servers for network 100 to [/2401:4900:33b1:7b52::8f, /172.22.204.46]
11-10 20:20:54.297  1374  1608 D DnsManager: sendDnsConfigurationForNetwork(100, [2401:4900:33b1:7b52::8f, 172.22.204.46], [], 1800, 25, 8, 64, 0, 0, , [2401:4900:33b1:7b52::8f, 172.22.204.46])
11-10 20:20:54.297   627   738 I resolv  : setDoh: No suitable DoH server found
11-10 20:20:54.297   627   738 I netd    : DnsResolverService::setResolverConfiguration(100, [2401:4900:33b1:7b52::8f, 172.22.204.46], [], 1800, 25, 8, 64, 0, 0, "", [2401:4900:33b1:7b52::8f, 172.22.204.46]) -> (0) (0.4ms)
11-10 20:20:54.297   627   738 I netd    : setResolverConfiguration(ResolverParamsParcel{netId: 100, sampleValiditySeconds: 1800, successThreshold: 25, minSamples: 8, maxSamples: 64, baseTimeoutMsec: 0, retryCount: 0, servers: [2401:4900:33b1:7b52::8f, 172.22.204.46], domains: [], tlsName: , tlsServers: [2401:4900:33b1:7b52::8f, 172.22.204.46], tlsFingerprints: [], caCertificate: , tlsConnectTimeoutMs: 0, resolverOptions: (null), transportTypes: [1]}) <0.49ms>
11-10 20:20:54.299  1374  1608 W ContextImpl: Calling a method in the system process without a qualified user: android.app.ContextImpl.sendStickyBroadcast:1626 android.net.connectivity.com.android.server.ConnectivityService.sendStickyBroadcast:3282 android.net.connectivity.com.android.server.ConnectivityService.sendGeneralBroadcast:3252 android.net.connectivity.com.android.server.ConnectivityService.sendInetConditionBroadcast:3229 android.net.connectivity.com.android.server.ConnectivityService.updateInetCondition:9900 
11-10 20:20:54.301  1374  1600 W LastMileLogger: Failed to stop event tracing: /sys/kernel/debug/tracing/instances/wifi/tracing_on: open failed: ENOENT (No such file or directory)
11-10 20:20:54.301   627  7388 W resolv  : Validating DnsTlsServer 172.22.204.46 with mark 0xf0064
11-10 20:20:54.305  2001  3441 D QCNEJ/WlanStaInfoRelay: retrieveCountryCode: Returned country code: 
11-10 20:20:54.309  1374  1591 D WifiMemoryStoreImpl: Set cluster Ga5955f4d19dc7d76 for Wace835e032fe560d: SUCCESS
11-10 20:20:54.312  1374  1403 I GnssNetworkConnectivityHandler: updateNetworkState, state=CLOSED, connected=true, network=100, capabilities=[ Transports: WIFI Capabilities: INTERNET&NOT_RESTRICTED&TRUSTED&NOT_VPN&VALIDATED&NOT_ROAMING&FOREGROUND&NOT_CONGESTED&NOT_SUSPENDED&NOT_VCN_MANAGED LinkUpBandwidth>=10000Kbps LinkDnBandwidth>=10000Kbps TransportInfo: <SSID: <unknown ssid>, BSSID: 02:00:00:00:00:00, MAC: 02:00:00:00:00:00, IP: /172.22.204.79, Security type: 2, Supplicant state: COMPLETED, Wi-Fi standard: 4, RSSI: -67, Link speed: 57Mbps, Tx Link speed: 57Mbps, Max Supported Tx Link speed: 72Mbps, Rx Link speed: 57Mbps, Max Supported Rx Link speed: 72Mbps, Frequency: 2437MHz, Net ID: -1, Metered hint: true, score: 60, isUsable: true, CarrierMerged: false, SubscriptionId: -1, IsPrimary: 1, Trusted: true, Restricted: false, Ephemeral: false, OEM paid: false, OEM private: false, OSU AP: false, FQDN: <none>, Provider friendly name: <none>, Requesting package name: <none><none>MLO Information: , Is TID-To-Link negotiation supported by the AP: false, AP MLD Address: <none>, AP MLO Link Id: <none>, AP MLO Affiliated links: <none>> SignalStrength: -67 AdminUids: [1001000] SSID: "Xiaomi 11i" UnderlyingNetworks: Null], availableNetworkCount: 1
11-10 20:20:54.316  1374  1500 D CompatibilityChangeReporter: Compat change id reported: 135634846; UID 10168; state: DISABLED
11-10 20:20:54.317  1374  1500 D CompatibilityChangeReporter: Compat change id reported: 177438394; UID 10168; state: DISABLED
11-10 20:20:54.317  1374  1500 D CompatibilityChangeReporter: Compat change id reported: 135772972; UID 10168; state: DISABLED
11-10 20:20:54.318  1374  1500 D CompatibilityChangeReporter: Compat change id reported: 135754954; UID 10168; state: ENABLED
11-10 20:20:54.324   748   748 I LocSvc__AGnssRilInterface: ===> updateNetworkState_2_0 line 111 
11-10 20:20:54.325  1374  1415 D CompatibilityChangeReporter: Compat change id reported: 143937733; UID 10168; state: ENABLED
11-10 20:20:54.327   627  7388 W resolv  : SSL_connect ssl error =5, mark 0xf0064: Connection refused
11-10 20:20:54.327   627  7388 W resolv  : TLS Handshake failed
11-10 20:20:54.327   627  7388 W resolv  : query failed
11-10 20:20:54.327   627  7388 W resolv  : validateDnsTlsServer returned 0 for 172.22.204.46
11-10 20:20:54.327   627  7388 W resolv  : Validation failed
11-10 20:20:54.331   748  1823 I LocSvc_SystemStatusOsObserver: sendCachedDataItems:471] DataItem: ACTIVE_NETWORK_INFO::TYPEs_MASK: 1, TYPE_NAME: , SUB_TYPE_NAME: , IS_AVAILABLE: true, IS_CONNECTED: true, IS_ROAMING: false, NETWORK_HANDLE_0: 432902426637:0, NETWORK_HANDLE_1: 18446744073709551615:10, NETWORK_HANDLE_2: 18446744073709551615:10, NETWORK_HANDLE_3: 18446744073709551615:10, NETWORK_HANDLE_4: 18446744073709551615:10, NETWORK_HANDLE_5: 18446744073709551615:10, NETWORK_HANDLE_6: 18446744073709551615:10, NETWORK_HANDLE_7: 18446744073709551615:10, NETWORK_HANDLE_8: 18446744073709551615:10, NETWORK_HANDLE_9: 18446744073709551615:10, APN_NAME:  >> XtraSystemStatusObserver
11-10 20:20:54.331   748  1823 I LocSvc_SystemStatusOsObserver: sendCachedDataItems:471] DataItem: ACTIVE_NETWORK_INFO::TYPEs_MASK: 1, TYPE_NAME: , SUB_TYPE_NAME: , IS_AVAILABLE: true, IS_CONNECTED: true, IS_ROAMING: false, NETWORK_HANDLE_0: 432902426637:0, NETWORK_HANDLE_1: 18446744073709551615:10, NETWORK_HANDLE_2: 18446744073709551615:10, NETWORK_HANDLE_3: 18446744073709551615:10, NETWORK_HANDLE_4: 18446744073709551615:10, NETWORK_HANDLE_5: 18446744073709551615:10, NETWORK_HANDLE_6: 18446744073709551615:10, NETWORK_HANDLE_7: 18446744073709551615:10, NETWORK_HANDLE_8: 18446744073709551615:10, NETWORK_HANDLE_9: 18446744073709551615:10, APN_NAME:  >> NativeAgpsHandler
11-10 20:20:54.334  1374  1500 D CompatibilityChangeReporter: Compat change id reported: 135634846; UID 10090; state: DISABLED
11-10 20:20:54.334  1374  1500 D CompatibilityChangeReporter: Compat change id reported: 177438394; UID 10090; state: DISABLED
11-10 20:20:54.334  1374  1500 D CompatibilityChangeReporter: Compat change id reported: 135772972; UID 10090; state: DISABLED
11-10 20:20:54.334  1374  1500 D CompatibilityChangeReporter: Compat change id reported: 135754954; UID 10090; state: ENABLED
11-10 20:20:54.335   628   628 D Zygote  : Forked child process 7389
11-10 20:20:54.335  1374  1415 I ActivityManager: Start proc 7389:com.android.devicelockcontroller/u0a168 for service {com.android.devicelockcontroller/androidx.work.impl.background.systemjob.SystemJobService}
11-10 20:20:54.336  1374  1415 D CompatibilityChangeReporter: Compat change id reported: 143937733; UID 10090; state: ENABLED
11-10 20:20:54.340  1374  1500 D CompatibilityChangeReporter: Compat change id reported: 135634846; UID 10042; state: DISABLED
11-10 20:20:54.341  1374  1500 D CompatibilityChangeReporter: Compat change id reported: 177438394; UID 10042; state: DISABLED
11-10 20:20:54.341  1374  1500 D CompatibilityChangeReporter: Compat change id reported: 135772972; UID 10042; state: DISABLED
11-10 20:20:54.341  1374  1500 D CompatibilityChangeReporter: Compat change id reported: 135754954; UID 10042; state: DISABLED
11-10 20:20:54.342   748  1823 I LocSvc_SystemStatusOsObserver: sendCachedDataItems:471] DataItem: ACTIVE_NETWORK_INFO::TYPEs_MASK: 1, TYPE_NAME: , SUB_TYPE_NAME: , IS_AVAILABLE: true, IS_CONNECTED: true, IS_ROAMING: false, NETWORK_HANDLE_0: 432902426637:0, NETWORK_HANDLE_1: 18446744073709551615:10, NETWORK_HANDLE_2: 18446744073709551615:10, NETWORK_HANDLE_3: 18446744073709551615:10, NETWORK_HANDLE_4: 18446744073709551615:10, NETWORK_HANDLE_5: 18446744073709551615:10, NETWORK_HANDLE_6: 18446744073709551615:10, NETWORK_HANDLE_7: 18446744073709551615:10, NETWORK_HANDLE_8: 18446744073709551615:10, NETWORK_HANDLE_9: 18446744073709551615:10, APN_NAME:  >> Engine-Hub
11-10 20:20:54.342   748  1823 W LocSvc_LocIpc: send:116] failed reason: No such file or directory
11-10 20:20:54.345  1374  1500 D CompatibilityChangeReporter: Compat change id reported: 135634846; UID 1010090; state: DISABLED
11-10 20:20:54.346   628   628 D Zygote  : Forked child process 7390
11-10 20:20:54.347  1374  1500 D CompatibilityChangeReporter: Compat change id reported: 177438394; UID 1010090; state: DISABLED
11-10 20:20:54.347  1374  1500 D CompatibilityChangeReporter: Compat change id reported: 135772972; UID 1010090; state: DISABLED
11-10 20:20:54.347  1374  1500 D CompatibilityChangeReporter: Compat change id reported: 135754954; UID 1010090; state: ENABLED
11-10 20:20:54.348  1374  1415 I ActivityManager: Start proc 7390:com.android.imsserviceentitlement/u0a90 for service {com.android.imsserviceentitlement/com.android.imsserviceentitlement.fcm.FcmRegistrationService}
11-10 20:20:54.349  1374  1415 D CompatibilityChangeReporter: Compat change id reported: 143937733; UID 10042; state: DISABLED
11-10 20:20:54.355  1374  1600 D WifiConfigStore: Writing to stores completed in 23 ms.
11-10 20:20:54.356   627  7385 W resolv  : SSL_connect ssl error =5, mark 0xf0064: Connection refused
11-10 20:20:54.356   627  7385 W resolv  : TLS Handshake failed
11-10 20:20:54.356   627  7385 W resolv  : query failed
11-10 20:20:54.356   627  7385 W resolv  : validateDnsTlsServer returned 0 for 2401:4900:33b1:7b52::8f
11-10 20:20:54.357   627  7385 W resolv  : Validation failed
11-10 20:20:54.358  1374  1600 I SupplicantStaIfaceHalHidlImpl: cleared linked networks
11-10 20:20:54.359   628   628 D Zygote  : Forked child process 7391
11-10 20:20:54.360   756   756 V WifiHAL : WifiVendorCommand 0xb4000072baf59900 created vendor_id:0x1374 subcmd:64
11-10 20:20:54.360   756   756 V WifiHAL : create: mVendor_id = 4980, Subcmd = 64.
11-10 20:20:54.360  1374  1415 I ActivityManager: Start proc 7391:com.android.statementservice/u0a42 for service {com.android.statementservice/androidx.work.impl.background.systemjob.SystemJobService}
11-10 20:20:54.360  1374  1415 D CompatibilityChangeReporter: Compat change id reported: 143937733; UID 1010090; state: ENABLED
11-10 20:20:54.360   756   756 V WifiHAL : wifi_set_ssid_white_list: Number of SSIDs : 0
11-10 20:20:54.360   756   756 V WifiHAL : WifiVendorCommand 0xb4000072baf59900 created vendor_id:0x1374 subcmd:64
11-10 20:20:54.360   756   756 V WifiHAL : create: mVendor_id = 4980, Subcmd = 64.
11-10 20:20:54.361   628   628 W Zygote  : forkRepeatedly terminated due to non-simple command
11-10 20:20:54.361   628   628 D Zygote  : mbuffer starts with 16, nice name is , mEnd = 1143, mNext = 35, mLinesLeft = 14, mFd = 5
11-10 20:20:54.364  7389  7389 I elockcontroller: Using CollectorTypeCC GC.
11-10 20:20:54.369  7391  7391 I libc    : SetHeapTaggingLevel: tag level set to 0
11-10 20:20:54.369     0     0 I [schedu][0x1b68d172f][14:50:54.361266] wlan: [5794:I:WMI] LFR3:OKC enabled
11-10 20:20:54.369     0     0 I [schedu][0x1b68d18f1][14:50:54.361289] wlan: [5794:I:WMI] LFR3:PMKSA caching enabled
11-10 20:20:54.373     0     0 I [schedu][0x1b68e37f6][14:50:54.365116] wlan: [5794:I:WMI] LFR3:OKC enabled
11-10 20:20:54.373     0     0 I [schedu][0x1b68e38e4][14:50:54.365129] wlan: [5794:I:WMI] LFR3:PMKSA caching enabled
11-10 20:20:54.373  7389  7389 E elockcontroller: Not starting debugger since process cannot load the jdwp agent.
11-10 20:20:54.376  7391  7391 I tatementservice: Using CollectorTypeCC GC.
11-10 20:20:54.386     0     0 I binder  : 7389:7389 ioctl 40046210 7ffb6ff410 returned -22
11-10 20:20:54.380  7390  7390 I viceentitlement: Using CollectorTypeCC GC.
11-10 20:20:54.385   628   628 I Zygote  : Entering forkRepeatedly native zygote loop
11-10 20:20:54.385  1374  3008 D CompatibilityChangeReporter: Compat change id reported: 168419799; UID 10168; state: DISABLED
11-10 20:20:54.386  1374  3008 D CompatibilityChangeReporter: Compat change id reported: 273564678; UID 10168; state: DISABLED
11-10 20:20:54.386  1374  3008 D CompatibilityInfo: mCompatibilityFlags - 4
11-10 20:20:54.386  1374  3008 D CompatibilityInfo: applicationDensity - 160
11-10 20:20:54.386  1374  3008 D CompatibilityInfo: applicationScale - 1.0
11-10 20:20:54.386  7391  7391 E tatementservice: Not starting debugger since process cannot load the jdwp agent.
11-10 20:20:54.390  7390  7390 E viceentitlement: Not starting debugger since process cannot load the jdwp agent.
11-10 20:20:54.394  7389  7389 D CompatibilityChangeReporter: Compat change id reported: 171979766; UID 10168; state: ENABLED
11-10 20:20:54.401     0     0 I binder  : 7391:7391 ioctl 40046210 7ffb6ff410 returned -22
11-10 20:20:54.394  7389  7389 D CompatibilityChangeReporter: Compat change id reported: 242716250; UID 10168; state: ENABLED
11-10 20:20:54.394  1374  1500 D CompatibilityChangeReporter: Compat change id reported: 265195908; UID 10168; state: ENABLED
11-10 20:20:54.398   628   628 D Zygote  : Forked child process 7437
11-10 20:20:54.399  1374  3008 D CompatibilityChangeReporter: Compat change id reported: 168419799; UID 10042; state: DISABLED
11-10 20:20:54.399  1374  1415 W ActivityManager: Slow operation: 55ms so far, now at startProcess: returned from zygote!
11-10 20:20:54.399  1374  3008 D CompatibilityChangeReporter: Compat change id reported: 273564678; UID 10042; state: DISABLED
11-10 20:20:54.399  1374  3008 D CompatibilityInfo: mCompatibilityFlags - 4
11-10 20:20:54.399  1374  3008 D CompatibilityInfo: applicationDensity - 160
11-10 20:20:54.399  1374  3008 D CompatibilityInfo: applicationScale - 1.0
11-10 20:20:54.403     0     0 I binder  : 7390:7390 ioctl 40046210 7ffb6ff410 returned -22
11-10 20:20:54.402  1374  1415 W ActivityManager: Slow operation: 58ms so far, now at startProcess: done updating battery stats
11-10 20:20:54.402  1374  1415 W ActivityManager: Slow operation: 58ms so far, now at startProcess: building log message
11-10 20:20:54.402  1374  1415 I ActivityManager: Start proc 7437:com.android.imsserviceentitlement/u10a90 for service {com.android.imsserviceentitlement/com.android.imsserviceentitlement.fcm.FcmRegistrationService}
11-10 20:20:54.402  1374  1415 W ActivityManager: Slow operation: 58ms so far, now at startProcess: starting to update pids map
11-10 20:20:54.402  1374  1415 W ActivityManager: Slow operation: 58ms so far, now at startProcess: done updating pids map
11-10 20:20:54.403  1374  1591 D CompatibilityChangeReporter: Compat change id reported: 168419799; UID 10090; state: DISABLED
11-10 20:20:54.403  1374  1591 D CompatibilityChangeReporter: Compat change id reported: 273564678; UID 10090; state: DISABLED
11-10 20:20:54.403  1374  1591 D CompatibilityInfo: mCompatibilityFlags - 4
11-10 20:20:54.403  1374  1591 D CompatibilityInfo: applicationDensity - 160
11-10 20:20:54.403  1374  1591 D CompatibilityInfo: applicationScale - 1.0
11-10 20:20:54.406  7391  7391 D CompatibilityChangeReporter: Compat change id reported: 171979766; UID 10042; state: DISABLED
11-10 20:20:54.406  7391  7391 D CompatibilityChangeReporter: Compat change id reported: 242716250; UID 10042; state: DISABLED
11-10 20:20:54.407  1374  3008 D CompatibilityChangeReporter: Compat change id reported: 170503758; UID 10168; state: ENABLED
11-10 20:20:54.408  7389  7389 D CompatibilityChangeReporter: Compat change id reported: 3400644; UID 10168; state: ENABLED
11-10 20:20:54.410  1374  1591 D CompatibilityChangeReporter: Compat change id reported: 170503758; UID 10042; state: DISABLED
11-10 20:20:54.410  1374  1500 D CompatibilityChangeReporter: Compat change id reported: 265195908; UID 10042; state: ENABLED
11-10 20:20:54.411  7391  7391 D CompatibilityChangeReporter: Compat change id reported: 3400644; UID 10042; state: DISABLED
11-10 20:20:54.412  7390  7390 D CompatibilityChangeReporter: Compat change id reported: 171979766; UID 10090; state: ENABLED
11-10 20:20:54.413  7390  7390 D CompatibilityChangeReporter: Compat change id reported: 242716250; UID 10090; state: ENABLED
11-10 20:20:54.413  7391  7391 D ApplicationLoaders: Returning zygote-cached class loader: /system/framework/android.test.base.jar
11-10 20:20:54.414  1374  1500 D CompatibilityChangeReporter: Compat change id reported: 265195908; UID 10090; state: ENABLED
11-10 20:20:54.414  7389  7389 D nativeloader: Configuring clns-shared-6 for other apk /system/framework/org.apache.http.legacy.jar. target_sdk_version=34, uses_libraries=ALL, library_path=/apex/com.android.devicelock/priv-app/DeviceLockController@UKQ1.250303.001/lib/arm64:/system/lib64:/system_ext/lib64, permitted_path=/data:/mnt/expand:/data/user/0/com.android.devicelockcontroller:/apex/com.android.devicelock/priv-app/DeviceLockController@UKQ1.250303.001:/system/lib64:/system_ext/lib64
11-10 20:20:54.414  7389  7389 D nativeloader: Extending system_exposed_libraries: libbinauralrenderer_wrapper.qti.so:libhoaeffects.qti.so:libupdateprof.qti.so:libthermalclient.qti.so:libdiag_system.qti.so:libqape.qti.so:libqesdk_ndk_platform.qti.so:liblistenjni.qti.so
11-10 20:20:54.416  1374  3008 D CompatibilityChangeReporter: Compat change id reported: 170503758; UID 10090; state: ENABLED
11-10 20:20:54.418  7390  7390 D CompatibilityChangeReporter: Compat change id reported: 3400644; UID 10090; state: ENABLED
11-10 20:20:54.420  7391  7391 D nativeloader: Configuring clns-shared-6 for other apk /system/priv-app/StatementService/StatementService.apk. target_sdk_version=29, uses_libraries=, library_path=/system/priv-app/StatementService/lib/arm64:/system/lib64:/system_ext/lib64, permitted_path=/data:/mnt/expand:/data/user/0/com.android.statementservice:/system/priv-app/StatementService:/system/lib64:/system_ext/lib64
11-10 20:20:54.421  7391  7391 D nativeloader: Extending system_exposed_libraries: libbinauralrenderer_wrapper.qti.so:libhoaeffects.qti.so:libupdateprof.qti.so:libthermalclient.qti.so:libdiag_system.qti.so:libqape.qti.so:libqesdk_ndk_platform.qti.so:liblistenjni.qti.so
11-10 20:20:54.422  7389  7389 D nativeloader: Configuring clns-shared-7 for other apk /apex/com.android.devicelock/priv-app/DeviceLockController@UKQ1.250303.001/DeviceLockController.apk. target_sdk_version=34, uses_libraries=, library_path=/apex/com.android.devicelock/priv-app/DeviceLockController@UKQ1.250303.001/lib/arm64:/system/lib64:/system_ext/lib64, permitted_path=/data:/mnt/expand:/data/user/0/com.android.devicelockcontroller:/apex/com.android.devicelock/priv-app/DeviceLockController@UKQ1.250303.001:/system/lib64:/system_ext/lib64
11-10 20:20:54.424  7389  7389 D nativeloader: InitApexLibraries:
11-10 20:20:54.424  7389  7389 D nativeloader:   com_android_adservices: libhpke_jni.so:libtflite_support_classifiers_native.so
11-10 20:20:54.424  7389  7389 D nativeloader:   com_android_appsearch: libicing.so
11-10 20:20:54.424  7389  7389 D nativeloader:   com_android_art: libartservice.so
11-10 20:20:54.424  7389  7389 D nativeloader:   com_android_conscrypt: libjavacrypto.so
11-10 20:20:54.424  7389  7389 D nativeloader:   com_android_extservices: libhpke_jni.so:libtflite_support_classifiers_native.so
11-10 20:20:54.424  7389  7389 D nativeloader:   com_android_os_statsd: libstats_jni.so
11-10 20:20:54.424  7389  7389 D nativeloader:   com_android_tethering: libcronet.114.0.5735.84.so:libframework-connectivity-jni.so:libframework-connectivity-tiramisu-jni.so:libandroid_net_connectivity_com_android_net_module_util_jni.so:libservice-connectivity.so
11-10 20:20:54.424  7389  7389 D nativeloader:   com_android_uwb: libuwb_uci_jni_rust.so
11-10 20:20:54.424  7389  7389 D nativeloader:   com_android_virt: libvirtualizationservice_jni.so:libvirtualmachine_jni.so
11-10 20:20:54.427  7390  7390 D ApplicationLoaders: Returning zygote-cached class loader: /system_ext/framework/androidx.window.extensions.jar
11-10 20:20:54.427  7390  7390 D ApplicationLoaders: Returning zygote-cached class loader: /system_ext/framework/androidx.window.sidecar.jar
11-10 20:20:54.429  7437  7437 I viceentitlement: Using CollectorTypeCC GC.
11-10 20:20:54.431  7390  7390 D nativeloader: InitLlndkLibrariesProduct: libEGL.so:libGLESv1_CM.so:libGLESv2.so:libGLESv3.so:libRS.so:libandroid_net.so:libbinder_ndk.so:libc.so:libcgrouprc.so:libclang_rt.asan-aarch64-android.so:libclang_rt.asan-arm-android.so:libclang_rt.hwasan-aarch64-android.so:libcom.android.tethering.connectivity_native.so:libdl.so:libft2.so:liblog.so:libm.so:libmediandk.so:libnativewindow.so:libneuralnetworks.so:libselinux.so:libsync.so:libvndksupport.so:libvulkan.so
11-10 20:20:54.432  7390  7390 D nativeloader: Configuring product-clns-6 for unbundled product apk /product/priv-app/ImsServiceEntitlement/ImsServiceEntitlement.apk. target_sdk_version=34, uses_libraries=, library_path=/product/priv-app/ImsServiceEntitlement/lib/arm64:/product/lib64:/system/product/lib64, permitted_path=/data:/mnt/expand:/data/user/0/com.android.imsserviceentitlement:/product/lib64:/system/product/lib64
11-10 20:20:54.433  7390  7390 D nativeloader: InitVndkspLibrariesProduct: android.hardware.common-V2-ndk.so:android.hardware.common-V2-ndk_platform.so:android.hardware.common.fmq-V1-ndk.so:android.hardware.common.fmq-V1-ndk_platform.so:android.hardware.graphics.allocator-V2-ndk.so:android.hardware.graphics.allocator-V2-ndk_platform.so:android.hardware.graphics.common-V4-ndk.so:android.hardware.graphics.common-V4-ndk_platform.so:android.hardware.graphics.common@1.0.so:android.hardware.graphics.common@1.1.so:android.hardware.graphics.common@1.2.so:android.hardware.graphics.composer3-V1-ndk.so:android.hardware.graphics.composer3-V1-ndk_platform.so:android.hardware.graphics.mapper@2.0.so:android.hardware.graphics.mapper@2.1.so:android.hardware.graphics.mapper@3.0.so:android.hardware.graphics.mapper@4.0.so:android.hardware.renderscript@1.0.so:android.hidl.memory.token@1.0.so:android.hidl.memory@1.0-impl.so:android.hidl.memory@1.0.so:android.hidl.safe_union@1.0.so:libRSCpuRef.so:libRSDriver.so:libRS_internal.so:libbase.so:libbcinfo.so:libblas.so:libc++.so:lib
11-10 20:20:54.434  7389  7389 I Perf    : Connecting to perf service.
11-10 20:20:54.437  7391  7391 I Perf    : Connecting to perf service.
11-10 20:20:54.439  7437  7437 E viceentitlement: Not starting debugger since process cannot load the jdwp agent.
11-10 20:20:54.440  7389  7389 V GraphicsEnvironment: Currently set values for:
11-10 20:20:54.441  7389  7389 V GraphicsEnvironment:   angle_gl_driver_selection_pkgs=[]
11-10 20:20:54.441  7389  7389 V GraphicsEnvironment:   angle_gl_driver_selection_values=[]
11-10 20:20:54.441  7389  7389 V GraphicsEnvironment: ANGLE GameManagerService for com.android.devicelockcontroller: false
11-10 20:20:54.441  7389  7389 V GraphicsEnvironment: com.android.devicelockcontroller is not listed in per-application setting
