11-11 18:48:25.274  7030  7030 V CAR.InitTiming: CarUserNoticeService took to complete: 1ms
11-11 18:48:25.277  7030  7084 I CAR.POWER: Received AP_POWER_STATE_REQ=ON(0) param=0
11-11 18:48:25.277  7030  7109 I CarPowerManagementService: doHandlePowerStateChange: newState=ON(1)
11-11 18:48:25.277  7030  7109 I CarPowerManagementService: setCurrentState CpmsState canPostpone=false, carPowerStateListenerState=6, mShutdownType=0, CpmsState=ON(1)
11-11 18:48:25.279  7030  7109 W CarPowerManagementService: Failed to cancel system power policy: the current policy is not the system power policy
11-11 18:48:25.279  7030  7109 W CarPowerManagementService: Failed to cancel system power policy: the current policy is not the system power policy
11-11 18:48:25.279  7030  7109 I CarPowerManagementService: Applying the default power policy for ON
11-11 18:48:25.280  6780  6985 D CompatibilityChangeReporter: Compat change id reported: 261072174; UID 1000; state: ENABLED
11-11 18:48:25.281  7030  7030 V CAR.InitTiming: CarPerUserServiceHelper took to complete: 7ms
11-11 18:48:25.281  7030  7030 V CAR.InitTiming: CarBluetoothService took to complete: 0ms
11-11 18:48:25.281  7030  7030 D CAR.INPUT: Hal supports key input.
11-11 18:48:25.282  7030  7030 V CAR.InitTiming: CarInputService took to complete: 1ms
11-11 18:48:25.283  7030  7030 V CAR.InitTiming: CarProjectionService took to complete: 1ms
11-11 18:48:25.283  7030  7030 V CAR.InitTiming: GarageModeService took to complete: 0ms
11-11 18:48:25.283  7030  7030 V CAR.InitTiming: AppFocusService took to complete: 0ms
11-11 18:48:25.283  7030  7030 I CAR.AUDIO: Audio dynamic routing not enabled, run in legacy mode
11-11 18:48:25.284  7030  7109 I CarPowerManagementService: The current power policy is system_power_policy_all_on
11-11 18:48:25.284  7030  7109 I CarPowerManagementService: Applying the default power policy for ON
11-11 18:48:25.285  7030  7109 I CarPowerManagementService: The current power policy is system_power_policy_all_on
11-11 18:48:25.286  7030  7109 I CAR.POWER: send on
11-11 18:48:25.287  7030  7109 I CAR.POWER: setPowerState=ON(6) param=0
11-11 18:48:25.287  7030  7109 D CarPowerManagementService: handleOn(): called on boot
11-11 18:48:25.289  7030  7030 V CAR.InitTiming: CarAudioService took to complete: 6ms
11-11 18:48:25.292  7030  7030 W CAR.SENSOR: Failed to get value of NIGHT_MODE
11-11 18:48:25.293  6780  6985 I ActivityTaskManager: Config changes=200 {1.0 ?mcc0mnc [en_US] ldltr sw720dp w720dp h1280dp 160dpi xlrg long port car night finger -keyb/h/h -nav/h winConfig={ mBounds=Rect(0, 0 - 720, 1280) mAppBounds=Rect(0, 0 - 720, 1280) mMaxBounds=Rect(0, 0 - 720, 1280) mDisplayRotation=ROTATION_0 mWindowingMode=fullscreen mDisplayWindowingMode=fullscreen mActivityType=undefined mAlwaysOnTop=undefined mRotation=ROTATION_0} s.10 fontWeightAdjustment=0}
11-11 18:48:25.295  6780  6985 I WindowManager: Override config changes=200 {1.0 ?mcc0mnc [en_US] ldltr sw720dp w720dp h1280dp 160dpi xlrg long port car night finger -keyb/h/h -nav/h winConfig={ mBounds=Rect(0, 0 - 720, 1280) mAppBounds=Rect(0, 0 - 720, 1280) mMaxBounds=Rect(0, 0 - 720, 1280) mDisplayRotation=ROTATION_0 mWindowingMode=fullscreen mDisplayWindowingMode=fullscreen mActivityType=undefined mAlwaysOnTop=undefined mRotation=ROTATION_0} s.10 fontWeightAdjustment=0} for displayId=0
11-11 18:48:25.297  7030  7030 V CAR.InitTiming: CarNightService took to complete: 8ms
11-11 18:48:25.297  7030  7030 V CAR.InitTiming: FixedActivityService took to complete: 0ms
11-11 18:48:25.297  7030  7094 I CAR.SENSOR: Set dayNight Mode as false at timestamp: 0
11-11 18:48:25.297  7030  7030 V CAR.InitTiming: ClusterNavigationService took to complete: 0ms
11-11 18:48:25.298  7030  7030 V CAR.InitTiming: InstrumentClusterService took to complete: 1ms
11-11 18:48:25.299  6780  6985 I ActivityTaskManager: Config changes=200 {1.0 ?mcc0mnc [en_US] ldltr sw720dp w720dp h1280dp 160dpi xlrg long port car finger -keyb/h/h -nav/h winConfig={ mBounds=Rect(0, 0 - 720, 1280) mAppBounds=Rect(0, 0 - 720, 1280) mMaxBounds=Rect(0, 0 - 720, 1280) mDisplayRotation=ROTATION_0 mWindowingMode=fullscreen mDisplayWindowingMode=fullscreen mActivityType=undefined mAlwaysOnTop=undefined mRotation=ROTATION_0} s.13 fontWeightAdjustment=0}
11-11 18:48:25.300  7030  7030 V CAR.InitTiming: CarStatsService took to complete: 1ms
11-11 18:48:25.300  7030  7030 V CAR.InitTiming: VmsBrokerService took to complete: 0ms
11-11 18:48:25.300  7030  7030 V CAR.InitTiming: CarDiagnosticService took to complete: 0ms
11-11 18:48:25.300  7030  7030 D CarStorageMonitoringService: CarStorageMonitoringService init()
11-11 18:48:25.301  7030  7030 V CAR.InitTiming: CarStorageMonitoringService took to complete: 1ms
11-11 18:48:25.302  6780  6985 I WindowManager: Override config changes=200 {1.0 ?mcc0mnc [en_US] ldltr sw720dp w720dp h1280dp 160dpi xlrg long port car finger -keyb/h/h -nav/h winConfig={ mBounds=Rect(0, 0 - 720, 1280) mAppBounds=Rect(0, 0 - 720, 1280) mMaxBounds=Rect(0, 0 - 720, 1280) mDisplayRotation=ROTATION_0 mWindowingMode=fullscreen mDisplayWindowingMode=fullscreen mActivityType=undefined mAlwaysOnTop=undefined mRotation=ROTATION_0} s.13 fontWeightAdjustment=0} for displayId=0
11-11 18:48:25.303  7030  7030 V CAR.InitTiming: CarLocationService took to complete: 2ms
11-11 18:48:25.303  7030  7030 V CAR.InitTiming: CarMediaService took to complete: 0ms
11-11 18:48:25.303  7030  7030 V CAR.InitTiming: CarBugreportManagerService took to complete: 0ms
11-11 18:48:25.310  7030  7030 V CAR.InitTiming: CarWatchdogService took to complete: 7ms
11-11 18:48:25.310  7030  7030 V CAR.InitTiming: CarPerformanceService took to complete: 0ms
11-11 18:48:25.310  7030  7030 D CarDevicePolicyService: init()
11-11 18:48:25.310  7030  7030 V CAR.InitTiming: CarDevicePolicyService took to complete: 1ms
11-11 18:48:25.311  7030  7030 V CAR.InitTiming: CarTelemetryService took to complete: 0ms
11-11 18:48:25.314  7030  7137 I CAR.WatchdogStorage: Deleted 0 user package settings db rows while syncing with alive users
11-11 18:48:25.314  6780  6795 D CompatibilityChangeReporter: Compat change id reported: 135634846; UID 1000; state: DISABLED
11-11 18:48:25.315  6780  6795 D CompatibilityChangeReporter: Compat change id reported: 177438394; UID 1000; state: DISABLED
11-11 18:48:25.315  6780  6795 D CompatibilityChangeReporter: Compat change id reported: 135772972; UID 1000; state: DISABLED
11-11 18:48:25.315  6780  6795 D CompatibilityChangeReporter: Compat change id reported: 135754954; UID 1000; state: ENABLED
11-11 18:48:25.316  7030  7137 I CarWatchdogService: Read 12 user package settings from database
11-11 18:48:25.316  7030  7030 V CAR.InitTiming: CarExperimentalFeatureServiceController took to complete: 5ms
11-11 18:48:25.316  7030  7030 V CAR.InitTiming: CarOemService.initComplete took to complete: 0ms
11-11 18:48:25.316  7030  7030 V CAR.InitTiming: CarService.initAllServices took to complete: 109ms
11-11 18:48:25.317  7030  7030 V CAR.InitTiming: ICarImpl.init took to complete: 110ms
11-11 18:48:25.319  7030  7137 I CarWatchdogService: Read 0 I/O usage stats from database
11-11 18:48:25.330     0     0 I init    : processing action (boot.car_service_created=1) from (/system/etc/init/com.android.car.procfsinspector.rc:7)
11-11 18:48:25.330     0     0 I init    : service 'com.android.car.procfsinspector' requested start, but it is already running (flags: 132)
11-11 18:48:25.330     0     0 I init    : processing action (boot.car_service_created=1) from (/system/etc/init/init.bootstat.car.rc:6)
11-11 18:48:25.331     0     0 I init    : starting service 'exec 51 (/system/bin/bootstat -r car_service_created)'...
11-11 18:48:25.321  7030  7137 I CarWatchdogService: Read 1 not forgiven overuse stats from database
11-11 18:48:25.322  7030  7030 V CAR.InitTiming: CarService.onCreate took to complete: 313ms
11-11 18:48:25.335     0     0 I init    : ... started service 'exec 51 (/system/bin/bootstat -r car_service_created)' has pid 7140
11-11 18:48:25.330  6780  6818 I ActivityManager: Start proc 7141:com.android.experimentalcar/1000 for service {com.android.experimentalcar/com.android.experimentalcar.ExperimentalCarService}
11-11 18:48:25.331  6780  6807 I DropBoxManagerService: add tag=system_app_strictmode isTagEnabled=true flags=0x2
11-11 18:48:25.332  6780  6807 I DropBoxManagerService: add tag=system_app_strictmode isTagEnabled=true flags=0x2
11-11 18:48:25.334  6780  7013 V SLog    : static_init took to complete: 1ms
11-11 18:48:25.334  6780  7013 I CarServiceHelper: **CarService connected**
11-11 18:48:25.335  7030  7030 D UpdatablePackageContext: No eligible RRO package to enable.
11-11 18:48:25.337  7030  7030 I CarPerUserServiceImpl: created for user UserHandle{0}
11-11 18:48:25.338  7030  7061 I CarUserService: Setting UX restricted to false
11-11 18:48:25.339  6780  6796 I CarDevicePolicySafetyChecker: Setting safe to true
11-11 18:48:25.339  7030  7030 D CAR.FastPairProvider: Try to configure by get property
11-11 18:48:25.340  6780  6986 I CarServiceProxy: CarService connected.
11-11 18:48:25.341  7030  7061 D ICarImpl: initBootUser(): 
11-11 18:48:25.342  6780  6986 V CarServiceProxy: handleCarServiceConnection took to complete: 1ms
11-11 18:48:25.343  7030  7030 W CAR.FastPairAccountKeyStorage: Loaded while user was not unlocked. Shared Preferences unavailable
11-11 18:48:25.344  7030  7030 I CarServiceUtils: Starting HandlerThread:FastPairProvider
11-11 18:48:25.363  6780  6780 V PackageManager: reconcileAppsData finished 175 packages
11-11 18:48:25.364  6780  6780 V SystemServerTiming: reconcileAppsData took to complete: 169ms
11-11 18:48:25.364  6780  6780 V SystemServerTiming: onBeforeStartUser-0 took to complete: 246ms
11-11 18:48:25.364  6780  6780 V SystemServerTiming: updateStateBooting took to complete: 246ms
11-11 18:48:25.364  6780  6780 D SystemServerTiming: sendMessages
11-11 18:48:25.364  7030  7030 D CarPerUserServiceImpl: onBind()
11-11 18:48:25.364  6780  6780 V SystemServerTiming: sendMessages took to complete: 0ms
11-11 18:48:25.364  6780  6780 D SystemServerTiming: finishUserBoot
11-11 18:48:25.364  6780  6780 I ActivityManager: User 0 state changed from BOOTING to RUNNING_LOCKED
11-11 18:48:25.378     0     0 I binder  : 7141:7141 ioctl 40046210 7fecfd55f0 returned -22
11-11 18:48:25.365  6780  6817 D SystemServerTimingAsync: ssm.StartUser-0
11-11 18:48:25.365  6780  6817 I SystemServiceManager: Calling onStartUser 0
11-11 18:48:25.365  6780  6817 D SystemServerTimingAsync: ssm.onStartUser-0_com.android.server.security.FileIntegrityService
11-11 18:48:25.365  6780  6817 V SystemServerTimingAsync: ssm.onStartUser-0_com.android.server.security.FileIntegrityService took to complete: 0ms
11-11 18:48:25.365  6780  6817 D SystemServerTimingAsync: ssm.onStartUser-0_com.android.server.pm.Installer
11-11 18:48:25.365  6780  6817 V SystemServerTimingAsync: ssm.onStartUser-0_com.android.server.pm.Installer took to complete: 0ms
11-11 18:48:25.365  6780  6817 D SystemServerTimingAsync: ssm.onStartUser-0_com.android.server.os.DeviceIdentifiersPolicyService
11-11 18:48:25.365  6780  6817 V SystemServerTimingAsync: ssm.onStartUser-0_com.android.server.os.DeviceIdentifiersPolicyService took to complete: 0ms
11-11 18:48:25.365  6780  6817 D SystemServerTimingAsync: ssm.onStartUser-0_com.android.server.uri.UriGrantsManagerService$Lifecycle
11-11 18:48:25.365  6780  6817 V SystemServerTimingAsync: ssm.onStartUser-0_com.android.server.uri.UriGrantsManagerService$Lifecycle took to complete: 0ms
11-11 18:48:25.365  6780  6817 D SystemServerTimingAsync: ssm.onStartUser-0_com.android.server.powerstats.PowerStatsService
11-11 18:48:25.365  6780  6817 V SystemServerTimingAsync: ssm.onStartUser-0_com.android.server.powerstats.PowerStatsService took to complete: 0ms
11-11 18:48:25.365  6780  6817 D SystemServerTimingAsync: ssm.onStartUser-0_com.android.server.permission.access.AccessCheckingService
11-11 18:48:25.365  6780  6817 V SystemServerTimingAsync: ssm.onStartUser-0_com.android.server.permission.access.AccessCheckingService took to complete: 0ms
11-11 18:48:25.365  6780  6817 D SystemServerTimingAsync: ssm.onStartUser-0_com.android.server.wm.ActivityTaskManagerService$Lifecycle
11-11 18:48:25.365  6780  6817 V SystemServerTimingAsync: ssm.onStartUser-0_com.android.server.wm.ActivityTaskManagerService$Lifecycle took to complete: 0ms
11-11 18:48:25.365  6780  6817 D SystemServerTimingAsync: ssm.onStartUser-0_com.android.server.am.ActivityManagerService$Lifecycle
11-11 18:48:25.365  6780  6817 V SystemServerTimingAsync: ssm.onStartUser-0_com.android.server.am.ActivityManagerService$Lifecycle took to complete: 0ms
11-11 18:48:25.365  6780  6817 D SystemServerTimingAsync: ssm.onStartUser-0_com.android.server.pm.DataLoaderManagerService
11-11 18:48:25.365  6780  6817 V SystemServerTimingAsync: ssm.onStartUser-0_com.android.server.pm.DataLoaderManagerService took to complete: 0ms
11-11 18:48:25.365  6780  6817 D SystemServerTimingAsync: ssm.onStartUser-0_com.android.server.power.PowerManagerService
11-11 18:48:25.365  6780  6817 V SystemServerTimingAsync: ssm.onStartUser-0_com.android.server.power.PowerManagerService took to complete: 0ms
11-11 18:48:25.365  6780  6817 D SystemServerTimingAsync: ssm.onStartUser-0_com.android.server.power.ThermalManagerService
11-11 18:48:25.365  6780  6817 V SystemServerTimingAsync: ssm.onStartUser-0_com.android.server.power.ThermalManagerService took to complete: 0ms
11-11 18:48:25.365  6780  6817 D SystemServerTimingAsync: ssm.onStartUser-0_com.android.server.power.hint.HintManagerService
11-11 18:48:25.365  6780  6817 V SystemServerTimingAsync: ssm.onStartUser-0_com.android.server.power.hint.HintManagerService took to complete: 0ms
11-11 18:48:25.366  6780  6817 D SystemServerTimingAsync: ssm.onStartUser-0_com.android.server.recoverysystem.RecoverySystemService$Lifecycle
11-11 18:48:25.366  6780  6817 V SystemServerTimingAsync: ssm.onStartUser-0_com.android.server.recoverysystem.RecoverySystemService$Lifecycle took to complete: 0ms
11-11 18:48:25.366  6780  6817 D SystemServerTimingAsync: ssm.onStartUser-0_com.android.server.lights.LightsService
11-11 18:48:25.366  6780  6817 V SystemServerTimingAsync: ssm.onStartUser-0_com.android.server.lights.LightsService took to complete: 0ms
11-11 18:48:25.366  6780  6817 D SystemServerTimingAsync: ssm.onStartUser-0_com.android.server.display.DisplayManagerService
11-11 18:48:25.366  6780  6817 V SystemServerTimingAsync: ssm.onStartUser-0_com.android.server.display.DisplayManagerService took to complete: 0ms
11-11 18:48:25.366  6780  6817 D SystemServerTimingAsync: ssm.onStartUser-0_com.android.server.pm.verify.domain.DomainVerificationService
11-11 18:48:25.366  6780  6817 V SystemServerTimingAsync: ssm.onStartUser-0_com.android.server.pm.verify.domain.DomainVerificationService took to complete: 0ms
11-11 18:48:25.366  6780  6817 D SystemServerTimingAsync: ssm.onStartUser-0_com.android.server.pm.PackageInstallerService$Lifecycle
11-11 18:48:25.366  6780  6817 V SystemServerTimingAsync: ssm.onStartUser-0_com.android.server.pm.PackageInstallerService$Lifecycle took to complete: 0ms
11-11 18:48:25.366  6780  6817 D SystemServerTimingAsync: ssm.onStartUser-0_com.android.server.pm.UserManagerService$LifeCycle
11-11 18:48:25.366  6780  6817 V SystemServerTimingAsync: ssm.onStartUser-0_com.android.server.pm.UserManagerService$LifeCycle took to complete: 0ms
11-11 18:48:25.366  6780  6817 D SystemServerTimingAsync: ssm.onStartUser-0_com.android.server.om.OverlayManagerService
11-11 18:48:25.366  6780  6780 I ActivityManager: Not unlocking user 0 yet because boot hasn't completed
11-11 18:48:25.366  6780  6780 V SystemServerTiming: finishUserBoot took to complete: 2ms
11-11 18:48:25.366  6780  6780 D SystemServerTiming: sendRestartBroadcast
11-11 18:48:25.367  6780  6780 V SystemServerTiming: sendRestartBroadcast took to complete: 0ms
11-11 18:48:25.367  6780  6780 V SystemServerTiming: UserController.startUser-0-bg-start-mode-2 took to complete: 250ms
11-11 18:48:25.367  6780  6780 V SystemServerTiming: am.startUser took to complete: 250ms
11-11 18:48:25.367  6780  6780 V SystemServerTiming: unlock-system-user took to complete: 250ms
11-11 18:48:25.367  6780  6780 D SystemServerTiming: getBootUser
11-11 18:48:25.367  6780  6780 D SystemServerTiming: wait-boot-user
11-11 18:48:25.367  6780  6780 V SystemServerTiming: wait-boot-user took to complete: 0ms
11-11 18:48:25.367  6780  6780 I UserManagerService: Using provided boot user: 10
11-11 18:48:25.367  6780  6780 V SystemServerTiming: getBootUser took to complete: 1ms
11-11 18:48:25.368  6780  6780 D SystemServerTiming: switchToBootUser-10
11-11 18:48:25.368  6780  6780 I HsumBootUserInitializer: Switching to boot user 10
11-11 18:48:25.368  6780  6780 D SystemServerTiming: UserController.startUser-10-fg-start-mode-1
11-11 18:48:25.368  6780  6780 D SystemServerTiming: getStartedUserState
11-11 18:48:25.368  6780  6780 V SystemServerTiming: getStartedUserState took to complete: 0ms
11-11 18:48:25.368  6780  6780 D SystemServerTiming: clearAllLockedTasks
11-11 18:48:25.368  6780  6780 V SystemServerTiming: clearAllLockedTasks took to complete: 0ms
11-11 18:48:25.368  6780  6780 D SystemServerTiming: getUserInfo
11-11 18:48:25.368  6780  6780 V SystemServerTiming: getUserInfo took to complete: 0ms
11-11 18:48:25.368  6780  6780 D SystemServerTiming: assignUserToDisplayOnStart
11-11 18:48:25.368  6780  6780 V SystemServerTiming: assignUserToDisplayOnStart took to complete: 0ms
11-11 18:48:25.368  6780  6780 D SystemServerTiming: updateStartedUserArrayStarting
11-11 18:48:25.368  6780  6780 V SystemServerTiming: updateStartedUserArrayStarting took to complete: 0ms
11-11 18:48:25.368  6780  6780 D SystemServerTiming: setUserState
11-11 18:48:25.369  6780  6780 V SystemServerTiming: setUserState took to complete: 1ms
11-11 18:48:25.370  6780  6780 D SystemServerTiming: updateConfigurationAndProfileIds
11-11 18:48:25.373  7030  7030 I OveruseConfigurationCache: Ignoring I/O overuse threshold for invalid component type: 3
11-11 18:48:25.380  6780  6985 D GameManagerService: User ID '0' does not have a Game Mode selected for package: 'com.android.experimentalcar'
11-11 18:48:25.380  6780  6780 V SystemServerTiming: updateConfigurationAndProfileIds took to complete: 10ms
11-11 18:48:25.380  6780  6780 D SystemServerTiming: updateStateBooting
11-11 18:48:25.380  6780  6780 D SystemServerTiming: onBeforeStartUser-10
11-11 18:48:25.380  6780  6780 D SystemServerTiming: prepareUserData
11-11 18:48:25.380  6780  6985 D CompatibilityChangeReporter: Compat change id reported: 168419799; UID 1000; state: DISABLED
11-11 18:48:25.380   484   570 D vold    : fscrypt_prepare_user_storage for volume null, user 10, serial 10, flags 1
11-11 18:48:25.380  6780  6985 D CompatibilityChangeReporter: Compat change id reported: 273564678; UID 1000; state: DISABLED
11-11 18:48:25.380   484   570 D vold    : Preparing: /data/system/users/10
11-11 18:48:25.381   484   570 D vold    : Preparing: /data/misc/profiles/cur/10
11-11 18:48:25.381   484   570 D vold    : Preparing: /data/system_de/10
11-11 18:48:25.382   484   570 I vold    : Verified that /data/system_de/10 has the encryption policy 824f91e40fcd43535d4c66df9e746d19 v2 modes 1/4 flags 0x12
11-11 18:48:25.382   484   570 D vold    : Preparing: /data/vendor_de/10
11-11 18:48:25.383   484   570 I vold    : Verified that /data/vendor_de/10 has the encryption policy 824f91e40fcd43535d4c66df9e746d19 v2 modes 1/4 flags 0x12
11-11 18:48:25.383   484   570 D vold    : Preparing: /data/misc_de/10
11-11 18:48:25.383   484   570 I vold    : Verified that /data/misc_de/10 has the encryption policy 824f91e40fcd43535d4c66df9e746d19 v2 modes 1/4 flags 0x12
11-11 18:48:25.383   484   570 D vold    : Preparing: /data/user_de/10
11-11 18:48:25.384   484   570 I vold    : Verified that /data/user_de/10 has the encryption policy 824f91e40fcd43535d4c66df9e746d19 v2 modes 1/4 flags 0x12
11-11 18:48:25.384   484   570 D vold    : /system/bin/vold_prepare_subdirs
11-11 18:48:25.384   484   570 D vold    :     prepare
11-11 18:48:25.384   484   570 D vold    :     
11-11 18:48:25.384   484   570 D vold    :     10
11-11 18:48:25.384   484   570 D vold    :     1
11-11 18:48:25.387  7030  7120 W CAR.FastPairProvider: Fast Pair Provider not configured, disabling, model=0, key=N/A
11-11 18:48:25.388  7030  7120 I CarServiceUtils: Starting HandlerThread:CarBluetoothService
11-11 18:48:25.402  7030  7138 V CAR.TELEMETRY: init took to complete: 91ms
11-11 18:48:25.404  7030  7138 D CAR.TELEMETRY: Data from the previous session is not found. Quitting.
11-11 18:48:25.414  7030  7120 E CarPropertyService: registerListenerSafe() failed for property ID: SEAT_OCCUPANCY updateRateHz: 0.000000
11-11 18:48:25.414  7030  7120 E CarPropertyService: java.lang.IllegalArgumentException: property ID is not in carPropertyConfig list, and so it is not supported: SEAT_OCCUPANCY
11-11 18:48:25.414  7030  7120 E CarPropertyService: 	at com.android.internal.util.Preconditions.checkArgument(Preconditions.java:77)
11-11 18:48:25.414  7030  7120 E CarPropertyService: 	at com.android.car.CarPropertyService.assertConfigIsNotNull(CarPropertyService.java:939)
11-11 18:48:25.414  7030  7120 E CarPropertyService: 	at com.android.car.CarPropertyService.validateRegisterParameter(CarPropertyService.java:982)
11-11 18:48:25.414  7030  7120 E CarPropertyService: 	at com.android.car.CarPropertyService.registerListener(CarPropertyService.java:333)
11-11 18:48:25.414  7030  7120 E CarPropertyService: 	at com.android.car.CarPropertyService.registerListenerSafe(CarPropertyService.java:386)
11-11 18:48:25.414  7030  7120 E CarPropertyService: 	at com.android.car.bluetooth.BluetoothDeviceConnectionPolicy$CarServicesHelper.init(BluetoothDeviceConnectionPolicy.java:124)
11-11 18:48:25.414  7030  7120 E CarPropertyService: 	at com.android.car.bluetooth.BluetoothDeviceConnectionPolicy.init(BluetoothDeviceConnectionPolicy.java:302)
11-11 18:48:25.414  7030  7120 E CarPropertyService: 	at com.android.car.bluetooth.CarBluetoothService.createBluetoothDeviceConnectionPolicyLocked(CarBluetoothService.java:412)
11-11 18:48:25.414  7030  7120 E CarPropertyService: 	at com.android.car.bluetooth.CarBluetoothService.initializeUserLocked(CarBluetoothService.java:209)
11-11 18:48:25.414  7030  7120 E CarPropertyService: 	at com.android.car.bluetooth.CarBluetoothService.-$$Nest$minitializeUserLocked(Unknown Source:0)
11-11 18:48:25.414  7030  7120 E CarPropertyService: 	at com.android.car.bluetooth.CarBluetoothService$1.onServiceConnected(CarBluetoothService.java:114)
11-11 18:48:25.414  7030  7120 E CarPropertyService: 	at com.android.car.CarPerUserServiceHelper$1.lambda$onServiceConnected$0(CarPerUserServiceHelper.java:147)
11-11 18:48:25.414  7030  7120 E CarPropertyService: 	at com.android.car.CarPerUserServiceHelper$1.$r8$lambda$mnN8yDLI0Nb_046mdQ_M7_baowE(Unknown Source:0)
11-11 18:48:25.414  7030  7120 E CarPropertyService: 	at com.android.car.CarPerUserServiceHelper$1$$ExternalSyntheticLambda0.run(Unknown Source:4)
11-11 18:48:25.414  7030  7120 E CarPropertyService: 	at android.os.Handler.handleCallback(Handler.java:958)
11-11 18:48:25.414  7030  7120 E CarPropertyService: 	at android.os.Handler.dispatchMessage(Handler.java:99)
11-11 18:48:25.414  7030  7120 E CarPropertyService: 	at android.os.Looper.loopOnce(Looper.java:205)
11-11 18:48:25.414  7030  7120 E CarPropertyService: 	at android.os.Looper.loop(Looper.java:294)
11-11 18:48:25.414  7030  7120 E CarPropertyService: 	at android.os.HandlerThread.run(HandlerThread.java:67)
11-11 18:48:25.426  6780  6865 I ActivityManager: Flag disabled. Ignoring finishAttachApplication from uid: 1000. pid: 7141
11-11 18:48:25.433  6780  6817 W SystemServiceManager: Service com.android.server.om.OverlayManagerService took 67 ms in onStartUser-0
11-11 18:48:25.433  6780  6817 V SystemServerTimingAsync: ssm.onStartUser-0_com.android.server.om.OverlayManagerService took to complete: 67ms
11-11 18:48:25.433  6780  6817 D SystemServerTimingAsync: ssm.onStartUser-0_com.android.server.resources.ResourcesManagerService
11-11 18:48:25.433  6780  6817 V SystemServerTimingAsync: ssm.onStartUser-0_com.android.server.resources.ResourcesManagerService took to complete: 0ms
11-11 18:48:25.433  6780  6817 D SystemServerTimingAsync: ssm.onStartUser-0_com.android.server.sensorprivacy.SensorPrivacyService
11-11 18:48:25.436  7141  7141 W ContextImpl: Calling a method in the system process without a qualified user: android.app.ContextImpl.bindService:1988 android.content.ContextWrapper.bindService:861 android.car.Car.startCarService:2819 android.car.Car.createCar:2015 android.car.Car.createCar:1979 
11-11 18:48:25.438  6780  6817 V SystemServerTimingAsync: ssm.onStartUser-0_com.android.server.sensorprivacy.SensorPrivacyService took to complete: 5ms
11-11 18:48:25.438  6780  6817 D SystemServerTimingAsync: ssm.onStartUser-0_com.android.server.sensors.SensorService
11-11 18:48:25.438  6780  6817 V SystemServerTimingAsync: ssm.onStartUser-0_com.android.server.sensors.SensorService took to complete: 0ms
11-11 18:48:25.438  6780  6817 D SystemServerTimingAsync: ssm.onStartUser-0_com.android.server.SystemConfigService
11-11 18:48:25.438  6780  6817 V SystemServerTimingAsync: ssm.onStartUser-0_com.android.server.SystemConfigService took to complete: 0ms
11-11 18:48:25.438  6780  6817 D SystemServerTimingAsync: ssm.onStartUser-0_com.android.server.BatteryService
11-11 18:48:25.438  6780  6817 V SystemServerTimingAsync: ssm.onStartUser-0_com.android.server.BatteryService took to complete: 0ms
11-11 18:48:25.438  6780  6817 D SystemServerTimingAsync: ssm.onStartUser-0_com.android.server.usage.UsageStatsService
11-11 18:48:25.438  6780  6817 V SystemServerTimingAsync: ssm.onStartUser-0_com.android.server.usage.UsageStatsService took to complete: 0ms
11-11 18:48:25.438  6780  6817 D SystemServerTimingAsync: ssm.onStartUser-0_com.android.server.webkit.WebViewUpdateService
11-11 18:48:25.438  6780  6817 V SystemServerTimingAsync: ssm.onStartUser-0_com.android.server.webkit.WebViewUpdateService took to complete: 0ms
11-11 18:48:25.438  6780  6817 D SystemServerTimingAsync: ssm.onStartUser-0_com.android.server.CachedDeviceStateService
11-11 18:48:25.438  6780  6817 V SystemServerTimingAsync: ssm.onStartUser-0_com.android.server.CachedDeviceStateService took to complete: 0ms
11-11 18:48:25.438  6780  6817 D SystemServerTimingAsync: ssm.onStartUser-0_com.android.server.BinderCallsStatsService$LifeCycle
11-11 18:48:25.438  6780  6817 V SystemServerTimingAsync: ssm.onStartUser-0_com.android.server.BinderCallsStatsService$LifeCycle took to complete: 0ms
11-11 18:48:25.438  6780  6817 D SystemServerTimingAsync: ssm.onStartUser-0_com.android.server.LooperStatsService$Lifecycle
11-11 18:48:25.438  6780  6817 V SystemServerTimingAsync: ssm.onStartUser-0_com.android.server.LooperStatsService$Lifecycle took to complete: 0ms
11-11 18:48:25.438  6780  6817 D SystemServerTimingAsync: ssm.onStartUser-0_com.android.server.rollback.RollbackManagerService
11-11 18:48:25.438  6780  6817 V SystemServerTimingAsync: ssm.onStartUser-0_com.android.server.rollback.RollbackManagerService took to complete: 0ms
11-11 18:48:25.438  6780  6817 D SystemServerTimingAsync: ssm.onStartUser-0_com.android.server.os.NativeTombstoneManagerService
11-11 18:48:25.438  6780  6817 V SystemServerTimingAsync: ssm.onStartUser-0_com.android.server.os.NativeTombstoneManagerService took to complete: 0ms
11-11 18:48:25.438  6780  6817 D SystemServerTimingAsync: ssm.onStartUser-0_com.android.server.os.BugreportManagerService
11-11 18:48:25.438  6780  6817 V SystemServerTimingAsync: ssm.onStartUser-0_com.android.server.os.BugreportManagerService took to complete: 0ms
11-11 18:48:25.438  6780  6817 D SystemServerTimingAsync: ssm.onStartUser-0_com.android.server.gpu.GpuService
11-11 18:48:25.438  6780  6817 V SystemServerTimingAsync: ssm.onStartUser-0_com.android.server.gpu.GpuService took to complete: 0ms
11-11 18:48:25.439  6780  6817 D SystemServerTimingAsync: ssm.onStartUser-0_com.android.server.security.rkp.RemoteProvisioningService
11-11 18:48:25.439  6780  6817 V SystemServerTimingAsync: ssm.onStartUser-0_com.android.server.security.rkp.RemoteProvisioningService took to complete: 0ms
11-11 18:48:25.439  6780  6817 D SystemServerTimingAsync: ssm.onStartUser-0_com.android.server.cpu.CpuMonitorService
11-11 18:48:25.439  6780  6817 V SystemServerTimingAsync: ssm.onStartUser-0_com.android.server.cpu.CpuMonitorService took to complete: 0ms
11-11 18:48:25.439  6780  6817 D SystemServerTimingAsync: ssm.onStartUser-0_com.android.server.security.KeyChainSystemService
11-11 18:48:25.439  6780  6985 D CompatibilityChangeReporter: Compat change id reported: 261072174; UID 1000; state: ENABLED
11-11 18:48:25.439  6780  6817 V SystemServerTimingAsync: ssm.onStartUser-0_com.android.server.security.KeyChainSystemService took to complete: 0ms
11-11 18:48:25.439  6780  6817 D SystemServerTimingAsync: ssm.onStartUser-0_com.android.server.BinaryTransparencyService
11-11 18:48:25.439  6780  6817 V SystemServerTimingAsync: ssm.onStartUser-0_com.android.server.BinaryTransparencyService took to complete: 0ms
11-11 18:48:25.439  6780  6817 D SystemServerTimingAsync: ssm.onStartUser-0_com.android.server.telecom.TelecomLoaderService
11-11 18:48:25.439  6780  6817 V SystemServerTimingAsync: ssm.onStartUser-0_com.android.server.telecom.TelecomLoaderService took to complete: 0ms
11-11 18:48:25.439  6780  6817 D SystemServerTimingAsync: ssm.onStartUser-0_com.android.server.accounts.AccountManagerService$Lifecycle
11-11 18:48:25.439  6780  6817 V SystemServerTimingAsync: ssm.onStartUser-0_com.android.server.accounts.AccountManagerService$Lifecycle took to complete: 0ms
11-11 18:48:25.439  6780  6817 D SystemServerTimingAsync: ssm.onStartUser-0_com.android.server.content.ContentService$Lifecycle
11-11 18:48:25.439  6780  6817 V SystemServerTimingAsync: ssm.onStartUser-0_com.android.server.content.ContentService$Lifecycle took to complete: 0ms
11-11 18:48:25.439  6780  6817 D SystemServerTimingAsync: ssm.onStartUser-0_com.android.server.deviceconfig.DeviceConfigInit$Lifecycle
11-11 18:48:25.439  6780  6817 V SystemServerTimingAsync: ssm.onStartUser-0_com.android.server.deviceconfig.DeviceConfigInit$Lifecycle took to complete: 0ms
11-11 18:48:25.439  6780  6817 D SystemServerTimingAsync: ssm.onStartUser-0_com.android.server.DropBoxManagerService
11-11 18:48:25.439  6780  6817 V SystemServerTimingAsync: ssm.onStartUser-0_com.android.server.DropBoxManagerService took to complete: 0ms
11-11 18:48:25.439  6780  6817 D SystemServerTimingAsync: ssm.onStartUser-0_com.android.role.RoleService
11-11 18:48:25.444  6780  6780 V UserDataPreparer: Found /data/user_de/10 with serial number 10
11-11 18:48:25.444  6780  6780 V UserDataPreparer: Found /data/system_de/10 with serial number 10
11-11 18:48:25.444  6780  6817 V SystemServerTimingAsync: ssm.onStartUser-0_com.android.role.RoleService took to complete: 5ms
11-11 18:48:25.444  6780  6817 D SystemServerTimingAsync: ssm.onStartUser-0_com.android.server.vibrator.VibratorManagerService$Lifecycle
11-11 18:48:25.444  6780  6817 V SystemServerTimingAsync: ssm.onStartUser-0_com.android.server.vibrator.VibratorManagerService$Lifecycle took to complete: 0ms
11-11 18:48:25.444  6780  6817 D SystemServerTimingAsync: ssm.onStartUser-0_com.android.server.tare.InternalResourceService
11-11 18:48:25.444  6780  6817 V SystemServerTimingAsync: ssm.onStartUser-0_com.android.server.tare.InternalResourceService took to complete: 0ms
11-11 18:48:25.444  6780  6817 D SystemServerTimingAsync: ssm.onStartUser-0_com.android.server.alarm.AlarmManagerService
11-11 18:48:25.444  6780  6817 V SystemServerTimingAsync: ssm.onStartUser-0_com.android.server.alarm.AlarmManagerService took to complete: 1ms
11-11 18:48:25.444  6780  6817 D SystemServerTimingAsync: ssm.onStartUser-0_com.android.server.devicestate.DeviceStateManagerService
11-11 18:48:25.445  6780  6817 V SystemServerTimingAsync: ssm.onStartUser-0_com.android.server.devicestate.DeviceStateManagerService took to complete: 0ms
11-11 18:48:25.445  6780  6817 D SystemServerTimingAsync: ssm.onStartUser-0_com.android.server.camera.CameraServiceProxy
11-11 18:48:25.445  6780  6780 V SystemServerTiming: prepareUserData took to complete: 65ms
11-11 18:48:25.445  6780  6780 D SystemServerTiming: reconcileAppsData
11-11 18:48:25.445  6780  6780 V PackageManager: reconcileAppsData for null u10 0x1 migrateAppData=false
11-11 18:48:25.445  7030  7142 I CarExperimentalFeatureServiceController: Available experimental features:[android.car.experimental.test_demo_experimental_feature_service, android.car.experimental.driver_distraction_experimental_feature_service]
11-11 18:48:25.445  7030  7142 I CarExperimentalFeatureServiceController: Started experimental features:[]
11-11 18:48:25.445  6780  6817 V SystemServerTimingAsync: ssm.onStartUser-0_com.android.server.camera.CameraServiceProxy took to complete: 1ms
11-11 18:48:25.445  6780  6817 D SystemServerTimingAsync: ssm.onStartUser-0_com.android.server.bluetooth.BluetoothService
11-11 18:48:25.445  6780  6817 V SystemServerTimingAsync: ssm.onStartUser-0_com.android.server.bluetooth.BluetoothService took to complete: 0ms
11-11 18:48:25.446  6780  6817 D SystemServerTimingAsync: ssm.onStartUser-0_com.android.server.connectivity.IpConnectivityMetrics
11-11 18:48:25.446  6780  6817 V SystemServerTimingAsync: ssm.onStartUser-0_com.android.server.connectivity.IpConnectivityMetrics took to complete: 0ms
11-11 18:48:25.446  6780  6817 D SystemServerTimingAsync: ssm.onStartUser-0_com.android.server.net.watchlist.NetworkWatchlistService$Lifecycle
11-11 18:48:25.446  6780  6817 V SystemServerTimingAsync: ssm.onStartUser-0_com.android.server.net.watchlist.NetworkWatchlistService$Lifecycle took to complete: 0ms
11-11 18:48:25.446  6780  6817 D SystemServerTimingAsync: ssm.onStartUser-0_com.android.server.PinnerService
11-11 18:48:25.446  6780  6817 V SystemServerTimingAsync: ssm.onStartUser-0_com.android.server.PinnerService took to complete: 0ms
11-11 18:48:25.446  6780  6817 D SystemServerTimingAsync: ssm.onStartUser-0_com.android.server.ActivityTriggerService
11-11 18:48:25.446  6780  6817 V SystemServerTimingAsync: ssm.onStartUser-0_com.android.server.ActivityTriggerService took to complete: 0ms
11-11 18:48:25.446  6780  6817 D SystemServerTimingAsync: ssm.onStartUser-0_com.android.server.integrity.AppIntegrityManagerService
11-11 18:48:25.446  6780  6817 V SystemServerTimingAsync: ssm.onStartUser-0_com.android.server.integrity.AppIntegrityManagerService took to complete: 0ms
11-11 18:48:25.446  6780  6817 D SystemServerTimingAsync: ssm.onStartUser-0_com.android.server.logcat.LogcatManagerService
11-11 18:48:25.446  6780  6817 V SystemServerTimingAsync: ssm.onStartUser-0_com.android.server.logcat.LogcatManagerService took to complete: 0ms
11-11 18:48:25.446  6780  6817 D SystemServerTimingAsync: ssm.onStartUser-0_com.android.server.inputmethod.InputMethodManagerService$Lifecycle
11-11 18:48:25.446  6780  6817 V SystemServerTimingAsync: ssm.onStartUser-0_com.android.server.inputmethod.InputMethodManagerService$Lifecycle took to complete: 0ms
11-11 18:48:25.446  6780  6817 D SystemServerTimingAsync: ssm.onStartUser-0_com.android.server.accessibility.AccessibilityManagerService$Lifecycle
11-11 18:48:25.446  6780  6817 V SystemServerTimingAsync: ssm.onStartUser-0_com.android.server.accessibility.AccessibilityManagerService$Lifecycle took to complete: 0ms
11-11 18:48:25.446  6780  6817 D SystemServerTimingAsync: ssm.onStartUser-0_com.android.server.StorageManagerService$Lifecycle
11-11 18:48:25.448  6780  6780 W PackageManager: Skipping preparing app data for com.android.sdksandbox
11-11 18:48:25.448  6780  6817 V StorageManagerService: Package com.android.cts.priv.ctsshim does not have legacy storage
11-11 18:48:25.448  6780  6817 V StorageManagerService: Package com.qualcomm.qti.qcolor does not have legacy storage
11-11 18:48:25.448  6780  6817 V StorageManagerService: Package com.android.uwb.resources does not have legacy storage
11-11 18:48:25.448  6780  6817 V StorageManagerService: Package com.android.internal.display.cutout.emulation.corner does not have legacy storage
11-11 18:48:25.448  6780  6817 V StorageManagerService: Package com.android.adservices.api does not have legacy storage
11-11 18:48:25.448  6780  6817 V StorageManagerService: Package com.android.internal.display.cutout.emulation.double does not have legacy storage
11-11 18:48:25.448  6780  6817 V StorageManagerService: Package com.android.providers.telephony does not have legacy storage
11-11 18:48:25.448  6780  6817 V StorageManagerService: Package com.android.dynsystem does not have legacy storage
11-11 18:48:25.448  6780  6817 V StorageManagerService: Package android.car.cluster does not have legacy storage
11-11 18:48:25.448  6780  6817 V StorageManagerService: Package com.android.healthconnect.controller does not have legacy storage
11-11 18:48:25.449  6780  6817 V StorageManagerService: Package com.google.android.car.kitchensink does not have legacy storage
11-11 18:48:25.449  6780  6817 V StorageManagerService: Package com.android.providers.media does not have legacy storage
11-11 18:48:25.449  6780  6817 V StorageManagerService: Package com.qti.service.colorservice does not have legacy storage
11-11 18:48:25.449  6780  6817 V StorageManagerService: Package com.android.health.connect.backuprestore does not have legacy storage
11-11 18:48:25.449  6780  6817 V StorageManagerService: Package com.android.internal.systemui.navbar.gestural_wide_back does not have legacy storage
11-11 18:48:25.449  6780  6817 V StorageManagerService: Package com.qualcomm.qti.xrwifi does not have legacy storage
11-11 18:48:25.449  6780  6817 V StorageManagerService: Package com.qualcomm.qti.server.qtiwifi does not have legacy storage
11-11 18:48:25.449  6780  6817 V StorageManagerService: Package com.android.virtualmachine.res does not have legacy storage
11-11 18:48:25.449  6780  6817 V StorageManagerService: Package com.qualcomm.qti.simcontacts does not have legacy storage
11-11 18:48:25.449  6780  6817 V StorageManagerService: Package com.qualcomm.qti.modemtestmode does not have legacy storage
11-11 18:48:25.449  6780  6817 V StorageManagerService: Package com.android.car.media does not have legacy storage
11-11 18:48:25.449  6780  6817 V StorageManagerService: Package com.android.car.radio does not have legacy storage
11-11 18:48:25.449  6780  6817 V StorageManagerService: Package org.codeaurora.dialer does not have legacy storage
11-11 18:48:25.449  6780  6817 V StorageManagerService: Package com.android.documentsui does not have legacy storage
11-11 18:48:25.449  6780  6817 V StorageManagerService: Package com.android.externalstorage does not have legacy storage
11-11 18:48:25.449  6780  6817 V StorageManagerService: Package com.qualcomm.uimremoteclient does not have legacy storage
11-11 18:48:25.449  6780  6817 V StorageManagerService: Package com.android.htmlviewer does not have legacy storage
11-11 18:48:25.449  6780  6817 V StorageManagerService: Package com.android.companiondevicemanager does not have legacy storage
11-11 18:48:25.449  6780  6817 V StorageManagerService: Package com.android.mms.service does not have legacy storage
11-11 18:48:25.449  6780  6817 V StorageManagerService: Package com.android.car.activityresolver does not have legacy storage
11-11 18:48:25.449  6780  6817 V StorageManagerService: Package com.qualcomm.qti.qms.service.connectionsecurity does not have legacy storage
11-11 18:48:25.449  6780  6817 V StorageManagerService: Package com.android.providers.downloads does not have legacy storage
11-11 18:48:25.449  6780  6817 V StorageManagerService: Package com.android.federatedcompute.services does not have legacy storage
11-11 18:48:25.449  6780  6817 V StorageManagerService: Package vendor.qti.hardware.cacert.server does not have legacy storage
11-11 18:48:25.449  6780  6817 V StorageManagerService: Package com.quicinc.voice.activation does not have legacy storage
11-11 18:48:25.450  6780  6817 V StorageManagerService: Package com.qualcomm.qti.telephonyservice does not have legacy storage
11-11 18:48:25.450  6780  6817 V StorageManagerService: Package com.android.car.updatable.overlay.common does not have legacy storage
11-11 18:48:25.450  6780  6817 V StorageManagerService: Package com.qualcomm.qti.performancemode does not have legacy storage
11-11 18:48:25.450  6780  6817 V StorageManagerService: Package org.codeaurora.bluetooth.bttestapp does not have legacy storage
11-11 18:48:25.450  6780  6817 V StorageManagerService: Package com.qualcomm.qti.ridemodeaudio does not have legacy storage
11-11 18:48:25.450  6780  6817 V StorageManagerService: Package vendor.qti.iwlan does not have legacy storage
11-11 18:48:25.450  6780  6817 V StorageManagerService: Package com.qualcomm.qti.optinoverlay does not have legacy storage
11-11 18:48:25.450  6780  6817 V StorageManagerService: Package com.android.car.provision does not have legacy storage
11-11 18:48:25.450  6780  6817 V StorageManagerService: Package com.android.soundrecorder does not have legacy storage
11-11 18:48:25.450  6780  6817 V StorageManagerService: Package com.qualcomm.uimremoteserver does not have legacy storage
11-11 18:48:25.450  6780  6817 V StorageManagerService: Package com.qti.confuridialer does not have legacy storage
11-11 18:48:25.450  6780  6817 V StorageManagerService: Package android.qvaoverlay.common does not have legacy storage
11-11 18:48:25.450  6780  6817 V StorageManagerService: Package com.android.safetycenter.resources does not have legacy storage
11-11 18:48:25.450  6780  6817 V StorageManagerService: Package com.android.providers.downloads.ui does not have legacy storage
11-11 18:48:25.450  6780  6817 V StorageManagerService: Package com.android.pacprocessor does not have legacy storage
11-11 18:48:25.450  6780  6817 V StorageManagerService: Package com.android.simappdialog does not have legacy storage
11-11 18:48:25.450  6780  6817 V StorageManagerService: Package com.android.networkstack does not have legacy storage
11-11 18:48:25.450  6780  6817 V StorageManagerService: Package android.overlay.common does not have legacy storage
11-11 18:48:25.450  6780  6817 V StorageManagerService: Package com.android.connectivity.resources does not have legacy storage
11-11 18:48:25.450  6780  6817 V StorageManagerService: Package com.android.internal.display.cutout.emulation.hole does not have legacy storage
11-11 18:48:25.450  6780  6817 V StorageManagerService: Package com.android.internal.display.cutout.emulation.tall does not have legacy storage
11-11 18:48:25.450  6780  6817 V StorageManagerService: Package com.android.modulemetadata does not have legacy storage
11-11 18:48:25.450  6780  6817 V StorageManagerService: Package com.android.certinstaller does not have legacy storage
11-11 18:48:25.450  6780  6817 V StorageManagerService: Package com.android.carrierconfig does not have legacy storage
11-11 18:48:25.450  6780  6817 V StorageManagerService: Package com.android.internal.systemui.navbar.threebutton does not have legacy storage
11-11 18:48:25.451  6780  6817 V StorageManagerService: Package com.android.car.custominput.sample does not have legacy storage
11-11 18:48:25.451  6780  6817 V StorageManagerService: Package com.qti.qualcomm.datastatusnotification does not have legacy storage
11-11 18:48:25.451  6780  6817 V StorageManagerService: Package com.android.wifi.dialog does not have legacy storage
11-11 18:48:25.451  6780  6817 V StorageManagerService: Package android does not have legacy storage
11-11 18:48:25.451  6780  6817 V StorageManagerService: Package com.qualcomm.qti.callfeaturessetting does not have legacy storage
11-11 18:48:25.451  6780  6817 V StorageManagerService: Package com.qualcomm.wfd.service does not have legacy storage
11-11 18:48:25.451  6780  6817 V StorageManagerService: Package com.android.car.systemupdater does not have legacy storage
11-11 18:48:25.451  6780  6817 V StorageManagerService: Package com.qualcomm.qtil.aptxacu does not have legacy storage
11-11 18:48:25.451  6780  6817 V StorageManagerService: Package com.qualcomm.qtil.aptxals does not have legacy storage
11-11 18:48:25.451  6780  6817 V StorageManagerService: Package com.google.android.car.networking.railway does not have legacy storage
11-11 18:48:25.451  6780  6817 V StorageManagerService: Package com.google.android.car.garagemode.testapp does not have legacy storage
11-11 18:48:25.451  6780  6817 V StorageManagerService: Package com.example.database does not have legacy storage
11-11 18:48:25.451  6780  6817 V StorageManagerService: Package com.qti.qualcomm.deviceinfo does not have legacy storage
11-11 18:48:25.451  6780  6817 V StorageManagerService: Package com.qti.msdc_ui does not have legacy storage
11-11 18:48:25.451  6780  6817 V StorageManagerService: Package com.qualcomm.dualbluetooth does not have legacy storage
11-11 18:48:25.451  6780  6817 V StorageManagerService: Package com.android.car does not have legacy storage
11-11 18:48:25.451  6780  6817 V StorageManagerService: Package com.android.egg does not have legacy storage
11-11 18:48:25.451  6780  6817 V StorageManagerService: Package com.android.mms does not have legacy storage
11-11 18:48:25.451  6780  6817 V StorageManagerService: Package com.android.mtp does not have legacy storage
11-11 18:48:25.451  6780  6817 V StorageManagerService: Package com.android.ons does not have legacy storage
11-11 18:48:25.451  6780  6817 V StorageManagerService: Package com.android.stk does not have legacy storage
11-11 18:48:25.451  6780  6817 V StorageManagerService: Package com.android.backupconfirm does not have legacy storage
11-11 18:48:25.451  6780  6817 V StorageManagerService: Package vendor.qti.qesdk.sysservice does not have legacy storage
11-11 18:48:25.452  6780  6817 V StorageManagerService: Package org.codeaurora.ims does not have legacy storage
11-11 18:48:25.452  6780  6817 V StorageManagerService: Package com.android.statementservice does not have legacy storage
11-11 18:48:25.452  6780  6817 V StorageManagerService: Package com.android.car.developeroptions does not have legacy storage
11-11 18:48:25.452  6780  6817 V StorageManagerService: Package android.overlay.target does not have legacy storage
11-11 18:48:25.452  6780  6817 V StorageManagerService: Package com.android.car.test.one.hotworddetectionservice does not have legacy storage
11-11 18:48:25.452  6780  6817 V StorageManagerService: Package com.android.settings.intelligence does not have legacy storage
11-11 18:48:25.452  6780  6817 V StorageManagerService: Package com.android.car.systemui.rro does not have legacy storage
11-11 18:48:25.452  6780  6817 V StorageManagerService: Package com.koushikdutta.vysor does not have legacy storage
11-11 18:48:25.452  6780  6817 V StorageManagerService: Package com.android.internal.systemui.navbar.gestural_extra_wide_back does not have legacy storage
11-11 18:48:25.452  6780  6817 V StorageManagerService: Package com.android.systemui.accessibility.accessibilitymenu does not have legacy storage
11-11 18:48:25.452  6780  6817 V StorageManagerService: Package com.android.car.settings does not have legacy storage
11-11 18:48:25.452  6780  6817 V StorageManagerService: Package com.qualcomm.qti.dynamicddsservice does not have legacy storage
11-11 18:48:25.452  6780  6817 V StorageManagerService: Package com.google.android.wifi.resources.overlay.common does not have legacy storage
11-11 18:48:25.452  6780  6817 V StorageManagerService: Package com.qualcomm.qti.xrvd.service does not have legacy storage
11-11 18:48:25.452  6780  6817 V StorageManagerService: Package com.qualcomm.qcrilmsgtunnel does not have legacy storage
11-11 18:48:25.452  6780  6817 V StorageManagerService: Package com.android.providers.settings does not have legacy storage
11-11 18:48:25.452  6780  6817 V StorageManagerService: Package com.android.sharedstoragebackup does not have legacy storage
11-11 18:48:25.452  6780  6817 V StorageManagerService: Package com.android.printspooler does not have legacy storage
11-11 18:48:25.452  6780  6817 V StorageManagerService: Package com.android.car.frameworkpackagestubs does not have legacy storage
11-11 18:48:25.452  6780  6817 V StorageManagerService: Package com.qualcomm.qti.services.systemhelper does not have legacy storage
11-11 18:48:25.452  6780  6817 V StorageManagerService: Package com.android.wifi.resources.overlay.common does not have legacy storage
11-11 18:48:25.452  6780  6817 V StorageManagerService: Package com.android.dreams.basic does not have legacy storage
11-11 18:48:25.452  6780  6817 V StorageManagerService: Package com.android.webview does not have legacy storage
11-11 18:48:25.452  6780  6817 V StorageManagerService: Package com.android.car.hidecameraapps does not have legacy storage
11-11 18:48:25.452  6780  6817 V StorageManagerService: Package com.android.se does not have legacy storage
11-11 18:48:25.452  6780  6817 V StorageManagerService: Package com.android.inputdevices does not have legacy storage
11-11 18:48:25.452  6780  6817 V StorageManagerService: Package com.android.rkpdapp does not have legacy storage
11-11 18:48:25.452  6780  6817 V StorageManagerService: Package com.qti.dpmserviceapp does not have legacy storage
11-11 18:48:25.453  6780  6817 V StorageManagerService: Package com.google.android.car.defaultstoragemonitoringcompanionapp does not have legacy storage
11-11 18:48:25.453  6780  6817 V StorageManagerService: Package com.qti.xdivert does not have legacy storage
11-11 18:48:25.453  6780  6817 V StorageManagerService: Package com.android.musicfx does not have legacy storage
