11-11 18:38:40.325  1414  1569 D SystemServerInitThreadPool: Finished executing Lazily initialize IMMS#mImeDrawsImeNavBarRes
11-11 18:38:40.325  1414  1566 I BootReceiver: Copying /data/tombstones/tombstone_01 to DropBox (SYSTEM_TOMBSTONE)
11-11 18:38:40.325  1414  1569 V SystemServerTimingAsync: InitThreadPoolExec:Lazily initialize IMMS#mImeDrawsImeNavBarRes took to complete: 33ms
11-11 18:38:40.325  1414  1566 I DropBoxManagerService: add tag=SYSTEM_TOMBSTONE isTagEnabled=true flags=0x6
11-11 18:38:40.329  1414  1566 E NativeTombstoneManager: Tombstone's UID (1000) not an app, ignoring
11-11 18:38:40.331  1414  1566 I DropBoxManagerService: add tag=SYSTEM_TOMBSTONE_PROTO_WITH_HEADERS isTagEnabled=true flags=0x4
11-11 18:38:40.336  1414  1566 E NativeTombstoneManager: Tombstone's UID (1000) not an app, ignoring
11-11 18:38:40.339  1414  1566 I BootReceiver: Copying /data/tombstones/tombstone_02 to DropBox (SYSTEM_TOMBSTONE)
11-11 18:38:40.339  1414  1566 I DropBoxManagerService: add tag=SYSTEM_TOMBSTONE isTagEnabled=true flags=0x6
11-11 18:38:40.343  1414  1414 V SystemServerTiming: OnBootPhase_550_com.android.server.NetworkStatsServiceInitializer took to complete: 22ms
11-11 18:38:40.343  1414  1414 D SystemServerTiming: OnBootPhase_550_com.android.server.wifi.WifiService
11-11 18:38:40.343  1414  1414 V SystemServerTiming: OnBootPhase_550_com.android.server.wifi.WifiService took to complete: 0ms
11-11 18:38:40.343  1414  1414 D SystemServerTiming: OnBootPhase_550_com.android.server.wifi.scanner.WifiScanningService
11-11 18:38:40.343  1414  1414 V SystemServerTiming: OnBootPhase_550_com.android.server.wifi.scanner.WifiScanningService took to complete: 0ms
11-11 18:38:40.343  1414  1414 D SystemServerTiming: OnBootPhase_550_com.android.server.wifi.rtt.RttService
11-11 18:38:40.343  1414  1414 V SystemServerTiming: OnBootPhase_550_com.android.server.wifi.rtt.RttService took to complete: 0ms
11-11 18:38:40.343  1414  1414 D SystemServerTiming: OnBootPhase_550_com.android.server.wifi.aware.WifiAwareService
11-11 18:38:40.343  1414  1414 V SystemServerTiming: OnBootPhase_550_com.android.server.wifi.aware.WifiAwareService took to complete: 0ms
11-11 18:38:40.343  1414  1414 D SystemServerTiming: OnBootPhase_550_com.android.server.wifi.p2p.WifiP2pService
11-11 18:38:40.343  1414  1414 V SystemServerTiming: OnBootPhase_550_com.android.server.wifi.p2p.WifiP2pService took to complete: 0ms
11-11 18:38:40.343  1414  1414 D SystemServerTiming: OnBootPhase_550_com.android.server.ConnectivityServiceInitializer
11-11 18:38:40.344  1414  1414 V SystemServerTiming: OnBootPhase_550_com.android.server.ConnectivityServiceInitializer took to complete: 0ms
11-11 18:38:40.344  1414  1414 D SystemServerTiming: OnBootPhase_550_com.android.server.notification.NotificationManagerService
11-11 18:38:40.344  1414  1414 V SystemServerTiming: OnBootPhase_550_com.android.server.notification.NotificationManagerService took to complete: 0ms
11-11 18:38:40.344  1414  1414 D SystemServerTiming: OnBootPhase_550_com.android.server.storage.DeviceStorageMonitorService
11-11 18:38:40.344  1414  1414 V SystemServerTiming: OnBootPhase_550_com.android.server.storage.DeviceStorageMonitorService took to complete: 0ms
11-11 18:38:40.344  1414  1414 D SystemServerTiming: OnBootPhase_550_com.android.server.timedetector.TimeDetectorService$Lifecycle
11-11 18:38:40.344  1414  1414 V SystemServerTiming: OnBootPhase_550_com.android.server.timedetector.TimeDetectorService$Lifecycle took to complete: 0ms
11-11 18:38:40.344  1414  1414 D SystemServerTiming: OnBootPhase_550_com.android.server.location.LocationManagerService$Lifecycle
11-11 18:38:40.344  1414  1414 V SystemServerTiming: OnBootPhase_550_com.android.server.location.LocationManagerService$Lifecycle took to complete: 0ms
11-11 18:38:40.344  1414  1414 D SystemServerTiming: OnBootPhase_550_com.android.server.timezonedetector.TimeZoneDetectorService$Lifecycle
11-11 18:38:40.344  1414  1414 V SystemServerTiming: OnBootPhase_550_com.android.server.timezonedetector.TimeZoneDetectorService$Lifecycle took to complete: 0ms
11-11 18:38:40.344  1414  1414 D SystemServerTiming: OnBootPhase_550_com.android.server.location.altitude.AltitudeService$Lifecycle
11-11 18:38:40.344  1414  1414 V SystemServerTiming: OnBootPhase_550_com.android.server.location.altitude.AltitudeService$Lifecycle took to complete: 0ms
11-11 18:38:40.344  1414  1414 D SystemServerTiming: OnBootPhase_550_com.android.server.timezonedetector.location.LocationTimeZoneManagerService$Lifecycle
11-11 18:38:40.344  1414  1414 V SystemServerTiming: OnBootPhase_550_com.android.server.timezonedetector.location.LocationTimeZoneManagerService$Lifecycle took to complete: 0ms
11-11 18:38:40.344  1414  1414 D SystemServerTiming: OnBootPhase_550_com.android.server.search.SearchManagerService$Lifecycle
11-11 18:38:40.344  1414  1414 V SystemServerTiming: OnBootPhase_550_com.android.server.search.SearchManagerService$Lifecycle took to complete: 0ms
11-11 18:38:40.344  1414  1414 D SystemServerTiming: OnBootPhase_550_com.android.server.wallpapereffectsgeneration.WallpaperEffectsGenerationManagerService
11-11 18:38:40.344  1414  1414 V SystemServerTiming: OnBootPhase_550_com.android.server.wallpapereffectsgeneration.WallpaperEffectsGenerationManagerService took to complete: 1ms
11-11 18:38:40.344  1414  1566 E NativeTombstoneManager: Tombstone's UID (1000) not an app, ignoring
11-11 18:38:40.344  1414  1414 D SystemServerTiming: OnBootPhase_550_com.android.server.audio.AudioService$Lifecycle
11-11 18:38:40.344  1414  1414 V SystemServerTiming: OnBootPhase_550_com.android.server.audio.AudioService$Lifecycle took to complete: 0ms
11-11 18:38:40.344  1414  1414 D SystemServerTiming: OnBootPhase_550_com.android.server.soundtrigger_middleware.SoundTriggerMiddlewareService$Lifecycle
11-11 18:38:40.344  1414  1414 V SystemServerTiming: OnBootPhase_550_com.android.server.soundtrigger_middleware.SoundTriggerMiddlewareService$Lifecycle took to complete: 0ms
11-11 18:38:40.344  1414  1414 D SystemServerTiming: OnBootPhase_550_com.android.server.broadcastradio.BroadcastRadioService
11-11 18:38:40.344  1414  1414 V SystemServerTiming: OnBootPhase_550_com.android.server.broadcastradio.BroadcastRadioService took to complete: 0ms
11-11 18:38:40.344  1414  1414 D SystemServerTiming: OnBootPhase_550_com.android.server.DockObserver
11-11 18:38:40.344  1414  1414 V SystemServerTiming: OnBootPhase_550_com.android.server.DockObserver took to complete: 0ms
11-11 18:38:40.344  1414  1414 D SystemServerTiming: OnBootPhase_550_com.android.server.midi.MidiService$Lifecycle
11-11 18:38:40.344  1414  1414 V SystemServerTiming: OnBootPhase_550_com.android.server.midi.MidiService$Lifecycle took to complete: 0ms
11-11 18:38:40.344  1414  1414 D SystemServerTiming: OnBootPhase_550_com.android.server.adb.AdbService$Lifecycle
11-11 18:38:40.345  1414  1414 V SystemServerTiming: OnBootPhase_550_com.android.server.adb.AdbService$Lifecycle took to complete: 0ms
11-11 18:38:40.345  1414  1414 D SystemServerTiming: OnBootPhase_550_com.android.server.usb.UsbService$Lifecycle
11-11 18:38:40.345  1414  1414 V SystemServerTiming: OnBootPhase_550_com.android.server.usb.UsbService$Lifecycle took to complete: 1ms
11-11 18:38:40.345  1414  1414 D SystemServerTiming: OnBootPhase_550_com.android.server.twilight.TwilightService
11-11 18:38:40.345  1414  1414 V SystemServerTiming: OnBootPhase_550_com.android.server.twilight.TwilightService took to complete: 0ms
11-11 18:38:40.345  1414  1414 D SystemServerTiming: OnBootPhase_550_com.android.server.display.color.ColorDisplayService
11-11 18:38:40.345  1414  1570 D SystemServerTimingAsync: InitThreadPoolExec:UsbService$Lifecycle#onBootPhase
11-11 18:38:40.345  1414  1414 V SystemServerTiming: OnBootPhase_550_com.android.server.display.color.ColorDisplayService took to complete: 0ms
11-11 18:38:40.345  1414  1570 D SystemServerInitThreadPool: Started executing UsbService$Lifecycle#onBootPhase
11-11 18:38:40.345  1414  1414 D SystemServerTiming: OnBootPhase_550_com.android.server.job.JobSchedulerService
11-11 18:38:40.345  1414  1414 V SystemServerTiming: OnBootPhase_550_com.android.server.job.JobSchedulerService took to complete: 0ms
11-11 18:38:40.345  1414  1414 D SystemServerTiming: OnBootPhase_550_com.android.server.soundtrigger.SoundTriggerService
11-11 18:38:40.345  1414  1414 D SoundTriggerService: onBootPhase: 550 : false
11-11 18:38:40.346  1414  1566 I DropBoxManagerService: add tag=SYSTEM_TOMBSTONE_PROTO_WITH_HEADERS isTagEnabled=true flags=0x4
11-11 18:38:40.347  1414  1570 D SystemServerInitThreadPool: Finished executing UsbService$Lifecycle#onBootPhase
11-11 18:38:40.347  1414  1570 V SystemServerTimingAsync: InitThreadPoolExec:UsbService$Lifecycle#onBootPhase took to complete: 1ms
11-11 18:38:40.347  1414  1414 V SystemServerTiming: OnBootPhase_550_com.android.server.soundtrigger.SoundTriggerService took to complete: 2ms
11-11 18:38:40.347  1414  1414 D SystemServerTiming: OnBootPhase_550_com.android.server.trust.TrustManagerService
11-11 18:38:40.347  1414  1414 V SystemServerTiming: OnBootPhase_550_com.android.server.trust.TrustManagerService took to complete: 0ms
11-11 18:38:40.347  1414  1414 D SystemServerTiming: OnBootPhase_550_com.android.server.appwidget.AppWidgetService
11-11 18:38:40.347  1414  1414 V SystemServerTiming: OnBootPhase_550_com.android.server.appwidget.AppWidgetService took to complete: 0ms
11-11 18:38:40.347  1414  1414 D SystemServerTiming: OnBootPhase_550_com.android.server.voiceinteraction.VoiceInteractionManagerService
11-11 18:38:40.347  1414  1414 V SystemServerTiming: OnBootPhase_550_com.android.server.voiceinteraction.VoiceInteractionManagerService took to complete: 0ms
11-11 18:38:40.347  1414  1414 D SystemServerTiming: OnBootPhase_550_com.android.server.GestureLauncherService
11-11 18:38:40.347  1414  1414 V SystemServerTiming: OnBootPhase_550_com.android.server.GestureLauncherService took to complete: 0ms
11-11 18:38:40.347  1414  1414 D SystemServerTiming: OnBootPhase_550_com.android.server.SensorNotificationService
11-11 18:38:40.347  1414  1414 V SystemServerTiming: OnBootPhase_550_com.android.server.SensorNotificationService took to complete: 0ms
11-11 18:38:40.347  1414  1414 D SystemServerTiming: OnBootPhase_550_com.android.server.emergency.EmergencyAffordanceService
11-11 18:38:40.347  1414  1414 V SystemServerTiming: OnBootPhase_550_com.android.server.emergency.EmergencyAffordanceService took to complete: 0ms
11-11 18:38:40.347  1414  1414 D SystemServerTiming: OnBootPhase_550_com.android.server.blob.BlobStoreManagerService
11-11 18:38:40.349  1414  1414 V SystemServerTiming: OnBootPhase_550_com.android.server.blob.BlobStoreManagerService took to complete: 1ms
11-11 18:38:40.349  1414  1414 D SystemServerTiming: OnBootPhase_550_com.android.server.dreams.DreamManagerService
11-11 18:38:40.349  1414  1414 V SystemServerTiming: OnBootPhase_550_com.android.server.dreams.DreamManagerService took to complete: 0ms
11-11 18:38:40.349  1414  1414 D SystemServerTiming: OnBootPhase_550_com.android.server.security.AttestationVerificationManagerService
11-11 18:38:40.349  1414  1414 V SystemServerTiming: OnBootPhase_550_com.android.server.security.AttestationVerificationManagerService took to complete: 0ms
11-11 18:38:40.349  1414  1414 D SystemServerTiming: OnBootPhase_550_com.android.server.companion.CompanionDeviceManagerService
11-11 18:38:40.349  1414  1414 V SystemServerTiming: OnBootPhase_550_com.android.server.companion.CompanionDeviceManagerService took to complete: 0ms
11-11 18:38:40.349  1414  1414 D SystemServerTiming: OnBootPhase_550_com.android.server.companion.virtual.VirtualDeviceManagerService
11-11 18:38:40.349  1414  1414 V SystemServerTiming: OnBootPhase_550_com.android.server.companion.virtual.VirtualDeviceManagerService took to complete: 0ms
11-11 18:38:40.349  1414  1414 D SystemServerTiming: OnBootPhase_550_com.android.server.restrictions.RestrictionsManagerService
11-11 18:38:40.349  1414  1414 V SystemServerTiming: OnBootPhase_550_com.android.server.restrictions.RestrictionsManagerService took to complete: 0ms
11-11 18:38:40.349  1414  1414 D SystemServerTiming: OnBootPhase_550_com.android.server.media.MediaSessionService
11-11 18:38:40.350  1414  1414 V SystemServerTiming: OnBootPhase_550_com.android.server.media.MediaSessionService took to complete: 0ms
11-11 18:38:40.350  1414  1414 D SystemServerTiming: OnBootPhase_550_com.android.server.biometrics.BiometricService
11-11 18:38:40.350  1414  1414 V SystemServerTiming: OnBootPhase_550_com.android.server.biometrics.BiometricService took to complete: 0ms
11-11 18:38:40.350  1414  1414 D SystemServerTiming: OnBootPhase_550_com.android.server.biometrics.AuthService
11-11 18:38:40.350  1414  1414 V SystemServerTiming: OnBootPhase_550_com.android.server.biometrics.AuthService took to complete: 0ms
11-11 18:38:40.350  1414  1414 D SystemServerTiming: OnBootPhase_550_com.android.server.pm.ShortcutService$Lifecycle
11-11 18:38:40.350  1414  1414 V SystemServerTiming: OnBootPhase_550_com.android.server.pm.ShortcutService$Lifecycle took to complete: 1ms
11-11 18:38:40.350  1414  1414 D SystemServerTiming: OnBootPhase_550_com.android.server.pm.LauncherAppsService
11-11 18:38:40.350  1414  1414 V SystemServerTiming: OnBootPhase_550_com.android.server.pm.LauncherAppsService took to complete: 0ms
11-11 18:38:40.350  1414  1414 D SystemServerTiming: OnBootPhase_550_com.android.server.pm.CrossProfileAppsService
11-11 18:38:40.350  1414  1414 V SystemServerTiming: OnBootPhase_550_com.android.server.pm.CrossProfileAppsService took to complete: 0ms
11-11 18:38:40.350  1414  1414 D SystemServerTiming: OnBootPhase_550_com.android.server.people.PeopleService
11-11 18:38:40.350  1414  1414 V SystemServerTiming: OnBootPhase_550_com.android.server.people.PeopleService took to complete: 0ms
11-11 18:38:40.350  1414  1622 I UsbPortManager: ClientCallback V1_2: 
11-11 18:38:40.350  1414  1414 D SystemServerTiming: OnBootPhase_550_com.android.server.media.metrics.MediaMetricsManagerService
11-11 18:38:40.350  1414  1414 V SystemServerTiming: OnBootPhase_550_com.android.server.media.metrics.MediaMetricsManagerService took to complete: 0ms
11-11 18:38:40.350  1414  1414 D SystemServerTiming: OnBootPhase_550_com.android.server.pm.BackgroundInstallControlService
11-11 18:38:40.350  1414  1414 V SystemServerTiming: OnBootPhase_550_com.android.server.pm.BackgroundInstallControlService took to complete: 0ms
11-11 18:38:40.350  1414  1414 D SystemServerTiming: OnBootPhase_550_com.android.server.media.projection.MediaProjectionManagerService
11-11 18:38:40.350  1414  1414 V SystemServerTiming: OnBootPhase_550_com.android.server.media.projection.MediaProjectionManagerService took to complete: 0ms
11-11 18:38:40.350  1414  1414 D SystemServerTiming: OnBootPhase_550_com.android.server.slice.SliceManagerService$Lifecycle
11-11 18:38:40.350  1414  1414 V SystemServerTiming: OnBootPhase_550_com.android.server.slice.SliceManagerService$Lifecycle took to complete: 0ms
11-11 18:38:40.350  1414  1414 D SystemServerTiming: OnBootPhase_550_com.android.server.stats.StatsCompanion$Lifecycle
11-11 18:38:40.350  1414  1414 V SystemServerTiming: OnBootPhase_550_com.android.server.stats.StatsCompanion$Lifecycle took to complete: 0ms
11-11 18:38:40.350  1414  1414 D SystemServerTiming: OnBootPhase_550_com.android.server.scheduling.RebootReadinessManagerService$Lifecycle
11-11 18:38:40.350  1414  1414 V SystemServerTiming: OnBootPhase_550_com.android.server.scheduling.RebootReadinessManagerService$Lifecycle took to complete: 0ms
11-11 18:38:40.350  1414  1414 D SystemServerTiming: OnBootPhase_550_com.android.server.stats.pull.StatsPullAtomService
11-11 18:38:40.350  1414  1676 W BroadcastLoopers: Found previously unknown looper Thread[AudioDeviceBroker,5,main]
11-11 18:38:40.350  1414  1414 V SystemServerTiming: OnBootPhase_550_com.android.server.stats.pull.StatsPullAtomService took to complete: 0ms
11-11 18:38:40.350  1414  1414 D SystemServerTiming: OnBootPhase_550_com.android.server.stats.bootstrap.StatsBootstrapAtomService$Lifecycle
11-11 18:38:40.350  1414  1566 E NativeTombstoneManager: Tombstone's UID (1000) not an app, ignoring
11-11 18:38:40.350  1414  1414 V SystemServerTiming: OnBootPhase_550_com.android.server.stats.bootstrap.StatsBootstrapAtomService$Lifecycle took to complete: 0ms
11-11 18:38:40.350  1414  1414 D SystemServerTiming: OnBootPhase_550_com.android.server.incident.IncidentCompanionService
11-11 18:38:40.350  1414  1414 V SystemServerTiming: OnBootPhase_550_com.android.server.incident.IncidentCompanionService took to complete: 0ms
11-11 18:38:40.350  1414  1414 D SystemServerTiming: OnBootPhase_550_com.android.server.sdksandbox.SdkSandboxManagerService$Lifecycle
11-11 18:38:40.350  1414  1414 V SystemServerTiming: OnBootPhase_550_com.android.server.sdksandbox.SdkSandboxManagerService$Lifecycle took to complete: 0ms
11-11 18:38:40.350  1414  1414 D SystemServerTiming: OnBootPhase_550_com.android.server.adservices.AdServicesManagerService$Lifecycle
11-11 18:38:40.350  1414  1414 V SystemServerTiming: OnBootPhase_550_com.android.server.adservices.AdServicesManagerService$Lifecycle took to complete: 0ms
11-11 18:38:40.350  1414  1414 D SystemServerTiming: OnBootPhase_550_com.android.server.ondevicepersonalization.OnDevicePersonalizationSystemService$Lifecycle
11-11 18:38:40.350  1414  1414 V SystemServerTiming: OnBootPhase_550_com.android.server.ondevicepersonalization.OnDevicePersonalizationSystemService$Lifecycle took to complete: 0ms
11-11 18:38:40.350  1414  1414 D SystemServerTiming: OnBootPhase_550_com.android.server.MmsServiceBroker
11-11 18:38:40.350  1414  1414 V SystemServerTiming: OnBootPhase_550_com.android.server.MmsServiceBroker took to complete: 0ms
11-11 18:38:40.350  1414  1414 D SystemServerTiming: OnBootPhase_550_com.android.server.selectiontoolbar.SelectionToolbarManagerService
11-11 18:38:40.350  1414  1414 V SystemServerTiming: OnBootPhase_550_com.android.server.selectiontoolbar.SelectionToolbarManagerService took to complete: 0ms
11-11 18:38:40.350  1414  1414 D SystemServerTiming: OnBootPhase_550_com.android.server.clipboard.ClipboardService
11-11 18:38:40.350  1414  1414 V SystemServerTiming: OnBootPhase_550_com.android.server.clipboard.ClipboardService took to complete: 0ms
11-11 18:38:40.350  1414  1414 D SystemServerTiming: OnBootPhase_550_com.android.server.appbinding.AppBindingService$Lifecycle
11-11 18:38:40.351  1414  1414 I AppBindingService: Updating constants with: null
11-11 18:38:40.351  1414  1463 I UsbPortManager: USB port added: port=UsbPort{id=, supportedModes=none, supportedContaminantProtectionModes=0, supportsEnableContaminantPresenceProtection=false, supportsEnableContaminantPresenceDetection=false, supportsComplianceWarnings=false, status=UsbPortStatus{connected=false, currentMode=none, currentPowerRole=no-power, currentDataRole=no-data, supportedRoleCombinations=[no-power:no-data], contaminantDetectionStatus=0, contaminantProtectionStatus=0, usbDataStatus=unknown, isPowerTransferLimited=false, powerBrickConnectionStatus=unknown, complianceWarnings=[], plugState=0, displayPortAltModeInfo=null}, canChangeMode=false, canChangePowerRole=false, canChangeDataRole=false, connectedAtMillis=0, lastConnectDurationMillis=0
11-11 18:38:40.351  1414  1414 V SystemServerTiming: OnBootPhase_550_com.android.server.appbinding.AppBindingService$Lifecycle took to complete: 1ms
11-11 18:38:40.351  1414  1414 D SystemServerTiming: OnBootPhase_550_com.android.server.tracing.TracingServiceProxy
11-11 18:38:40.351  1414  1414 V SystemServerTiming: OnBootPhase_550_com.android.server.tracing.TracingServiceProxy took to complete: 0ms
11-11 18:38:40.351  1414  1414 D SystemServerTiming: OnBootPhase_550_com.android.server.policy.PermissionPolicyService
11-11 18:38:40.351  1414  1414 D SystemServerTiming: Permission_grant_default_permissions-0
11-11 18:38:40.351  1414  1414 V SystemServerTiming: Permission_grant_default_permissions-0 took to complete: 0ms
11-11 18:38:40.351  1414  1414 D SystemServerTiming: Permission_synchronize_permissions-0
11-11 18:38:40.352  1414  1414 D SystemServerTiming: Permission_synchronize_addPackages-0
11-11 18:38:40.354  1414  1566 I BootReceiver: Copying /data/tombstones/tombstone_03 to DropBox (SYSTEM_TOMBSTONE)
11-11 18:38:40.354  1414  1566 I DropBoxManagerService: add tag=SYSTEM_TOMBSTONE isTagEnabled=true flags=0x6
11-11 18:38:40.359  1414  1566 E NativeTombstoneManager: Tombstone's UID (1000) not an app, ignoring
11-11 18:38:40.361  1414  1566 I DropBoxManagerService: add tag=SYSTEM_TOMBSTONE_PROTO_WITH_HEADERS isTagEnabled=true flags=0x4
11-11 18:38:40.366  1414  1566 E NativeTombstoneManager: Tombstone's UID (1000) not an app, ignoring
11-11 18:38:40.370  1414  1566 I BootReceiver: Copying /data/tombstones/tombstone_04 to DropBox (SYSTEM_TOMBSTONE)
11-11 18:38:40.370  1414  1566 I DropBoxManagerService: add tag=SYSTEM_TOMBSTONE isTagEnabled=true flags=0x6
11-11 18:38:40.377  1414  1566 E NativeTombstoneManager: Tombstone's UID (1000) not an app, ignoring
11-11 18:38:40.379  1414  1566 I DropBoxManagerService: add tag=SYSTEM_TOMBSTONE_PROTO_WITH_HEADERS isTagEnabled=true flags=0x4
11-11 18:38:40.384  1414  1566 E NativeTombstoneManager: Tombstone's UID (1000) not an app, ignoring
11-11 18:38:40.388  1414  1566 I BootReceiver: Copying /data/tombstones/tombstone_05 to DropBox (SYSTEM_TOMBSTONE)
11-11 18:38:40.388  1414  1566 I DropBoxManagerService: add tag=SYSTEM_TOMBSTONE isTagEnabled=true flags=0x6
11-11 18:38:40.393  1414  1566 E NativeTombstoneManager: Tombstone's UID (1000) not an app, ignoring
11-11 18:38:40.395  1414  1566 I DropBoxManagerService: add tag=SYSTEM_TOMBSTONE_PROTO_WITH_HEADERS isTagEnabled=true flags=0x4
11-11 18:38:40.399  1414  1566 E NativeTombstoneManager: Tombstone's UID (1000) not an app, ignoring
11-11 18:38:40.399  1414  1566 E NativeTombstoneManager: Tombstone's UID (1000) not an app, ignoring
11-11 18:38:40.400  1414  1566 E NativeTombstoneManager: Tombstone's UID (1000) not an app, ignoring
11-11 18:38:40.400  1414  1566 E NativeTombstoneManager: Tombstone's UID (1000) not an app, ignoring
11-11 18:38:40.402  1414  1566 E NativeTombstoneManager: Tombstone's UID (1000) not an app, ignoring
11-11 18:38:40.402  1414  1566 E NativeTombstoneManager: Tombstone's UID (1000) not an app, ignoring
11-11 18:38:40.403  1414  1566 E NativeTombstoneManager: Tombstone's UID (1000) not an app, ignoring
11-11 18:38:40.403  1414  1566 E NativeTombstoneManager: Tombstone's UID (1000) not an app, ignoring
11-11 18:38:40.404  1414  1566 E NativeTombstoneManager: Tombstone's UID (1000) not an app, ignoring
11-11 18:38:40.405  1414  1566 E NativeTombstoneManager: Tombstone's UID (1000) not an app, ignoring
11-11 18:38:40.406  1414  1566 E NativeTombstoneManager: Tombstone's UID (1000) not an app, ignoring
11-11 18:38:40.406  1414  1566 E NativeTombstoneManager: Tombstone's UID (1000) not an app, ignoring
11-11 18:38:40.407  1414  1566 E NativeTombstoneManager: Tombstone's UID (1000) not an app, ignoring
11-11 18:38:40.407  1414  1566 E NativeTombstoneManager: Tombstone's UID (1000) not an app, ignoring
11-11 18:38:40.409  1414  1566 E NativeTombstoneManager: Tombstone's UID (1000) not an app, ignoring
11-11 18:38:40.409  1414  1566 E NativeTombstoneManager: Tombstone's UID (1000) not an app, ignoring
11-11 18:38:40.410  1414  1414 V SystemServerTiming: Permission_synchronize_addPackages-0 took to complete: 57ms
11-11 18:38:40.410  1414  1414 D SystemServerTiming: Permission_syncPackages-0
11-11 18:38:40.410  1414  1566 E NativeTombstoneManager: Tombstone's UID (1000) not an app, ignoring
11-11 18:38:40.410  1414  1566 E NativeTombstoneManager: Tombstone's UID (1000) not an app, ignoring
11-11 18:38:40.411  1414  1566 E NativeTombstoneManager: Tombstone's UID (1000) not an app, ignoring
11-11 18:38:40.411  1414  1566 E NativeTombstoneManager: Tombstone's UID (1000) not an app, ignoring
11-11 18:38:40.412  1414  1566 E NativeTombstoneManager: Tombstone's UID (1000) not an app, ignoring
11-11 18:38:40.413  1414  1566 E NativeTombstoneManager: Tombstone's UID (1000) not an app, ignoring
11-11 18:38:40.414  1414  1566 E NativeTombstoneManager: Tombstone's UID (1000) not an app, ignoring
11-11 18:38:40.414  1414  1566 E NativeTombstoneManager: Tombstone's UID (1000) not an app, ignoring
11-11 18:38:40.415  1414  1566 E NativeTombstoneManager: Tombstone's UID (1000) not an app, ignoring
11-11 18:38:40.415  1414  1566 E NativeTombstoneManager: Tombstone's UID (1000) not an app, ignoring
11-11 18:38:40.416  1414  1566 E NativeTombstoneManager: Tombstone's UID (1000) not an app, ignoring
11-11 18:38:40.416  1414  1566 E NativeTombstoneManager: Tombstone's UID (1000) not an app, ignoring
11-11 18:38:40.417  1414  1566 E NativeTombstoneManager: Tombstone's UID (1000) not an app, ignoring
11-11 18:38:40.417  1414  1414 V SystemServerTiming: Permission_syncPackages-0 took to complete: 8ms
11-11 18:38:40.417  1414  1414 V SystemServerTiming: Permission_synchronize_permissions-0 took to complete: 66ms
11-11 18:38:40.417  1414  1414 D SystemServerTiming: Permission_onInitialized-0
11-11 18:38:40.417  1414  1414 I PermissionManager: Permission ownership changed. Updating all permissions.
11-11 18:38:40.417  1414  1566 E NativeTombstoneManager: Tombstone's UID (1000) not an app, ignoring
11-11 18:38:40.417  1414  1566 E NativeTombstoneManager: Tombstone's UID (1000) not an app, ignoring
11-11 18:38:40.418  1414  1566 E NativeTombstoneManager: Tombstone's UID (1000) not an app, ignoring
11-11 18:38:40.418  1414  1566 E NativeTombstoneManager: Tombstone's UID (1000) not an app, ignoring
11-11 18:38:40.418  1414  1566 E NativeTombstoneManager: Tombstone's UID (1000) not an app, ignoring
11-11 18:38:40.420  1414  1566 E NativeTombstoneManager: Tombstone's UID (1000) not an app, ignoring
11-11 18:38:40.420  1414  1566 E NativeTombstoneManager: Tombstone's UID (1000) not an app, ignoring
11-11 18:38:40.421  1414  1566 E NativeTombstoneManager: Tombstone's UID (1000) not an app, ignoring
11-11 18:38:40.422  1414  1566 E NativeTombstoneManager: Tombstone's UID (1000) not an app, ignoring
11-11 18:38:40.423  1414  1566 E NativeTombstoneManager: Tombstone's UID (1000) not an app, ignoring
11-11 18:38:40.423  1414  1566 E NativeTombstoneManager: Tombstone's UID (1000) not an app, ignoring
11-11 18:38:40.425  1414  1566 E NativeTombstoneManager: Tombstone's UID (1000) not an app, ignoring
11-11 18:38:40.425  1414  1566 E NativeTombstoneManager: Tombstone's UID (1000) not an app, ignoring
11-11 18:38:40.426  1414  1566 E NativeTombstoneManager: Tombstone's UID (1000) not an app, ignoring
11-11 18:38:40.426  1414  1566 E NativeTombstoneManager: Tombstone's UID (1000) not an app, ignoring
11-11 18:38:40.427  1414  1566 E NativeTombstoneManager: Tombstone's UID (1000) not an app, ignoring
11-11 18:38:40.428  1414  1566 E NativeTombstoneManager: Tombstone's UID (1000) not an app, ignoring
11-11 18:38:40.429  1414  1566 E NativeTombstoneManager: Tombstone's UID (1000) not an app, ignoring
11-11 18:38:40.430  1414  1566 E NativeTombstoneManager: Tombstone's UID (1000) not an app, ignoring
11-11 18:38:40.432  1414  1566 E NativeTombstoneManager: Tombstone's UID (1000) not an app, ignoring
11-11 18:38:40.432  1414  1566 E NativeTombstoneManager: Tombstone's UID (1000) not an app, ignoring
11-11 18:38:40.433  1414  1566 E NativeTombstoneManager: Tombstone's UID (1000) not an app, ignoring
11-11 18:38:40.434  1414  1566 E NativeTombstoneManager: Tombstone's UID (1000) not an app, ignoring
11-11 18:38:40.457     0     0 I msm_vidc: high: 00000001: ....e: Opening video instance: 000000009276b53f, 0
11-11 18:38:40.457     0     0 I msm_vidc_v4l2 5a00000.qcom,vidc: Linked as a consumer to regulator.5
11-11 18:38:40.457     0     0 I msm_vidc_v4l2 5a00000.qcom,vidc: Linked as a consumer to regulator.4
11-11 18:38:40.460     0     0 I subsys-restart: __subsystem_get(): Changing subsys fw_name to venus
11-11 18:38:40.462     0     0 W subsys-pil-tz 5ab0000.qcom,venus: loading /vendor/firmware_mnt/image/venus.mdt failed with error -13
11-11 18:38:40.462     0     0 W subsys-pil-tz 5ab0000.qcom,venus: Falling back to syfs fallback for: venus.mdt
11-11 18:38:40.466     0     0 I ueventd : firmware: loading 'venus.mdt' for '/devices/platform/soc/5ab0000.qcom,venus/firmware/venus.mdt'
11-11 18:38:40.467     0     0 I ueventd : loading /devices/platform/soc/5ab0000.qcom,venus/firmware/venus.mdt took 1ms
11-11 18:38:40.467     0     0 I subsys-pil-tz 5ab0000.qcom,venus: venus: loading from 0x0000000051400000 to 0x0000000051900000
11-11 18:38:40.480     0     0 W subsys-pil-tz 5ab0000.qcom,venus: loading /vendor/firmware_mnt/image/venus.b02 failed with error -13
11-11 18:38:40.480     0     0 W subsys-pil-tz 5ab0000.qcom,venus: loading /vendor/firmware_mnt/image/venus.b03 failed with error -13
11-11 18:38:40.480     0     0 W subsys-pil-tz 5ab0000.qcom,venus: loading /vendor/firmware_mnt/image/venus.b04 failed with error -13
11-11 18:38:40.480     0     0 W subsys-pil-tz 5ab0000.qcom,venus: Falling back to syfs fallback for: venus.b03
11-11 18:38:40.480     0     0 W subsys-pil-tz 5ab0000.qcom,venus: Falling back to syfs fallback for: venus.b04
11-11 18:38:40.480     0     0 W subsys-pil-tz 5ab0000.qcom,venus: Falling back to syfs fallback for: venus.b02
11-11 18:38:40.480     0     0 W subsys-pil-tz 5ab0000.qcom,venus: loading /vendor/firmware_mnt/image/venus.b05 failed with error -13
11-11 18:38:40.480     0     0 W subsys-pil-tz 5ab0000.qcom,venus: Falling back to syfs fallback for: venus.b05
11-11 18:38:40.480     0     0 W subsys-pil-tz 5ab0000.qcom,venus: loading /vendor/firmware_mnt/image/venus.b06 failed with error -13
11-11 18:38:40.480     0     0 W subsys-pil-tz 5ab0000.qcom,venus: Falling back to syfs fallback for: venus.b06
11-11 18:38:40.480     0     0 W subsys-pil-tz 5ab0000.qcom,venus: loading /vendor/firmware_mnt/image/venus.b07 failed with error -13
11-11 18:38:40.480     0     0 W subsys-pil-tz 5ab0000.qcom,venus: Falling back to syfs fallback for: venus.b07
11-11 18:38:40.480     0     0 W subsys-pil-tz 5ab0000.qcom,venus: loading /vendor/firmware_mnt/image/venus.b08 failed with error -13
11-11 18:38:40.480     0     0 W subsys-pil-tz 5ab0000.qcom,venus: Falling back to syfs fallback for: venus.b08
11-11 18:38:40.480     0     0 W subsys-pil-tz 5ab0000.qcom,venus: loading /vendor/firmware_mnt/image/venus.b09 failed with error -13
11-11 18:38:40.480     0     0 W subsys-pil-tz 5ab0000.qcom,venus: Falling back to syfs fallback for: venus.b09
11-11 18:38:40.480     0     0 W subsys-pil-tz 5ab0000.qcom,venus: loading /vendor/firmware_mnt/image/venus.b10 failed with error -13
11-11 18:38:40.480     0     0 W subsys-pil-tz 5ab0000.qcom,venus: Falling back to syfs fallback for: venus.b10
11-11 18:38:40.480     0     0 W subsys-pil-tz 5ab0000.qcom,venus: loading /vendor/firmware_mnt/image/venus.b19 failed with error -13
11-11 18:38:40.480     0     0 W subsys-pil-tz 5ab0000.qcom,venus: Falling back to syfs fallback for: venus.b19
11-11 18:38:40.483     0     0 I ueventd : firmware: loading 'venus.b03' for '/devices/platform/soc/5ab0000.qcom,venus/firmware/venus.b03'
11-11 18:38:40.484     0     0 I ueventd : loading /devices/platform/soc/5ab0000.qcom,venus/firmware/venus.b03 took 0ms
11-11 18:38:40.485     0     0 I ueventd : firmware: loading 'venus.b04' for '/devices/platform/soc/5ab0000.qcom,venus/firmware/venus.b04'
11-11 18:38:40.487     0     0 I ueventd : loading /devices/platform/soc/5ab0000.qcom,venus/firmware/venus.b04 took 1ms
11-11 18:38:40.488     0     0 I ueventd : firmware: loading 'venus.b02' for '/devices/platform/soc/5ab0000.qcom,venus/firmware/venus.b02'
11-11 18:38:40.489     0     0 I ueventd : loading /devices/platform/soc/5ab0000.qcom,venus/firmware/venus.b02 took 0ms
11-11 18:38:40.490     0     0 I ueventd : firmware: loading 'venus.b05' for '/devices/platform/soc/5ab0000.qcom,venus/firmware/venus.b05'
11-11 18:38:40.491     0     0 I ueventd : loading /devices/platform/soc/5ab0000.qcom,venus/firmware/venus.b05 took 0ms
11-11 18:38:40.505  1414  1414 V SystemServerTiming: Permission_onInitialized-0 took to complete: 88ms
11-11 18:38:40.506  1414  1414 W SystemServiceManager: Service com.android.server.policy.PermissionPolicyService took 154 ms in onBootPhase
11-11 18:38:40.506  1414  1414 V SystemServerTiming: OnBootPhase_550_com.android.server.policy.PermissionPolicyService took to complete: 154ms
11-11 18:38:40.506  1414  1414 D SystemServerTiming: OnBootPhase_550_com.android.server.pm.StagingManager$Lifecycle
11-11 18:38:40.506  1414  1414 V SystemServerTiming: OnBootPhase_550_com.android.server.pm.StagingManager$Lifecycle took to complete: 0ms
11-11 18:38:40.506  1414  1414 D SystemServerTiming: OnBootPhase_550_com.android.server.app.GameManagerService$Lifecycle
11-11 18:38:40.506  1414  1414 V SystemServerTiming: OnBootPhase_550_com.android.server.app.GameManagerService$Lifecycle took to complete: 0ms
11-11 18:38:40.506  1414  1414 D SystemServerTiming: OnBootPhase_550_com.android.safetycenter.SafetyCenterService
11-11 18:38:40.506  1414  1414 V SystemServerTiming: OnBootPhase_550_com.android.safetycenter.SafetyCenterService took to complete: 0ms
11-11 18:38:40.506  1414  1414 D SystemServerTiming: OnBootPhase_550_com.android.server.appsearch.AppSearchModule$Lifecycle
11-11 18:38:40.506  1414  1414 V SystemServerTiming: OnBootPhase_550_com.android.server.appsearch.AppSearchModule$Lifecycle took to complete: 0ms
11-11 18:38:40.506  1414  1414 D SystemServerTiming: OnBootPhase_550_com.android.server.media.MediaCommunicationService
11-11 18:38:40.506  1414  1414 V SystemServerTiming: OnBootPhase_550_com.android.server.media.MediaCommunicationService took to complete: 0ms
11-11 18:38:40.506  1414  1414 D SystemServerTiming: OnBootPhase_550_com.android.server.compat.overrides.AppCompatOverridesService$Lifecycle
11-11 18:38:40.506  1414  1414 V SystemServerTiming: OnBootPhase_550_com.android.server.compat.overrides.AppCompatOverridesService$Lifecycle took to complete: 0ms
11-11 18:38:40.506  1414  1414 D SystemServerTiming: OnBootPhase_550_com.android.server.healthconnect.HealthConnectManagerService
11-11 18:38:40.506  1414  1414 V SystemServerTiming: OnBootPhase_550_com.android.server.healthconnect.HealthConnectManagerService took to complete: 0ms
11-11 18:38:40.506  1414  1414 D SystemServerTiming: OnBootPhase_550_com.android.server.devicelock.DeviceLockService
11-11 18:38:40.506  1414  1414 D DeviceLockService: onBootPhase: 550
11-11 18:38:40.506  1414  1414 V SystemServerTiming: OnBootPhase_550_com.android.server.devicelock.DeviceLockService took to complete: 0ms
11-11 18:38:40.506  1414  1414 V SystemServerTiming: OnBootPhase_550 took to complete: 238ms
11-11 18:38:40.506  1414  1414 V SystemServerTiming: StartActivityManagerReadyPhase took to complete: 238ms
11-11 18:38:40.506  1414  1414 D SystemServerTiming: StartObservingNativeCrashes
11-11 18:38:40.506  1414  1414 V SystemServerTiming: StartObservingNativeCrashes took to complete: 1ms
11-11 18:38:40.506  1414  1414 D SystemServerTiming: RegisterAppOpsPolicy
11-11 18:38:40.507  1414  1414 V SystemServerTiming: RegisterAppOpsPolicy took to complete: 1ms
11-11 18:38:40.507  1414  1414 D SystemServerTiming: StartCarServiceHelperService
11-11 18:38:40.508  1414  1534 D SystemServerTimingAsync: InitThreadPoolExec:WebViewFactoryPreparation
11-11 18:38:40.508  1414  1534 D SystemServerInitThreadPool: Started executing WebViewFactoryPreparation
11-11 18:38:40.508  1414  1534 I SystemServer: WebViewFactoryPreparation
11-11 18:38:40.508  1414  1534 D SystemServerTimingAsync: WebViewFactoryPreparation
11-11 18:38:40.510  1414  1534 E AppOps  : Bad call made by uid 1000. Package "android" does not belong to uid 1037.
11-11 18:38:40.511  1414  1414 I SystemServiceManager: Starting com.android.internal.car.CarServiceHelperService
11-11 18:38:40.511  1414  1534 E AppOps  : Cannot checkOperation
11-11 18:38:40.511  1414  1534 E AppOps  : java.lang.SecurityException: Specified package "android" under uid 1037 but it is not
11-11 18:38:40.511  1414  1534 E AppOps  : 	at com.android.server.appop.AppOpsService.verifyAndGetBypass(AppOpsService.java:3915)
11-11 18:38:40.511  1414  1534 E AppOps  : 	at com.android.server.appop.AppOpsService.verifyAndGetBypass(AppOpsService.java:3775)
11-11 18:38:40.511  1414  1534 E AppOps  : 	at com.android.server.appop.AppOpsService.verifyAndGetBypass(AppOpsService.java:3767)
11-11 18:38:40.511  1414  1534 E AppOps  : 	at com.android.server.appop.AppOpsService.checkOperationUnchecked(AppOpsService.java:2427)
11-11 18:38:40.511  1414  1534 E AppOps  : 	at com.android.server.appop.AppOpsService.checkOperationImpl(AppOpsService.java:2410)
11-11 18:38:40.511  1414  1534 E AppOps  : 	at com.android.server.appop.AppOpsService.-$$Nest$mcheckOperationImpl(AppOpsService.java:0)
11-11 18:38:40.511  1414  1534 E AppOps  : 	at com.android.server.appop.AppOpsService$CheckOpsDelegateDispatcher.$r8$lambda$fx57Sum-uA3sXo7NCFwrI3iq4WM(AppOpsService.java:0)
11-11 18:38:40.511  1414  1534 E AppOps  : 	at com.android.server.appop.AppOpsService$CheckOpsDelegateDispatcher$$ExternalSyntheticLambda10.apply(R8$$SyntheticClass:0)
11-11 18:38:40.511  1414  1534 E AppOps  : 	at com.android.server.policy.AppOpsPolicy.checkOperation(AppOpsPolicy.java:221)
11-11 18:38:40.511  1414  1534 E AppOps  : 	at com.android.server.appop.AppOpsService$CheckOpsDelegateDispatcher.checkOperation(AppOpsService.java:6448)
11-11 18:38:40.511  1414  1534 E AppOps  : 	at com.android.server.appop.AppOpsService.checkOperation(AppOpsService.java:2395)
11-11 18:38:40.511  1414  1534 E AppOps  : 	at com.android.server.StorageManagerService$StorageManagerInternalImpl.hasExternalStorageAccess(StorageManagerService.java:4718)
11-11 18:38:40.511  1414  1534 E AppOps  : 	at com.android.server.am.ProcessList.startProcessLocked(ProcessList.java:1785)
11-11 18:38:40.511  1414  1534 E AppOps  : 	at com.android.server.am.ProcessList.startProcessLocked(ProcessList.java:2500)
11-11 18:38:40.511  1414  1534 E AppOps  : 	at com.android.server.am.ProcessList.startProcessLocked(ProcessList.java:2645)
11-11 18:38:40.511  1414  1534 E AppOps  : 	at com.android.server.am.ActivityManagerService.startIsolatedProcess(ActivityManagerService.java:2917)
11-11 18:38:40.511  1414  1534 E AppOps  : 	at com.android.server.am.ActivityManagerService$LocalService.startIsolatedProcess(ActivityManagerService.java:17502)
11-11 18:38:40.511  1414  1534 E AppOps  : 	at android.webkit.WebViewLibraryLoader.createRelroFile(WebViewLibraryLoader.java:126)
11-11 18:38:40.511  1414  1534 E AppOps  : 	at android.webkit.WebViewLibraryLoader.createRelros(WebViewLibraryLoader.java:164)
11-11 18:38:40.511  1414  1534 E AppOps  : 	at android.webkit.WebViewLibraryLoader.prepareNativeLibraries(WebViewLibraryLoader.java:152)
11-11 18:38:40.511  1414  1534 E AppOps  : 	at android.webkit.WebViewFactory.onWebViewProviderChanged(WebViewFactory.java:555)
11-11 18:38:40.511  1414  1534 E AppOps  : 	at com.android.server.webkit.SystemImpl.onWebViewProviderChanged(SystemImpl.java:174)
11-11 18:38:40.511  1414  1534 E AppOps  : 	at com.android.server.webkit.WebViewUpdateServiceImpl.onWebViewProviderChanged(WebViewUpdateServiceImpl.java:351)
11-11 18:38:40.511  1414  1534 E AppOps  : 	at com.android.server.webkit.WebViewUpdateServiceImpl.prepareWebViewInSystemServer(WebViewUpdateServiceImpl.java:182)
11-11 18:38:40.511  1414  1534 E AppOps  : 	at com.android.server.webkit.WebViewUpdateService.prepareWebViewInSystemServer(WebViewUpdateService.java:129)
11-11 18:38:40.511  1414  1534 E AppOps  : 	at com.android.server.SystemServer.lambda$startOtherServices$4(SystemServer.java:3011)
11-11 18:38:40.511  1414  1534 E AppOps  : 	at com.android.server.SystemServer.$r8$lambda$t1R-mpe1gQ3l_T3UqaEuPqwZT88(SystemServer.java:0)
11-11 18:38:40.511  1414  1534 E AppOps  : 	at com.android.server.SystemServer$$ExternalSyntheticLambda1.run(R8$$SyntheticClass:0)
11-11 18:38:40.511  1414  1534 E AppOps  : 	at com.android.server.SystemServerInitThreadPool.lambda$submitTask$0(SystemServerInitThreadPool.java:107)
11-11 18:38:40.511  1414  1534 E AppOps  : 	at com.android.server.SystemServerInitThreadPool.$r8$lambda$iar571g8isa6ZrPZMHj1USmyX48(SystemServerInitThreadPool.java:0)
11-11 18:38:40.511  1414  1534 E AppOps  : 	at com.android.server.SystemServerInitThreadPool$$ExternalSyntheticLambda0.run(R8$$SyntheticClass:0)
11-11 18:38:40.511  1414  1534 E AppOps  : 	at java.util.concurrent.Executors$RunnableAdapter.call(Executors.java:487)
11-11 18:38:40.511  1414  1534 E AppOps  : 	at java.util.concurrent.FutureTask.run(FutureTask.java:264)
11-11 18:38:40.511  1414  1534 E AppOps  : 	at java.util.concurrent.ThreadPoolExecutor.runWorker(ThreadPoolExecutor.java:1145)
11-11 18:38:40.511  1414  1534 E AppOps  : 	at java.util.concurrent.ThreadPoolExecutor$Worker.run(ThreadPoolExecutor.java:644)
11-11 18:38:40.511  1414  1534 E AppOps  : 	at com.android.internal.util.ConcurrentUtils$1$1.run(ConcurrentUtils.java:65)
11-11 18:38:40.512  1414  1534 D CompatibilityChangeReporter: Compat change id reported: 135634846; UID 1000; state: DISABLED
11-11 18:38:40.512  1414  1534 D CompatibilityChangeReporter: Compat change id reported: 177438394; UID 1000; state: DISABLED
11-11 18:38:40.512  1414  1534 D CompatibilityChangeReporter: Compat change id reported: 135772972; UID 1000; state: DISABLED
11-11 18:38:40.512  1414  1534 D CompatibilityChangeReporter: Compat change id reported: 178038272; UID 1000; state: DISABLED
11-11 18:38:40.515  1414  1534 E AppOps  : Bad call made by uid 1000. Package "android" does not belong to uid 1037.
11-11 18:38:40.515  1414  1534 E AppOps  : Cannot checkOperation
11-11 18:38:40.515  1414  1534 E AppOps  : java.lang.SecurityException: Specified package "android" under uid 1037 but it is not
11-11 18:38:40.515  1414  1534 E AppOps  : 	at com.android.server.appop.AppOpsService.verifyAndGetBypass(AppOpsService.java:3915)
11-11 18:38:40.515  1414  1534 E AppOps  : 	at com.android.server.appop.AppOpsService.verifyAndGetBypass(AppOpsService.java:3775)
11-11 18:38:40.515  1414  1534 E AppOps  : 	at com.android.server.appop.AppOpsService.verifyAndGetBypass(AppOpsService.java:3767)
11-11 18:38:40.515  1414  1534 E AppOps  : 	at com.android.server.appop.AppOpsService.checkOperationUnchecked(AppOpsService.java:2427)
11-11 18:38:40.515  1414  1534 E AppOps  : 	at com.android.server.appop.AppOpsService.checkOperationImpl(AppOpsService.java:2410)
11-11 18:38:40.515  1414  1534 E AppOps  : 	at com.android.server.appop.AppOpsService.-$$Nest$mcheckOperationImpl(AppOpsService.java:0)
11-11 18:38:40.515  1414  1534 E AppOps  : 	at com.android.server.appop.AppOpsService$CheckOpsDelegateDispatcher.$r8$lambda$fx57Sum-uA3sXo7NCFwrI3iq4WM(AppOpsService.java:0)
11-11 18:38:40.515  1414  1534 E AppOps  : 	at com.android.server.appop.AppOpsService$CheckOpsDelegateDispatcher$$ExternalSyntheticLambda10.apply(R8$$SyntheticClass:0)
11-11 18:38:40.515  1414  1534 E AppOps  : 	at com.android.server.policy.AppOpsPolicy.checkOperation(AppOpsPolicy.java:221)
11-11 18:38:40.515  1414  1534 E AppOps  : 	at com.android.server.appop.AppOpsService$CheckOpsDelegateDispatcher.checkOperation(AppOpsService.java:6448)
11-11 18:38:40.515  1414  1534 E AppOps  : 	at com.android.server.appop.AppOpsService.checkOperation(AppOpsService.java:2395)
11-11 18:38:40.515  1414  1534 E AppOps  : 	at com.android.server.StorageManagerService$StorageManagerInternalImpl.hasExternalStorageAccess(StorageManagerService.java:4718)
11-11 18:38:40.515  1414  1534 E AppOps  : 	at com.android.server.am.ProcessList.startProcessLocked(ProcessList.java:1785)
11-11 18:38:40.515  1414  1534 E AppOps  : 	at com.android.server.am.ProcessList.startProcessLocked(ProcessList.java:2500)
11-11 18:38:40.515  1414  1534 E AppOps  : 	at com.android.server.am.ProcessList.startProcessLocked(ProcessList.java:2645)
11-11 18:38:40.515  1414  1534 E AppOps  : 	at com.android.server.am.ActivityManagerService.startIsolatedProcess(ActivityManagerService.java:2917)
11-11 18:38:40.515  1414  1534 E AppOps  : 	at com.android.server.am.ActivityManagerService$LocalService.startIsolatedProcess(ActivityManagerService.java:17502)
11-11 18:38:40.515  1414  1534 E AppOps  : 	at android.webkit.WebViewLibraryLoader.createRelroFile(WebViewLibraryLoader.java:126)
11-11 18:38:40.515  1414  1534 E AppOps  : 	at android.webkit.WebViewLibraryLoader.createRelros(WebViewLibraryLoader.java:170)
11-11 18:38:40.515  1414  1534 E AppOps  : 	at android.webkit.WebViewLibraryLoader.prepareNativeLibraries(WebViewLibraryLoader.java:152)
11-11 18:38:40.515  1414  1534 E AppOps  : 	at android.webkit.WebViewFactory.onWebViewProviderChanged(WebViewFactory.java:555)
11-11 18:38:40.515  1414  1534 E AppOps  : 	at com.android.server.webkit.SystemImpl.onWebViewProviderChanged(SystemImpl.java:174)
11-11 18:38:40.515  1414  1534 E AppOps  : 	at com.android.server.webkit.WebViewUpdateServiceImpl.onWebViewProviderChanged(WebViewUpdateServiceImpl.java:351)
11-11 18:38:40.515  1414  1534 E AppOps  : 	at com.android.server.webkit.WebViewUpdateServiceImpl.prepareWebViewInSystemServer(WebViewUpdateServiceImpl.java:182)
11-11 18:38:40.515  1414  1534 E AppOps  : 	at com.android.server.webkit.WebViewUpdateService.prepareWebViewInSystemServer(WebViewUpdateService.java:129)
11-11 18:38:40.515  1414  1534 E AppOps  : 	at com.android.server.SystemServer.lambda$startOtherServices$4(SystemServer.java:3011)
11-11 18:38:40.515  1414  1534 E AppOps  : 	at com.android.server.SystemServer.$r8$lambda$t1R-mpe1gQ3l_T3UqaEuPqwZT88(SystemServer.java:0)
11-11 18:38:40.515  1414  1534 E AppOps  : 	at com.android.server.SystemServer$$ExternalSyntheticLambda1.run(R8$$SyntheticClass:0)
11-11 18:38:40.515  1414  1534 E AppOps  : 	at com.android.server.SystemServerInitThreadPool.lambda$submitTask$0(SystemServerInitThreadPool.java:107)
11-11 18:38:40.515  1414  1534 E AppOps  : 	at com.android.server.SystemServerInitThreadPool.$r8$lambda$iar571g8isa6ZrPZMHj1USmyX48(SystemServerInitThreadPool.java:0)
11-11 18:38:40.515  1414  1534 E AppOps  : 	at com.android.server.SystemServerInitThreadPool$$ExternalSyntheticLambda0.run(R8$$SyntheticClass:0)
11-11 18:38:40.515  1414  1534 E AppOps  : 	at java.util.concurrent.Executors$RunnableAdapter.call(Executors.java:487)
11-11 18:38:40.515  1414  1534 E AppOps  : 	at java.util.concurrent.FutureTask.run(FutureTask.java:264)
11-11 18:38:40.515  1414  1534 E AppOps  : 	at java.util.concurrent.ThreadPoolExecutor.runWorker(ThreadPoolExecutor.java:1145)
11-11 18:38:40.515  1414  1534 E AppOps  : 	at java.util.concurrent.ThreadPoolExecutor$Worker.run(ThreadPoolExecutor.java:644)
11-11 18:38:40.515  1414  1534 E AppOps  : 	at com.android.internal.util.ConcurrentUtils$1$1.run(ConcurrentUtils.java:65)
11-11 18:38:40.517  1414  1534 V SystemServerTimingAsync: WebViewFactoryPreparation took to complete: 9ms
11-11 18:38:40.517  1414  1534 D SystemServerInitThreadPool: Finished executing WebViewFactoryPreparation
11-11 18:38:40.517  1414  1534 V SystemServerTimingAsync: InitThreadPoolExec:WebViewFactoryPreparation took to complete: 9ms
11-11 18:38:40.524  1414  1414 D CarServiceHelper: CarServiceHelperServiceUpdatable created via reflection.
11-11 18:38:40.531  1414  1414 D CompatibilityChangeReporter: Compat change id reported: 135754954; UID 1000; state: ENABLED
11-11 18:38:40.533  1414  1414 I DevicePolicyManager: Setting DevicePolicySafetyChecker as com.android.internal.car.CarServiceHelperService@c5c2518
11-11 18:38:40.533  1414  1414 V SystemServerTiming: StartCarServiceHelperService took to complete: 25ms
11-11 18:38:40.533  1414  1414 D SystemServerTiming: MakeNetworkManagementServiceReady
11-11 18:38:40.543     0     0 I subsys-pil-tz 5ab0000.qcom,venus: venus: Brought out of reset
11-11 18:38:40.539  1414  1414 V SystemServerTiming: MakeNetworkManagementServiceReady took to complete: 7ms
11-11 18:38:40.540  1414  1414 D SystemServerTiming: MakeConnectivityServiceReady
11-11 18:38:40.550  1414  1654 W NetworkPolicy: setRestrictBackgroundUL: already false
11-11 18:38:40.566     0     0 I msm_vidc: err : 00000001: ....e: Unsupported WxH (320)x(240), max supported is (0)x(0)
11-11 18:38:40.566     0     0 I msm_vidc: err : 00000001: ....e: msm_vidc_check_session_supported: Resolution unsupported
11-11 18:38:40.566     0     0 I msm_vidc: err : 00000001: ....e: msm_venc_s_fmt: session not supported
11-11 18:38:40.566     0     0 I msm_vidc: err : 00000001: ....e: msm_vidc_comm_update_ctrl: failed: control name Video B Frames, min 0, max 0, step 0, default_value 0
11-11 18:38:40.570     0     0 I msm_vidc: high: 00000001: h265e: Closed video instance: 000000009276b53f
11-11 18:38:40.592     0     0 I msm_vidc: high: 00000001: ....d: Opening video instance: 00000000477029c0, 1
11-11 18:38:40.598     0     0 I msm_vidc: high: 00000001: h264d: Closed video instance: 00000000477029c0
11-11 18:38:40.645     0     0 I msm_vidc: high: 00000001: ....d: Opening video instance: 000000003aaf5062, 1
11-11 18:38:40.651     0     0 I msm_vidc: high: 00000001: h265d: Closed video instance: 000000003aaf5062
11-11 18:38:40.653  1414  1474 W ActivityManager: Slow operation: 144ms so far, now at startProcess: returned from zygote!
11-11 18:38:40.654  1414  1474 W ActivityManager: Slow operation: 145ms so far, now at startProcess: done updating battery stats
11-11 18:38:40.655  1414  1474 W ActivityManager: Slow operation: 145ms so far, now at startProcess: building log message
11-11 18:38:40.655  1414  1474 I ActivityManager: Start proc 1812:WebViewLoader-armeabi-v7a/1037 [android.webkit.WebViewLibraryLoader$RelroFileCreator] for 
11-11 18:38:40.655  1414  1474 W ActivityManager: Slow operation: 145ms so far, now at startProcess: starting to update pids map
