11-11 18:38:40.966  1414  1414 D SystemServerTiming: OnBootPhase_600_com.android.server.appsearch.AppSearchModule$Lifecycle
11-11 18:38:40.966  1414  1414 V SystemServerTiming: OnBootPhase_600_com.android.server.appsearch.AppSearchModule$Lifecycle took to complete: 0ms
11-11 18:38:40.966  1414  1414 D SystemServerTiming: OnBootPhase_600_com.android.server.media.MediaCommunicationService
11-11 18:38:40.966  1414  1414 V SystemServerTiming: OnBootPhase_600_com.android.server.media.MediaCommunicationService took to complete: 0ms
11-11 18:38:40.966  1414  1414 D SystemServerTiming: OnBootPhase_600_com.android.server.compat.overrides.AppCompatOverridesService$Lifecycle
11-11 18:38:40.966  1414  1414 V SystemServerTiming: OnBootPhase_600_com.android.server.compat.overrides.AppCompatOverridesService$Lifecycle took to complete: 0ms
11-11 18:38:40.966  1414  1414 D SystemServerTiming: OnBootPhase_600_com.android.server.healthconnect.HealthConnectManagerService
11-11 18:38:40.966  1414  1414 V SystemServerTiming: OnBootPhase_600_com.android.server.healthconnect.HealthConnectManagerService took to complete: 0ms
11-11 18:38:40.966  1414  1414 D SystemServerTiming: OnBootPhase_600_com.android.server.devicelock.DeviceLockService
11-11 18:38:40.966  1414  1414 D DeviceLockService: onBootPhase: 600
11-11 18:38:40.966  1414  1414 V SystemServerTiming: OnBootPhase_600_com.android.server.devicelock.DeviceLockService took to complete: 0ms
11-11 18:38:40.966  1414  1414 D SystemServerTiming: OnBootPhase_600_com.android.internal.car.CarServiceHelperService
11-11 18:38:40.966  1414  1414 D CarServiceHelper: onBootPhase: 600
11-11 18:38:40.966  1414  1414 D CarServiceHelper: onBootPhase.3pApps
11-11 18:38:40.966  1414  1414 D CarServiceHelper: setupAndStartUsers
11-11 18:38:40.967  1414  1414 V CarServiceHelper: setupAndStartUsers took to complete: 0ms
11-11 18:38:40.967  1414  1414 V CarServiceHelper: onBootPhase.3pApps took to complete: 0ms
11-11 18:38:40.967  1414  1414 V SystemServerTiming: OnBootPhase_600_com.android.internal.car.CarServiceHelperService took to complete: 0ms
11-11 18:38:40.967  1414  1414 V SystemServerTiming: OnBootPhase_600 took to complete: 251ms
11-11 18:38:40.967  1414  1414 V SystemServerTiming: PhaseThirdPartyAppsCanStart took to complete: 251ms
11-11 18:38:40.967  1414  1414 D SystemServerTiming: HsumBootUserInitializer.systemRunning
11-11 18:38:40.967  1414  1414 I HsumBootUserInitializer: Unlocking system user
11-11 18:38:40.967  1414  1414 D SystemServerTiming: unlock-system-user
11-11 18:38:40.967  1414  1414 D SystemServerTiming: am.startUser
11-11 18:38:40.967  1414  1414 D SystemServerTiming: UserController.startUser-0-bg-start-mode-2
11-11 18:38:40.967  1414  1414 D SystemServerTiming: getStartedUserState
11-11 18:38:40.967  1414  1414 V SystemServerTiming: getStartedUserState took to complete: 0ms
11-11 18:38:40.967  1414  1414 D SystemServerTiming: getUserInfo
11-11 18:38:40.967  1414  1414 V SystemServerTiming: getUserInfo took to complete: 0ms
11-11 18:38:40.967  1414  1414 D SystemServerTiming: assignUserToDisplayOnStart
11-11 18:38:40.967  1414  1414 V SystemServerTiming: assignUserToDisplayOnStart took to complete: 0ms
11-11 18:38:40.967  1414  1414 D SystemServerTiming: updateStartedUserArrayStarting
11-11 18:38:40.967  1414  1414 V SystemServerTiming: updateStartedUserArrayStarting took to complete: 0ms
11-11 18:38:40.967  1414  1414 D SystemServerTiming: updateConfigurationAndProfileIds
11-11 18:38:40.967  1414  1414 V SystemServerTiming: updateConfigurationAndProfileIds took to complete: 0ms
11-11 18:38:40.968  1414  1414 D SystemServerTiming: updateStateBooting
11-11 18:38:40.968  1414  1414 D SystemServerTiming: onBeforeStartUser-0
11-11 18:38:40.968  1414  1414 D SystemServerTiming: prepareUserData
11-11 18:38:40.968   486   486 D vold    : fscrypt_prepare_user_storage for volume null, user 0, serial 0, flags 1
11-11 18:38:40.968   486   486 D vold    : Preparing: /data/system/users/0
11-11 18:38:40.969   486   486 D vold    : Preparing: /data/misc/profiles/cur/0
11-11 18:38:40.969   486   486 D vold    : Preparing: /data/system_de/0
11-11 18:38:40.969   486   486 I vold    : Verified that /data/system_de/0 has the encryption policy a50e94b462a0f7212666126db14aa965 v2 modes 1/4 flags 0x12
11-11 18:38:40.970   486   486 D vold    : Preparing: /data/vendor_de/0
11-11 18:38:40.970   486   486 I vold    : Verified that /data/vendor_de/0 has the encryption policy a50e94b462a0f7212666126db14aa965 v2 modes 1/4 flags 0x12
11-11 18:38:40.970   486   486 D vold    : Preparing: /data/misc_de/0
11-11 18:38:40.970   486   486 I vold    : Verified that /data/misc_de/0 has the encryption policy a50e94b462a0f7212666126db14aa965 v2 modes 1/4 flags 0x12
11-11 18:38:40.970   486   486 D vold    : Preparing: /data/user_de/0
11-11 18:38:40.971   486   486 I vold    : Verified that /data/user_de/0 has the encryption policy a50e94b462a0f7212666126db14aa965 v2 modes 1/4 flags 0x12
11-11 18:38:40.971   486   486 D vold    : /system/bin/vold_prepare_subdirs
11-11 18:38:40.971   486   486 D vold    :     prepare
11-11 18:38:40.971   486   486 D vold    :     
11-11 18:38:40.971   486   486 D vold    :     0
11-11 18:38:40.971   486   486 D vold    :     1
11-11 18:38:40.966     0     0 E init    : Control message: Could not find 'vendor.qti.hardware.iop@2.0::IIop/default' for ctl.interface_start from pid: 470 (/system/bin/hwservicemanager)
11-11 18:38:40.973  1821  1821 I CarFeatureController: Loaded features:[car_device_policy_service, hvac, storage_monitoring, cabin, car-service-test, vehicle_map_service, uxrestriction, com.android.car.user.CarUserNoticeService, car_navigation_service, drivingstate, property, audio, power, projection, diagnostic, car_occupant_zone_service, info, car_bugreport, car_media, app_focus, package, car_watchdog, vendor_extension, car_bluetooth, car_performance, car_user_service, cluster_service, car_activity_service, android.car.input, car_telemetry_service, sensor]
11-11 18:38:40.974  1821  1821 V CAR.InitTiming: CarFeatureController took to complete: 13ms
11-11 18:38:40.975  1821  1821 I CarServiceUtils: Starting HandlerThread:CarPropertyService
11-11 18:38:40.976  1821  1821 V CAR.InitTiming: CarPropertyService took to complete: 2ms
11-11 18:38:40.977  1821  1821 I CarServiceUtils: Starting HandlerThread:CarDrivingStateService
11-11 18:38:40.978  1821  1821 V CAR.InitTiming: CarDrivingStateService took to complete: 1ms
11-11 18:38:40.979  1821  1821 I CarServiceUtils: Starting HandlerThread:CarOccupantZoneService
11-11 18:38:40.983  1821  1821 V CAR.InitTiming: CarOccupantZoneService took to complete: 4ms
11-11 18:38:40.984  1821  1821 I CarServiceUtils: Starting HandlerThread:CarUxRestrictionsManagerService
11-11 18:38:40.985  1821  1821 V CAR.InitTiming: CarUxRestrictionsManagerService took to complete: 2ms
11-11 18:38:40.986  1821  1821 I CarServiceUtils: Starting HandlerThread:SystemActivityMonitoringService
11-11 18:38:40.987  1821  1821 V CAR.InitTiming: CarActivityService took to complete: 1ms
11-11 18:38:40.988  1821  1821 I CarServiceUtils: Starting HandlerThread:CarPackageManagerService
11-11 18:38:40.992  1821  1821 V CAR.InitTiming: CarPackageManagerService took to complete: 4ms
11-11 18:38:40.996  1821  1821 I CarServiceUtils: Starting HandlerThread:UserService.BG
11-11 18:38:40.998  1821  1821 V CAR.InitTiming: CarUserService took to complete: 5ms
11-11 18:38:40.998  1821  1821 I ICarImpl: VHAL Priority Init Enabled
11-11 18:38:40.998  1821  1821 I ICarImpl: Car User Service Priority Init Enabled
11-11 18:38:40.998  1821  1821 I CAR.HAL : fetchAllPropConfigs already fetched
11-11 18:38:41.007  1821  1821 I CAR.VmsHalService: VmsHalService VHAL property not supported
11-11 18:38:41.007  1821  1821 W CAR.UserHalService: Vehicle HAL does not support user management
11-11 18:38:41.008  1821  1821 D ClusterHalService: initClusterHalService
11-11 18:38:41.010  1821  1821 V CAR.InitTiming: SystemActivityMonitoringService took to complete: 0ms
11-11 18:38:41.011  1821  1821 I CarServiceUtils: Starting HandlerThread:CarPowerManagementService
11-11 18:38:41.020  1821  1949 I CAR.InitialUserSetter: Last active user loaded for initial user: 10
11-11 18:38:41.023  1821  1821 W CarPowerManagementService: mEnableBatteryProfile= true
11-11 18:38:41.023  1821  1821 V CAR.InitTiming: CarPowerManagementService took to complete: 13ms
11-11 18:38:41.024  1821  1821 I CarServiceUtils: Starting HandlerThread:CarServiceUtils_COMMON_HANDLER_THREAD
11-11 18:38:41.025  1821  1949 I CAR.InitialUserSetter: Setting boot user to: 10
11-11 18:38:41.025  1821  1821 V CAR.InitTiming: CarUserNoticeService took to complete: 2ms
11-11 18:38:41.026  1414  1448 I UserManagerService: setBootUser 10
11-11 18:38:41.026  1821  1821 I CarServiceUtils: Starting HandlerThread:CarPerUserServiceHelper
11-11 18:38:41.027  1414  1414 V UserDataPreparer: Found /data/user_de/0 with serial number 0
11-11 18:38:41.028  1821  1821 V CAR.InitTiming: CarPerUserServiceHelper took to complete: 2ms
11-11 18:38:41.028  1414  1414 V UserDataPreparer: Found /data/system_de/0 with serial number 0
11-11 18:38:41.028  1414  1414 V SystemServerTiming: prepareUserData took to complete: 61ms
11-11 18:38:41.028  1821  1821 V CAR.InitTiming: CarBluetoothService took to complete: 1ms
11-11 18:38:41.028  1414  1414 D SystemServerTiming: reconcileAppsData
11-11 18:38:41.028  1414  1414 V PackageManager: reconcileAppsData for null u0 0x1 migrateAppData=false
11-11 18:38:41.031  1821  1821 V CAR.InitTiming: CarInputService took to complete: 2ms
11-11 18:38:41.032  1414  1414 W PackageManager: Skipping preparing app data for com.android.sdksandbox
11-11 18:38:41.033  1821  1821 V CAR.InitTiming: CarProjectionService took to complete: 1ms
11-11 18:38:41.035  1821  1821 V CAR.InitTiming: GarageModeService took to complete: 2ms
11-11 18:38:41.036  1821  1821 I CarServiceUtils: Starting HandlerThread:AppFocusService
11-11 18:38:41.036  1821  1821 V CAR.InitTiming: AppFocusService took to complete: 1ms
11-11 18:38:41.040  1821  1821 I CarServiceUtils: Starting HandlerThread:CarVolumeCallback
11-11 18:38:41.041  1821  1821 I CarServiceUtils: Starting HandlerThread:CarAudioService
11-11 18:38:41.042  1821  1821 I CarServiceUtils: Starting HandlerThread:CarAudioMediaRequest
11-11 18:38:41.043  1821  1821 I CarServiceUtils: Starting HandlerThread:CarAudioMirrorRequest
11-11 18:38:41.045  1821  1821 V CAR.InitTiming: CarAudioService took to complete: 7ms
11-11 18:38:41.047  1821  1821 V CAR.InitTiming: CarNightService took to complete: 1ms
11-11 18:38:41.048  1821  1821 I CarServiceUtils: Starting HandlerThread:FixedActivityService
11-11 18:38:41.048  1821  1821 V CAR.InitTiming: FixedActivityService took to complete: 1ms
11-11 18:38:41.049  1821  1821 V CAR.InitTiming: ClusterNavigationService took to complete: 1ms
11-11 18:38:41.051  1821  1821 V CAR.InitTiming: InstrumentClusterService took to complete: 2ms
11-11 18:38:41.053  1821  1821 V CAR.InitTiming: CarStatsService took to complete: 1ms
11-11 18:38:41.055  1821  1821 V CAR.InitTiming: VmsBrokerService took to complete: 1ms
11-11 18:38:41.056  1821  1821 V CAR.InitTiming: CarDiagnosticService took to complete: 1ms
11-11 18:38:41.060  1821  1821 V CAR.InitTiming: CarStorageMonitoringService took to complete: 4ms
11-11 18:38:41.061  1821  1821 I CarServiceUtils: Starting HandlerThread:CarLocationService
11-11 18:38:41.065  1821  1821 V CAR.InitTiming: CarLocationService took to complete: 3ms
11-11 18:38:41.066  1821  1821 I CarServiceUtils: Starting HandlerThread:CarMediaService
11-11 18:38:41.071  1821  1821 V CAR.InitTiming: CarMediaService took to complete: 6ms
11-11 18:38:41.072  1821  1821 I CarServiceUtils: Starting HandlerThread:CarBugreportManagerService
11-11 18:38:41.073  1821  1821 V CAR.InitTiming: CarBugreportManagerService took to complete: 2ms
11-11 18:38:41.077  1821  1821 I CarServiceUtils: Starting HandlerThread:CarWatchdogService
11-11 18:38:41.080  1821  1821 V CAR.InitTiming: CarWatchdogService took to complete: 6ms
11-11 18:38:41.081  1821  1821 V CAR.InitTiming: CarPerformanceService took to complete: 2ms
11-11 18:38:41.083  1821  1821 V CAR.InitTiming: CarDevicePolicyService took to complete: 0ms
11-11 18:38:41.085  1821  1821 I CarServiceUtils: Starting HandlerThread:CarTelemetryService
11-11 18:38:41.087  1821  1821 V CAR.InitTiming: CarTelemetryService took to complete: 2ms
11-11 18:38:41.088  1821  1821 V CAR.InitTiming: CarExperimentalFeatureServiceController took to complete: 0ms
11-11 18:38:41.089  1821  1821 I ICarImpl: Initializing CarCellularPowerPolicyHandler
11-11 18:38:41.089  1821  1821 V CAR.InitTiming: ICarImpl.constructor took to complete: 157ms
11-11 18:38:41.089  1821  1821 V CAR.InitTiming: CarOemProxyService took to complete: 0ms
11-11 18:38:41.089  1821  1821 V CAR.InitTiming: VehicleHal took to complete: 0ms
11-11 18:38:41.089  1821  1821 V CAR.InitTiming: CarFeatureController took to complete: 0ms
11-11 18:38:41.091  1821  1821 E CAR.PropertyHalServiceIds: propId is not writable : 0x11100101
11-11 18:38:41.091  1821  1821 E CAR.PropertyHalServiceIds: propId is not writable : 0x11100102
11-11 18:38:41.091  1821  1821 E CAR.PropertyHalServiceIds: propId is not writable : 0x1120030b
11-11 18:38:41.091  1821  1821 E CAR.PropertyHalServiceIds: propId is not writable : 0x11200402
11-11 18:38:41.091  1821  1821 E CAR.PropertyHalServiceIds: propId is not writable : 0x11200405
11-11 18:38:41.091  1821  1821 E CAR.PropertyHalServiceIds: propId is not writable : 0x11200407
11-11 18:38:41.092  1821  1821 E CAR.PropertyHalServiceIds: propId is not writable : 0x11400400
11-11 18:38:41.092  1821  1821 E CAR.PropertyHalServiceIds: propId is not writable : 0x11400401
11-11 18:38:41.092  1821  1821 E CAR.PropertyHalServiceIds: propId is not writable : 0x11400408
11-11 18:38:41.092  1821  1821 E CAR.PropertyHalServiceIds: propId is not writable : 0x11400409
11-11 18:38:41.092  1821  1821 E CAR.PropertyHalServiceIds: propId is not writable : 0x11400e00
11-11 18:38:41.092  1821  1821 E CAR.PropertyHalServiceIds: propId is not writable : 0x11400e01
11-11 18:38:41.092  1821  1821 E CAR.PropertyHalServiceIds: propId is not writable : 0x11400e03
11-11 18:38:41.092  1821  1821 E CAR.PropertyHalServiceIds: propId is not writable : 0x11410105
11-11 18:38:41.092  1821  1821 E CAR.PropertyHalServiceIds: propId is not writable : 0x11410107
11-11 18:38:41.092  1821  1821 E CAR.PropertyHalServiceIds: propId is not writable : 0x11510306
11-11 18:38:41.092  1821  1821 E CAR.PropertyHalServiceIds: propId is not writable : 0x11600104
11-11 18:38:41.092  1821  1821 E CAR.PropertyHalServiceIds: propId is not writable : 0x11600106
11-11 18:38:41.092  1821  1821 E CAR.PropertyHalServiceIds: propId is not writable : 0x11600204
11-11 18:38:41.092  1821  1821 E CAR.PropertyHalServiceIds: propId is not writable : 0x11600207
11-11 18:38:41.092  1821  1821 E CAR.PropertyHalServiceIds: propId is not writable : 0x11600305
11-11 18:38:41.092  1821  1821 E CAR.PropertyHalServiceIds: propId is not writable : 0x11600307
11-11 18:38:41.092  1821  1821 E CAR.PropertyHalServiceIds: propId is not writable : 0x11600309
11-11 18:38:41.092  1821  1821 E CAR.PropertyHalServiceIds: propId is not writable : 0x1160030c
11-11 18:38:41.092  1821  1821 E CAR.PropertyHalServiceIds: propId is not writable : 0x1540010a
11-11 18:38:41.092  1821  1821 E CAR.PropertyHalServiceIds: propId is not writable : 0x17600309
11-11 18:38:41.092  1821  1821 E CAR.PropertyHalServiceIds: propId is not writable : 0x21400f43
11-11 18:38:41.092  1821  1821 E CAR.PropertyHalServiceIds: propId is not writable : 0x21400f46
11-11 18:38:41.092  1821  1821 E CAR.PropertyHalServiceIds: propId is not writable : 0x21400f48
11-11 18:38:41.092  1821  1821 E CAR.PropertyHalServiceIds: propId is not writable : 0x21400f4a
11-11 18:38:41.092  1821  1821 E CAR.PropertyHalServiceIds: propId is not writable : 0x21600f49
11-11 18:38:41.092  1821  1821 E CAR.PropertyHalServiceIds: propId is not writable : 0x21600f50
11-11 18:38:41.092  1821  1821 E CAR.PropertyHalServiceIds: propId is not writable : 0x21600f51
11-11 18:38:41.092  1821  1821 E CAR.PropertyHalServiceIds: propId is not writable : 0x21600f52
11-11 18:38:41.092  1821  1821 E CAR.PropertyHalServiceIds: propId is not writable : 0x21600f53
11-11 18:38:41.092  1821  1821 E CAR.PropertyHalServiceIds: propId is not writable : 0x21600f54
11-11 18:38:41.092  1821  1821 E CAR.PropertyHalServiceIds: propId is not writable : 0x21600f55
11-11 18:38:41.092  1821  1821 E CAR.PropertyHalServiceIds: propId is not writable : 0x27200f4d
11-11 18:38:41.092  1821  1821 E CAR.PropertyHalServiceIds: propId is not writable : 0x27200f4e
11-11 18:38:41.092  1821  1821 E CAR.PropertyHalServiceIds: propId is not writable : 0x27600f4b
11-11 18:38:41.092  1821  1821 E CAR.PropertyHalServiceIds: propId is not writable : 0x27600f4c
11-11 18:38:41.092  1821  1821 V CAR.InitTiming: CarPropertyService took to complete: 3ms
11-11 18:38:41.106  1821  1821 V CAR.InitTiming: CarDrivingStateService took to complete: 14ms
11-11 18:38:41.111  1821  1821 W CarOccupantZoneService: No default display configuration, will assign to zone:0
11-11 18:38:41.111  1821  1821 W CarOccupantZoneService: No input type was defined for displayType:1  and occupantZoneId:0
11-11 18:38:41.112  1821  1821 V CAR.InitTiming: CarOccupantZoneService took to complete: 6ms
11-11 18:38:41.112  1821  1821 I CarUxRestrictionsManagerService: initDisplayIdsLocked: adding display: 0
11-11 18:38:41.112  1821  1821 I CarUxRestrictionsManagerService: initDisplayIdsLocked: setting default display id by zone to {occupantZoneId=0 displayType=1}
11-11 18:38:41.120  1821  1821 V CAR.InitTiming: CarUxRestrictionsManagerService took to complete: 8ms
11-11 18:38:41.120  1821  1821 V CAR.InitTiming: CarActivityService took to complete: 0ms
11-11 18:38:41.121  1821  1821 V CAR.InitTiming: CarPackageManagerService took to complete: 1ms
11-11 18:38:41.121  1821  1821 V CAR.InitTiming: CarUserService took to complete: 0ms
11-11 18:38:41.122  1821  1821 V CAR.InitTiming: SystemActivityMonitoringService took to complete: 1ms
11-11 18:38:41.122  1821  1965 I CAR.VendorServiceController: Found 0 services to be started/bound
11-11 18:38:41.123  1821  1821 W CAR.PolicyReader: Proceed without registered policies: failed to parse /vendor/etc/automotive/power_policy.xml: java.io.FileNotFoundException: /vendor/etc/automotive/power_policy.xml: open failed: ENOENT (No such file or directory)
11-11 18:38:41.124  1821  1821 W CAR.PolicyReader: readPowerPolicyFromXml :: system_power_policy_battery_profile_critical_on
11-11 18:38:41.124  1821  1821 W CAR.PolicyReader: Updated system power policy:: system_power_policy_battery_profile_critical_on
11-11 18:38:41.126  1821  1821 W CAR.PolicyReader: readPowerPolicyFromXml :: system_power_policy_battery_profile_low_on
11-11 18:38:41.126  1821  1821 W CAR.PolicyReader: Updated system power policy:: system_power_policy_battery_profile_low_on
11-11 18:38:41.138  1821  1967 I CarPowerManagementService: doHandlePowerStateChange: newState=WAIT_FOR_VHAL(0)
11-11 18:38:41.138  1821  1967 I CarPowerManagementService: setCurrentState CpmsState canPostpone=false, carPowerStateListenerState=1, mShutdownType=1, CpmsState=WAIT_FOR_VHAL(0)
11-11 18:38:41.139  1821  1967 I CarPowerManagementService: Applying the default power policy for WAIT_FOR_VHAL
11-11 18:38:41.141  1414  1447 I PowerManagerService: Allowing device wake-up from app com.android.car
11-11 18:38:41.143  1821  1821 I DisplayInterface: Refreshing percent brightness(from Setting) to 82
11-11 18:38:41.143  1821  1967 I CAR.POWER: on display 0
11-11 18:38:41.143  1821  1967 E CarPowerManagementService: Failed to notify car power policy daemon: the daemon is not ready
11-11 18:38:41.144  1821  1967 I CarPowerManagementService: The current power policy is system_power_policy_initial_on
11-11 18:38:41.144  1821  1967 W CarPowerManagementService: Failed to cancel system power policy: the current policy is not the system power policy
11-11 18:38:41.144  1821  1821 I CAR.POWER: send display brightness = 82
11-11 18:38:41.144  1821  1967 I CAR.POWER: send wait for vhal
11-11 18:38:41.145  1821  1967 I CAR.POWER: setPowerState=WAIT_FOR_VHAL(1) param=0
11-11 18:38:41.146  1821  1821 I CarPowerManagementService: Connected to car power policy daemon
11-11 18:38:41.146  1821  1821 I CarPowerManagementService: CPMS is taking control from carpowerpolicyd
11-11 18:38:41.146  1821  1821 I CarPowerManagementService: CPMS applied power policy(system_power_policy_initial_on) before connecting to the daemon. Notifying to the daemon...
11-11 18:38:41.147  1821  1821 W CarPowerManagementService: Failed to set power policy group:  is not registered
11-11 18:38:41.147  1821  1821 W CarPowerManagementService: Failed to set power policy group
11-11 18:38:41.147  1821  1821 W CAR.SilentModeHandler: Failed to start monitoring Silent Mode HW state: /sys/power/pm_silentmode_hw_state doesn't exist
11-11 18:38:41.147  1821  1821 V CAR.InitTiming: CarPowerManagementService took to complete: 25ms
11-11 18:38:41.148  1821  1821 V CAR.InitTiming: CarUserNoticeService took to complete: 1ms
11-11 18:38:41.151  1414  1447 D CompatibilityChangeReporter: Compat change id reported: 261072174; UID 1000; state: ENABLED
11-11 18:38:41.152  1821  1821 V CAR.InitTiming: CarPerUserServiceHelper took to complete: 4ms
11-11 18:38:41.152  1821  1821 V CAR.InitTiming: CarBluetoothService took to complete: 0ms
11-11 18:38:41.152  1821  1821 D CAR.INPUT: Hal supports key input.
11-11 18:38:41.153  1821  1821 V CAR.InitTiming: CarInputService took to complete: 1ms
11-11 18:38:41.154  1821  1821 V CAR.InitTiming: CarProjectionService took to complete: 0ms
11-11 18:38:41.154  1821  1821 V CAR.InitTiming: GarageModeService took to complete: 0ms
11-11 18:38:41.154  1821  1821 V CAR.InitTiming: AppFocusService took to complete: 0ms
11-11 18:38:41.154  1821  1821 I CAR.AUDIO: Audio dynamic routing not enabled, run in legacy mode
11-11 18:38:41.156  1821  1937 I CAR.POWER: Received AP_POWER_STATE_REQ=ON(0) param=0
11-11 18:38:41.156  1821  1967 I CarPowerManagementService: doHandlePowerStateChange: newState=ON(1)
11-11 18:38:41.156  1821  1967 I CarPowerManagementService: setCurrentState CpmsState canPostpone=false, carPowerStateListenerState=6, mShutdownType=0, CpmsState=ON(1)
11-11 18:38:41.157  1821  1967 W CarPowerManagementService: Failed to cancel system power policy: the current policy is not the system power policy
11-11 18:38:41.158  1821  1967 W CarPowerManagementService: Failed to cancel system power policy: the current policy is not the system power policy
11-11 18:38:41.158  1821  1967 I CarPowerManagementService: Applying the default power policy for ON
11-11 18:38:41.160  1821  1967 I CarPowerManagementService: The current power policy is system_power_policy_all_on
11-11 18:38:41.160  1821  1967 I CarPowerManagementService: Applying the default power policy for ON
11-11 18:38:41.161  1821  1967 I CarPowerManagementService: The current power policy is system_power_policy_all_on
11-11 18:38:41.161  1821  1967 I CAR.POWER: send on
11-11 18:38:41.161  1821  1821 V CAR.InitTiming: CarAudioService took to complete: 7ms
11-11 18:38:41.162  1821  1967 I CAR.POWER: setPowerState=ON(6) param=0
11-11 18:38:41.162  1821  1967 D CarPowerManagementService: handleOn(): called on boot
11-11 18:38:41.164  1821  1821 W CAR.SENSOR: Failed to get value of NIGHT_MODE
11-11 18:38:41.166  1414  1447 I ActivityTaskManager: Config changes=200 {1.0 ?mcc0mnc [en_US] ldltr sw720dp w720dp h1280dp 160dpi xlrg long port car night finger -keyb/h/h -nav/h winConfig={ mBounds=Rect(0, 0 - 720, 1280) mAppBounds=Rect(0, 0 - 720, 1280) mMaxBounds=Rect(0, 0 - 720, 1280) mDisplayRotation=ROTATION_0 mWindowingMode=fullscreen mDisplayWindowingMode=fullscreen mActivityType=undefined mAlwaysOnTop=undefined mRotation=ROTATION_0} s.10 fontWeightAdjustment=0}
11-11 18:38:41.167  1414  1447 I WindowManager: Override config changes=200 {1.0 ?mcc0mnc [en_US] ldltr sw720dp w720dp h1280dp 160dpi xlrg long port car night finger -keyb/h/h -nav/h winConfig={ mBounds=Rect(0, 0 - 720, 1280) mAppBounds=Rect(0, 0 - 720, 1280) mMaxBounds=Rect(0, 0 - 720, 1280) mDisplayRotation=ROTATION_0 mWindowingMode=fullscreen mDisplayWindowingMode=fullscreen mActivityType=undefined mAlwaysOnTop=undefined mRotation=ROTATION_0} s.10 fontWeightAdjustment=0} for displayId=0
11-11 18:38:41.171  1821  1821 V CAR.InitTiming: CarNightService took to complete: 9ms
11-11 18:38:41.171  1821  1821 V CAR.InitTiming: FixedActivityService took to complete: 0ms
11-11 18:38:41.171  1821  1956 I CAR.SENSOR: Set dayNight Mode as false at timestamp: 0
11-11 18:38:41.171  1821  1821 V CAR.InitTiming: ClusterNavigationService took to complete: 0ms
11-11 18:38:41.172  1414  1447 I ActivityTaskManager: Config changes=200 {1.0 ?mcc0mnc [en_US] ldltr sw720dp w720dp h1280dp 160dpi xlrg long port car finger -keyb/h/h -nav/h winConfig={ mBounds=Rect(0, 0 - 720, 1280) mAppBounds=Rect(0, 0 - 720, 1280) mMaxBounds=Rect(0, 0 - 720, 1280) mDisplayRotation=ROTATION_0 mWindowingMode=fullscreen mDisplayWindowingMode=fullscreen mActivityType=undefined mAlwaysOnTop=undefined mRotation=ROTATION_0} s.13 fontWeightAdjustment=0}
11-11 18:38:41.172  1821  1821 V CAR.InitTiming: InstrumentClusterService took to complete: 1ms
11-11 18:38:41.173  1821  1821 V CAR.InitTiming: CarStatsService took to complete: 1ms
11-11 18:38:41.174  1821  1821 V CAR.InitTiming: VmsBrokerService took to complete: 0ms
11-11 18:38:41.174  1821  1821 V CAR.InitTiming: CarDiagnosticService took to complete: 0ms
11-11 18:38:41.174  1821  1821 D CarStorageMonitoringService: CarStorageMonitoringService init()
11-11 18:38:41.175  1414  1447 I WindowManager: Override config changes=200 {1.0 ?mcc0mnc [en_US] ldltr sw720dp w720dp h1280dp 160dpi xlrg long port car finger -keyb/h/h -nav/h winConfig={ mBounds=Rect(0, 0 - 720, 1280) mAppBounds=Rect(0, 0 - 720, 1280) mMaxBounds=Rect(0, 0 - 720, 1280) mDisplayRotation=ROTATION_0 mWindowingMode=fullscreen mDisplayWindowingMode=fullscreen mActivityType=undefined mAlwaysOnTop=undefined mRotation=ROTATION_0} s.13 fontWeightAdjustment=0} for displayId=0
11-11 18:38:41.175  1821  1821 V CAR.InitTiming: CarStorageMonitoringService took to complete: 2ms
11-11 18:38:41.177  1821  1821 V CAR.InitTiming: CarLocationService took to complete: 2ms
11-11 18:38:41.178  1821  1821 V CAR.InitTiming: CarMediaService took to complete: 1ms
11-11 18:38:41.178  1821  1821 V CAR.InitTiming: CarBugreportManagerService took to complete: 0ms
11-11 18:38:41.185  1821  1987 I CAR.WatchdogStorage: Deleted 0 user package settings db rows while syncing with alive users
11-11 18:38:41.187  1821  1821 V CAR.InitTiming: CarWatchdogService took to complete: 9ms
11-11 18:38:41.187  1821  1821 V CAR.InitTiming: CarPerformanceService took to complete: 0ms
11-11 18:38:41.187  1821  1821 D CarDevicePolicyService: init()
11-11 18:38:41.187  1821  1987 I CarWatchdogService: Read 12 user package settings from database
11-11 18:38:41.189  1821  1821 V CAR.InitTiming: CarDevicePolicyService took to complete: 1ms
11-11 18:38:41.189  1821  1821 V CAR.InitTiming: CarTelemetryService took to complete: 0ms
11-11 18:38:41.189  1821  1987 I CarWatchdogService: Read 0 I/O usage stats from database
11-11 18:38:41.192  1821  1987 I CarWatchdogService: Read 1 not forgiven overuse stats from database
11-11 18:38:41.192  1414  1447 D CompatibilityChangeReporter: Compat change id reported: 135634846; UID 1000; state: DISABLED
11-11 18:38:41.192  1414  1447 D CompatibilityChangeReporter: Compat change id reported: 177438394; UID 1000; state: DISABLED
11-11 18:38:41.193  1414  1447 D CompatibilityChangeReporter: Compat change id reported: 135772972; UID 1000; state: DISABLED
11-11 18:38:41.193  1414  1447 D CompatibilityChangeReporter: Compat change id reported: 135754954; UID 1000; state: ENABLED
11-11 18:38:41.194  1821  1821 V CAR.InitTiming: CarExperimentalFeatureServiceController took to complete: 5ms
11-11 18:38:41.194  1821  1821 V CAR.InitTiming: CarOemService.initComplete took to complete: 0ms
11-11 18:38:41.194  1821  1821 V CAR.InitTiming: CarService.initAllServices took to complete: 105ms
11-11 18:38:41.197  1821  1821 V CAR.InitTiming: ICarImpl.init took to complete: 108ms
11-11 18:38:41.207     0     0 I init    : processing action (boot.car_service_created=1) from (/system/etc/init/com.android.car.procfsinspector.rc:7)
11-11 18:38:41.207     0     0 I init    : starting service 'com.android.car.procfsinspector'...
11-11 18:38:41.199  1821  1821 V CAR.InitTiming: CarService.onCreate took to complete: 296ms
11-11 18:38:41.212     0     0 I init    : ... started service 'com.android.car.procfsinspector' has pid 1993
11-11 18:38:41.212     0     0 I init    : processing action (boot.car_service_created=1) from (/system/etc/init/init.bootstat.car.rc:6)
11-11 18:38:41.213     0     0 I init    : starting service 'exec 34 (/system/bin/bootstat -r car_service_created)'...
11-11 18:38:41.216     0     0 I init    : ... started service 'exec 34 (/system/bin/bootstat -r car_service_created)' has pid 1995
11-11 18:38:41.216     0     0 I init    : SVC_EXEC service 'exec 34 (/system/bin/bootstat -r car_service_created)' pid 1995 (uid 1000 gid 1007+0 context default) started; waiting...
11-11 18:38:41.208  1414  1474 I ActivityManager: Start proc 1996:com.android.experimentalcar/1000 for service {com.android.experimentalcar/com.android.experimentalcar.ExperimentalCarService}
11-11 18:38:41.209  1414  1465 I DropBoxManagerService: add tag=system_app_strictmode isTagEnabled=true flags=0x2
11-11 18:38:41.212  1414  1465 I DropBoxManagerService: add tag=system_app_strictmode isTagEnabled=true flags=0x2
11-11 18:38:41.214  1414  1791 V SLog    : static_init took to complete: 0ms
11-11 18:38:41.214  1414  1791 I CarServiceHelper: **CarService connected**
11-11 18:38:41.222  1821  1873 I CarUserService: Setting UX restricted to false
11-11 18:38:41.222  1414  1678 I CarDevicePolicySafetyChecker: Setting safe to true
11-11 18:38:41.223  1821  1821 D UpdatablePackageContext: No eligible RRO package to enable.
11-11 18:38:41.231     0     0 I binder  : 1993:1993 ioctl 40046210 7fc32d9310 returned -22
11-11 18:38:41.225  1414  1990 I CarServiceProxy: CarService connected.
11-11 18:38:41.226  1821  1873 D ICarImpl: initBootUser(): 
11-11 18:38:41.226  1414  1990 V CarServiceProxy: handleCarServiceConnection took to complete: 1ms
11-11 18:38:41.226  1821  1821 I CarPerUserServiceImpl: created for user UserHandle{0}
11-11 18:38:41.229  1821  1821 D CAR.FastPairProvider: Try to configure by get property
11-11 18:38:41.231  1821  1821 W CAR.FastPairAccountKeyStorage: Loaded while user was not unlocked. Shared Preferences unavailable
11-11 18:38:41.235  1821  1821 I CarServiceUtils: Starting HandlerThread:FastPairProvider
11-11 18:38:41.241  1821  1821 D CarPerUserServiceImpl: onBind()
11-11 18:38:41.253     0     0 I init    : Service 'exec 34 (/system/bin/bootstat -r car_service_created)' (pid 1995) exited with status 0 waiting took 0.038000 seconds
11-11 18:38:41.253  1821  1821 I OveruseConfigurationCache: Ignoring I/O overuse threshold for invalid component type: 3
11-11 18:38:41.257  1414  1414 V PackageManager: reconcileAppsData finished 175 packages
11-11 18:38:41.257  1414  1414 V SystemServerTiming: reconcileAppsData took to complete: 229ms
11-11 18:38:41.258  1414  1414 V SystemServerTiming: onBeforeStartUser-0 took to complete: 290ms
11-11 18:38:41.258  1414  1414 V SystemServerTiming: updateStateBooting took to complete: 290ms
11-11 18:38:41.258  1414  1414 D SystemServerTiming: sendMessages
11-11 18:38:41.258  1414  1414 V SystemServerTiming: sendMessages took to complete: 1ms
11-11 18:38:41.258  1414  1414 D SystemServerTiming: finishUserBoot
11-11 18:38:41.258  1414  1414 I ActivityManager: User 0 state changed from BOOTING to RUNNING_LOCKED
11-11 18:38:41.258  1414  1473 D SystemServerTimingAsync: ssm.StartUser-0
11-11 18:38:41.258  1414  1473 I SystemServiceManager: Calling onStartUser 0
11-11 18:38:41.259  1414  1473 D SystemServerTimingAsync: ssm.onStartUser-0_com.android.server.security.FileIntegrityService
11-11 18:38:41.259  1414  1473 V SystemServerTimingAsync: ssm.onStartUser-0_com.android.server.security.FileIntegrityService took to complete: 0ms
11-11 18:38:41.259  1414  1473 D SystemServerTimingAsync: ssm.onStartUser-0_com.android.server.pm.Installer
11-11 18:38:41.259  1414  1473 V SystemServerTimingAsync: ssm.onStartUser-0_com.android.server.pm.Installer took to complete: 0ms
11-11 18:38:41.259  1414  1473 D SystemServerTimingAsync: ssm.onStartUser-0_com.android.server.os.DeviceIdentifiersPolicyService
11-11 18:38:41.259  1414  1473 V SystemServerTimingAsync: ssm.onStartUser-0_com.android.server.os.DeviceIdentifiersPolicyService took to complete: 0ms
11-11 18:38:41.259  1414  1473 D SystemServerTimingAsync: ssm.onStartUser-0_com.android.server.uri.UriGrantsManagerService$Lifecycle
11-11 18:38:41.259  1414  1473 V SystemServerTimingAsync: ssm.onStartUser-0_com.android.server.uri.UriGrantsManagerService$Lifecycle took to complete: 0ms
11-11 18:38:41.259  1414  1473 D SystemServerTimingAsync: ssm.onStartUser-0_com.android.server.powerstats.PowerStatsService
11-11 18:38:41.259  1414  1473 V SystemServerTimingAsync: ssm.onStartUser-0_com.android.server.powerstats.PowerStatsService took to complete: 0ms
11-11 18:38:41.259  1414  1473 D SystemServerTimingAsync: ssm.onStartUser-0_com.android.server.permission.access.AccessCheckingService
11-11 18:38:41.259  1414  1473 V SystemServerTimingAsync: ssm.onStartUser-0_com.android.server.permission.access.AccessCheckingService took to complete: 0ms
11-11 18:38:41.259  1414  1473 D SystemServerTimingAsync: ssm.onStartUser-0_com.android.server.wm.ActivityTaskManagerService$Lifecycle
11-11 18:38:41.259  1414  1473 V SystemServerTimingAsync: ssm.onStartUser-0_com.android.server.wm.ActivityTaskManagerService$Lifecycle took to complete: 0ms
11-11 18:38:41.259  1414  1473 D SystemServerTimingAsync: ssm.onStartUser-0_com.android.server.am.ActivityManagerService$Lifecycle
11-11 18:38:41.259  1414  1473 V SystemServerTimingAsync: ssm.onStartUser-0_com.android.server.am.ActivityManagerService$Lifecycle took to complete: 0ms
11-11 18:38:41.259  1414  1473 D SystemServerTimingAsync: ssm.onStartUser-0_com.android.server.pm.DataLoaderManagerService
11-11 18:38:41.259  1414  1473 V SystemServerTimingAsync: ssm.onStartUser-0_com.android.server.pm.DataLoaderManagerService took to complete: 0ms
11-11 18:38:41.259  1414  1473 D SystemServerTimingAsync: ssm.onStartUser-0_com.android.server.power.PowerManagerService
11-11 18:38:41.259  1414  1473 V SystemServerTimingAsync: ssm.onStartUser-0_com.android.server.power.PowerManagerService took to complete: 0ms
11-11 18:38:41.259  1414  1473 D SystemServerTimingAsync: ssm.onStartUser-0_com.android.server.power.ThermalManagerService
11-11 18:38:41.259  1414  1473 V SystemServerTimingAsync: ssm.onStartUser-0_com.android.server.power.ThermalManagerService took to complete: 0ms
11-11 18:38:41.259  1414  1473 D SystemServerTimingAsync: ssm.onStartUser-0_com.android.server.power.hint.HintManagerService
11-11 18:38:41.259  1414  1473 V SystemServerTimingAsync: ssm.onStartUser-0_com.android.server.power.hint.HintManagerService took to complete: 1ms
11-11 18:38:41.259  1414  1473 D SystemServerTimingAsync: ssm.onStartUser-0_com.android.server.recoverysystem.RecoverySystemService$Lifecycle
11-11 18:38:41.259  1414  1473 V SystemServerTimingAsync: ssm.onStartUser-0_com.android.server.recoverysystem.RecoverySystemService$Lifecycle took to complete: 0ms
11-11 18:38:41.259  1414  1473 D SystemServerTimingAsync: ssm.onStartUser-0_com.android.server.lights.LightsService
11-11 18:38:41.259  1414  1473 V SystemServerTimingAsync: ssm.onStartUser-0_com.android.server.lights.LightsService took to complete: 0ms
11-11 18:38:41.259  1414  1473 D SystemServerTimingAsync: ssm.onStartUser-0_com.android.server.display.DisplayManagerService
11-11 18:38:41.259  1414  1473 V SystemServerTimingAsync: ssm.onStartUser-0_com.android.server.display.DisplayManagerService took to complete: 0ms
11-11 18:38:41.259  1414  1473 D SystemServerTimingAsync: ssm.onStartUser-0_com.android.server.pm.verify.domain.DomainVerificationService
11-11 18:38:41.259  1414  1473 V SystemServerTimingAsync: ssm.onStartUser-0_com.android.server.pm.verify.domain.DomainVerificationService took to complete: 0ms
11-11 18:38:41.259  1414  1473 D SystemServerTimingAsync: ssm.onStartUser-0_com.android.server.pm.PackageInstallerService$Lifecycle
11-11 18:38:41.259  1414  1473 V SystemServerTimingAsync: ssm.onStartUser-0_com.android.server.pm.PackageInstallerService$Lifecycle took to complete: 0ms
11-11 18:38:41.259  1414  1473 D SystemServerTimingAsync: ssm.onStartUser-0_com.android.server.pm.UserManagerService$LifeCycle
11-11 18:38:41.259  1414  1473 V SystemServerTimingAsync: ssm.onStartUser-0_com.android.server.pm.UserManagerService$LifeCycle took to complete: 0ms
11-11 18:38:41.259  1414  1473 D SystemServerTimingAsync: ssm.onStartUser-0_com.android.server.om.OverlayManagerService
11-11 18:38:41.260  1414  1414 I ActivityManager: Not unlocking user 0 yet because boot hasn't completed
11-11 18:38:41.260  1414  1414 V SystemServerTiming: finishUserBoot took to complete: 2ms
11-11 18:38:41.260  1414  1414 D SystemServerTiming: sendRestartBroadcast
11-11 18:38:41.261  1414  1414 V SystemServerTiming: sendRestartBroadcast took to complete: 0ms
11-11 18:38:41.261  1414  1414 V SystemServerTiming: UserController.startUser-0-bg-start-mode-2 took to complete: 293ms
11-11 18:38:41.261  1414  1414 V SystemServerTiming: am.startUser took to complete: 293ms
11-11 18:38:41.261  1414  1414 V SystemServerTiming: unlock-system-user took to complete: 293ms
11-11 18:38:41.261  1414  1414 D SystemServerTiming: getBootUser
11-11 18:38:41.261  1414  1414 D SystemServerTiming: wait-boot-user
11-11 18:38:41.261  1414  1414 V SystemServerTiming: wait-boot-user took to complete: 0ms
11-11 18:38:41.261  1414  1414 I UserManagerService: Using provided boot user: 10
11-11 18:38:41.261  1414  1414 V SystemServerTiming: getBootUser took to complete: 1ms
11-11 18:38:41.261  1414  1414 D SystemServerTiming: switchToBootUser-10
11-11 18:38:41.261  1414  1414 I HsumBootUserInitializer: Switching to boot user 10
11-11 18:38:41.261  1414  1414 D SystemServerTiming: UserController.startUser-10-fg-start-mode-1
11-11 18:38:41.261  1414  1414 D SystemServerTiming: getStartedUserState
11-11 18:38:41.261  1414  1414 V SystemServerTiming: getStartedUserState took to complete: 0ms
11-11 18:38:41.261  1414  1414 D SystemServerTiming: clearAllLockedTasks
11-11 18:38:41.262  1414  1414 V SystemServerTiming: clearAllLockedTasks took to complete: 0ms
11-11 18:38:41.262  1414  1414 D SystemServerTiming: getUserInfo
11-11 18:38:41.262  1414  1414 V SystemServerTiming: getUserInfo took to complete: 0ms
11-11 18:38:41.262  1414  1414 D SystemServerTiming: assignUserToDisplayOnStart
11-11 18:38:41.262  1414  1414 V SystemServerTiming: assignUserToDisplayOnStart took to complete: 1ms
11-11 18:38:41.262  1414  1414 D SystemServerTiming: updateStartedUserArrayStarting
11-11 18:38:41.262  1414  1414 V SystemServerTiming: updateStartedUserArrayStarting took to complete: 0ms
11-11 18:38:41.262  1414  1414 D SystemServerTiming: setUserState
11-11 18:38:41.263  1414  1414 V SystemServerTiming: setUserState took to complete: 0ms
11-11 18:38:41.263  1414  1414 D SystemServerTiming: updateConfigurationAndProfileIds
11-11 18:38:41.266     0     0 I binder  : 1996:1996 ioctl 40046210 7fea663b10 returned -22
11-11 18:38:41.264  1821  1972 W CAR.FastPairProvider: Fast Pair Provider not configured, disabling, model=0, key=N/A
11-11 18:38:41.265  1821  1972 I CarServiceUtils: Starting HandlerThread:CarBluetoothService
11-11 18:38:41.274  1414  1678 D GameManagerService: User ID '0' does not have a Game Mode selected for package: 'com.android.experimentalcar'
11-11 18:38:41.274  1414  1414 V SystemServerTiming: updateConfigurationAndProfileIds took to complete: 11ms
11-11 18:38:41.274  1414  1414 D SystemServerTiming: updateStateBooting
11-11 18:38:41.274  1414  1414 D SystemServerTiming: onBeforeStartUser-10
11-11 18:38:41.274  1414  1414 D SystemServerTiming: prepareUserData
11-11 18:38:41.274  1414  1678 D CompatibilityChangeReporter: Compat change id reported: 168419799; UID 1000; state: DISABLED
11-11 18:38:41.274   486   486 D vold    : fscrypt_prepare_user_storage for volume null, user 10, serial 10, flags 1
11-11 18:38:41.274   486   486 D vold    : Preparing: /data/system/users/10
11-11 18:38:41.274  1414  1678 D CompatibilityChangeReporter: Compat change id reported: 273564678; UID 1000; state: DISABLED
11-11 18:38:41.275   486   486 D vold    : Preparing: /data/misc/profiles/cur/10
11-11 18:38:41.276   486   486 D vold    : Preparing: /data/system_de/10
11-11 18:38:41.276   486   486 I vold    : Verified that /data/system_de/10 has the encryption policy 824f91e40fcd43535d4c66df9e746d19 v2 modes 1/4 flags 0x12
11-11 18:38:41.276   486   486 D vold    : Preparing: /data/vendor_de/10
11-11 18:38:41.277   486   486 I vold    : Verified that /data/vendor_de/10 has the encryption policy 824f91e40fcd43535d4c66df9e746d19 v2 modes 1/4 flags 0x12
11-11 18:38:41.277   486   486 D vold    : Preparing: /data/misc_de/10
11-11 18:38:41.277   486   486 I vold    : Verified that /data/misc_de/10 has the encryption policy 824f91e40fcd43535d4c66df9e746d19 v2 modes 1/4 flags 0x12
11-11 18:38:41.277   486   486 D vold    : Preparing: /data/user_de/10
11-11 18:38:41.279   486   486 I vold    : Verified that /data/user_de/10 has the encryption policy 824f91e40fcd43535d4c66df9e746d19 v2 modes 1/4 flags 0x12
11-11 18:38:41.279   486   486 D vold    : /system/bin/vold_prepare_subdirs
11-11 18:38:41.279   486   486 D vold    :     prepare
11-11 18:38:41.279   486   486 D vold    :     
11-11 18:38:41.279   486   486 D vold    :     10
11-11 18:38:41.280   486   486 D vold    :     1
11-11 18:38:41.291  1821  1988 V CAR.TELEMETRY: init took to complete: 101ms
11-11 18:38:41.293  1821  1988 D CAR.TELEMETRY: Data from the previous session is not found. Quitting.
11-11 18:38:41.302  1821  1972 E CarPropertyService: registerListenerSafe() failed for property ID: SEAT_OCCUPANCY updateRateHz: 0.000000
11-11 18:38:41.302  1821  1972 E CarPropertyService: java.lang.IllegalArgumentException: property ID is not in carPropertyConfig list, and so it is not supported: SEAT_OCCUPANCY
11-11 18:38:41.302  1821  1972 E CarPropertyService: 	at com.android.internal.util.Preconditions.checkArgument(Preconditions.java:77)
11-11 18:38:41.302  1821  1972 E CarPropertyService: 	at com.android.car.CarPropertyService.assertConfigIsNotNull(CarPropertyService.java:939)
11-11 18:38:41.302  1821  1972 E CarPropertyService: 	at com.android.car.CarPropertyService.validateRegisterParameter(CarPropertyService.java:982)
11-11 18:38:41.302  1821  1972 E CarPropertyService: 	at com.android.car.CarPropertyService.registerListener(CarPropertyService.java:333)
11-11 18:38:41.302  1821  1972 E CarPropertyService: 	at com.android.car.CarPropertyService.registerListenerSafe(CarPropertyService.java:386)
11-11 18:38:41.302  1821  1972 E CarPropertyService: 	at com.android.car.bluetooth.BluetoothDeviceConnectionPolicy$CarServicesHelper.init(BluetoothDeviceConnectionPolicy.java:124)
11-11 18:38:41.302  1821  1972 E CarPropertyService: 	at com.android.car.bluetooth.BluetoothDeviceConnectionPolicy.init(BluetoothDeviceConnectionPolicy.java:302)
11-11 18:38:41.302  1821  1972 E CarPropertyService: 	at com.android.car.bluetooth.CarBluetoothService.createBluetoothDeviceConnectionPolicyLocked(CarBluetoothService.java:412)
11-11 18:38:41.302  1821  1972 E CarPropertyService: 	at com.android.car.bluetooth.CarBluetoothService.initializeUserLocked(CarBluetoothService.java:209)
11-11 18:38:41.302  1821  1972 E CarPropertyService: 	at com.android.car.bluetooth.CarBluetoothService.-$$Nest$minitializeUserLocked(Unknown Source:0)
11-11 18:38:41.302  1821  1972 E CarPropertyService: 	at com.android.car.bluetooth.CarBluetoothService$1.onServiceConnected(CarBluetoothService.java:114)
11-11 18:38:41.302  1821  1972 E CarPropertyService: 	at com.android.car.CarPerUserServiceHelper$1.lambda$onServiceConnected$0(CarPerUserServiceHelper.java:147)
11-11 18:38:41.302  1821  1972 E CarPropertyService: 	at com.android.car.CarPerUserServiceHelper$1.$r8$lambda$mnN8yDLI0Nb_046mdQ_M7_baowE(Unknown Source:0)
11-11 18:38:41.302  1821  1972 E CarPropertyService: 	at com.android.car.CarPerUserServiceHelper$1$$ExternalSyntheticLambda0.run(Unknown Source:4)
11-11 18:38:41.302  1821  1972 E CarPropertyService: 	at android.os.Handler.handleCallback(Handler.java:958)
11-11 18:38:41.302  1821  1972 E CarPropertyService: 	at android.os.Handler.dispatchMessage(Handler.java:99)
11-11 18:38:41.302  1821  1972 E CarPropertyService: 	at android.os.Looper.loopOnce(Looper.java:205)
11-11 18:38:41.302  1821  1972 E CarPropertyService: 	at android.os.Looper.loop(Looper.java:294)
11-11 18:38:41.302  1821  1972 E CarPropertyService: 	at android.os.HandlerThread.run(HandlerThread.java:67)
11-11 18:38:41.341  1414  1465 I DropBoxManagerService: add tag=system_app_strictmode isTagEnabled=true flags=0x2
11-11 18:38:41.345  1414  1465 I DropBoxManagerService: add tag=system_app_strictmode isTagEnabled=true flags=0x2
11-11 18:38:41.346  1414  1473 W SystemServiceManager: Service com.android.server.om.OverlayManagerService took 86 ms in onStartUser-0
11-11 18:38:41.346  1414  1473 V SystemServerTimingAsync: ssm.onStartUser-0_com.android.server.om.OverlayManagerService took to complete: 87ms
11-11 18:38:41.346  1414  1473 D SystemServerTimingAsync: ssm.onStartUser-0_com.android.server.resources.ResourcesManagerService
11-11 18:38:41.346  1414  1473 V SystemServerTimingAsync: ssm.onStartUser-0_com.android.server.resources.ResourcesManagerService took to complete: 0ms
11-11 18:38:41.346  1414  1473 D SystemServerTimingAsync: ssm.onStartUser-0_com.android.server.sensorprivacy.SensorPrivacyService
11-11 18:38:41.351  1414  1414 V UserDataPreparer: Found /data/user_de/10 with serial number 10
11-11 18:38:41.351  1414  1414 V UserDataPreparer: Found /data/system_de/10 with serial number 10
11-11 18:38:41.351  1414  1414 V SystemServerTiming: prepareUserData took to complete: 78ms
11-11 18:38:41.351  1414  1414 D SystemServerTiming: reconcileAppsData
11-11 18:38:41.351  1414  1414 V PackageManager: reconcileAppsData for null u10 0x1 migrateAppData=false
11-11 18:38:41.355  1414  1465 I DropBoxManagerService: add tag=system_app_strictmode isTagEnabled=true flags=0x2
11-11 18:38:41.356  1414  1473 V SystemServerTimingAsync: ssm.onStartUser-0_com.android.server.sensorprivacy.SensorPrivacyService took to complete: 9ms
11-11 18:38:41.356  1414  1473 D SystemServerTimingAsync: ssm.onStartUser-0_com.android.server.sensors.SensorService
11-11 18:38:41.356  1414  1473 V SystemServerTimingAsync: ssm.onStartUser-0_com.android.server.sensors.SensorService took to complete: 0ms
11-11 18:38:41.356  1414  1473 D SystemServerTimingAsync: ssm.onStartUser-0_com.android.server.SystemConfigService
11-11 18:38:41.356  1414  1473 V SystemServerTimingAsync: ssm.onStartUser-0_com.android.server.SystemConfigService took to complete: 0ms
11-11 18:38:41.356  1414  1473 D SystemServerTimingAsync: ssm.onStartUser-0_com.android.server.BatteryService
11-11 18:38:41.356  1414  1473 V SystemServerTimingAsync: ssm.onStartUser-0_com.android.server.BatteryService took to complete: 0ms
11-11 18:38:41.356  1414  1473 D SystemServerTimingAsync: ssm.onStartUser-0_com.android.server.usage.UsageStatsService
11-11 18:38:41.356  1414  1473 V SystemServerTimingAsync: ssm.onStartUser-0_com.android.server.usage.UsageStatsService took to complete: 0ms
11-11 18:38:41.356  1414  1473 D SystemServerTimingAsync: ssm.onStartUser-0_com.android.server.webkit.WebViewUpdateService
11-11 18:38:41.356  1414  1473 V SystemServerTimingAsync: ssm.onStartUser-0_com.android.server.webkit.WebViewUpdateService took to complete: 0ms
11-11 18:38:41.356  1414  1473 D SystemServerTimingAsync: ssm.onStartUser-0_com.android.server.CachedDeviceStateService
11-11 18:38:41.356  1414  1473 V SystemServerTimingAsync: ssm.onStartUser-0_com.android.server.CachedDeviceStateService took to complete: 0ms
11-11 18:38:41.356  1414  1473 D SystemServerTimingAsync: ssm.onStartUser-0_com.android.server.BinderCallsStatsService$LifeCycle
11-11 18:38:41.356  1414  1473 V SystemServerTimingAsync: ssm.onStartUser-0_com.android.server.BinderCallsStatsService$LifeCycle took to complete: 0ms
11-11 18:38:41.356  1414  1473 D SystemServerTimingAsync: ssm.onStartUser-0_com.android.server.LooperStatsService$Lifecycle
11-11 18:38:41.356  1414  1473 V SystemServerTimingAsync: ssm.onStartUser-0_com.android.server.LooperStatsService$Lifecycle took to complete: 0ms
11-11 18:38:41.356  1414  1473 D SystemServerTimingAsync: ssm.onStartUser-0_com.android.server.rollback.RollbackManagerService
11-11 18:38:41.356  1414  1473 V SystemServerTimingAsync: ssm.onStartUser-0_com.android.server.rollback.RollbackManagerService took to complete: 0ms
11-11 18:38:41.356  1414  1473 D SystemServerTimingAsync: ssm.onStartUser-0_com.android.server.os.NativeTombstoneManagerService
11-11 18:38:41.356  1414  1473 V SystemServerTimingAsync: ssm.onStartUser-0_com.android.server.os.NativeTombstoneManagerService took to complete: 0ms
11-11 18:38:41.356  1414  1473 D SystemServerTimingAsync: ssm.onStartUser-0_com.android.server.os.BugreportManagerService
11-11 18:38:41.356  1414  1473 V SystemServerTimingAsync: ssm.onStartUser-0_com.android.server.os.BugreportManagerService took to complete: 0ms
