09-15 11:35:40.506  1281  1281 V SystemServerTiming: OnBootPhase_550_com.android.server.adb.AdbService$Lifecycle took to complete: 1ms
09-15 11:35:40.506  1281  1281 D SystemServerTiming: OnBootPhase_550_com.android.server.usb.UsbService$Lifecycle
09-15 11:35:40.506  1281  1281 V SystemServerTiming: OnBootPhase_550_com.android.server.usb.UsbService$Lifecycle took to complete: 0ms
09-15 11:35:40.506  1281  1281 D SystemServerTiming: OnBootPhase_550_com.android.server.twilight.TwilightService
09-15 11:35:40.506  1281  1281 V SystemServerTiming: OnBootPhase_550_com.android.server.twilight.TwilightService took to complete: 0ms
09-15 11:35:40.506  1281  1281 D SystemServerTiming: OnBootPhase_550_com.android.server.display.color.ColorDisplayService
09-15 11:35:40.506  1281  1281 V SystemServerTiming: OnBootPhase_550_com.android.server.display.color.ColorDisplayService took to complete: 0ms
09-15 11:35:40.506  1281  1281 D SystemServerTiming: OnBootPhase_550_com.android.server.job.JobSchedulerService
09-15 11:35:40.506  1281  1281 V SystemServerTiming: OnBootPhase_550_com.android.server.job.JobSchedulerService took to complete: 0ms
09-15 11:35:40.507  1281  1281 D SystemServerTiming: OnBootPhase_550_com.android.server.soundtrigger.SoundTriggerService
09-15 11:35:40.507  1281  1439 D SystemServerTimingAsync: InitThreadPoolExec:UsbService$Lifecycle#onBootPhase
09-15 11:35:40.507  1281  1439 D SystemServerInitThreadPool: Started executing UsbService$Lifecycle#onBootPhase
09-15 11:35:40.507  1281  1395 E NativeTombstoneManager: Tombstone's UID (1000) not an app, ignoring
09-15 11:35:40.507  1281  1395 E NativeTombstoneManager: Tombstone's UID (1000) not an app, ignoring
09-15 11:35:40.508  1281  1281 D SoundTriggerService: onBootPhase: 550 : false
09-15 11:35:40.509  1281  1395 E NativeTombstoneManager: Tombstone's UID (1000) not an app, ignoring
09-15 11:35:40.509  1281  1439 D SystemServerInitThreadPool: Finished executing UsbService$Lifecycle#onBootPhase
09-15 11:35:40.509  1281  1439 V SystemServerTimingAsync: InitThreadPoolExec:UsbService$Lifecycle#onBootPhase took to complete: 2ms
09-15 11:35:40.509  1281  1395 E NativeTombstoneManager: Tombstone's UID (1000) not an app, ignoring
09-15 11:35:40.509  1281  1281 V SystemServerTiming: OnBootPhase_550_com.android.server.soundtrigger.SoundTriggerService took to complete: 3ms
09-15 11:35:40.509  1281  1281 D SystemServerTiming: OnBootPhase_550_com.android.server.trust.TrustManagerService
09-15 11:35:40.509  1281  1281 V SystemServerTiming: OnBootPhase_550_com.android.server.trust.TrustManagerService took to complete: 0ms
09-15 11:35:40.509  1281  1281 D SystemServerTiming: OnBootPhase_550_com.android.server.appwidget.AppWidgetService
09-15 11:35:40.509  1281  1281 V SystemServerTiming: OnBootPhase_550_com.android.server.appwidget.AppWidgetService took to complete: 0ms
09-15 11:35:40.509  1281  1281 D SystemServerTiming: OnBootPhase_550_com.android.server.voiceinteraction.VoiceInteractionManagerService
09-15 11:35:40.509  1281  1281 V SystemServerTiming: OnBootPhase_550_com.android.server.voiceinteraction.VoiceInteractionManagerService took to complete: 0ms
09-15 11:35:40.509  1281  1281 D SystemServerTiming: OnBootPhase_550_com.android.server.GestureLauncherService
09-15 11:35:40.509  1281  1281 V SystemServerTiming: OnBootPhase_550_com.android.server.GestureLauncherService took to complete: 0ms
09-15 11:35:40.509  1281  1281 D SystemServerTiming: OnBootPhase_550_com.android.server.SensorNotificationService
09-15 11:35:40.509  1281  1281 V SystemServerTiming: OnBootPhase_550_com.android.server.SensorNotificationService took to complete: 0ms
09-15 11:35:40.509  1281  1281 D SystemServerTiming: OnBootPhase_550_com.android.server.emergency.EmergencyAffordanceService
09-15 11:35:40.509  1281  1281 V SystemServerTiming: OnBootPhase_550_com.android.server.emergency.EmergencyAffordanceService took to complete: 0ms
09-15 11:35:40.509  1281  1281 D SystemServerTiming: OnBootPhase_550_com.android.server.blob.BlobStoreManagerService
09-15 11:35:40.510  1281  1502 W BroadcastLoopers: Found previously unknown looper Thread[AudioDeviceBroker,5,main]
09-15 11:35:40.510  1281  1395 E NativeTombstoneManager: Tombstone's UID (1000) not an app, ignoring
09-15 11:35:40.510  1281  1313 I UsbPortManager: ClientCallback V1_2: 
09-15 11:35:40.511  1281  1281 V SystemServerTiming: OnBootPhase_550_com.android.server.blob.BlobStoreManagerService took to complete: 1ms
09-15 11:35:40.511  1281  1281 D SystemServerTiming: OnBootPhase_550_com.android.server.dreams.DreamManagerService
09-15 11:35:40.511  1281  1281 V SystemServerTiming: OnBootPhase_550_com.android.server.dreams.DreamManagerService took to complete: 0ms
09-15 11:35:40.511  1281  1281 D SystemServerTiming: OnBootPhase_550_com.android.server.security.AttestationVerificationManagerService
09-15 11:35:40.511  1281  1281 V SystemServerTiming: OnBootPhase_550_com.android.server.security.AttestationVerificationManagerService took to complete: 0ms
09-15 11:35:40.511  1281  1281 D SystemServerTiming: OnBootPhase_550_com.android.server.companion.CompanionDeviceManagerService
09-15 11:35:40.511  1281  1281 V SystemServerTiming: OnBootPhase_550_com.android.server.companion.CompanionDeviceManagerService took to complete: 0ms
09-15 11:35:40.511  1281  1281 D SystemServerTiming: OnBootPhase_550_com.android.server.companion.virtual.VirtualDeviceManagerService
09-15 11:35:40.511  1281  1281 V SystemServerTiming: OnBootPhase_550_com.android.server.companion.virtual.VirtualDeviceManagerService took to complete: 0ms
09-15 11:35:40.511  1281  1281 D SystemServerTiming: OnBootPhase_550_com.android.server.restrictions.RestrictionsManagerService
09-15 11:35:40.511  1281  1281 V SystemServerTiming: OnBootPhase_550_com.android.server.restrictions.RestrictionsManagerService took to complete: 0ms
09-15 11:35:40.511  1281  1281 D SystemServerTiming: OnBootPhase_550_com.android.server.media.MediaSessionService
09-15 11:35:40.511  1281  1395 E NativeTombstoneManager: Tombstone's UID (1000) not an app, ignoring
09-15 11:35:40.511  1281  1281 V SystemServerTiming: OnBootPhase_550_com.android.server.media.MediaSessionService took to complete: 1ms
09-15 11:35:40.511  1281  1281 D SystemServerTiming: OnBootPhase_550_com.android.server.biometrics.BiometricService
09-15 11:35:40.511  1281  1281 V SystemServerTiming: OnBootPhase_550_com.android.server.biometrics.BiometricService took to complete: 0ms
09-15 11:35:40.511  1281  1281 D SystemServerTiming: OnBootPhase_550_com.android.server.biometrics.AuthService
09-15 11:35:40.511  1281  1281 V SystemServerTiming: OnBootPhase_550_com.android.server.biometrics.AuthService took to complete: 0ms
09-15 11:35:40.511  1281  1281 D SystemServerTiming: OnBootPhase_550_com.android.server.pm.ShortcutService$Lifecycle
09-15 11:35:40.512  1281  1281 V SystemServerTiming: OnBootPhase_550_com.android.server.pm.ShortcutService$Lifecycle took to complete: 0ms
09-15 11:35:40.512  1281  1281 D SystemServerTiming: OnBootPhase_550_com.android.server.pm.LauncherAppsService
09-15 11:35:40.512  1281  1281 V SystemServerTiming: OnBootPhase_550_com.android.server.pm.LauncherAppsService took to complete: 0ms
09-15 11:35:40.512  1281  1281 D SystemServerTiming: OnBootPhase_550_com.android.server.pm.CrossProfileAppsService
09-15 11:35:40.512  1281  1281 V SystemServerTiming: OnBootPhase_550_com.android.server.pm.CrossProfileAppsService took to complete: 0ms
09-15 11:35:40.512  1281  1281 D SystemServerTiming: OnBootPhase_550_com.android.server.people.PeopleService
09-15 11:35:40.512  1281  1281 V SystemServerTiming: OnBootPhase_550_com.android.server.people.PeopleService took to complete: 0ms
09-15 11:35:40.512  1281  1281 D SystemServerTiming: OnBootPhase_550_com.android.server.media.metrics.MediaMetricsManagerService
09-15 11:35:40.512  1281  1281 V SystemServerTiming: OnBootPhase_550_com.android.server.media.metrics.MediaMetricsManagerService took to complete: 0ms
09-15 11:35:40.512  1281  1281 D SystemServerTiming: OnBootPhase_550_com.android.server.pm.BackgroundInstallControlService
09-15 11:35:40.512  1281  1281 V SystemServerTiming: OnBootPhase_550_com.android.server.pm.BackgroundInstallControlService took to complete: 0ms
09-15 11:35:40.512  1281  1305 I UsbPortManager: USB port added: port=UsbPort{id=, supportedModes=none, supportedContaminantProtectionModes=0, supportsEnableContaminantPresenceProtection=false, supportsEnableContaminantPresenceDetection=false, supportsComplianceWarnings=false, status=UsbPortStatus{connected=false, currentMode=none, currentPowerRole=no-power, currentDataRole=no-data, supportedRoleCombinations=[no-power:no-data], contaminantDetectionStatus=0, contaminantProtectionStatus=0, usbDataStatus=unknown, isPowerTransferLimited=false, powerBrickConnectionStatus=unknown, complianceWarnings=[], plugState=0, displayPortAltModeInfo=null}, canChangeMode=false, canChangePowerRole=false, canChangeDataRole=false, connectedAtMillis=0, lastConnectDurationMillis=0
09-15 11:35:40.512  1281  1281 D SystemServerTiming: OnBootPhase_550_com.android.server.media.projection.MediaProjectionManagerService
09-15 11:35:40.512  1281  1281 V SystemServerTiming: OnBootPhase_550_com.android.server.media.projection.MediaProjectionManagerService took to complete: 0ms
09-15 11:35:40.512  1281  1281 D SystemServerTiming: OnBootPhase_550_com.android.server.slice.SliceManagerService$Lifecycle
09-15 11:35:40.512  1281  1281 V SystemServerTiming: OnBootPhase_550_com.android.server.slice.SliceManagerService$Lifecycle took to complete: 0ms
09-15 11:35:40.512  1281  1281 D SystemServerTiming: OnBootPhase_550_com.android.server.stats.StatsCompanion$Lifecycle
09-15 11:35:40.512  1281  1281 V SystemServerTiming: OnBootPhase_550_com.android.server.stats.StatsCompanion$Lifecycle took to complete: 0ms
09-15 11:35:40.512  1281  1281 D SystemServerTiming: OnBootPhase_550_com.android.server.scheduling.RebootReadinessManagerService$Lifecycle
09-15 11:35:40.512  1281  1281 V SystemServerTiming: OnBootPhase_550_com.android.server.scheduling.RebootReadinessManagerService$Lifecycle took to complete: 0ms
09-15 11:35:40.512  1281  1281 D SystemServerTiming: OnBootPhase_550_com.android.server.stats.pull.StatsPullAtomService
09-15 11:35:40.512  1281  1281 V SystemServerTiming: OnBootPhase_550_com.android.server.stats.pull.StatsPullAtomService took to complete: 0ms
09-15 11:35:40.512  1281  1281 D SystemServerTiming: OnBootPhase_550_com.android.server.stats.bootstrap.StatsBootstrapAtomService$Lifecycle
09-15 11:35:40.512  1281  1281 V SystemServerTiming: OnBootPhase_550_com.android.server.stats.bootstrap.StatsBootstrapAtomService$Lifecycle took to complete: 0ms
09-15 11:35:40.512  1281  1281 D SystemServerTiming: OnBootPhase_550_com.android.server.incident.IncidentCompanionService
09-15 11:35:40.512  1281  1281 V SystemServerTiming: OnBootPhase_550_com.android.server.incident.IncidentCompanionService took to complete: 0ms
09-15 11:35:40.512  1281  1281 D SystemServerTiming: OnBootPhase_550_com.android.server.sdksandbox.SdkSandboxManagerService$Lifecycle
09-15 11:35:40.512  1281  1281 V SystemServerTiming: OnBootPhase_550_com.android.server.sdksandbox.SdkSandboxManagerService$Lifecycle took to complete: 0ms
09-15 11:35:40.512  1281  1281 D SystemServerTiming: OnBootPhase_550_com.android.server.adservices.AdServicesManagerService$Lifecycle
09-15 11:35:40.512  1281  1395 E NativeTombstoneManager: Tombstone's UID (1000) not an app, ignoring
09-15 11:35:40.512  1281  1281 V SystemServerTiming: OnBootPhase_550_com.android.server.adservices.AdServicesManagerService$Lifecycle took to complete: 0ms
09-15 11:35:40.512  1281  1281 D SystemServerTiming: OnBootPhase_550_com.android.server.ondevicepersonalization.OnDevicePersonalizationSystemService$Lifecycle
09-15 11:35:40.512  1281  1281 V SystemServerTiming: OnBootPhase_550_com.android.server.ondevicepersonalization.OnDevicePersonalizationSystemService$Lifecycle took to complete: 0ms
09-15 11:35:40.512  1281  1281 D SystemServerTiming: OnBootPhase_550_com.android.server.MmsServiceBroker
09-15 11:35:40.512  1281  1281 V SystemServerTiming: OnBootPhase_550_com.android.server.MmsServiceBroker took to complete: 0ms
09-15 11:35:40.512  1281  1281 D SystemServerTiming: OnBootPhase_550_com.android.server.selectiontoolbar.SelectionToolbarManagerService
09-15 11:35:40.512  1281  1281 V SystemServerTiming: OnBootPhase_550_com.android.server.selectiontoolbar.SelectionToolbarManagerService took to complete: 0ms
09-15 11:35:40.512  1281  1281 D SystemServerTiming: OnBootPhase_550_com.android.server.clipboard.ClipboardService
09-15 11:35:40.512  1281  1281 V SystemServerTiming: OnBootPhase_550_com.android.server.clipboard.ClipboardService took to complete: 0ms
09-15 11:35:40.512  1281  1281 D SystemServerTiming: OnBootPhase_550_com.android.server.appbinding.AppBindingService$Lifecycle
09-15 11:35:40.513  1281  1395 E NativeTombstoneManager: Tombstone's UID (1000) not an app, ignoring
09-15 11:35:40.513  1281  1281 I AppBindingService: Updating constants with: null
09-15 11:35:40.513  1281  1281 V SystemServerTiming: OnBootPhase_550_com.android.server.appbinding.AppBindingService$Lifecycle took to complete: 1ms
09-15 11:35:40.513  1281  1281 D SystemServerTiming: OnBootPhase_550_com.android.server.tracing.TracingServiceProxy
09-15 11:35:40.513  1281  1281 V SystemServerTiming: OnBootPhase_550_com.android.server.tracing.TracingServiceProxy took to complete: 0ms
09-15 11:35:40.513  1281  1281 D SystemServerTiming: OnBootPhase_550_com.android.server.policy.PermissionPolicyService
09-15 11:35:40.513  1281  1281 D SystemServerTiming: Permission_grant_default_permissions-0
09-15 11:35:40.513  1281  1281 V SystemServerTiming: Permission_grant_default_permissions-0 took to complete: 0ms
09-15 11:35:40.513  1281  1281 D SystemServerTiming: Permission_synchronize_permissions-0
09-15 11:35:40.514  1281  1281 D SystemServerTiming: Permission_synchronize_addPackages-0
09-15 11:35:40.549  1281  1281 V SystemServerTiming: Permission_synchronize_addPackages-0 took to complete: 36ms
09-15 11:35:40.549  1281  1281 D SystemServerTiming: Permission_syncPackages-0
09-15 11:35:40.556  1281  1281 V SystemServerTiming: Permission_syncPackages-0 took to complete: 6ms
09-15 11:35:40.556  1281  1281 V SystemServerTiming: Permission_synchronize_permissions-0 took to complete: 42ms
09-15 11:35:40.556  1281  1281 D SystemServerTiming: Permission_onInitialized-0
09-15 11:35:40.556  1281  1281 I PermissionManager: Permission ownership changed. Updating all permissions.
01-01 05:30:28.182     0     0 I msm_vidc: high: 00000001: ....e: Opening video instance: 000000003cfebb61, 0
01-01 05:30:28.182     0     0 I msm_vidc_v4l2 5a00000.qcom,vidc: Linked as a consumer to regulator.5
01-01 05:30:28.182     0     0 I msm_vidc_v4l2 5a00000.qcom,vidc: Linked as a consumer to regulator.4
01-01 05:30:28.185     0     0 I subsys-restart: __subsystem_get(): Changing subsys fw_name to venus
01-01 05:30:28.188     0     0 W subsys-pil-tz 5ab0000.qcom,venus: loading /vendor/firmware_mnt/image/venus.mdt failed with error -13
01-01 05:30:28.188     0     0 W subsys-pil-tz 5ab0000.qcom,venus: Falling back to syfs fallback for: venus.mdt
01-01 05:30:28.190     0     0 I ueventd : firmware: loading 'venus.mdt' for '/devices/platform/soc/5ab0000.qcom,venus/firmware/venus.mdt'
01-01 05:30:28.192     0     0 I ueventd : loading /devices/platform/soc/5ab0000.qcom,venus/firmware/venus.mdt took 1ms
01-01 05:30:28.192     0     0 I subsys-pil-tz 5ab0000.qcom,venus: venus: loading from 0x0000000051400000 to 0x0000000051900000
01-01 05:30:28.199     0     0 W subsys-pil-tz 5ab0000.qcom,venus: loading /vendor/firmware_mnt/image/venus.b02 failed with error -13
01-01 05:30:28.199     0     0 W subsys-pil-tz 5ab0000.qcom,venus: loading /vendor/firmware_mnt/image/venus.b03 failed with error -13
01-01 05:30:28.199     0     0 W subsys-pil-tz 5ab0000.qcom,venus: Falling back to syfs fallback for: venus.b03
01-01 05:30:28.199     0     0 W subsys-pil-tz 5ab0000.qcom,venus: Falling back to syfs fallback for: venus.b02
01-01 05:30:28.200     0     0 W subsys-pil-tz 5ab0000.qcom,venus: loading /vendor/firmware_mnt/image/venus.b04 failed with error -13
01-01 05:30:28.200     0     0 W subsys-pil-tz 5ab0000.qcom,venus: Falling back to syfs fallback for: venus.b04
01-01 05:30:28.200     0     0 W subsys-pil-tz 5ab0000.qcom,venus: loading /vendor/firmware_mnt/image/venus.b05 failed with error -13
01-01 05:30:28.200     0     0 W subsys-pil-tz 5ab0000.qcom,venus: Falling back to syfs fallback for: venus.b05
01-01 05:30:28.200     0     0 W subsys-pil-tz 5ab0000.qcom,venus: loading /vendor/firmware_mnt/image/venus.b06 failed with error -13
01-01 05:30:28.200     0     0 W subsys-pil-tz 5ab0000.qcom,venus: Falling back to syfs fallback for: venus.b06
01-01 05:30:28.200     0     0 W subsys-pil-tz 5ab0000.qcom,venus: loading /vendor/firmware_mnt/image/venus.b07 failed with error -13
01-01 05:30:28.200     0     0 W subsys-pil-tz 5ab0000.qcom,venus: Falling back to syfs fallback for: venus.b07
01-01 05:30:28.200     0     0 W subsys-pil-tz 5ab0000.qcom,venus: loading /vendor/firmware_mnt/image/venus.b08 failed with error -13
01-01 05:30:28.200     0     0 W subsys-pil-tz 5ab0000.qcom,venus: Falling back to syfs fallback for: venus.b08
01-01 05:30:28.200     0     0 W subsys-pil-tz 5ab0000.qcom,venus: loading /vendor/firmware_mnt/image/venus.b09 failed with error -13
01-01 05:30:28.200     0     0 W subsys-pil-tz 5ab0000.qcom,venus: Falling back to syfs fallback for: venus.b09
01-01 05:30:28.200     0     0 W subsys-pil-tz 5ab0000.qcom,venus: loading /vendor/firmware_mnt/image/venus.b10 failed with error -13
01-01 05:30:28.200     0     0 W subsys-pil-tz 5ab0000.qcom,venus: Falling back to syfs fallback for: venus.b10
01-01 05:30:28.201     0     0 W subsys-pil-tz 5ab0000.qcom,venus: loading /vendor/firmware_mnt/image/venus.b19 failed with error -13
01-01 05:30:28.201     0     0 W subsys-pil-tz 5ab0000.qcom,venus: Falling back to syfs fallback for: venus.b19
01-01 05:30:28.205     0     0 I ueventd : firmware: loading 'venus.b03' for '/devices/platform/soc/5ab0000.qcom,venus/firmware/venus.b03'
01-01 05:30:28.206     0     0 I ueventd : loading /devices/platform/soc/5ab0000.qcom,venus/firmware/venus.b03 took 1ms
01-01 05:30:28.208     0     0 I ueventd : firmware: loading 'venus.b04' for '/devices/platform/soc/5ab0000.qcom,venus/firmware/venus.b04'
01-01 05:30:28.209     0     0 I ueventd : loading /devices/platform/soc/5ab0000.qcom,venus/firmware/venus.b04 took 1ms
01-01 05:30:28.210     0     0 I ueventd : firmware: loading 'venus.b05' for '/devices/platform/soc/5ab0000.qcom,venus/firmware/venus.b05'
01-01 05:30:28.211     0     0 I ueventd : loading /devices/platform/soc/5ab0000.qcom,venus/firmware/venus.b05 took 1ms
01-01 05:30:28.213     0     0 I ueventd : firmware: loading 'venus.b02' for '/devices/platform/soc/5ab0000.qcom,venus/firmware/venus.b02'
01-01 05:30:28.214     0     0 I ueventd : loading /devices/platform/soc/5ab0000.qcom,venus/firmware/venus.b02 took 0ms
09-15 11:35:40.650  1281  1281 V SystemServerTiming: Permission_onInitialized-0 took to complete: 94ms
09-15 11:35:40.650  1281  1281 W SystemServiceManager: Service com.android.server.policy.PermissionPolicyService took 137 ms in onBootPhase
09-15 11:35:40.650  1281  1281 V SystemServerTiming: OnBootPhase_550_com.android.server.policy.PermissionPolicyService took to complete: 137ms
09-15 11:35:40.650  1281  1281 D SystemServerTiming: OnBootPhase_550_com.android.server.pm.StagingManager$Lifecycle
09-15 11:35:40.650  1281  1281 V SystemServerTiming: OnBootPhase_550_com.android.server.pm.StagingManager$Lifecycle took to complete: 0ms
09-15 11:35:40.650  1281  1281 D SystemServerTiming: OnBootPhase_550_com.android.server.app.GameManagerService$Lifecycle
09-15 11:35:40.650  1281  1281 V SystemServerTiming: OnBootPhase_550_com.android.server.app.GameManagerService$Lifecycle took to complete: 0ms
09-15 11:35:40.650  1281  1281 D SystemServerTiming: OnBootPhase_550_com.android.safetycenter.SafetyCenterService
09-15 11:35:40.650  1281  1281 V SystemServerTiming: OnBootPhase_550_com.android.safetycenter.SafetyCenterService took to complete: 0ms
09-15 11:35:40.650  1281  1281 D SystemServerTiming: OnBootPhase_550_com.android.server.appsearch.AppSearchModule$Lifecycle
09-15 11:35:40.650  1281  1281 V SystemServerTiming: OnBootPhase_550_com.android.server.appsearch.AppSearchModule$Lifecycle took to complete: 0ms
09-15 11:35:40.650  1281  1281 D SystemServerTiming: OnBootPhase_550_com.android.server.media.MediaCommunicationService
09-15 11:35:40.650  1281  1281 V SystemServerTiming: OnBootPhase_550_com.android.server.media.MediaCommunicationService took to complete: 0ms
09-15 11:35:40.650  1281  1281 D SystemServerTiming: OnBootPhase_550_com.android.server.compat.overrides.AppCompatOverridesService$Lifecycle
09-15 11:35:40.650  1281  1281 V SystemServerTiming: OnBootPhase_550_com.android.server.compat.overrides.AppCompatOverridesService$Lifecycle took to complete: 0ms
09-15 11:35:40.650  1281  1281 D SystemServerTiming: OnBootPhase_550_com.android.server.healthconnect.HealthConnectManagerService
09-15 11:35:40.650  1281  1281 V SystemServerTiming: OnBootPhase_550_com.android.server.healthconnect.HealthConnectManagerService took to complete: 0ms
09-15 11:35:40.650  1281  1281 D SystemServerTiming: OnBootPhase_550_com.android.server.devicelock.DeviceLockService
09-15 11:35:40.650  1281  1281 D DeviceLockService: onBootPhase: 550
09-15 11:35:40.650  1281  1281 V SystemServerTiming: OnBootPhase_550_com.android.server.devicelock.DeviceLockService took to complete: 0ms
09-15 11:35:40.650  1281  1281 V SystemServerTiming: OnBootPhase_550 took to complete: 229ms
09-15 11:35:40.650  1281  1281 V SystemServerTiming: StartActivityManagerReadyPhase took to complete: 229ms
09-15 11:35:40.650  1281  1281 D SystemServerTiming: StartObservingNativeCrashes
09-15 11:35:40.650  1281  1281 V SystemServerTiming: StartObservingNativeCrashes took to complete: 0ms
09-15 11:35:40.650  1281  1281 D SystemServerTiming: RegisterAppOpsPolicy
09-15 11:35:40.652  1281  1281 V SystemServerTiming: RegisterAppOpsPolicy took to complete: 1ms
09-15 11:35:40.652  1281  1281 D SystemServerTiming: StartCarServiceHelperService
09-15 11:35:40.652  1281  1398 D SystemServerTimingAsync: InitThreadPoolExec:WebViewFactoryPreparation
09-15 11:35:40.652  1281  1398 D SystemServerInitThreadPool: Started executing WebViewFactoryPreparation
09-15 11:35:40.652  1281  1398 I SystemServer: WebViewFactoryPreparation
09-15 11:35:40.652  1281  1398 D SystemServerTimingAsync: WebViewFactoryPreparation
09-15 11:35:40.655  1281  1398 E AppOps  : Bad call made by uid 1000. Package "android" does not belong to uid 1037.
09-15 11:35:40.655  1281  1281 I SystemServiceManager: Starting com.android.internal.car.CarServiceHelperService
09-15 11:35:40.655  1281  1398 E AppOps  : Cannot checkOperation
09-15 11:35:40.655  1281  1398 E AppOps  : java.lang.SecurityException: Specified package "android" under uid 1037 but it is not
09-15 11:35:40.655  1281  1398 E AppOps  : 	at com.android.server.appop.AppOpsService.verifyAndGetBypass(AppOpsService.java:3915)
09-15 11:35:40.655  1281  1398 E AppOps  : 	at com.android.server.appop.AppOpsService.verifyAndGetBypass(AppOpsService.java:3775)
09-15 11:35:40.655  1281  1398 E AppOps  : 	at com.android.server.appop.AppOpsService.verifyAndGetBypass(AppOpsService.java:3767)
09-15 11:35:40.655  1281  1398 E AppOps  : 	at com.android.server.appop.AppOpsService.checkOperationUnchecked(AppOpsService.java:2427)
09-15 11:35:40.655  1281  1398 E AppOps  : 	at com.android.server.appop.AppOpsService.checkOperationImpl(AppOpsService.java:2410)
09-15 11:35:40.655  1281  1398 E AppOps  : 	at com.android.server.appop.AppOpsService.-$$Nest$mcheckOperationImpl(AppOpsService.java:0)
09-15 11:35:40.655  1281  1398 E AppOps  : 	at com.android.server.appop.AppOpsService$CheckOpsDelegateDispatcher.$r8$lambda$fx57Sum-uA3sXo7NCFwrI3iq4WM(AppOpsService.java:0)
09-15 11:35:40.655  1281  1398 E AppOps  : 	at com.android.server.appop.AppOpsService$CheckOpsDelegateDispatcher$$ExternalSyntheticLambda10.apply(R8$$SyntheticClass:0)
09-15 11:35:40.655  1281  1398 E AppOps  : 	at com.android.server.policy.AppOpsPolicy.checkOperation(AppOpsPolicy.java:221)
09-15 11:35:40.655  1281  1398 E AppOps  : 	at com.android.server.appop.AppOpsService$CheckOpsDelegateDispatcher.checkOperation(AppOpsService.java:6448)
09-15 11:35:40.655  1281  1398 E AppOps  : 	at com.android.server.appop.AppOpsService.checkOperation(AppOpsService.java:2395)
09-15 11:35:40.655  1281  1398 E AppOps  : 	at com.android.server.StorageManagerService$StorageManagerInternalImpl.hasExternalStorageAccess(StorageManagerService.java:4718)
09-15 11:35:40.655  1281  1398 E AppOps  : 	at com.android.server.am.ProcessList.startProcessLocked(ProcessList.java:1785)
09-15 11:35:40.655  1281  1398 E AppOps  : 	at com.android.server.am.ProcessList.startProcessLocked(ProcessList.java:2500)
09-15 11:35:40.655  1281  1398 E AppOps  : 	at com.android.server.am.ProcessList.startProcessLocked(ProcessList.java:2645)
09-15 11:35:40.655  1281  1398 E AppOps  : 	at com.android.server.am.ActivityManagerService.startIsolatedProcess(ActivityManagerService.java:2917)
09-15 11:35:40.655  1281  1398 E AppOps  : 	at com.android.server.am.ActivityManagerService$LocalService.startIsolatedProcess(ActivityManagerService.java:17502)
09-15 11:35:40.655  1281  1398 E AppOps  : 	at android.webkit.WebViewLibraryLoader.createRelroFile(WebViewLibraryLoader.java:126)
09-15 11:35:40.655  1281  1398 E AppOps  : 	at android.webkit.WebViewLibraryLoader.createRelros(WebViewLibraryLoader.java:164)
09-15 11:35:40.655  1281  1398 E AppOps  : 	at android.webkit.WebViewLibraryLoader.prepareNativeLibraries(WebViewLibraryLoader.java:152)
09-15 11:35:40.655  1281  1398 E AppOps  : 	at android.webkit.WebViewFactory.onWebViewProviderChanged(WebViewFactory.java:555)
09-15 11:35:40.655  1281  1398 E AppOps  : 	at com.android.server.webkit.SystemImpl.onWebViewProviderChanged(SystemImpl.java:174)
09-15 11:35:40.655  1281  1398 E AppOps  : 	at com.android.server.webkit.WebViewUpdateServiceImpl.onWebViewProviderChanged(WebViewUpdateServiceImpl.java:351)
09-15 11:35:40.655  1281  1398 E AppOps  : 	at com.android.server.webkit.WebViewUpdateServiceImpl.prepareWebViewInSystemServer(WebViewUpdateServiceImpl.java:182)
09-15 11:35:40.655  1281  1398 E AppOps  : 	at com.android.server.webkit.WebViewUpdateService.prepareWebViewInSystemServer(WebViewUpdateService.java:129)
09-15 11:35:40.655  1281  1398 E AppOps  : 	at com.android.server.SystemServer.lambda$startOtherServices$4(SystemServer.java:3011)
09-15 11:35:40.655  1281  1398 E AppOps  : 	at com.android.server.SystemServer.$r8$lambda$t1R-mpe1gQ3l_T3UqaEuPqwZT88(SystemServer.java:0)
09-15 11:35:40.655  1281  1398 E AppOps  : 	at com.android.server.SystemServer$$ExternalSyntheticLambda1.run(R8$$SyntheticClass:0)
09-15 11:35:40.655  1281  1398 E AppOps  : 	at com.android.server.SystemServerInitThreadPool.lambda$submitTask$0(SystemServerInitThreadPool.java:107)
09-15 11:35:40.655  1281  1398 E AppOps  : 	at com.android.server.SystemServerInitThreadPool.$r8$lambda$iar571g8isa6ZrPZMHj1USmyX48(SystemServerInitThreadPool.java:0)
09-15 11:35:40.655  1281  1398 E AppOps  : 	at com.android.server.SystemServerInitThreadPool$$ExternalSyntheticLambda0.run(R8$$SyntheticClass:0)
09-15 11:35:40.655  1281  1398 E AppOps  : 	at java.util.concurrent.Executors$RunnableAdapter.call(Executors.java:487)
09-15 11:35:40.655  1281  1398 E AppOps  : 	at java.util.concurrent.FutureTask.run(FutureTask.java:264)
09-15 11:35:40.655  1281  1398 E AppOps  : 	at java.util.concurrent.ThreadPoolExecutor.runWorker(ThreadPoolExecutor.java:1145)
09-15 11:35:40.655  1281  1398 E AppOps  : 	at java.util.concurrent.ThreadPoolExecutor$Worker.run(ThreadPoolExecutor.java:644)
09-15 11:35:40.655  1281  1398 E AppOps  : 	at com.android.internal.util.ConcurrentUtils$1$1.run(ConcurrentUtils.java:65)
09-15 11:35:40.656  1281  1398 D CompatibilityChangeReporter: Compat change id reported: 135634846; UID 1000; state: DISABLED
09-15 11:35:40.656  1281  1398 D CompatibilityChangeReporter: Compat change id reported: 177438394; UID 1000; state: DISABLED
09-15 11:35:40.656  1281  1398 D CompatibilityChangeReporter: Compat change id reported: 135772972; UID 1000; state: DISABLED
09-15 11:35:40.657  1281  1398 D CompatibilityChangeReporter: Compat change id reported: 178038272; UID 1000; state: DISABLED
09-15 11:35:40.661  1281  1398 E AppOps  : Bad call made by uid 1000. Package "android" does not belong to uid 1037.
09-15 11:35:40.662  1281  1398 E AppOps  : Cannot checkOperation
09-15 11:35:40.662  1281  1398 E AppOps  : java.lang.SecurityException: Specified package "android" under uid 1037 but it is not
09-15 11:35:40.662  1281  1398 E AppOps  : 	at com.android.server.appop.AppOpsService.verifyAndGetBypass(AppOpsService.java:3915)
09-15 11:35:40.662  1281  1398 E AppOps  : 	at com.android.server.appop.AppOpsService.verifyAndGetBypass(AppOpsService.java:3775)
09-15 11:35:40.662  1281  1398 E AppOps  : 	at com.android.server.appop.AppOpsService.verifyAndGetBypass(AppOpsService.java:3767)
09-15 11:35:40.662  1281  1398 E AppOps  : 	at com.android.server.appop.AppOpsService.checkOperationUnchecked(AppOpsService.java:2427)
09-15 11:35:40.662  1281  1398 E AppOps  : 	at com.android.server.appop.AppOpsService.checkOperationImpl(AppOpsService.java:2410)
09-15 11:35:40.662  1281  1398 E AppOps  : 	at com.android.server.appop.AppOpsService.-$$Nest$mcheckOperationImpl(AppOpsService.java:0)
09-15 11:35:40.662  1281  1398 E AppOps  : 	at com.android.server.appop.AppOpsService$CheckOpsDelegateDispatcher.$r8$lambda$fx57Sum-uA3sXo7NCFwrI3iq4WM(AppOpsService.java:0)
09-15 11:35:40.662  1281  1398 E AppOps  : 	at com.android.server.appop.AppOpsService$CheckOpsDelegateDispatcher$$ExternalSyntheticLambda10.apply(R8$$SyntheticClass:0)
09-15 11:35:40.662  1281  1398 E AppOps  : 	at com.android.server.policy.AppOpsPolicy.checkOperation(AppOpsPolicy.java:221)
09-15 11:35:40.662  1281  1398 E AppOps  : 	at com.android.server.appop.AppOpsService$CheckOpsDelegateDispatcher.checkOperation(AppOpsService.java:6448)
09-15 11:35:40.662  1281  1398 E AppOps  : 	at com.android.server.appop.AppOpsService.checkOperation(AppOpsService.java:2395)
09-15 11:35:40.662  1281  1398 E AppOps  : 	at com.android.server.StorageManagerService$StorageManagerInternalImpl.hasExternalStorageAccess(StorageManagerService.java:4718)
09-15 11:35:40.662  1281  1398 E AppOps  : 	at com.android.server.am.ProcessList.startProcessLocked(ProcessList.java:1785)
09-15 11:35:40.662  1281  1398 E AppOps  : 	at com.android.server.am.ProcessList.startProcessLocked(ProcessList.java:2500)
09-15 11:35:40.662  1281  1398 E AppOps  : 	at com.android.server.am.ProcessList.startProcessLocked(ProcessList.java:2645)
09-15 11:35:40.662  1281  1398 E AppOps  : 	at com.android.server.am.ActivityManagerService.startIsolatedProcess(ActivityManagerService.java:2917)
09-15 11:35:40.662  1281  1398 E AppOps  : 	at com.android.server.am.ActivityManagerService$LocalService.startIsolatedProcess(ActivityManagerService.java:17502)
09-15 11:35:40.662  1281  1398 E AppOps  : 	at android.webkit.WebViewLibraryLoader.createRelroFile(WebViewLibraryLoader.java:126)
09-15 11:35:40.662  1281  1398 E AppOps  : 	at android.webkit.WebViewLibraryLoader.createRelros(WebViewLibraryLoader.java:170)
09-15 11:35:40.662  1281  1398 E AppOps  : 	at android.webkit.WebViewLibraryLoader.prepareNativeLibraries(WebViewLibraryLoader.java:152)
09-15 11:35:40.662  1281  1398 E AppOps  : 	at android.webkit.WebViewFactory.onWebViewProviderChanged(WebViewFactory.java:555)
09-15 11:35:40.662  1281  1398 E AppOps  : 	at com.android.server.webkit.SystemImpl.onWebViewProviderChanged(SystemImpl.java:174)
09-15 11:35:40.662  1281  1398 E AppOps  : 	at com.android.server.webkit.WebViewUpdateServiceImpl.onWebViewProviderChanged(WebViewUpdateServiceImpl.java:351)
09-15 11:35:40.662  1281  1398 E AppOps  : 	at com.android.server.webkit.WebViewUpdateServiceImpl.prepareWebViewInSystemServer(WebViewUpdateServiceImpl.java:182)
09-15 11:35:40.662  1281  1398 E AppOps  : 	at com.android.server.webkit.WebViewUpdateService.prepareWebViewInSystemServer(WebViewUpdateService.java:129)
09-15 11:35:40.662  1281  1398 E AppOps  : 	at com.android.server.SystemServer.lambda$startOtherServices$4(SystemServer.java:3011)
09-15 11:35:40.662  1281  1398 E AppOps  : 	at com.android.server.SystemServer.$r8$lambda$t1R-mpe1gQ3l_T3UqaEuPqwZT88(SystemServer.java:0)
09-15 11:35:40.662  1281  1398 E AppOps  : 	at com.android.server.SystemServer$$ExternalSyntheticLambda1.run(R8$$SyntheticClass:0)
09-15 11:35:40.662  1281  1398 E AppOps  : 	at com.android.server.SystemServerInitThreadPool.lambda$submitTask$0(SystemServerInitThreadPool.java:107)
09-15 11:35:40.662  1281  1398 E AppOps  : 	at com.android.server.SystemServerInitThreadPool.$r8$lambda$iar571g8isa6ZrPZMHj1USmyX48(SystemServerInitThreadPool.java:0)
09-15 11:35:40.662  1281  1398 E AppOps  : 	at com.android.server.SystemServerInitThreadPool$$ExternalSyntheticLambda0.run(R8$$SyntheticClass:0)
09-15 11:35:40.662  1281  1398 E AppOps  : 	at java.util.concurrent.Executors$RunnableAdapter.call(Executors.java:487)
09-15 11:35:40.662  1281  1398 E AppOps  : 	at java.util.concurrent.FutureTask.run(FutureTask.java:264)
09-15 11:35:40.662  1281  1398 E AppOps  : 	at java.util.concurrent.ThreadPoolExecutor.runWorker(ThreadPoolExecutor.java:1145)
09-15 11:35:40.662  1281  1398 E AppOps  : 	at java.util.concurrent.ThreadPoolExecutor$Worker.run(ThreadPoolExecutor.java:644)
09-15 11:35:40.662  1281  1398 E AppOps  : 	at com.android.internal.util.ConcurrentUtils$1$1.run(ConcurrentUtils.java:65)
09-15 11:35:40.663  1281  1398 V SystemServerTimingAsync: WebViewFactoryPreparation took to complete: 11ms
09-15 11:35:40.663  1281  1398 D SystemServerInitThreadPool: Finished executing WebViewFactoryPreparation
09-15 11:35:40.663  1281  1398 V SystemServerTimingAsync: InitThreadPoolExec:WebViewFactoryPreparation took to complete: 11ms
01-01 05:30:28.253     0     0 I subsys-pil-tz 5ab0000.qcom,venus: venus: Brought out of reset
09-15 11:35:40.671  1281  1281 D CarServiceHelper: CarServiceHelperServiceUpdatable created via reflection.
09-15 11:35:40.685  1281  1281 D CompatibilityChangeReporter: Compat change id reported: 135754954; UID 1000; state: ENABLED
09-15 11:35:40.686  1281  1281 I DevicePolicyManager: Setting DevicePolicySafetyChecker as com.android.internal.car.CarServiceHelperService@4c208c1
09-15 11:35:40.686  1281  1281 V SystemServerTiming: StartCarServiceHelperService took to complete: 34ms
09-15 11:35:40.686  1281  1281 D SystemServerTiming: MakeNetworkManagementServiceReady
09-15 11:35:40.692  1281  1281 V SystemServerTiming: MakeNetworkManagementServiceReady took to complete: 6ms
09-15 11:35:40.695  1281  1281 D SystemServerTiming: MakeConnectivityServiceReady
01-01 05:30:28.285     0     0 I msm_vidc: err : 00000001: ....e: Unsupported WxH (320)x(240), max supported is (0)x(0)
01-01 05:30:28.285     0     0 I msm_vidc: err : 00000001: ....e: msm_vidc_check_session_supported: Resolution unsupported
01-01 05:30:28.285     0     0 I msm_vidc: err : 00000001: ....e: msm_venc_s_fmt: session not supported
01-01 05:30:28.285     0     0 I msm_vidc: err : 00000001: ....e: msm_vidc_comm_update_ctrl: failed: control name Video B Frames, min 0, max 0, step 0, default_value 0
01-01 05:30:28.289     0     0 I msm_vidc: high: 00000001: h265e: Closed video instance: 000000003cfebb61
09-15 11:35:40.712  1281  1480 W NetworkPolicy: setRestrictBackgroundUL: already false
01-01 05:30:28.316     0     0 I msm_vidc: high: 00000001: ....d: Opening video instance: 000000002637116d, 1
01-01 05:30:28.322     0     0 I msm_vidc: high: 00000001: h264d: Closed video instance: 000000002637116d
01-01 05:30:28.362     0     0 I msm_vidc: high: 00000001: ....d: Opening video instance: 00000000e29b83e0, 1
01-01 05:30:28.367     0     0 I msm_vidc: high: 00000001: h265d: Closed video instance: 00000000e29b83e0
09-15 11:35:40.797  1281  1316 W ActivityManager: Slow operation: 143ms so far, now at startProcess: returned from zygote!
09-15 11:35:40.798  1281  1316 W ActivityManager: Slow operation: 143ms so far, now at startProcess: done updating battery stats
09-15 11:35:40.798  1281  1316 W ActivityManager: Slow operation: 144ms so far, now at startProcess: building log message
09-15 11:35:40.798  1281  1316 I ActivityManager: Start proc 1635:WebViewLoader-armeabi-v7a/1037 [android.webkit.WebViewLibraryLoader$RelroFileCreator] for 
09-15 11:35:40.798  1281  1316 W ActivityManager: Slow operation: 144ms so far, now at startProcess: starting to update pids map
09-15 11:35:40.799  1281  1316 W ActivityManager: Slow operation: 145ms so far, now at startProcess: done updating pids map
09-15 11:35:40.799  1281  1316 W ActivityManager: Slow operation: 138ms so far, now at startProcess: asking zygote to start proc
09-15 11:35:40.803  1281  1281 V SystemServerTiming: MakeConnectivityServiceReady took to complete: 108ms
09-15 11:35:40.803  1281  1281 D SystemServerTiming: MakeVpnManagerServiceReady
09-15 11:35:40.805  1281  1478 W BroadcastLoopers: Found previously unknown looper Thread[NetworkStats,5,main]
09-15 11:35:40.808  1281  1281 V SystemServerTiming: MakeVpnManagerServiceReady took to complete: 4ms
09-15 11:35:40.808  1281  1281 D SystemServerTiming: MakeVcnManagementServiceReady
09-15 11:35:40.813  1281  1281 V SystemServerTiming: MakeVcnManagementServiceReady took to complete: 5ms
09-15 11:35:40.814  1281  1281 D SystemServerTiming: MakeNetworkPolicyServiceReady
09-15 11:35:40.815  1281  1281 V SystemServerTiming: MakeNetworkPolicyServiceReady took to complete: 1ms
09-15 11:35:40.816  1281  1281 D SystemServerTiming: PhaseThirdPartyAppsCanStart
09-15 11:35:40.816  1281  1497 I VcnManagementService: new snapshot: TelephonySubscriptionSnapshot{ mActiveDataSubId=-1, mSubIdToInfoMap={}, mSubIdToCarrierConfigMap={}, mPrivilegedPackages={} }
09-15 11:35:40.816  1281  1281 I SystemServiceManager: Starting phase 600
09-15 11:35:40.816  1281  1281 D SystemServerTiming: OnBootPhase_600
09-15 11:35:40.816  1281  1281 D SystemServerTiming: OnBootPhase_600_com.android.server.security.FileIntegrityService
09-15 11:35:40.816  1281  1281 V SystemServerTiming: OnBootPhase_600_com.android.server.security.FileIntegrityService took to complete: 0ms
09-15 11:35:40.816  1281  1281 D SystemServerTiming: OnBootPhase_600_com.android.server.pm.Installer
09-15 11:35:40.817  1281  1281 V SystemServerTiming: OnBootPhase_600_com.android.server.pm.Installer took to complete: 0ms
09-15 11:35:40.817  1281  1281 D SystemServerTiming: OnBootPhase_600_com.android.server.os.DeviceIdentifiersPolicyService
09-15 11:35:40.817  1281  1281 V SystemServerTiming: OnBootPhase_600_com.android.server.os.DeviceIdentifiersPolicyService took to complete: 0ms
09-15 11:35:40.817  1281  1281 D SystemServerTiming: OnBootPhase_600_com.android.server.uri.UriGrantsManagerService$Lifecycle
09-15 11:35:40.817  1281  1281 V SystemServerTiming: OnBootPhase_600_com.android.server.uri.UriGrantsManagerService$Lifecycle took to complete: 0ms
09-15 11:35:40.817  1281  1281 D SystemServerTiming: OnBootPhase_600_com.android.server.powerstats.PowerStatsService
09-15 11:35:40.817  1281  1281 V SystemServerTiming: OnBootPhase_600_com.android.server.powerstats.PowerStatsService took to complete: 0ms
09-15 11:35:40.817  1281  1281 D SystemServerTiming: OnBootPhase_600_com.android.server.permission.access.AccessCheckingService
09-15 11:35:40.817  1281  1281 V SystemServerTiming: OnBootPhase_600_com.android.server.permission.access.AccessCheckingService took to complete: 0ms
09-15 11:35:40.817  1281  1281 D SystemServerTiming: OnBootPhase_600_com.android.server.wm.ActivityTaskManagerService$Lifecycle
09-15 11:35:40.817  1281  1281 V SystemServerTiming: OnBootPhase_600_com.android.server.wm.ActivityTaskManagerService$Lifecycle took to complete: 0ms
09-15 11:35:40.817  1281  1281 D SystemServerTiming: OnBootPhase_600_com.android.server.am.ActivityManagerService$Lifecycle
09-15 11:35:40.818  1281  1281 I ExplicitHealthCheckController: Explicit health checks enabled.
09-15 11:35:40.818  1281  1281 I PackageWatchdog: Syncing state, reason: health check state enabled
09-15 11:35:40.819  1281  1281 V SystemServerTiming: OnBootPhase_600_com.android.server.am.ActivityManagerService$Lifecycle took to complete: 2ms
09-15 11:35:40.819  1281  1316 W ActivityManager: Slow operation: 158ms so far, now at startProcess: returned from zygote!
09-15 11:35:40.819  1281  1281 D SystemServerTiming: OnBootPhase_600_com.android.server.pm.DataLoaderManagerService
09-15 11:35:40.819  1281  1281 V SystemServerTiming: OnBootPhase_600_com.android.server.pm.DataLoaderManagerService took to complete: 0ms
09-15 11:35:40.819  1281  1281 D SystemServerTiming: OnBootPhase_600_com.android.server.power.PowerManagerService
09-15 11:35:40.819  1281  1316 W ActivityManager: Slow operation: 158ms so far, now at startProcess: done updating battery stats
09-15 11:35:40.819  1281  1316 W ActivityManager: Slow operation: 158ms so far, now at startProcess: building log message
09-15 11:35:40.819  1281  1316 I ActivityManager: Start proc 1645:WebViewLoader-arm64-v8a/1037 [android.webkit.WebViewLibraryLoader$RelroFileCreator] for 
09-15 11:35:40.819  1281  1316 W ActivityManager: Slow operation: 158ms so far, now at startProcess: starting to update pids map
09-15 11:35:40.819  1281  1281 V SystemServerTiming: OnBootPhase_600_com.android.server.power.PowerManagerService took to complete: 0ms
09-15 11:35:40.819  1281  1281 D SystemServerTiming: OnBootPhase_600_com.android.server.power.ThermalManagerService
09-15 11:35:40.819  1281  1281 V SystemServerTiming: OnBootPhase_600_com.android.server.power.ThermalManagerService took to complete: 0ms
09-15 11:35:40.819  1281  1281 D SystemServerTiming: OnBootPhase_600_com.android.server.power.hint.HintManagerService
09-15 11:35:40.820  1281  1281 V SystemServerTiming: OnBootPhase_600_com.android.server.power.hint.HintManagerService took to complete: 0ms
09-15 11:35:40.820  1281  1281 D SystemServerTiming: OnBootPhase_600_com.android.server.recoverysystem.RecoverySystemService$Lifecycle
09-15 11:35:40.820  1281  1281 V SystemServerTiming: OnBootPhase_600_com.android.server.recoverysystem.RecoverySystemService$Lifecycle took to complete: 0ms
09-15 11:35:40.820  1281  1281 D SystemServerTiming: OnBootPhase_600_com.android.server.lights.LightsService
09-15 11:35:40.820  1281  1281 V SystemServerTiming: OnBootPhase_600_com.android.server.lights.LightsService took to complete: 0ms
09-15 11:35:40.820  1281  1281 D SystemServerTiming: OnBootPhase_600_com.android.server.display.DisplayManagerService
09-15 11:35:40.820  1281  1281 V SystemServerTiming: OnBootPhase_600_com.android.server.display.DisplayManagerService took to complete: 0ms
09-15 11:35:40.820  1281  1281 D SystemServerTiming: OnBootPhase_600_com.android.server.pm.verify.domain.DomainVerificationService
09-15 11:35:40.820  1281  1281 V SystemServerTiming: OnBootPhase_600_com.android.server.pm.verify.domain.DomainVerificationService took to complete: 0ms
09-15 11:35:40.820  1281  1281 D SystemServerTiming: OnBootPhase_600_com.android.server.pm.PackageInstallerService$Lifecycle
09-15 11:35:40.820  1281  1281 V SystemServerTiming: OnBootPhase_600_com.android.server.pm.PackageInstallerService$Lifecycle took to complete: 0ms
09-15 11:35:40.820  1281  1281 D SystemServerTiming: OnBootPhase_600_com.android.server.pm.UserManagerService$LifeCycle
09-15 11:35:40.820  1281  1281 V SystemServerTiming: OnBootPhase_600_com.android.server.pm.UserManagerService$LifeCycle took to complete: 0ms
09-15 11:35:40.820  1281  1281 D SystemServerTiming: OnBootPhase_600_com.android.server.om.OverlayManagerService
09-15 11:35:40.820  1281  1281 V SystemServerTiming: OnBootPhase_600_com.android.server.om.OverlayManagerService took to complete: 0ms
09-15 11:35:40.820  1281  1281 D SystemServerTiming: OnBootPhase_600_com.android.server.resources.ResourcesManagerService
09-15 11:35:40.820  1281  1281 V SystemServerTiming: OnBootPhase_600_com.android.server.resources.ResourcesManagerService took to complete: 0ms
09-15 11:35:40.820  1281  1281 D SystemServerTiming: OnBootPhase_600_com.android.server.sensorprivacy.SensorPrivacyService
09-15 11:35:40.820  1281  1281 V SystemServerTiming: OnBootPhase_600_com.android.server.sensorprivacy.SensorPrivacyService took to complete: 0ms
09-15 11:35:40.820  1281  1281 D SystemServerTiming: OnBootPhase_600_com.android.server.sensors.SensorService
09-15 11:35:40.820  1281  1281 V SystemServerTiming: OnBootPhase_600_com.android.server.sensors.SensorService took to complete: 0ms
09-15 11:35:40.820  1281  1281 D SystemServerTiming: OnBootPhase_600_com.android.server.SystemConfigService
09-15 11:35:40.820  1281  1281 V SystemServerTiming: OnBootPhase_600_com.android.server.SystemConfigService took to complete: 0ms
09-15 11:35:40.820  1281  1281 D SystemServerTiming: OnBootPhase_600_com.android.server.BatteryService
09-15 11:35:40.820  1281  1281 V SystemServerTiming: OnBootPhase_600_com.android.server.BatteryService took to complete: 0ms
09-15 11:35:40.820  1281  1281 D SystemServerTiming: OnBootPhase_600_com.android.server.usage.UsageStatsService
09-15 11:35:40.820  1281  1281 V SystemServerTiming: OnBootPhase_600_com.android.server.usage.UsageStatsService took to complete: 0ms
09-15 11:35:40.820  1281  1281 D SystemServerTiming: OnBootPhase_600_com.android.server.webkit.WebViewUpdateService
09-15 11:35:40.820  1281  1281 V SystemServerTiming: OnBootPhase_600_com.android.server.webkit.WebViewUpdateService took to complete: 0ms
09-15 11:35:40.820  1281  1316 W ActivityManager: Slow operation: 159ms so far, now at startProcess: done updating pids map
09-15 11:35:40.820  1281  1281 D SystemServerTiming: OnBootPhase_600_com.android.server.CachedDeviceStateService
09-15 11:35:40.820  1281  1281 V SystemServerTiming: OnBootPhase_600_com.android.server.CachedDeviceStateService took to complete: 0ms
09-15 11:35:40.820  1281  1281 D SystemServerTiming: OnBootPhase_600_com.android.server.BinderCallsStatsService$LifeCycle
09-15 11:35:40.820  1281  1281 V SystemServerTiming: OnBootPhase_600_com.android.server.BinderCallsStatsService$LifeCycle took to complete: 0ms
09-15 11:35:40.820  1281  1281 D SystemServerTiming: OnBootPhase_600_com.android.server.LooperStatsService$Lifecycle
09-15 11:35:40.820  1281  1316 W ActivityManager: Slow operation: 137ms so far, now at startProcess: asking zygote to start proc
09-15 11:35:40.820  1281  1314 I PackageWatchdog: Saving observer state to file
09-15 11:35:40.820  1281  1281 V SystemServerTiming: OnBootPhase_600_com.android.server.LooperStatsService$Lifecycle took to complete: 0ms
09-15 11:35:40.820  1281  1281 D SystemServerTiming: OnBootPhase_600_com.android.server.rollback.RollbackManagerService
09-15 11:35:40.820  1281  1281 V SystemServerTiming: OnBootPhase_600_com.android.server.rollback.RollbackManagerService took to complete: 0ms
09-15 11:35:40.820  1281  1281 D SystemServerTiming: OnBootPhase_600_com.android.server.os.NativeTombstoneManagerService
09-15 11:35:40.820  1281  1281 V SystemServerTiming: OnBootPhase_600_com.android.server.os.NativeTombstoneManagerService took to complete: 0ms
09-15 11:35:40.820  1281  1281 D SystemServerTiming: OnBootPhase_600_com.android.server.os.BugreportManagerService
09-15 11:35:40.820  1281  1281 V SystemServerTiming: OnBootPhase_600_com.android.server.os.BugreportManagerService took to complete: 0ms
09-15 11:35:40.820  1281  1281 D SystemServerTiming: OnBootPhase_600_com.android.server.gpu.GpuService
09-15 11:35:40.820  1281  1281 V SystemServerTiming: OnBootPhase_600_com.android.server.gpu.GpuService took to complete: 0ms
09-15 11:35:40.820  1281  1281 D SystemServerTiming: OnBootPhase_600_com.android.server.security.rkp.RemoteProvisioningService
09-15 11:35:40.821  1281  1281 V SystemServerTiming: OnBootPhase_600_com.android.server.security.rkp.RemoteProvisioningService took to complete: 0ms
09-15 11:35:40.821  1281  1281 D SystemServerTiming: OnBootPhase_600_com.android.server.cpu.CpuMonitorService
09-15 11:35:40.821  1281  1281 V SystemServerTiming: OnBootPhase_600_com.android.server.cpu.CpuMonitorService took to complete: 0ms
09-15 11:35:40.821  1281  1281 D SystemServerTiming: OnBootPhase_600_com.android.server.security.KeyChainSystemService
09-15 11:35:40.821  1281  1281 V SystemServerTiming: OnBootPhase_600_com.android.server.security.KeyChainSystemService took to complete: 0ms
09-15 11:35:40.821  1281  1281 D SystemServerTiming: OnBootPhase_600_com.android.server.BinaryTransparencyService
09-15 11:35:40.821  1281  1281 V SystemServerTiming: OnBootPhase_600_com.android.server.BinaryTransparencyService took to complete: 0ms
09-15 11:35:40.821  1281  1281 D SystemServerTiming: OnBootPhase_600_com.android.server.telecom.TelecomLoaderService
09-15 11:35:40.821  1281  1281 V SystemServerTiming: OnBootPhase_600_com.android.server.telecom.TelecomLoaderService took to complete: 0ms
09-15 11:35:40.821  1281  1281 D SystemServerTiming: OnBootPhase_600_com.android.server.accounts.AccountManagerService$Lifecycle
09-15 11:35:40.821  1281  1281 V SystemServerTiming: OnBootPhase_600_com.android.server.accounts.AccountManagerService$Lifecycle took to complete: 0ms
09-15 11:35:40.821  1281  1281 D SystemServerTiming: OnBootPhase_600_com.android.server.content.ContentService$Lifecycle
09-15 11:35:40.821  1281  1281 V SystemServerTiming: OnBootPhase_600_com.android.server.content.ContentService$Lifecycle took to complete: 0ms
09-15 11:35:40.821  1281  1281 D SystemServerTiming: OnBootPhase_600_com.android.server.deviceconfig.DeviceConfigInit$Lifecycle
