09-15 11:35:41.211  1653  1653 E CAR.PropertyHalServiceIds: propId is not writable : 0x11100102
09-15 11:35:41.211  1653  1653 E CAR.PropertyHalServiceIds: propId is not writable : 0x1120030b
09-15 11:35:41.211  1653  1653 E CAR.PropertyHalServiceIds: propId is not writable : 0x11200402
09-15 11:35:41.211  1653  1653 E CAR.PropertyHalServiceIds: propId is not writable : 0x11200405
09-15 11:35:41.211  1653  1653 E CAR.PropertyHalServiceIds: propId is not writable : 0x11200407
09-15 11:35:41.211  1653  1653 E CAR.PropertyHalServiceIds: propId is not writable : 0x11400400
09-15 11:35:41.211  1653  1653 E CAR.PropertyHalServiceIds: propId is not writable : 0x11400401
09-15 11:35:41.211  1653  1653 E CAR.PropertyHalServiceIds: propId is not writable : 0x11400408
09-15 11:35:41.211  1653  1653 E CAR.PropertyHalServiceIds: propId is not writable : 0x11400409
09-15 11:35:41.211  1653  1653 E CAR.PropertyHalServiceIds: propId is not writable : 0x11400e00
09-15 11:35:41.211  1653  1653 E CAR.PropertyHalServiceIds: propId is not writable : 0x11400e01
09-15 11:35:41.211  1653  1653 E CAR.PropertyHalServiceIds: propId is not writable : 0x11400e03
09-15 11:35:41.211  1653  1653 E CAR.PropertyHalServiceIds: propId is not writable : 0x11410105
09-15 11:35:41.211  1653  1653 E CAR.PropertyHalServiceIds: propId is not writable : 0x11410107
09-15 11:35:41.211  1653  1653 E CAR.PropertyHalServiceIds: propId is not writable : 0x11510306
09-15 11:35:41.211  1653  1653 E CAR.PropertyHalServiceIds: propId is not writable : 0x11600104
09-15 11:35:41.211  1653  1653 E CAR.PropertyHalServiceIds: propId is not writable : 0x11600106
09-15 11:35:41.211  1653  1653 E CAR.PropertyHalServiceIds: propId is not writable : 0x11600204
09-15 11:35:41.211  1653  1653 E CAR.PropertyHalServiceIds: propId is not writable : 0x11600207
09-15 11:35:41.211  1653  1653 E CAR.PropertyHalServiceIds: propId is not writable : 0x11600305
09-15 11:35:41.211  1653  1653 E CAR.PropertyHalServiceIds: propId is not writable : 0x11600307
09-15 11:35:41.211  1653  1653 E CAR.PropertyHalServiceIds: propId is not writable : 0x11600309
09-15 11:35:41.211  1653  1653 E CAR.PropertyHalServiceIds: propId is not writable : 0x1160030c
09-15 11:35:41.211  1653  1653 E CAR.PropertyHalServiceIds: propId is not writable : 0x1540010a
09-15 11:35:41.211  1653  1653 E CAR.PropertyHalServiceIds: propId is not writable : 0x17600309
09-15 11:35:41.211  1653  1653 E CAR.PropertyHalServiceIds: propId is not writable : 0x21400f43
09-15 11:35:41.211  1653  1653 E CAR.PropertyHalServiceIds: propId is not writable : 0x21400f46
09-15 11:35:41.211  1653  1653 E CAR.PropertyHalServiceIds: propId is not writable : 0x21400f48
09-15 11:35:41.211  1653  1653 E CAR.PropertyHalServiceIds: propId is not writable : 0x21400f4a
09-15 11:35:41.211  1653  1653 E CAR.PropertyHalServiceIds: propId is not writable : 0x21600f49
09-15 11:35:41.211  1653  1653 E CAR.PropertyHalServiceIds: propId is not writable : 0x21600f50
09-15 11:35:41.211  1653  1653 E CAR.PropertyHalServiceIds: propId is not writable : 0x21600f51
09-15 11:35:41.211  1653  1653 E CAR.PropertyHalServiceIds: propId is not writable : 0x21600f52
09-15 11:35:41.211  1653  1653 E CAR.PropertyHalServiceIds: propId is not writable : 0x21600f53
09-15 11:35:41.211  1653  1653 E CAR.PropertyHalServiceIds: propId is not writable : 0x21600f54
09-15 11:35:41.211  1653  1653 E CAR.PropertyHalServiceIds: propId is not writable : 0x21600f55
09-15 11:35:41.211  1653  1653 E CAR.PropertyHalServiceIds: propId is not writable : 0x27200f4d
09-15 11:35:41.211  1653  1653 E CAR.PropertyHalServiceIds: propId is not writable : 0x27200f4e
09-15 11:35:41.211  1653  1653 E CAR.PropertyHalServiceIds: propId is not writable : 0x27600f4b
09-15 11:35:41.211  1653  1653 E CAR.PropertyHalServiceIds: propId is not writable : 0x27600f4c
09-15 11:35:41.212  1653  1653 V CAR.InitTiming: CarPropertyService took to complete: 2ms
09-15 11:35:41.224  1653  1653 V CAR.InitTiming: CarDrivingStateService took to complete: 12ms
09-15 11:35:41.231  1653  1653 W CarOccupantZoneService: No default display configuration, will assign to zone:0
09-15 11:35:41.232  1653  1653 W CarOccupantZoneService: No input type was defined for displayType:1  and occupantZoneId:0
09-15 11:35:41.233  1653  1653 V CAR.InitTiming: CarOccupantZoneService took to complete: 9ms
09-15 11:35:41.234  1653  1653 I CarUxRestrictionsManagerService: initDisplayIdsLocked: adding display: 0
09-15 11:35:41.234  1653  1653 I CarUxRestrictionsManagerService: initDisplayIdsLocked: setting default display id by zone to {occupantZoneId=0 displayType=1}
09-15 11:35:41.243  1653  1653 V CAR.InitTiming: CarUxRestrictionsManagerService took to complete: 10ms
09-15 11:35:41.243  1653  1653 V CAR.InitTiming: CarActivityService took to complete: 0ms
09-15 11:35:41.244  1653  1653 V CAR.InitTiming: CarPackageManagerService took to complete: 0ms
09-15 11:35:41.244  1653  1653 V CAR.InitTiming: CarUserService took to complete: 1ms
09-15 11:35:41.245  1653  1653 V CAR.InitTiming: SystemActivityMonitoringService took to complete: 1ms
09-15 11:35:41.245  1653  1776 I CAR.VendorServiceController: Found 0 services to be started/bound
09-15 11:35:41.245  1653  1653 W CAR.PolicyReader: Proceed without registered policies: failed to parse /vendor/etc/automotive/power_policy.xml: java.io.FileNotFoundException: /vendor/etc/automotive/power_policy.xml: open failed: ENOENT (No such file or directory)
09-15 11:35:41.246  1653  1653 W CAR.PolicyReader: readPowerPolicyFromXml :: system_power_policy_battery_profile_critical_on
09-15 11:35:41.247  1653  1653 W CAR.PolicyReader: Updated system power policy:: system_power_policy_battery_profile_critical_on
09-15 11:35:41.250  1653  1653 W CAR.PolicyReader: readPowerPolicyFromXml :: system_power_policy_battery_profile_low_on
09-15 11:35:41.250  1653  1653 W CAR.PolicyReader: Updated system power policy:: system_power_policy_battery_profile_low_on
09-15 11:35:41.263  1653  1782 I CarPowerManagementService: doHandlePowerStateChange: newState=WAIT_FOR_VHAL(0)
09-15 11:35:41.263  1653  1782 I CarPowerManagementService: setCurrentState CpmsState canPostpone=false, carPowerStateListenerState=1, mShutdownType=1, CpmsState=WAIT_FOR_VHAL(0)
09-15 11:35:41.264  1653  1782 I CarPowerManagementService: Applying the default power policy for WAIT_FOR_VHAL
09-15 11:35:41.266  1281  1504 I PowerManagerService: Allowing device wake-up from app com.android.car
09-15 11:35:41.267  1653  1653 I DisplayInterface: Refreshing percent brightness(from Setting) to 82
09-15 11:35:41.268  1653  1653 I CAR.POWER: send display brightness = 82
09-15 11:35:41.269  1653  1653 I CarPowerManagementService: Connected to car power policy daemon
09-15 11:35:41.269  1653  1653 I CarPowerManagementService: CPMS is taking control from carpowerpolicyd
09-15 11:35:41.270  1653  1653 I CarPowerManagementService: CPMS applied power policy(system_power_policy_initial_on) before connecting to the daemon. Notifying to the daemon...
09-15 11:35:41.270  1653  1653 W CarPowerManagementService: Failed to set power policy group:  is not registered
09-15 11:35:41.271  1653  1653 W CarPowerManagementService: Failed to set power policy group
09-15 11:35:41.271  1653  1653 W CAR.SilentModeHandler: Failed to start monitoring Silent Mode HW state: /sys/power/pm_silentmode_hw_state doesn't exist
09-15 11:35:41.271  1653  1653 V CAR.InitTiming: CarPowerManagementService took to complete: 26ms
09-15 11:35:41.272  1653  1653 V CAR.InitTiming: CarUserNoticeService took to complete: 1ms
09-15 11:35:41.274  1653  1782 I CAR.POWER: on display 0
09-15 11:35:41.275  1653  1782 I CarPowerManagementService: The current power policy is system_power_policy_initial_on
09-15 11:35:41.275  1653  1782 W CarPowerManagementService: Failed to cancel system power policy: the current policy is not the system power policy
09-15 11:35:41.275  1281  1505 D CompatibilityChangeReporter: Compat change id reported: 261072174; UID 1000; state: ENABLED
09-15 11:35:41.275  1653  1782 I CAR.POWER: send wait for vhal
09-15 11:35:41.276  1653  1782 I CAR.POWER: setPowerState=WAIT_FOR_VHAL(1) param=0
09-15 11:35:41.276  1653  1653 V CAR.InitTiming: CarPerUserServiceHelper took to complete: 4ms
09-15 11:35:41.276  1653  1653 V CAR.InitTiming: CarBluetoothService took to complete: 0ms
09-15 11:35:41.276  1653  1653 D CAR.INPUT: Hal supports key input.
09-15 11:35:41.277  1653  1653 V CAR.InitTiming: CarInputService took to complete: 0ms
09-15 11:35:41.277  1653  1653 V CAR.InitTiming: CarProjectionService took to complete: 1ms
09-15 11:35:41.278  1653  1653 V CAR.InitTiming: GarageModeService took to complete: 0ms
09-15 11:35:41.278  1653  1653 V CAR.InitTiming: AppFocusService took to complete: 0ms
09-15 11:35:41.278  1653  1653 I CAR.AUDIO: Audio dynamic routing not enabled, run in legacy mode
09-15 11:35:41.284  1653  1653 V CAR.InitTiming: CarAudioService took to complete: 7ms
09-15 11:35:41.287  1653  1653 W CAR.SENSOR: Failed to get value of NIGHT_MODE
09-15 11:35:41.287  1653  1757 I CAR.POWER: Received AP_POWER_STATE_REQ=ON(0) param=0
09-15 11:35:41.288  1653  1782 I CarPowerManagementService: doHandlePowerStateChange: newState=ON(1)
09-15 11:35:41.288  1653  1782 I CarPowerManagementService: setCurrentState CpmsState canPostpone=false, carPowerStateListenerState=6, mShutdownType=0, CpmsState=ON(1)
09-15 11:35:41.288  1653  1782 W CarPowerManagementService: Failed to cancel system power policy: the current policy is not the system power policy
09-15 11:35:41.289  1281  1504 I ActivityTaskManager: Config changes=200 {1.0 ?mcc0mnc [en_US] ldltr sw720dp w720dp h1280dp 160dpi xlrg long port car night finger -keyb/h/h -nav/h winConfig={ mBounds=Rect(0, 0 - 720, 1280) mAppBounds=Rect(0, 0 - 720, 1280) mMaxBounds=Rect(0, 0 - 720, 1280) mDisplayRotation=ROTATION_0 mWindowingMode=fullscreen mDisplayWindowingMode=fullscreen mActivityType=undefined mAlwaysOnTop=undefined mRotation=ROTATION_0} s.10 fontWeightAdjustment=0}
09-15 11:35:41.289  1653  1782 W CarPowerManagementService: Failed to cancel system power policy: the current policy is not the system power policy
09-15 11:35:41.289  1653  1782 I CarPowerManagementService: Applying the default power policy for ON
09-15 11:35:41.291  1281  1504 I WindowManager: Override config changes=200 {1.0 ?mcc0mnc [en_US] ldltr sw720dp w720dp h1280dp 160dpi xlrg long port car night finger -keyb/h/h -nav/h winConfig={ mBounds=Rect(0, 0 - 720, 1280) mAppBounds=Rect(0, 0 - 720, 1280) mMaxBounds=Rect(0, 0 - 720, 1280) mDisplayRotation=ROTATION_0 mWindowingMode=fullscreen mDisplayWindowingMode=fullscreen mActivityType=undefined mAlwaysOnTop=undefined mRotation=ROTATION_0} s.10 fontWeightAdjustment=0} for displayId=0
09-15 11:35:41.294  1653  1782 I CarPowerManagementService: The current power policy is system_power_policy_all_on
09-15 11:35:41.294  1653  1653 V CAR.InitTiming: CarNightService took to complete: 10ms
09-15 11:35:41.294  1653  1653 V CAR.InitTiming: FixedActivityService took to complete: 0ms
09-15 11:35:41.294  1653  1653 V CAR.InitTiming: ClusterNavigationService took to complete: 0ms
09-15 11:35:41.294  1653  1771 I CAR.SENSOR: Set dayNight Mode as false at timestamp: 0
09-15 11:35:41.294  1653  1782 I CarPowerManagementService: Applying the default power policy for ON
09-15 11:35:41.295  1653  1782 I CarPowerManagementService: The current power policy is system_power_policy_all_on
09-15 11:35:41.295  1653  1782 I CAR.POWER: send on
09-15 11:35:41.295  1653  1653 V CAR.InitTiming: InstrumentClusterService took to complete: 1ms
09-15 11:35:41.295  1653  1782 I CAR.POWER: setPowerState=ON(6) param=0
09-15 11:35:41.295  1653  1782 D CarPowerManagementService: handleOn(): called on boot
09-15 11:35:41.296  1281  1504 I ActivityTaskManager: Config changes=200 {1.0 ?mcc0mnc [en_US] ldltr sw720dp w720dp h1280dp 160dpi xlrg long port car finger -keyb/h/h -nav/h winConfig={ mBounds=Rect(0, 0 - 720, 1280) mAppBounds=Rect(0, 0 - 720, 1280) mMaxBounds=Rect(0, 0 - 720, 1280) mDisplayRotation=ROTATION_0 mWindowingMode=fullscreen mDisplayWindowingMode=fullscreen mActivityType=undefined mAlwaysOnTop=undefined mRotation=ROTATION_0} s.13 fontWeightAdjustment=0}
09-15 11:35:41.296  1653  1653 V CAR.InitTiming: CarStatsService took to complete: 1ms
09-15 11:35:41.296  1653  1653 V CAR.InitTiming: VmsBrokerService took to complete: 0ms
09-15 11:35:41.296  1653  1653 V CAR.InitTiming: CarDiagnosticService took to complete: 0ms
09-15 11:35:41.296  1653  1653 D CarStorageMonitoringService: CarStorageMonitoringService init()
09-15 11:35:41.297  1281  1504 I WindowManager: Override config changes=200 {1.0 ?mcc0mnc [en_US] ldltr sw720dp w720dp h1280dp 160dpi xlrg long port car finger -keyb/h/h -nav/h winConfig={ mBounds=Rect(0, 0 - 720, 1280) mAppBounds=Rect(0, 0 - 720, 1280) mMaxBounds=Rect(0, 0 - 720, 1280) mDisplayRotation=ROTATION_0 mWindowingMode=fullscreen mDisplayWindowingMode=fullscreen mActivityType=undefined mAlwaysOnTop=undefined mRotation=ROTATION_0} s.13 fontWeightAdjustment=0} for displayId=0
09-15 11:35:41.298  1653  1653 V CAR.InitTiming: CarStorageMonitoringService took to complete: 2ms
09-15 11:35:41.300  1653  1653 V CAR.InitTiming: CarLocationService took to complete: 2ms
09-15 11:35:41.301  1653  1653 V CAR.InitTiming: CarMediaService took to complete: 1ms
09-15 11:35:41.301  1653  1653 V CAR.InitTiming: CarBugreportManagerService took to complete: 0ms
09-15 11:35:41.310  1653  1796 I CAR.WatchdogStorage: Deleted 0 user package settings db rows while syncing with alive users
09-15 11:35:41.311  1653  1796 I CarWatchdogService: Read 12 user package settings from database
09-15 11:35:41.313  1653  1796 I CarWatchdogService: Read 0 I/O usage stats from database
09-15 11:35:41.314  1653  1653 V CAR.InitTiming: CarWatchdogService took to complete: 13ms
09-15 11:35:41.314  1653  1653 V CAR.InitTiming: CarPerformanceService took to complete: 0ms
09-15 11:35:41.314  1653  1653 D CarDevicePolicyService: init()
09-15 11:35:41.315  1653  1653 V CAR.InitTiming: CarDevicePolicyService took to complete: 1ms
09-15 11:35:41.315  1653  1653 V CAR.InitTiming: CarTelemetryService took to complete: 0ms
09-15 11:35:41.317  1653  1796 I CarWatchdogService: Read 0 not forgiven overuse stats from database
09-15 11:35:41.318  1281  1505 D CompatibilityChangeReporter: Compat change id reported: 135634846; UID 1000; state: DISABLED
09-15 11:35:41.318  1281  1505 D CompatibilityChangeReporter: Compat change id reported: 177438394; UID 1000; state: DISABLED
09-15 11:35:41.318  1281  1505 D CompatibilityChangeReporter: Compat change id reported: 135772972; UID 1000; state: DISABLED
09-15 11:35:41.319  1281  1505 D CompatibilityChangeReporter: Compat change id reported: 135754954; UID 1000; state: ENABLED
09-15 11:35:41.320  1653  1653 V CAR.InitTiming: CarExperimentalFeatureServiceController took to complete: 5ms
09-15 11:35:41.320  1653  1653 V CAR.InitTiming: CarOemService.initComplete took to complete: 0ms
09-15 11:35:41.320  1653  1653 V CAR.InitTiming: CarService.initAllServices took to complete: 112ms
09-15 11:35:41.320  1653  1653 V CAR.InitTiming: ICarImpl.init took to complete: 112ms
09-15 11:35:41.324  1653  1653 V CAR.InitTiming: CarService.onCreate took to complete: 283ms
01-01 05:30:28.916     0     0 I init    : processing action (boot.car_service_created=1) from (/system/etc/init/com.android.car.procfsinspector.rc:7)
01-01 05:30:28.917     0     0 I init    : starting service 'com.android.car.procfsinspector'...
09-15 11:35:41.328  1281  1307 I DropBoxManagerService: add tag=system_app_strictmode isTagEnabled=true flags=0x2
09-15 11:35:41.330  1281  1316 I ActivityManager: Start proc 1805:com.android.experimentalcar/1000 for service {com.android.experimentalcar/com.android.experimentalcar.ExperimentalCarService}
09-15 11:35:41.331  1281  1307 I DropBoxManagerService: add tag=system_app_strictmode isTagEnabled=true flags=0x2
09-15 11:35:41.332  1281  1610 V SLog    : static_init took to complete: 0ms
09-15 11:35:41.332  1281  1610 I CarServiceHelper: **CarService connected**
01-01 05:30:28.925     0     0 I init    : ... started service 'com.android.car.procfsinspector' has pid 1804
01-01 05:30:28.925     0     0 I init    : processing action (boot.car_service_created=1) from (/system/etc/init/init.bootstat.car.rc:6)
01-01 05:30:28.926     0     0 I init    : starting service 'exec 34 (/system/bin/bootstat -r car_service_created)'...
09-15 11:35:41.337  1653  1653 D UpdatablePackageContext: No eligible RRO package to enable.
09-15 11:35:41.340  1653  1653 I CarPerUserServiceImpl: created for user UserHandle{0}
01-01 05:30:28.935     0     0 I init    : ... started service 'exec 34 (/system/bin/bootstat -r car_service_created)' has pid 1806
01-01 05:30:28.935     0     0 I init    : SVC_EXEC service 'exec 34 (/system/bin/bootstat -r car_service_created)' pid 1806 (uid 1000 gid 1007+0 context default) started; waiting...
09-15 11:35:41.342  1653  1691 I CarUserService: Setting UX restricted to false
09-15 11:35:41.344  1653  1653 D CAR.FastPairProvider: Try to configure by get property
09-15 11:35:41.347  1281  1281 V PackageManager: reconcileAppsData finished 175 packages
09-15 11:35:41.347  1281  1281 V SystemServerTiming: reconcileAppsData took to complete: 231ms
09-15 11:35:41.347  1281  1281 V SystemServerTiming: onBeforeStartUser-0 took to complete: 308ms
09-15 11:35:41.347  1281  1281 V SystemServerTiming: updateStateBooting took to complete: 308ms
09-15 11:35:41.347  1281  1281 D SystemServerTiming: sendMessages
09-15 11:35:41.348  1281  1281 V SystemServerTiming: sendMessages took to complete: 0ms
09-15 11:35:41.348  1281  1281 D SystemServerTiming: finishUserBoot
09-15 11:35:41.348  1281  1281 I ActivityManager: User 0 state changed from BOOTING to RUNNING_LOCKED
09-15 11:35:41.348  1281  1315 D SystemServerTimingAsync: ssm.StartUser-0
09-15 11:35:41.348  1281  1315 I SystemServiceManager: Calling onStartUser 0
09-15 11:35:41.348  1281  1315 D SystemServerTimingAsync: ssm.onStartUser-0_com.android.server.security.FileIntegrityService
09-15 11:35:41.348  1281  1315 V SystemServerTimingAsync: ssm.onStartUser-0_com.android.server.security.FileIntegrityService took to complete: 0ms
09-15 11:35:41.348  1281  1315 D SystemServerTimingAsync: ssm.onStartUser-0_com.android.server.pm.Installer
09-15 11:35:41.348  1281  1315 V SystemServerTimingAsync: ssm.onStartUser-0_com.android.server.pm.Installer took to complete: 0ms
09-15 11:35:41.348  1281  1315 D SystemServerTimingAsync: ssm.onStartUser-0_com.android.server.os.DeviceIdentifiersPolicyService
09-15 11:35:41.348  1281  1315 V SystemServerTimingAsync: ssm.onStartUser-0_com.android.server.os.DeviceIdentifiersPolicyService took to complete: 0ms
09-15 11:35:41.348  1281  1315 D SystemServerTimingAsync: ssm.onStartUser-0_com.android.server.uri.UriGrantsManagerService$Lifecycle
09-15 11:35:41.348  1281  1315 V SystemServerTimingAsync: ssm.onStartUser-0_com.android.server.uri.UriGrantsManagerService$Lifecycle took to complete: 0ms
09-15 11:35:41.348  1281  1315 D SystemServerTimingAsync: ssm.onStartUser-0_com.android.server.powerstats.PowerStatsService
09-15 11:35:41.348  1281  1315 V SystemServerTimingAsync: ssm.onStartUser-0_com.android.server.powerstats.PowerStatsService took to complete: 0ms
09-15 11:35:41.348  1281  1315 D SystemServerTimingAsync: ssm.onStartUser-0_com.android.server.permission.access.AccessCheckingService
09-15 11:35:41.348  1281  1315 V SystemServerTimingAsync: ssm.onStartUser-0_com.android.server.permission.access.AccessCheckingService took to complete: 0ms
09-15 11:35:41.348  1281  1315 D SystemServerTimingAsync: ssm.onStartUser-0_com.android.server.wm.ActivityTaskManagerService$Lifecycle
09-15 11:35:41.348  1281  1315 V SystemServerTimingAsync: ssm.onStartUser-0_com.android.server.wm.ActivityTaskManagerService$Lifecycle took to complete: 0ms
09-15 11:35:41.348  1281  1315 D SystemServerTimingAsync: ssm.onStartUser-0_com.android.server.am.ActivityManagerService$Lifecycle
09-15 11:35:41.348  1281  1315 V SystemServerTimingAsync: ssm.onStartUser-0_com.android.server.am.ActivityManagerService$Lifecycle took to complete: 0ms
09-15 11:35:41.348  1281  1315 D SystemServerTimingAsync: ssm.onStartUser-0_com.android.server.pm.DataLoaderManagerService
09-15 11:35:41.348  1281  1315 V SystemServerTimingAsync: ssm.onStartUser-0_com.android.server.pm.DataLoaderManagerService took to complete: 0ms
09-15 11:35:41.348  1281  1315 D SystemServerTimingAsync: ssm.onStartUser-0_com.android.server.power.PowerManagerService
09-15 11:35:41.348  1281  1315 V SystemServerTimingAsync: ssm.onStartUser-0_com.android.server.power.PowerManagerService took to complete: 0ms
09-15 11:35:41.348  1281  1315 D SystemServerTimingAsync: ssm.onStartUser-0_com.android.server.power.ThermalManagerService
09-15 11:35:41.348  1281  1315 V SystemServerTimingAsync: ssm.onStartUser-0_com.android.server.power.ThermalManagerService took to complete: 0ms
09-15 11:35:41.348  1281  1315 D SystemServerTimingAsync: ssm.onStartUser-0_com.android.server.power.hint.HintManagerService
09-15 11:35:41.348  1281  1315 V SystemServerTimingAsync: ssm.onStartUser-0_com.android.server.power.hint.HintManagerService took to complete: 0ms
09-15 11:35:41.348  1281  1315 D SystemServerTimingAsync: ssm.onStartUser-0_com.android.server.recoverysystem.RecoverySystemService$Lifecycle
09-15 11:35:41.348  1281  1315 V SystemServerTimingAsync: ssm.onStartUser-0_com.android.server.recoverysystem.RecoverySystemService$Lifecycle took to complete: 0ms
09-15 11:35:41.348  1281  1315 D SystemServerTimingAsync: ssm.onStartUser-0_com.android.server.lights.LightsService
09-15 11:35:41.348  1281  1315 V SystemServerTimingAsync: ssm.onStartUser-0_com.android.server.lights.LightsService took to complete: 0ms
09-15 11:35:41.348  1281  1315 D SystemServerTimingAsync: ssm.onStartUser-0_com.android.server.display.DisplayManagerService
09-15 11:35:41.348  1281  1315 V SystemServerTimingAsync: ssm.onStartUser-0_com.android.server.display.DisplayManagerService took to complete: 0ms
09-15 11:35:41.348  1281  1315 D SystemServerTimingAsync: ssm.onStartUser-0_com.android.server.pm.verify.domain.DomainVerificationService
09-15 11:35:41.348  1281  1315 V SystemServerTimingAsync: ssm.onStartUser-0_com.android.server.pm.verify.domain.DomainVerificationService took to complete: 0ms
09-15 11:35:41.348  1281  1315 D SystemServerTimingAsync: ssm.onStartUser-0_com.android.server.pm.PackageInstallerService$Lifecycle
09-15 11:35:41.348  1281  1315 V SystemServerTimingAsync: ssm.onStartUser-0_com.android.server.pm.PackageInstallerService$Lifecycle took to complete: 0ms
09-15 11:35:41.348  1281  1315 D SystemServerTimingAsync: ssm.onStartUser-0_com.android.server.pm.UserManagerService$LifeCycle
09-15 11:35:41.349  1281  1315 V SystemServerTimingAsync: ssm.onStartUser-0_com.android.server.pm.UserManagerService$LifeCycle took to complete: 0ms
09-15 11:35:41.349  1281  1315 D SystemServerTimingAsync: ssm.onStartUser-0_com.android.server.om.OverlayManagerService
09-15 11:35:41.349  1281  1505 I CarDevicePolicySafetyChecker: Setting safe to true
09-15 11:35:41.350  1281  1281 I ActivityManager: Not unlocking user 0 yet because boot hasn't completed
09-15 11:35:41.350  1281  1281 V SystemServerTiming: finishUserBoot took to complete: 2ms
09-15 11:35:41.350  1281  1281 D SystemServerTiming: sendRestartBroadcast
09-15 11:35:41.351  1281  1281 V SystemServerTiming: sendRestartBroadcast took to complete: 0ms
09-15 11:35:41.351  1281  1281 V SystemServerTiming: UserController.startUser-0-bg-start-mode-2 took to complete: 311ms
09-15 11:35:41.351  1281  1281 V SystemServerTiming: am.startUser took to complete: 311ms
09-15 11:35:41.351  1281  1281 V SystemServerTiming: unlock-system-user took to complete: 311ms
09-15 11:35:41.351  1281  1281 D SystemServerTiming: getBootUser
09-15 11:35:41.351  1281  1281 D SystemServerTiming: wait-boot-user
09-15 11:35:41.351  1281  1281 V SystemServerTiming: wait-boot-user took to complete: 1ms
09-15 11:35:41.351  1281  1281 I UserManagerService: Using provided boot user: 10
09-15 11:35:41.351  1281  1281 V SystemServerTiming: getBootUser took to complete: 1ms
09-15 11:35:41.351  1281  1281 D SystemServerTiming: switchToBootUser-10
09-15 11:35:41.351  1281  1281 I HsumBootUserInitializer: Switching to boot user 10
09-15 11:35:41.351  1281  1281 D SystemServerTiming: UserController.startUser-10-fg-start-mode-1
09-15 11:35:41.351  1281  1281 D SystemServerTiming: getStartedUserState
09-15 11:35:41.351  1281  1281 V SystemServerTiming: getStartedUserState took to complete: 0ms
09-15 11:35:41.351  1281  1281 D SystemServerTiming: clearAllLockedTasks
09-15 11:35:41.352  1653  1653 W CAR.FastPairAccountKeyStorage: Loaded while user was not unlocked. Shared Preferences unavailable
09-15 11:35:41.352  1281  1803 I CarServiceProxy: CarService connected.
09-15 11:35:41.353  1281  1803 V CarServiceProxy: handleCarServiceConnection took to complete: 0ms
09-15 11:35:41.353  1653  1653 I CarServiceUtils: Starting HandlerThread:FastPairProvider
09-15 11:35:41.353  1281  1281 V SystemServerTiming: clearAllLockedTasks took to complete: 1ms
09-15 11:35:41.353  1281  1281 D SystemServerTiming: getUserInfo
09-15 11:35:41.353  1281  1281 V SystemServerTiming: getUserInfo took to complete: 0ms
09-15 11:35:41.353  1281  1281 D SystemServerTiming: assignUserToDisplayOnStart
09-15 11:35:41.353  1653  1691 D ICarImpl: initBootUser(): 
09-15 11:35:41.353  1281  1281 V SystemServerTiming: assignUserToDisplayOnStart took to complete: 0ms
09-15 11:35:41.353  1281  1281 D SystemServerTiming: updateStartedUserArrayStarting
09-15 11:35:41.356  1281  1281 V SystemServerTiming: updateStartedUserArrayStarting took to complete: 0ms
09-15 11:35:41.356  1281  1281 D SystemServerTiming: setUserState
09-15 11:35:41.357  1281  1281 V SystemServerTiming: setUserState took to complete: 0ms
09-15 11:35:41.357  1281  1281 D SystemServerTiming: updateConfigurationAndProfileIds
09-15 11:35:41.360  1653  1653 D CarPerUserServiceImpl: onBind()
01-01 05:30:28.960     0     0 I binder  : 1804:1804 ioctl 40046210 7fc0361b10 returned -22
09-15 11:35:41.371  1653  1653 I OveruseConfigurationCache: Ignoring I/O overuse threshold for invalid component type: 3
01-01 05:30:28.968     0     0 I init    : Service 'exec 34 (/system/bin/bootstat -r car_service_created)' (pid 1806) exited with status 0 waiting took 0.037000 seconds
09-15 11:35:41.379  1281  1281 V SystemServerTiming: updateConfigurationAndProfileIds took to complete: 23ms
09-15 11:35:41.379  1281  1281 D SystemServerTiming: updateStateBooting
09-15 11:35:41.379  1281  1281 D SystemServerTiming: onBeforeStartUser-10
09-15 11:35:41.379  1281  1281 D SystemServerTiming: prepareUserData
09-15 11:35:41.380   485   485 D vold    : fscrypt_prepare_user_storage for volume null, user 10, serial 10, flags 1
09-15 11:35:41.380   485   485 D vold    : Preparing: /data/system/users/10
01-01 05:30:28.974     0     0 I binder  : 1805:1805 ioctl 40046210 7ff1e45740 returned -22
09-15 11:35:41.381  1653  1786 W CAR.FastPairProvider: Fast Pair Provider not configured, disabling, model=0, key=N/A
09-15 11:35:41.381   485   485 D vold    : Preparing: /data/misc/profiles/cur/10
09-15 11:35:41.381  1653  1786 I CarServiceUtils: Starting HandlerThread:CarBluetoothService
09-15 11:35:41.382   485   485 D vold    : Preparing: /data/system_de/10
09-15 11:35:41.383   485   485 I vold    : Verified that /data/system_de/10 has the encryption policy 824f91e40fcd43535d4c66df9e746d19 v2 modes 1/4 flags 0x12
09-15 11:35:41.383   485   485 D vold    : Preparing: /data/vendor_de/10
09-15 11:35:41.384   485   485 I vold    : Verified that /data/vendor_de/10 has the encryption policy 824f91e40fcd43535d4c66df9e746d19 v2 modes 1/4 flags 0x12
09-15 11:35:41.384   485   485 D vold    : Preparing: /data/misc_de/10
09-15 11:35:41.385   485   485 I vold    : Verified that /data/misc_de/10 has the encryption policy 824f91e40fcd43535d4c66df9e746d19 v2 modes 1/4 flags 0x12
09-15 11:35:41.385   485   485 D vold    : Preparing: /data/user_de/10
09-15 11:35:41.385   485   485 I vold    : Verified that /data/user_de/10 has the encryption policy 824f91e40fcd43535d4c66df9e746d19 v2 modes 1/4 flags 0x12
09-15 11:35:41.385   485   485 D vold    : /system/bin/vold_prepare_subdirs
09-15 11:35:41.385   485   485 D vold    :     prepare
09-15 11:35:41.385   485   485 D vold    :     
09-15 11:35:41.385   485   485 D vold    :     10
09-15 11:35:41.385   485   485 D vold    :     1
09-15 11:35:41.392  1281  1504 D GameManagerService: User ID '0' does not have a Game Mode selected for package: 'com.android.experimentalcar'
09-15 11:35:41.392  1281  1504 D CompatibilityChangeReporter: Compat change id reported: 168419799; UID 1000; state: DISABLED
09-15 11:35:41.393  1281  1504 D CompatibilityChangeReporter: Compat change id reported: 273564678; UID 1000; state: DISABLED
09-15 11:35:41.408  1653  1786 E CarPropertyService: registerListenerSafe() failed for property ID: SEAT_OCCUPANCY updateRateHz: 0.000000
09-15 11:35:41.408  1653  1786 E CarPropertyService: java.lang.IllegalArgumentException: property ID is not in carPropertyConfig list, and so it is not supported: SEAT_OCCUPANCY
09-15 11:35:41.408  1653  1786 E CarPropertyService: 	at com.android.internal.util.Preconditions.checkArgument(Preconditions.java:77)
09-15 11:35:41.408  1653  1786 E CarPropertyService: 	at com.android.car.CarPropertyService.assertConfigIsNotNull(CarPropertyService.java:939)
09-15 11:35:41.408  1653  1786 E CarPropertyService: 	at com.android.car.CarPropertyService.validateRegisterParameter(CarPropertyService.java:982)
09-15 11:35:41.408  1653  1786 E CarPropertyService: 	at com.android.car.CarPropertyService.registerListener(CarPropertyService.java:333)
09-15 11:35:41.408  1653  1786 E CarPropertyService: 	at com.android.car.CarPropertyService.registerListenerSafe(CarPropertyService.java:386)
09-15 11:35:41.408  1653  1786 E CarPropertyService: 	at com.android.car.bluetooth.BluetoothDeviceConnectionPolicy$CarServicesHelper.init(BluetoothDeviceConnectionPolicy.java:124)
09-15 11:35:41.408  1653  1786 E CarPropertyService: 	at com.android.car.bluetooth.BluetoothDeviceConnectionPolicy.init(BluetoothDeviceConnectionPolicy.java:302)
09-15 11:35:41.408  1653  1786 E CarPropertyService: 	at com.android.car.bluetooth.CarBluetoothService.createBluetoothDeviceConnectionPolicyLocked(CarBluetoothService.java:412)
09-15 11:35:41.408  1653  1786 E CarPropertyService: 	at com.android.car.bluetooth.CarBluetoothService.initializeUserLocked(CarBluetoothService.java:209)
09-15 11:35:41.408  1653  1786 E CarPropertyService: 	at com.android.car.bluetooth.CarBluetoothService.-$$Nest$minitializeUserLocked(Unknown Source:0)
09-15 11:35:41.408  1653  1786 E CarPropertyService: 	at com.android.car.bluetooth.CarBluetoothService$1.onServiceConnected(CarBluetoothService.java:114)
09-15 11:35:41.408  1653  1786 E CarPropertyService: 	at com.android.car.CarPerUserServiceHelper$1.lambda$onServiceConnected$0(CarPerUserServiceHelper.java:147)
09-15 11:35:41.408  1653  1786 E CarPropertyService: 	at com.android.car.CarPerUserServiceHelper$1.$r8$lambda$mnN8yDLI0Nb_046mdQ_M7_baowE(Unknown Source:0)
09-15 11:35:41.408  1653  1786 E CarPropertyService: 	at com.android.car.CarPerUserServiceHelper$1$$ExternalSyntheticLambda0.run(Unknown Source:4)
09-15 11:35:41.408  1653  1786 E CarPropertyService: 	at android.os.Handler.handleCallback(Handler.java:958)
09-15 11:35:41.408  1653  1786 E CarPropertyService: 	at android.os.Handler.dispatchMessage(Handler.java:99)
09-15 11:35:41.408  1653  1786 E CarPropertyService: 	at android.os.Looper.loopOnce(Looper.java:205)
09-15 11:35:41.408  1653  1786 E CarPropertyService: 	at android.os.Looper.loop(Looper.java:294)
09-15 11:35:41.408  1653  1786 E CarPropertyService: 	at android.os.HandlerThread.run(HandlerThread.java:67)
09-15 11:35:41.408  1653  1797 V CAR.TELEMETRY: init took to complete: 93ms
09-15 11:35:41.411  1653  1797 D CAR.TELEMETRY: Data from the previous session is not found. Quitting.
09-15 11:35:41.412  1281  1315 W SystemServiceManager: Service com.android.server.om.OverlayManagerService took 64 ms in onStartUser-0
09-15 11:35:41.412  1281  1315 V SystemServerTimingAsync: ssm.onStartUser-0_com.android.server.om.OverlayManagerService took to complete: 64ms
09-15 11:35:41.412  1281  1315 D SystemServerTimingAsync: ssm.onStartUser-0_com.android.server.resources.ResourcesManagerService
09-15 11:35:41.412  1281  1315 V SystemServerTimingAsync: ssm.onStartUser-0_com.android.server.resources.ResourcesManagerService took to complete: 0ms
09-15 11:35:41.412  1281  1315 D SystemServerTimingAsync: ssm.onStartUser-0_com.android.server.sensorprivacy.SensorPrivacyService
09-15 11:35:41.420  1281  1315 V SystemServerTimingAsync: ssm.onStartUser-0_com.android.server.sensorprivacy.SensorPrivacyService took to complete: 7ms
09-15 11:35:41.420  1281  1315 D SystemServerTimingAsync: ssm.onStartUser-0_com.android.server.sensors.SensorService
09-15 11:35:41.420  1281  1315 V SystemServerTimingAsync: ssm.onStartUser-0_com.android.server.sensors.SensorService took to complete: 0ms
09-15 11:35:41.420  1281  1315 D SystemServerTimingAsync: ssm.onStartUser-0_com.android.server.SystemConfigService
09-15 11:35:41.420  1281  1315 V SystemServerTimingAsync: ssm.onStartUser-0_com.android.server.SystemConfigService took to complete: 0ms
09-15 11:35:41.420  1281  1315 D SystemServerTimingAsync: ssm.onStartUser-0_com.android.server.BatteryService
09-15 11:35:41.420  1281  1315 V SystemServerTimingAsync: ssm.onStartUser-0_com.android.server.BatteryService took to complete: 0ms
09-15 11:35:41.420  1281  1315 D SystemServerTimingAsync: ssm.onStartUser-0_com.android.server.usage.UsageStatsService
09-15 11:35:41.420  1281  1315 V SystemServerTimingAsync: ssm.onStartUser-0_com.android.server.usage.UsageStatsService took to complete: 0ms
09-15 11:35:41.420  1281  1315 D SystemServerTimingAsync: ssm.onStartUser-0_com.android.server.webkit.WebViewUpdateService
09-15 11:35:41.420  1281  1315 V SystemServerTimingAsync: ssm.onStartUser-0_com.android.server.webkit.WebViewUpdateService took to complete: 0ms
09-15 11:35:41.420  1281  1315 D SystemServerTimingAsync: ssm.onStartUser-0_com.android.server.CachedDeviceStateService
09-15 11:35:41.420  1281  1315 V SystemServerTimingAsync: ssm.onStartUser-0_com.android.server.CachedDeviceStateService took to complete: 0ms
09-15 11:35:41.420  1281  1315 D SystemServerTimingAsync: ssm.onStartUser-0_com.android.server.BinderCallsStatsService$LifeCycle
09-15 11:35:41.420  1281  1315 V SystemServerTimingAsync: ssm.onStartUser-0_com.android.server.BinderCallsStatsService$LifeCycle took to complete: 0ms
09-15 11:35:41.420  1281  1315 D SystemServerTimingAsync: ssm.onStartUser-0_com.android.server.LooperStatsService$Lifecycle
09-15 11:35:41.420  1281  1315 V SystemServerTimingAsync: ssm.onStartUser-0_com.android.server.LooperStatsService$Lifecycle took to complete: 0ms
09-15 11:35:41.420  1281  1315 D SystemServerTimingAsync: ssm.onStartUser-0_com.android.server.rollback.RollbackManagerService
09-15 11:35:41.420  1281  1315 V SystemServerTimingAsync: ssm.onStartUser-0_com.android.server.rollback.RollbackManagerService took to complete: 0ms
09-15 11:35:41.420  1281  1315 D SystemServerTimingAsync: ssm.onStartUser-0_com.android.server.os.NativeTombstoneManagerService
09-15 11:35:41.420  1281  1315 V SystemServerTimingAsync: ssm.onStartUser-0_com.android.server.os.NativeTombstoneManagerService took to complete: 0ms
09-15 11:35:41.420  1281  1315 D SystemServerTimingAsync: ssm.onStartUser-0_com.android.server.os.BugreportManagerService
09-15 11:35:41.420  1281  1315 V SystemServerTimingAsync: ssm.onStartUser-0_com.android.server.os.BugreportManagerService took to complete: 0ms
09-15 11:35:41.420  1281  1315 D SystemServerTimingAsync: ssm.onStartUser-0_com.android.server.gpu.GpuService
09-15 11:35:41.420  1281  1315 V SystemServerTimingAsync: ssm.onStartUser-0_com.android.server.gpu.GpuService took to complete: 0ms
09-15 11:35:41.420  1281  1315 D SystemServerTimingAsync: ssm.onStartUser-0_com.android.server.security.rkp.RemoteProvisioningService
09-15 11:35:41.420  1281  1315 V SystemServerTimingAsync: ssm.onStartUser-0_com.android.server.security.rkp.RemoteProvisioningService took to complete: 0ms
09-15 11:35:41.420  1281  1315 D SystemServerTimingAsync: ssm.onStartUser-0_com.android.server.cpu.CpuMonitorService
09-15 11:35:41.420  1281  1315 V SystemServerTimingAsync: ssm.onStartUser-0_com.android.server.cpu.CpuMonitorService took to complete: 0ms
09-15 11:35:41.420  1281  1315 D SystemServerTimingAsync: ssm.onStartUser-0_com.android.server.security.KeyChainSystemService
09-15 11:35:41.420  1281  1315 V SystemServerTimingAsync: ssm.onStartUser-0_com.android.server.security.KeyChainSystemService took to complete: 0ms
09-15 11:35:41.420  1281  1315 D SystemServerTimingAsync: ssm.onStartUser-0_com.android.server.BinaryTransparencyService
09-15 11:35:41.420  1281  1315 V SystemServerTimingAsync: ssm.onStartUser-0_com.android.server.BinaryTransparencyService took to complete: 0ms
09-15 11:35:41.420  1281  1315 D SystemServerTimingAsync: ssm.onStartUser-0_com.android.server.telecom.TelecomLoaderService
09-15 11:35:41.420  1281  1315 V SystemServerTimingAsync: ssm.onStartUser-0_com.android.server.telecom.TelecomLoaderService took to complete: 0ms
09-15 11:35:41.420  1281  1315 D SystemServerTimingAsync: ssm.onStartUser-0_com.android.server.accounts.AccountManagerService$Lifecycle
09-15 11:35:41.420  1281  1315 V SystemServerTimingAsync: ssm.onStartUser-0_com.android.server.accounts.AccountManagerService$Lifecycle took to complete: 0ms
09-15 11:35:41.420  1281  1315 D SystemServerTimingAsync: ssm.onStartUser-0_com.android.server.content.ContentService$Lifecycle
09-15 11:35:41.421  1281  1315 V SystemServerTimingAsync: ssm.onStartUser-0_com.android.server.content.ContentService$Lifecycle took to complete: 0ms
09-15 11:35:41.421  1281  1315 D SystemServerTimingAsync: ssm.onStartUser-0_com.android.server.deviceconfig.DeviceConfigInit$Lifecycle
09-15 11:35:41.421  1281  1315 V SystemServerTimingAsync: ssm.onStartUser-0_com.android.server.deviceconfig.DeviceConfigInit$Lifecycle took to complete: 0ms
09-15 11:35:41.421  1281  1315 D SystemServerTimingAsync: ssm.onStartUser-0_com.android.server.DropBoxManagerService
09-15 11:35:41.421  1281  1315 V SystemServerTimingAsync: ssm.onStartUser-0_com.android.server.DropBoxManagerService took to complete: 0ms
09-15 11:35:41.421  1281  1315 D SystemServerTimingAsync: ssm.onStartUser-0_com.android.role.RoleService
09-15 11:35:41.428  1281  1315 V SystemServerTimingAsync: ssm.onStartUser-0_com.android.role.RoleService took to complete: 8ms
09-15 11:35:41.428  1281  1315 D SystemServerTimingAsync: ssm.onStartUser-0_com.android.server.vibrator.VibratorManagerService$Lifecycle
09-15 11:35:41.428  1281  1315 V SystemServerTimingAsync: ssm.onStartUser-0_com.android.server.vibrator.VibratorManagerService$Lifecycle took to complete: 0ms
09-15 11:35:41.428  1281  1315 D SystemServerTimingAsync: ssm.onStartUser-0_com.android.server.tare.InternalResourceService
09-15 11:35:41.428  1281  1315 V SystemServerTimingAsync: ssm.onStartUser-0_com.android.server.tare.InternalResourceService took to complete: 0ms
09-15 11:35:41.428  1281  1315 D SystemServerTimingAsync: ssm.onStartUser-0_com.android.server.alarm.AlarmManagerService
09-15 11:35:41.429  1281  1315 V SystemServerTimingAsync: ssm.onStartUser-0_com.android.server.alarm.AlarmManagerService took to complete: 0ms
09-15 11:35:41.429  1281  1315 D SystemServerTimingAsync: ssm.onStartUser-0_com.android.server.devicestate.DeviceStateManagerService
09-15 11:35:41.429  1281  1315 V SystemServerTimingAsync: ssm.onStartUser-0_com.android.server.devicestate.DeviceStateManagerService took to complete: 0ms
09-15 11:35:41.429  1281  1315 D SystemServerTimingAsync: ssm.onStartUser-0_com.android.server.camera.CameraServiceProxy
09-15 11:35:41.430  1281  1315 W CameraService_proxy: Could not notify cameraserver, camera service not available.
09-15 11:35:41.430  1281  1315 I CameraService_proxy: Could not notify camera service of user switch, retrying...
09-15 11:35:41.430  1281  1315 V SystemServerTimingAsync: ssm.onStartUser-0_com.android.server.camera.CameraServiceProxy took to complete: 2ms
09-15 11:35:41.430  1281  1315 D SystemServerTimingAsync: ssm.onStartUser-0_com.android.server.bluetooth.BluetoothService
09-15 11:35:41.430  1281  1315 V SystemServerTimingAsync: ssm.onStartUser-0_com.android.server.bluetooth.BluetoothService took to complete: 0ms
09-15 11:35:41.430  1281  1315 D SystemServerTimingAsync: ssm.onStartUser-0_com.android.server.connectivity.IpConnectivityMetrics
09-15 11:35:41.430  1281  1315 V SystemServerTimingAsync: ssm.onStartUser-0_com.android.server.connectivity.IpConnectivityMetrics took to complete: 0ms
09-15 11:35:41.430  1281  1315 D SystemServerTimingAsync: ssm.onStartUser-0_com.android.server.net.watchlist.NetworkWatchlistService$Lifecycle
09-15 11:35:41.430  1281  1315 V SystemServerTimingAsync: ssm.onStartUser-0_com.android.server.net.watchlist.NetworkWatchlistService$Lifecycle took to complete: 0ms
09-15 11:35:41.431  1281  1315 D SystemServerTimingAsync: ssm.onStartUser-0_com.android.server.PinnerService
09-15 11:35:41.431  1281  1315 V SystemServerTimingAsync: ssm.onStartUser-0_com.android.server.PinnerService took to complete: 0ms
09-15 11:35:41.431  1281  1315 D SystemServerTimingAsync: ssm.onStartUser-0_com.android.server.ActivityTriggerService
09-15 11:35:41.431  1281  1315 V SystemServerTimingAsync: ssm.onStartUser-0_com.android.server.ActivityTriggerService took to complete: 0ms
09-15 11:35:41.431  1281  1315 D SystemServerTimingAsync: ssm.onStartUser-0_com.android.server.integrity.AppIntegrityManagerService
09-15 11:35:41.431  1281  1315 V SystemServerTimingAsync: ssm.onStartUser-0_com.android.server.integrity.AppIntegrityManagerService took to complete: 0ms
09-15 11:35:41.431  1281  1315 D SystemServerTimingAsync: ssm.onStartUser-0_com.android.server.logcat.LogcatManagerService
09-15 11:35:41.431  1281  1315 V SystemServerTimingAsync: ssm.onStartUser-0_com.android.server.logcat.LogcatManagerService took to complete: 0ms
09-15 11:35:41.431  1281  1315 D SystemServerTimingAsync: ssm.onStartUser-0_com.android.server.inputmethod.InputMethodManagerService$Lifecycle
09-15 11:35:41.431  1281  1315 V SystemServerTimingAsync: ssm.onStartUser-0_com.android.server.inputmethod.InputMethodManagerService$Lifecycle took to complete: 0ms
09-15 11:35:41.431  1281  1315 D SystemServerTimingAsync: ssm.onStartUser-0_com.android.server.accessibility.AccessibilityManagerService$Lifecycle
09-15 11:35:41.431  1281  1315 V SystemServerTimingAsync: ssm.onStartUser-0_com.android.server.accessibility.AccessibilityManagerService$Lifecycle took to complete: 0ms
09-15 11:35:41.431  1281  1315 D SystemServerTimingAsync: ssm.onStartUser-0_com.android.server.StorageManagerService$Lifecycle
09-15 11:35:41.434  1281  1315 V StorageManagerService: Package com.android.cts.priv.ctsshim does not have legacy storage
09-15 11:35:41.434  1281  1315 V StorageManagerService: Package com.qualcomm.qti.qcolor does not have legacy storage
09-15 11:35:41.434  1281  1315 V StorageManagerService: Package com.android.uwb.resources does not have legacy storage
09-15 11:35:41.434  1281  1315 V StorageManagerService: Package com.android.internal.display.cutout.emulation.corner does not have legacy storage
09-15 11:35:41.434  1281  1315 V StorageManagerService: Package com.android.adservices.api does not have legacy storage
09-15 11:35:41.434  1281  1315 V StorageManagerService: Package com.android.internal.display.cutout.emulation.double does not have legacy storage
09-15 11:35:41.434  1281  1315 V StorageManagerService: Package com.android.providers.telephony does not have legacy storage
09-15 11:35:41.435  1281  1315 V StorageManagerService: Package com.android.dynsystem does not have legacy storage
09-15 11:35:41.435  1281  1315 V StorageManagerService: Package android.car.cluster does not have legacy storage
09-15 11:35:41.435  1281  1315 V StorageManagerService: Package com.android.healthconnect.controller does not have legacy storage
09-15 11:35:41.435  1281  1315 V StorageManagerService: Package com.google.android.car.kitchensink does not have legacy storage
09-15 11:35:41.435  1281  1315 V StorageManagerService: Package com.android.providers.media does not have legacy storage
09-15 11:35:41.435  1281  1315 V StorageManagerService: Package com.qti.service.colorservice does not have legacy storage
09-15 11:35:41.435  1281  1315 V StorageManagerService: Package com.android.health.connect.backuprestore does not have legacy storage
09-15 11:35:41.435  1281  1315 V StorageManagerService: Package com.android.internal.systemui.navbar.gestural_wide_back does not have legacy storage
09-15 11:35:41.435  1281  1315 V StorageManagerService: Package com.qualcomm.qti.xrwifi does not have legacy storage
09-15 11:35:41.435  1281  1315 V StorageManagerService: Package com.qualcomm.qti.server.qtiwifi does not have legacy storage
09-15 11:35:41.435  1281  1315 V StorageManagerService: Package com.android.virtualmachine.res does not have legacy storage
09-15 11:35:41.437  1281  1315 V StorageManagerService: Package com.qualcomm.qti.simcontacts does not have legacy storage
09-15 11:35:41.437  1281  1315 V StorageManagerService: Package com.qualcomm.qti.modemtestmode does not have legacy storage
09-15 11:35:41.437  1281  1315 V StorageManagerService: Package com.android.car.media does not have legacy storage
09-15 11:35:41.437  1281  1315 V StorageManagerService: Package com.android.car.radio does not have legacy storage
09-15 11:35:41.437  1281  1315 V StorageManagerService: Package org.codeaurora.dialer does not have legacy storage
09-15 11:35:41.437  1281  1315 V StorageManagerService: Package com.android.documentsui does not have legacy storage
09-15 11:35:41.437  1281  1315 V StorageManagerService: Package com.android.externalstorage does not have legacy storage
09-15 11:35:41.437  1281  1315 V StorageManagerService: Package com.qualcomm.uimremoteclient does not have legacy storage
09-15 11:35:41.437  1281  1315 V StorageManagerService: Package com.android.htmlviewer does not have legacy storage
09-15 11:35:41.437  1281  1315 V StorageManagerService: Package com.android.companiondevicemanager does not have legacy storage
09-15 11:35:41.437  1281  1315 V StorageManagerService: Package com.android.mms.service does not have legacy storage
09-15 11:35:41.437  1281  1315 V StorageManagerService: Package com.android.car.activityresolver does not have legacy storage
09-15 11:35:41.437  1281  1315 V StorageManagerService: Package com.qualcomm.qti.qms.service.connectionsecurity does not have legacy storage
09-15 11:35:41.438  1281  1315 V StorageManagerService: Package com.android.providers.downloads does not have legacy storage
09-15 11:35:41.438  1281  1315 V StorageManagerService: Package com.android.federatedcompute.services does not have legacy storage
09-15 11:35:41.438  1281  1315 V StorageManagerService: Package vendor.qti.hardware.cacert.server does not have legacy storage
09-15 11:35:41.438  1281  1315 V StorageManagerService: Package com.quicinc.voice.activation does not have legacy storage
09-15 11:35:41.438  1281  1315 V StorageManagerService: Package com.qualcomm.qti.telephonyservice does not have legacy storage
09-15 11:35:41.438  1281  1315 V StorageManagerService: Package com.android.car.updatable.overlay.common does not have legacy storage
09-15 11:35:41.438  1281  1315 V StorageManagerService: Package com.qualcomm.qti.performancemode does not have legacy storage
09-15 11:35:41.438  1281  1315 V StorageManagerService: Package org.codeaurora.bluetooth.bttestapp does not have legacy storage
09-15 11:35:41.438  1281  1315 V StorageManagerService: Package com.qualcomm.qti.ridemodeaudio does not have legacy storage
09-15 11:35:41.438  1281  1315 V StorageManagerService: Package vendor.qti.iwlan does not have legacy storage
09-15 11:35:41.438  1281  1315 V StorageManagerService: Package com.qualcomm.qti.optinoverlay does not have legacy storage
09-15 11:35:41.438  1281  1315 V StorageManagerService: Package com.android.car.provision does not have legacy storage
09-15 11:35:41.438  1281  1315 V StorageManagerService: Package com.android.soundrecorder does not have legacy storage
09-15 11:35:41.438  1281  1315 V StorageManagerService: Package com.qualcomm.uimremoteserver does not have legacy storage
09-15 11:35:41.438  1281  1315 V StorageManagerService: Package com.qti.confuridialer does not have legacy storage
09-15 11:35:41.438  1281  1315 V StorageManagerService: Package android.qvaoverlay.common does not have legacy storage
09-15 11:35:41.438  1281  1315 V StorageManagerService: Package com.android.safetycenter.resources does not have legacy storage
09-15 11:35:41.438  1281  1315 V StorageManagerService: Package com.android.providers.downloads.ui does not have legacy storage
09-15 11:35:41.438  1281  1315 V StorageManagerService: Package com.android.pacprocessor does not have legacy storage
09-15 11:35:41.439  1281  1315 V StorageManagerService: Package com.android.simappdialog does not have legacy storage
09-15 11:35:41.439  1281  1315 V StorageManagerService: Package com.android.networkstack does not have legacy storage
09-15 11:35:41.439  1281  1315 V StorageManagerService: Package android.overlay.common does not have legacy storage
09-15 11:35:41.439  1281  1315 V StorageManagerService: Package com.android.connectivity.resources does not have legacy storage
09-15 11:35:41.439  1281  1315 V StorageManagerService: Package com.android.internal.display.cutout.emulation.hole does not have legacy storage
