09-15 11:35:40.821  1281  1281 V SystemServerTiming: OnBootPhase_600_com.android.server.deviceconfig.DeviceConfigInit$Lifecycle took to complete: 0ms
09-15 11:35:40.821  1281  1281 D SystemServerTiming: OnBootPhase_600_com.android.server.DropBoxManagerService
09-15 11:35:40.821  1281  1281 V SystemServerTiming: OnBootPhase_600_com.android.server.DropBoxManagerService took to complete: 0ms
09-15 11:35:40.821  1281  1281 D SystemServerTiming: OnBootPhase_600_com.android.role.RoleService
09-15 11:35:40.821  1281  1281 V SystemServerTiming: OnBootPhase_600_com.android.role.RoleService took to complete: 0ms
09-15 11:35:40.821  1281  1281 D SystemServerTiming: OnBootPhase_600_com.android.server.vibrator.VibratorManagerService$Lifecycle
09-15 11:35:40.821  1281  1281 V SystemServerTiming: OnBootPhase_600_com.android.server.vibrator.VibratorManagerService$Lifecycle took to complete: 0ms
09-15 11:35:40.821  1281  1281 D SystemServerTiming: OnBootPhase_600_com.android.server.tare.InternalResourceService
09-15 11:35:40.821  1281  1281 V SystemServerTiming: OnBootPhase_600_com.android.server.tare.InternalResourceService took to complete: 0ms
09-15 11:35:40.821  1281  1281 D SystemServerTiming: OnBootPhase_600_com.android.server.alarm.AlarmManagerService
09-15 11:35:40.821  1281  1281 V SystemServerTiming: OnBootPhase_600_com.android.server.alarm.AlarmManagerService took to complete: 0ms
09-15 11:35:40.821  1281  1281 D SystemServerTiming: OnBootPhase_600_com.android.server.devicestate.DeviceStateManagerService
09-15 11:35:40.821  1281  1281 V SystemServerTiming: OnBootPhase_600_com.android.server.devicestate.DeviceStateManagerService took to complete: 0ms
09-15 11:35:40.821  1281  1281 D SystemServerTiming: OnBootPhase_600_com.android.server.camera.CameraServiceProxy
09-15 11:35:40.821  1281  1281 V SystemServerTiming: OnBootPhase_600_com.android.server.camera.CameraServiceProxy took to complete: 0ms
09-15 11:35:40.821  1281  1281 D SystemServerTiming: OnBootPhase_600_com.android.server.bluetooth.BluetoothService
09-15 11:35:40.821  1281  1281 V SystemServerTiming: OnBootPhase_600_com.android.server.bluetooth.BluetoothService took to complete: 0ms
09-15 11:35:40.821  1281  1281 D SystemServerTiming: OnBootPhase_600_com.android.server.connectivity.IpConnectivityMetrics
09-15 11:35:40.821  1281  1281 V SystemServerTiming: OnBootPhase_600_com.android.server.connectivity.IpConnectivityMetrics took to complete: 0ms
09-15 11:35:40.821  1281  1281 D SystemServerTiming: OnBootPhase_600_com.android.server.net.watchlist.NetworkWatchlistService$Lifecycle
09-15 11:35:40.821  1281  1281 V SystemServerTiming: OnBootPhase_600_com.android.server.net.watchlist.NetworkWatchlistService$Lifecycle took to complete: 0ms
09-15 11:35:40.821  1281  1281 D SystemServerTiming: OnBootPhase_600_com.android.server.PinnerService
09-15 11:35:40.821  1281  1281 V SystemServerTiming: OnBootPhase_600_com.android.server.PinnerService took to complete: 0ms
09-15 11:35:40.821  1281  1281 D SystemServerTiming: OnBootPhase_600_com.android.server.ActivityTriggerService
09-15 11:35:40.821  1281  1281 V SystemServerTiming: OnBootPhase_600_com.android.server.ActivityTriggerService took to complete: 0ms
09-15 11:35:40.821  1281  1281 D SystemServerTiming: OnBootPhase_600_com.android.server.integrity.AppIntegrityManagerService
09-15 11:35:40.821  1281  1281 V SystemServerTiming: OnBootPhase_600_com.android.server.integrity.AppIntegrityManagerService took to complete: 0ms
09-15 11:35:40.821  1281  1281 D SystemServerTiming: OnBootPhase_600_com.android.server.logcat.LogcatManagerService
09-15 11:35:40.821  1281  1281 V SystemServerTiming: OnBootPhase_600_com.android.server.logcat.LogcatManagerService took to complete: 0ms
09-15 11:35:40.821  1281  1281 D SystemServerTiming: OnBootPhase_600_com.android.server.inputmethod.InputMethodManagerService$Lifecycle
09-15 11:35:40.821  1281  1281 V SystemServerTiming: OnBootPhase_600_com.android.server.inputmethod.InputMethodManagerService$Lifecycle took to complete: 0ms
09-15 11:35:40.821  1281  1281 D SystemServerTiming: OnBootPhase_600_com.android.server.accessibility.AccessibilityManagerService$Lifecycle
09-15 11:35:40.823  1281  1281 V SystemServerTiming: OnBootPhase_600_com.android.server.accessibility.AccessibilityManagerService$Lifecycle took to complete: 2ms
09-15 11:35:40.823  1281  1281 D SystemServerTiming: OnBootPhase_600_com.android.server.StorageManagerService$Lifecycle
09-15 11:35:40.823  1281  1281 V SystemServerTiming: OnBootPhase_600_com.android.server.StorageManagerService$Lifecycle took to complete: 0ms
09-15 11:35:40.823  1281  1281 D SystemServerTiming: OnBootPhase_600_com.android.server.usage.StorageStatsService$Lifecycle
09-15 11:35:40.823  1281  1281 V SystemServerTiming: OnBootPhase_600_com.android.server.usage.StorageStatsService$Lifecycle took to complete: 0ms
09-15 11:35:40.823  1281  1281 D SystemServerTiming: OnBootPhase_600_com.android.server.UiModeManagerService
09-15 11:35:40.823  1281  1281 V SystemServerTiming: OnBootPhase_600_com.android.server.UiModeManagerService took to complete: 0ms
09-15 11:35:40.823  1281  1281 D SystemServerTiming: OnBootPhase_600_com.android.server.locales.LocaleManagerService
09-15 11:35:40.823  1281  1281 V SystemServerTiming: OnBootPhase_600_com.android.server.locales.LocaleManagerService took to complete: 0ms
09-15 11:35:40.823  1281  1281 D SystemServerTiming: OnBootPhase_600_com.android.server.grammaticalinflection.GrammaticalInflectionService
09-15 11:35:40.823  1281  1281 V SystemServerTiming: OnBootPhase_600_com.android.server.grammaticalinflection.GrammaticalInflectionService took to complete: 0ms
09-15 11:35:40.823  1281  1281 D SystemServerTiming: OnBootPhase_600_com.android.server.apphibernation.AppHibernationService
09-15 11:35:40.823  1281  1281 V SystemServerTiming: OnBootPhase_600_com.android.server.apphibernation.AppHibernationService took to complete: 0ms
09-15 11:35:40.823  1281  1281 D SystemServerTiming: OnBootPhase_600_com.android.server.locksettings.LockSettingsService$Lifecycle
09-15 11:35:40.823  1281  1281 V SystemServerTiming: OnBootPhase_600_com.android.server.locksettings.LockSettingsService$Lifecycle took to complete: 0ms
09-15 11:35:40.823  1281  1281 D SystemServerTiming: OnBootPhase_600_com.android.server.PersistentDataBlockService
09-15 11:35:40.823  1281  1281 V SystemServerTiming: OnBootPhase_600_com.android.server.PersistentDataBlockService took to complete: 0ms
09-15 11:35:40.823  1281  1281 D SystemServerTiming: OnBootPhase_600_com.android.server.testharness.TestHarnessModeService
09-15 11:35:40.823  1281  1281 V SystemServerTiming: OnBootPhase_600_com.android.server.testharness.TestHarnessModeService took to complete: 0ms
09-15 11:35:40.823  1281  1281 D SystemServerTiming: OnBootPhase_600_com.android.server.oemlock.OemLockService
09-15 11:35:40.823  1281  1281 V SystemServerTiming: OnBootPhase_600_com.android.server.oemlock.OemLockService took to complete: 0ms
09-15 11:35:40.823  1281  1281 D SystemServerTiming: OnBootPhase_600_com.android.server.DeviceIdleController
09-15 11:35:40.823  1281  1281 V SystemServerTiming: OnBootPhase_600_com.android.server.DeviceIdleController took to complete: 0ms
09-15 11:35:40.823  1281  1281 D SystemServerTiming: OnBootPhase_600_com.android.server.devicepolicy.DevicePolicyManagerService$Lifecycle
09-15 11:35:40.823  1281  1281 V SystemServerTiming: OnBootPhase_600_com.android.server.devicepolicy.DevicePolicyManagerService$Lifecycle took to complete: 0ms
09-15 11:35:40.823  1281  1281 D SystemServerTiming: OnBootPhase_600_com.android.server.texttospeech.TextToSpeechManagerService
09-15 11:35:40.824  1281  1281 V SystemServerTiming: OnBootPhase_600_com.android.server.texttospeech.TextToSpeechManagerService took to complete: 1ms
09-15 11:35:40.824  1281  1281 D SystemServerTiming: OnBootPhase_600_com.android.server.ambientcontext.AmbientContextManagerService
09-15 11:35:40.824  1281  1281 V SystemServerTiming: OnBootPhase_600_com.android.server.ambientcontext.AmbientContextManagerService took to complete: 0ms
09-15 11:35:40.824  1281  1281 D SystemServerTiming: OnBootPhase_600_com.android.server.wearable.WearableSensingManagerService
09-15 11:35:40.824  1281  1281 V SystemServerTiming: OnBootPhase_600_com.android.server.wearable.WearableSensingManagerService took to complete: 0ms
09-15 11:35:40.824  1281  1281 D SystemServerTiming: OnBootPhase_600_com.android.server.speech.SpeechRecognitionManagerService
09-15 11:35:40.824  1281  1281 V SystemServerTiming: OnBootPhase_600_com.android.server.speech.SpeechRecognitionManagerService took to complete: 0ms
09-15 11:35:40.824  1281  1281 D SystemServerTiming: OnBootPhase_600_com.android.server.searchui.SearchUiManagerService
09-15 11:35:40.825  1281  1281 V SystemServerTiming: OnBootPhase_600_com.android.server.searchui.SearchUiManagerService took to complete: 0ms
09-15 11:35:40.825  1281  1281 D SystemServerTiming: OnBootPhase_600_com.android.server.smartspace.SmartspaceManagerService
09-15 11:35:40.825  1281  1281 V SystemServerTiming: OnBootPhase_600_com.android.server.smartspace.SmartspaceManagerService took to complete: 1ms
09-15 11:35:40.825  1281  1281 D SystemServerTiming: OnBootPhase_600_com.android.server.graphics.fonts.FontManagerService$Lifecycle
09-15 11:35:40.825  1281  1281 V SystemServerTiming: OnBootPhase_600_com.android.server.graphics.fonts.FontManagerService$Lifecycle took to complete: 0ms
09-15 11:35:40.825  1281  1281 D SystemServerTiming: OnBootPhase_600_com.android.server.textservices.TextServicesManagerService$Lifecycle
09-15 11:35:40.825  1281  1281 V SystemServerTiming: OnBootPhase_600_com.android.server.textservices.TextServicesManagerService$Lifecycle took to complete: 0ms
09-15 11:35:40.825  1281  1281 D SystemServerTiming: OnBootPhase_600_com.android.server.NetworkScoreService$Lifecycle
09-15 11:35:40.825  1281  1281 V SystemServerTiming: OnBootPhase_600_com.android.server.NetworkScoreService$Lifecycle took to complete: 0ms
09-15 11:35:40.825  1281  1281 D SystemServerTiming: OnBootPhase_600_com.android.server.NetworkStatsServiceInitializer
09-15 11:35:40.825  1281  1281 V SystemServerTiming: OnBootPhase_600_com.android.server.NetworkStatsServiceInitializer took to complete: 0ms
09-15 11:35:40.825  1281  1281 D SystemServerTiming: OnBootPhase_600_com.android.server.wifi.WifiService
09-15 11:35:40.825  1281  1281 V SystemServerTiming: OnBootPhase_600_com.android.server.wifi.WifiService took to complete: 0ms
09-15 11:35:40.825  1281  1281 D SystemServerTiming: OnBootPhase_600_com.android.server.wifi.scanner.WifiScanningService
09-15 11:35:40.825  1281  1281 V SystemServerTiming: OnBootPhase_600_com.android.server.wifi.scanner.WifiScanningService took to complete: 0ms
09-15 11:35:40.825  1281  1281 D SystemServerTiming: OnBootPhase_600_com.android.server.wifi.rtt.RttService
09-15 11:35:40.825  1281  1281 V SystemServerTiming: OnBootPhase_600_com.android.server.wifi.rtt.RttService took to complete: 0ms
09-15 11:35:40.825  1281  1281 D SystemServerTiming: OnBootPhase_600_com.android.server.wifi.aware.WifiAwareService
09-15 11:35:40.825  1281  1281 V SystemServerTiming: OnBootPhase_600_com.android.server.wifi.aware.WifiAwareService took to complete: 0ms
09-15 11:35:40.825  1281  1281 D SystemServerTiming: OnBootPhase_600_com.android.server.wifi.p2p.WifiP2pService
09-15 11:35:40.825  1281  1281 V SystemServerTiming: OnBootPhase_600_com.android.server.wifi.p2p.WifiP2pService took to complete: 0ms
09-15 11:35:40.825  1281  1281 D SystemServerTiming: OnBootPhase_600_com.android.server.ConnectivityServiceInitializer
01-01 05:30:28.420     0     0 I binder  : 1635:1635 ioctl 40046210 ff7faac0 returned -22
09-15 11:35:40.828  1281  1316 W ActivityManager: Slow operation: 145ms so far, now at startProcess: returned from zygote!
09-15 11:35:40.829  1281  1316 W ActivityManager: Slow operation: 145ms so far, now at startProcess: done updating battery stats
09-15 11:35:40.829  1281  1316 W ActivityManager: Slow operation: 145ms so far, now at startProcess: building log message
09-15 11:35:40.829  1281  1316 I ActivityManager: Start proc 1653:com.android.car/1000 for service {com.android.car/com.android.car.CarService}
09-15 11:35:40.829  1281  1316 W ActivityManager: Slow operation: 146ms so far, now at startProcess: starting to update pids map
09-15 11:35:40.829  1281  1281 V SystemServerTiming: OnBootPhase_600_com.android.server.ConnectivityServiceInitializer took to complete: 4ms
09-15 11:35:40.829  1281  1316 W ActivityManager: Slow operation: 146ms so far, now at startProcess: done updating pids map
09-15 11:35:40.829  1281  1281 D SystemServerTiming: OnBootPhase_600_com.android.server.notification.NotificationManagerService
09-15 11:35:40.834  1281  1300 D GameManagerService: User ID '0' does not have a Game Mode selected for package: 'android'
09-15 11:35:40.835  1281  1300 D CompatibilityChangeReporter: Compat change id reported: 168419799; UID 1000; state: DISABLED
09-15 11:35:40.835  1281  1300 D CompatibilityChangeReporter: Compat change id reported: 273564678; UID 1000; state: DISABLED
01-01 05:30:28.428     0     0 I msm_vidc: high: 00000001: ....d: Opening video instance: 0000000065888d3f, 1
01-01 05:30:28.432     0     0 I msm_vidc: high: 00000001:  vp9d: Closed video instance: 0000000065888d3f
09-15 11:35:40.841  1281  1281 V SystemServerTiming: OnBootPhase_600_com.android.server.notification.NotificationManagerService took to complete: 11ms
09-15 11:35:40.841  1281  1281 D SystemServerTiming: OnBootPhase_600_com.android.server.storage.DeviceStorageMonitorService
09-15 11:35:40.841  1281  1281 V SystemServerTiming: OnBootPhase_600_com.android.server.storage.DeviceStorageMonitorService took to complete: 0ms
09-15 11:35:40.841  1281  1281 D SystemServerTiming: OnBootPhase_600_com.android.server.timedetector.TimeDetectorService$Lifecycle
09-15 11:35:40.841  1281  1281 V SystemServerTiming: OnBootPhase_600_com.android.server.timedetector.TimeDetectorService$Lifecycle took to complete: 0ms
09-15 11:35:40.841  1281  1281 D SystemServerTiming: OnBootPhase_600_com.android.server.location.LocationManagerService$Lifecycle
01-01 05:30:28.451     0     0 I binder  : 1645:1645 ioctl 40046210 7ff1e45740 returned -22
01-01 05:30:28.453     0     0 I msm_vidc: high: 00000001: ....e: Opening video instance: 0000000012951082, 0
01-01 05:30:28.453     0     0 I msm_vidc: err : 00000001: ....e: Unsupported WxH (320)x(240), max supported is (0)x(0)
01-01 05:30:28.453     0     0 I msm_vidc: err : 00000001: ....e: msm_vidc_check_session_supported: Resolution unsupported
01-01 05:30:28.453     0     0 I msm_vidc: err : 00000001: ....e: msm_venc_s_fmt: session not supported
01-01 05:30:28.453     0     0 I msm_vidc: err : 00000001: ....e: msm_vidc_comm_update_ctrl: failed: control name Video B Frames, min 0, max 0, step 0, default_value 0
01-01 05:30:28.456     0     0 I binder  : 1653:1653 ioctl 40046210 7ff1e45740 returned -22
09-15 11:35:40.866  1281  1300 D GameManagerService: User ID '0' does not have a Game Mode selected for package: 'android'
01-01 05:30:28.459     0     0 I msm_vidc: high: 00000001: h264e: Closed video instance: 0000000012951082
09-15 11:35:40.872  1281  1300 D GameManagerService: User ID '0' does not have a Game Mode selected for package: 'com.android.car'
09-15 11:35:40.872  1281  1300 D CompatibilityChangeReporter: Compat change id reported: 168419799; UID 1000; state: DISABLED
09-15 11:35:40.873  1281  1300 D CompatibilityChangeReporter: Compat change id reported: 273564678; UID 1000; state: DISABLED
09-15 11:35:40.900  1281  1300 W PackageManager: Invalid dex load report. loadingPackageName=null, uid=1037
09-15 11:35:40.913  1281  1300 W PackageManager: Invalid dex load report. loadingPackageName=null, uid=1037
01-01 05:30:28.526     0     0 I msm_vidc: high: 00000001: ....e: Opening video instance: 00000000edbc2d1c, 0
01-01 05:30:28.526     0     0 I msm_vidc: err : 00000001: ....e: Unsupported WxH (320)x(240), max supported is (0)x(0)
01-01 05:30:28.526     0     0 I msm_vidc: err : 00000001: ....e: msm_vidc_check_session_supported: Resolution unsupported
01-01 05:30:28.526     0     0 I msm_vidc: err : 00000001: ....e: msm_venc_s_fmt: session not supported
01-01 05:30:28.526     0     0 I msm_vidc: err : 00000001: ....e: msm_vidc_comm_update_ctrl: failed: control name Video B Frames, min 0, max 0, step 0, default_value 0
01-01 05:30:28.533     0     0 I msm_vidc: high: 00000001: h265e: Closed video instance: 00000000edbc2d1c
09-15 11:35:40.945  1281  1504 I ActivityManager: Flag disabled. Ignoring finishAttachApplication from uid: 1000. pid: 1653
09-15 11:35:40.951  1281  1307 I DropBoxManagerService: add tag=system_app_strictmode isTagEnabled=true flags=0x2
09-15 11:35:40.956  1281  1307 I DropBoxManagerService: add tag=system_app_strictmode isTagEnabled=true flags=0x2
09-15 11:35:40.957  1653  1653 V SLog    : static_init took to complete: 2ms
09-15 11:35:40.958  1653  1653 D UpdatablePackageContext: No eligible RRO package to enable.
09-15 11:35:40.958  1281  1307 I DropBoxManagerService: add tag=system_app_strictmode isTagEnabled=true flags=0x2
09-15 11:35:40.960  1281  1307 I DropBoxManagerService: add tag=system_app_strictmode isTagEnabled=true flags=0x2
01-01 05:30:28.554     0     0 I msm_vidc: high: 00000001: ....e: Opening video instance: 000000002f605ba4, 0
01-01 05:30:28.554     0     0 I msm_vidc: err : 00000001: ....e: Unsupported WxH (320)x(240), max supported is (0)x(0)
01-01 05:30:28.554     0     0 I msm_vidc: err : 00000001: ....e: msm_vidc_check_session_supported: Resolution unsupported
01-01 05:30:28.554     0     0 I msm_vidc: err : 00000001: ....e: msm_venc_s_fmt: session not supported
01-01 05:30:28.554     0     0 I msm_vidc: err : 00000001: ....e: msm_vidc_comm_update_ctrl: failed: control name Video B Frames, min 0, max 0, step 0, default_value 0
09-15 11:35:40.971  1281  1281 W SystemServiceManager: Service com.android.server.location.LocationManagerService$Lifecycle took 130 ms in onBootPhase
09-15 11:35:40.971  1281  1281 V SystemServerTiming: OnBootPhase_600_com.android.server.location.LocationManagerService$Lifecycle took to complete: 130ms
09-15 11:35:40.971  1281  1281 D SystemServerTiming: OnBootPhase_600_com.android.server.timezonedetector.TimeZoneDetectorService$Lifecycle
09-15 11:35:40.971  1281  1281 V SystemServerTiming: OnBootPhase_600_com.android.server.timezonedetector.TimeZoneDetectorService$Lifecycle took to complete: 0ms
09-15 11:35:40.971  1281  1281 D SystemServerTiming: OnBootPhase_600_com.android.server.location.altitude.AltitudeService$Lifecycle
09-15 11:35:40.971  1281  1281 V SystemServerTiming: OnBootPhase_600_com.android.server.location.altitude.AltitudeService$Lifecycle took to complete: 0ms
09-15 11:35:40.971  1281  1281 D SystemServerTiming: OnBootPhase_600_com.android.server.timezonedetector.location.LocationTimeZoneManagerService$Lifecycle
09-15 11:35:40.971  1281  1281 V SystemServerTiming: OnBootPhase_600_com.android.server.timezonedetector.location.LocationTimeZoneManagerService$Lifecycle took to complete: 0ms
09-15 11:35:40.972  1281  1281 D SystemServerTiming: OnBootPhase_600_com.android.server.search.SearchManagerService$Lifecycle
09-15 11:35:40.972  1281  1281 V SystemServerTiming: OnBootPhase_600_com.android.server.search.SearchManagerService$Lifecycle took to complete: 0ms
09-15 11:35:40.972  1281  1281 D SystemServerTiming: OnBootPhase_600_com.android.server.wallpapereffectsgeneration.WallpaperEffectsGenerationManagerService
09-15 11:35:40.972  1281  1281 V SystemServerTiming: OnBootPhase_600_com.android.server.wallpapereffectsgeneration.WallpaperEffectsGenerationManagerService took to complete: 1ms
09-15 11:35:40.972  1281  1281 D SystemServerTiming: OnBootPhase_600_com.android.server.audio.AudioService$Lifecycle
09-15 11:35:40.972  1281  1281 V SystemServerTiming: OnBootPhase_600_com.android.server.audio.AudioService$Lifecycle took to complete: 0ms
09-15 11:35:40.972  1281  1281 D SystemServerTiming: OnBootPhase_600_com.android.server.soundtrigger_middleware.SoundTriggerMiddlewareService$Lifecycle
09-15 11:35:40.972  1281  1281 V SystemServerTiming: OnBootPhase_600_com.android.server.soundtrigger_middleware.SoundTriggerMiddlewareService$Lifecycle took to complete: 0ms
09-15 11:35:40.972  1281  1281 D SystemServerTiming: OnBootPhase_600_com.android.server.broadcastradio.BroadcastRadioService
09-15 11:35:40.972  1281  1281 V SystemServerTiming: OnBootPhase_600_com.android.server.broadcastradio.BroadcastRadioService took to complete: 0ms
09-15 11:35:40.972  1281  1281 D SystemServerTiming: OnBootPhase_600_com.android.server.DockObserver
09-15 11:35:40.972  1281  1281 V SystemServerTiming: OnBootPhase_600_com.android.server.DockObserver took to complete: 0ms
09-15 11:35:40.972  1281  1281 D SystemServerTiming: OnBootPhase_600_com.android.server.midi.MidiService$Lifecycle
09-15 11:35:40.972  1281  1281 V SystemServerTiming: OnBootPhase_600_com.android.server.midi.MidiService$Lifecycle took to complete: 0ms
09-15 11:35:40.972  1281  1281 D SystemServerTiming: OnBootPhase_600_com.android.server.adb.AdbService$Lifecycle
09-15 11:35:40.972  1281  1281 V SystemServerTiming: OnBootPhase_600_com.android.server.adb.AdbService$Lifecycle took to complete: 0ms
09-15 11:35:40.972  1281  1281 D SystemServerTiming: OnBootPhase_600_com.android.server.usb.UsbService$Lifecycle
09-15 11:35:40.972  1281  1281 V SystemServerTiming: OnBootPhase_600_com.android.server.usb.UsbService$Lifecycle took to complete: 0ms
09-15 11:35:40.972  1281  1281 D SystemServerTiming: OnBootPhase_600_com.android.server.twilight.TwilightService
09-15 11:35:40.972  1281  1281 V SystemServerTiming: OnBootPhase_600_com.android.server.twilight.TwilightService took to complete: 0ms
09-15 11:35:40.972  1281  1281 D SystemServerTiming: OnBootPhase_600_com.android.server.display.color.ColorDisplayService
09-15 11:35:40.972  1281  1281 V SystemServerTiming: OnBootPhase_600_com.android.server.display.color.ColorDisplayService took to complete: 0ms
09-15 11:35:40.972  1281  1281 D SystemServerTiming: OnBootPhase_600_com.android.server.job.JobSchedulerService
01-01 05:30:28.565     0     0 I msm_vidc: high: 00000001: h265e: Closed video instance: 000000002f605ba4
09-15 11:35:40.981  1281  1281 V SystemServerTiming: OnBootPhase_600_com.android.server.job.JobSchedulerService took to complete: 9ms
09-15 11:35:40.981  1281  1281 D SystemServerTiming: OnBootPhase_600_com.android.server.soundtrigger.SoundTriggerService
09-15 11:35:40.981  1281  1281 D SoundTriggerService: onBootPhase: 600 : false
09-15 11:35:40.984  1281  1281 V SystemServerTiming: OnBootPhase_600_com.android.server.soundtrigger.SoundTriggerService took to complete: 2ms
09-15 11:35:40.984  1281  1281 D SystemServerTiming: OnBootPhase_600_com.android.server.trust.TrustManagerService
09-15 11:35:40.986   543   570 I keystore2: system/security/keystore2/src/authorization.rs:143 - on_lock_screen_event(r#UNLOCK, user_id=0, password.is_some()=false, unlocking_sids=Some([]))
09-15 11:35:40.989   543   570 I keystore2: system/security/keystore2/src/authorization.rs:143 - on_lock_screen_event(r#UNLOCK, user_id=10, password.is_some()=false, unlocking_sids=Some([]))
09-15 11:35:40.990  1281  1281 V SystemServerTiming: OnBootPhase_600_com.android.server.trust.TrustManagerService took to complete: 6ms
09-15 11:35:40.990  1281  1281 D SystemServerTiming: OnBootPhase_600_com.android.server.appwidget.AppWidgetService
09-15 11:35:40.990  1281  1281 V SystemServerTiming: OnBootPhase_600_com.android.server.appwidget.AppWidgetService took to complete: 0ms
09-15 11:35:40.990  1281  1281 D SystemServerTiming: OnBootPhase_600_com.android.server.voiceinteraction.VoiceInteractionManagerService
09-15 11:35:40.991  1281  1281 V SystemServerTiming: OnBootPhase_600_com.android.server.voiceinteraction.VoiceInteractionManagerService took to complete: 1ms
09-15 11:35:40.991  1281  1281 D SystemServerTiming: OnBootPhase_600_com.android.server.GestureLauncherService
09-15 11:35:40.992  1281  1281 V SystemServerTiming: OnBootPhase_600_com.android.server.GestureLauncherService took to complete: 2ms
09-15 11:35:40.992  1281  1281 D SystemServerTiming: OnBootPhase_600_com.android.server.SensorNotificationService
09-15 11:35:40.998  1281  1281 V SystemServerTiming: OnBootPhase_600_com.android.server.SensorNotificationService took to complete: 6ms
09-15 11:35:40.998  1281  1281 D SystemServerTiming: OnBootPhase_600_com.android.server.emergency.EmergencyAffordanceService
09-15 11:35:41.000  1281  1281 V SystemServerTiming: OnBootPhase_600_com.android.server.emergency.EmergencyAffordanceService took to complete: 1ms
09-15 11:35:41.000  1281  1281 D SystemServerTiming: OnBootPhase_600_com.android.server.blob.BlobStoreManagerService
09-15 11:35:41.024  1281  1281 V SystemServerTiming: OnBootPhase_600_com.android.server.blob.BlobStoreManagerService took to complete: 23ms
09-15 11:35:41.024  1281  1281 D SystemServerTiming: OnBootPhase_600_com.android.server.dreams.DreamManagerService
09-15 11:35:41.026  1281  1281 V SystemServerTiming: OnBootPhase_600_com.android.server.dreams.DreamManagerService took to complete: 2ms
09-15 11:35:41.026  1281  1281 D SystemServerTiming: OnBootPhase_600_com.android.server.security.AttestationVerificationManagerService
09-15 11:35:41.026  1281  1281 V SystemServerTiming: OnBootPhase_600_com.android.server.security.AttestationVerificationManagerService took to complete: 0ms
09-15 11:35:41.026  1281  1281 D SystemServerTiming: OnBootPhase_600_com.android.server.companion.CompanionDeviceManagerService
09-15 11:35:41.026  1281  1281 V SystemServerTiming: OnBootPhase_600_com.android.server.companion.CompanionDeviceManagerService took to complete: 0ms
09-15 11:35:41.026  1281  1281 D SystemServerTiming: OnBootPhase_600_com.android.server.companion.virtual.VirtualDeviceManagerService
09-15 11:35:41.026  1281  1281 V SystemServerTiming: OnBootPhase_600_com.android.server.companion.virtual.VirtualDeviceManagerService took to complete: 0ms
09-15 11:35:41.026  1281  1281 D SystemServerTiming: OnBootPhase_600_com.android.server.restrictions.RestrictionsManagerService
09-15 11:35:41.026  1281  1281 V SystemServerTiming: OnBootPhase_600_com.android.server.restrictions.RestrictionsManagerService took to complete: 0ms
09-15 11:35:41.026  1281  1281 D SystemServerTiming: OnBootPhase_600_com.android.server.media.MediaSessionService
09-15 11:35:41.026  1281  1281 V SystemServerTiming: OnBootPhase_600_com.android.server.media.MediaSessionService took to complete: 0ms
09-15 11:35:41.026  1281  1281 D SystemServerTiming: OnBootPhase_600_com.android.server.biometrics.BiometricService
09-15 11:35:41.026  1281  1281 V SystemServerTiming: OnBootPhase_600_com.android.server.biometrics.BiometricService took to complete: 0ms
09-15 11:35:41.026  1281  1281 D SystemServerTiming: OnBootPhase_600_com.android.server.biometrics.AuthService
09-15 11:35:41.026  1281  1281 V SystemServerTiming: OnBootPhase_600_com.android.server.biometrics.AuthService took to complete: 0ms
09-15 11:35:41.026  1281  1281 D SystemServerTiming: OnBootPhase_600_com.android.server.pm.ShortcutService$Lifecycle
09-15 11:35:41.026  1281  1281 V SystemServerTiming: OnBootPhase_600_com.android.server.pm.ShortcutService$Lifecycle took to complete: 0ms
09-15 11:35:41.026  1281  1281 D SystemServerTiming: OnBootPhase_600_com.android.server.pm.LauncherAppsService
09-15 11:35:41.026  1281  1281 V SystemServerTiming: OnBootPhase_600_com.android.server.pm.LauncherAppsService took to complete: 0ms
09-15 11:35:41.026  1281  1281 D SystemServerTiming: OnBootPhase_600_com.android.server.pm.CrossProfileAppsService
09-15 11:35:41.026  1281  1281 V SystemServerTiming: OnBootPhase_600_com.android.server.pm.CrossProfileAppsService took to complete: 0ms
09-15 11:35:41.026  1281  1281 D SystemServerTiming: OnBootPhase_600_com.android.server.people.PeopleService
09-15 11:35:41.026  1281  1281 V SystemServerTiming: OnBootPhase_600_com.android.server.people.PeopleService took to complete: 0ms
09-15 11:35:41.026  1281  1281 D SystemServerTiming: OnBootPhase_600_com.android.server.media.metrics.MediaMetricsManagerService
09-15 11:35:41.026  1281  1281 V SystemServerTiming: OnBootPhase_600_com.android.server.media.metrics.MediaMetricsManagerService took to complete: 0ms
09-15 11:35:41.026  1281  1281 D SystemServerTiming: OnBootPhase_600_com.android.server.pm.BackgroundInstallControlService
09-15 11:35:41.026  1281  1281 V SystemServerTiming: OnBootPhase_600_com.android.server.pm.BackgroundInstallControlService took to complete: 0ms
09-15 11:35:41.026  1281  1281 D SystemServerTiming: OnBootPhase_600_com.android.server.media.projection.MediaProjectionManagerService
09-15 11:35:41.026  1281  1281 V SystemServerTiming: OnBootPhase_600_com.android.server.media.projection.MediaProjectionManagerService took to complete: 0ms
09-15 11:35:41.026  1281  1281 D SystemServerTiming: OnBootPhase_600_com.android.server.slice.SliceManagerService$Lifecycle
09-15 11:35:41.026  1281  1281 V SystemServerTiming: OnBootPhase_600_com.android.server.slice.SliceManagerService$Lifecycle took to complete: 0ms
09-15 11:35:41.026  1281  1281 D SystemServerTiming: OnBootPhase_600_com.android.server.stats.StatsCompanion$Lifecycle
09-15 11:35:41.036  1281  1281 V SystemServerTiming: OnBootPhase_600_com.android.server.stats.StatsCompanion$Lifecycle took to complete: 10ms
09-15 11:35:41.036  1281  1281 D SystemServerTiming: OnBootPhase_600_com.android.server.scheduling.RebootReadinessManagerService$Lifecycle
09-15 11:35:41.036  1281  1281 V SystemServerTiming: OnBootPhase_600_com.android.server.scheduling.RebootReadinessManagerService$Lifecycle took to complete: 0ms
09-15 11:35:41.036  1281  1281 D SystemServerTiming: OnBootPhase_600_com.android.server.stats.pull.StatsPullAtomService
09-15 11:35:41.037  1281  1281 V SystemServerTiming: OnBootPhase_600_com.android.server.stats.pull.StatsPullAtomService took to complete: 0ms
09-15 11:35:41.037  1281  1281 D SystemServerTiming: OnBootPhase_600_com.android.server.stats.bootstrap.StatsBootstrapAtomService$Lifecycle
09-15 11:35:41.037  1281  1281 V SystemServerTiming: OnBootPhase_600_com.android.server.stats.bootstrap.StatsBootstrapAtomService$Lifecycle took to complete: 0ms
09-15 11:35:41.037  1281  1281 D SystemServerTiming: OnBootPhase_600_com.android.server.incident.IncidentCompanionService
09-15 11:35:41.037  1281  1281 V SystemServerTiming: OnBootPhase_600_com.android.server.incident.IncidentCompanionService took to complete: 0ms
09-15 11:35:41.037  1281  1281 D SystemServerTiming: OnBootPhase_600_com.android.server.sdksandbox.SdkSandboxManagerService$Lifecycle
09-15 11:35:41.037  1281  1281 V SystemServerTiming: OnBootPhase_600_com.android.server.sdksandbox.SdkSandboxManagerService$Lifecycle took to complete: 0ms
09-15 11:35:41.037  1281  1281 D SystemServerTiming: OnBootPhase_600_com.android.server.adservices.AdServicesManagerService$Lifecycle
09-15 11:35:41.037  1281  1281 V SystemServerTiming: OnBootPhase_600_com.android.server.adservices.AdServicesManagerService$Lifecycle took to complete: 0ms
09-15 11:35:41.037  1281  1281 D SystemServerTiming: OnBootPhase_600_com.android.server.ondevicepersonalization.OnDevicePersonalizationSystemService$Lifecycle
09-15 11:35:41.037  1281  1281 V SystemServerTiming: OnBootPhase_600_com.android.server.ondevicepersonalization.OnDevicePersonalizationSystemService$Lifecycle took to complete: 0ms
09-15 11:35:41.037  1281  1281 D SystemServerTiming: OnBootPhase_600_com.android.server.MmsServiceBroker
09-15 11:35:41.037  1281  1281 V SystemServerTiming: OnBootPhase_600_com.android.server.MmsServiceBroker took to complete: 0ms
09-15 11:35:41.037  1281  1281 D SystemServerTiming: OnBootPhase_600_com.android.server.selectiontoolbar.SelectionToolbarManagerService
09-15 11:35:41.037  1281  1314 D StatsPullAtomService: Registering NetworkStats pullers with statsd
09-15 11:35:41.037  1281  1281 V SystemServerTiming: OnBootPhase_600_com.android.server.selectiontoolbar.SelectionToolbarManagerService took to complete: 0ms
09-15 11:35:41.037  1281  1281 D SystemServerTiming: OnBootPhase_600_com.android.server.clipboard.ClipboardService
09-15 11:35:41.037  1281  1281 V SystemServerTiming: OnBootPhase_600_com.android.server.clipboard.ClipboardService took to complete: 0ms
09-15 11:35:41.037  1281  1281 D SystemServerTiming: OnBootPhase_600_com.android.server.appbinding.AppBindingService$Lifecycle
09-15 11:35:41.038  1281  1281 V SystemServerTiming: OnBootPhase_600_com.android.server.appbinding.AppBindingService$Lifecycle took to complete: 0ms
09-15 11:35:41.038  1281  1281 D SystemServerTiming: OnBootPhase_600_com.android.server.tracing.TracingServiceProxy
09-15 11:35:41.038  1281  1281 V SystemServerTiming: OnBootPhase_600_com.android.server.tracing.TracingServiceProxy took to complete: 0ms
09-15 11:35:41.038  1281  1281 D SystemServerTiming: OnBootPhase_600_com.android.server.policy.PermissionPolicyService
09-15 11:35:41.038  1281  1281 V SystemServerTiming: OnBootPhase_600_com.android.server.policy.PermissionPolicyService took to complete: 0ms
09-15 11:35:41.038  1281  1281 D SystemServerTiming: OnBootPhase_600_com.android.server.pm.StagingManager$Lifecycle
09-15 11:35:41.038  1281  1281 V SystemServerTiming: OnBootPhase_600_com.android.server.pm.StagingManager$Lifecycle took to complete: 0ms
09-15 11:35:41.038  1281  1281 D SystemServerTiming: OnBootPhase_600_com.android.server.app.GameManagerService$Lifecycle
09-15 11:35:41.038  1281  1281 V SystemServerTiming: OnBootPhase_600_com.android.server.app.GameManagerService$Lifecycle took to complete: 0ms
09-15 11:35:41.038  1281  1281 D SystemServerTiming: OnBootPhase_600_com.android.safetycenter.SafetyCenterService
09-15 11:35:41.038  1281  1281 V SystemServerTiming: OnBootPhase_600_com.android.safetycenter.SafetyCenterService took to complete: 0ms
09-15 11:35:41.038  1281  1281 D SystemServerTiming: OnBootPhase_600_com.android.server.appsearch.AppSearchModule$Lifecycle
09-15 11:35:41.038  1281  1281 V SystemServerTiming: OnBootPhase_600_com.android.server.appsearch.AppSearchModule$Lifecycle took to complete: 0ms
09-15 11:35:41.038  1281  1281 D SystemServerTiming: OnBootPhase_600_com.android.server.media.MediaCommunicationService
09-15 11:35:41.038  1281  1281 V SystemServerTiming: OnBootPhase_600_com.android.server.media.MediaCommunicationService took to complete: 0ms
09-15 11:35:41.038  1281  1281 D SystemServerTiming: OnBootPhase_600_com.android.server.compat.overrides.AppCompatOverridesService$Lifecycle
09-15 11:35:41.038  1281  1281 V SystemServerTiming: OnBootPhase_600_com.android.server.compat.overrides.AppCompatOverridesService$Lifecycle took to complete: 0ms
09-15 11:35:41.038  1281  1281 D SystemServerTiming: OnBootPhase_600_com.android.server.healthconnect.HealthConnectManagerService
09-15 11:35:41.038  1281  1281 V SystemServerTiming: OnBootPhase_600_com.android.server.healthconnect.HealthConnectManagerService took to complete: 0ms
09-15 11:35:41.038  1281  1281 D SystemServerTiming: OnBootPhase_600_com.android.server.devicelock.DeviceLockService
09-15 11:35:41.038  1281  1281 D DeviceLockService: onBootPhase: 600
09-15 11:35:41.038  1281  1281 V SystemServerTiming: OnBootPhase_600_com.android.server.devicelock.DeviceLockService took to complete: 0ms
09-15 11:35:41.038  1281  1281 D SystemServerTiming: OnBootPhase_600_com.android.internal.car.CarServiceHelperService
09-15 11:35:41.038  1281  1281 D CarServiceHelper: onBootPhase: 600
09-15 11:35:41.038  1281  1281 D CarServiceHelper: onBootPhase.3pApps
09-15 11:35:41.038  1281  1281 D CarServiceHelper: setupAndStartUsers
09-15 11:35:41.039  1281  1281 V CarServiceHelper: setupAndStartUsers took to complete: 0ms
09-15 11:35:41.039  1281  1281 V CarServiceHelper: onBootPhase.3pApps took to complete: 0ms
09-15 11:35:41.039  1281  1281 V SystemServerTiming: OnBootPhase_600_com.android.internal.car.CarServiceHelperService took to complete: 0ms
09-15 11:35:41.039  1281  1281 V SystemServerTiming: OnBootPhase_600 took to complete: 222ms
09-15 11:35:41.039  1281  1281 V SystemServerTiming: PhaseThirdPartyAppsCanStart took to complete: 223ms
09-15 11:35:41.039  1281  1281 D SystemServerTiming: HsumBootUserInitializer.systemRunning
09-15 11:35:41.039  1281  1281 I HsumBootUserInitializer: Unlocking system user
09-15 11:35:41.039  1281  1281 D SystemServerTiming: unlock-system-user
09-15 11:35:41.039  1281  1281 D SystemServerTiming: am.startUser
09-15 11:35:41.039  1281  1281 D SystemServerTiming: UserController.startUser-0-bg-start-mode-2
09-15 11:35:41.039  1281  1281 D SystemServerTiming: getStartedUserState
09-15 11:35:41.039  1281  1281 V SystemServerTiming: getStartedUserState took to complete: 0ms
09-15 11:35:41.039  1281  1281 D SystemServerTiming: getUserInfo
09-15 11:35:41.039  1281  1281 V SystemServerTiming: getUserInfo took to complete: 0ms
09-15 11:35:41.039  1281  1281 D SystemServerTiming: assignUserToDisplayOnStart
09-15 11:35:41.039  1281  1281 V SystemServerTiming: assignUserToDisplayOnStart took to complete: 0ms
09-15 11:35:41.039  1281  1281 D SystemServerTiming: updateStartedUserArrayStarting
09-15 11:35:41.039  1281  1281 V SystemServerTiming: updateStartedUserArrayStarting took to complete: 0ms
09-15 11:35:41.039  1281  1281 D SystemServerTiming: updateConfigurationAndProfileIds
09-15 11:35:41.039  1281  1281 V SystemServerTiming: updateConfigurationAndProfileIds took to complete: 0ms
09-15 11:35:41.039  1281  1281 D SystemServerTiming: updateStateBooting
09-15 11:35:41.040  1281  1281 D SystemServerTiming: onBeforeStartUser-0
09-15 11:35:41.040  1281  1281 D SystemServerTiming: prepareUserData
09-15 11:35:41.040   485   485 D vold    : fscrypt_prepare_user_storage for volume null, user 0, serial 0, flags 1
09-15 11:35:41.040   485   485 D vold    : Preparing: /data/system/users/0
09-15 11:35:41.041   485   485 D vold    : Preparing: /data/misc/profiles/cur/0
09-15 11:35:41.041   485   485 D vold    : Preparing: /data/system_de/0
09-15 11:35:41.042   485   485 I vold    : Verified that /data/system_de/0 has the encryption policy a50e94b462a0f7212666126db14aa965 v2 modes 1/4 flags 0x12
09-15 11:35:41.042   485   485 D vold    : Preparing: /data/vendor_de/0
09-15 11:35:41.042   485   485 I vold    : Verified that /data/vendor_de/0 has the encryption policy a50e94b462a0f7212666126db14aa965 v2 modes 1/4 flags 0x12
09-15 11:35:41.042   485   485 D vold    : Preparing: /data/misc_de/0
09-15 11:35:41.043   485   485 I vold    : Verified that /data/misc_de/0 has the encryption policy a50e94b462a0f7212666126db14aa965 v2 modes 1/4 flags 0x12
09-15 11:35:41.043   485   485 D vold    : Preparing: /data/user_de/0
09-15 11:35:41.043   485   485 I vold    : Verified that /data/user_de/0 has the encryption policy a50e94b462a0f7212666126db14aa965 v2 modes 1/4 flags 0x12
09-15 11:35:41.044   485   485 D vold    : /system/bin/vold_prepare_subdirs
09-15 11:35:41.044   485   485 D vold    :     prepare
09-15 11:35:41.044   485   485 D vold    :     
09-15 11:35:41.044   485   485 D vold    :     0
09-15 11:35:41.044   485   485 D vold    :     1
09-15 11:35:41.051  1653  1653 I CarServiceUtils: Starting HandlerThread:AidlVehicleStub
09-15 11:35:41.057  1653  1653 I CAR.SERVICE: No AIDL vehicle HAL found, fall back to HIDL version
01-01 05:30:28.650     0     0 I binder  : 1653:1653 ioctl 40046210 7ff1e443c4 returned -22
09-15 11:35:41.063  1653  1653 V CAR.InitTiming: getVehicle took to complete: 23ms
09-15 11:35:41.064  1653  1653 I CAR.SERVICE: Connected to android.hardware.automotive.vehicle@2.0::IVehicle
09-15 11:35:41.080  1281  1609 D CompatibilityChangeReporter: Compat change id reported: 135634846; UID 10100; state: DISABLED
09-15 11:35:41.080  1281  1609 D CompatibilityChangeReporter: Compat change id reported: 177438394; UID 10100; state: DISABLED
09-15 11:35:41.080  1281  1609 D CompatibilityChangeReporter: Compat change id reported: 135772972; UID 10100; state: DISABLED
09-15 11:35:41.080  1281  1609 D CompatibilityChangeReporter: Compat change id reported: 135754954; UID 10100; state: ENABLED
09-15 11:35:41.080  1281  1609 D CompatibilityChangeReporter: Compat change id reported: 207557677; UID 10100; state: ENABLED
09-15 11:35:41.083  1281  1505 I ActivityManager: Process WebViewLoader-arm64-v8a (pid 1645) has died: psvc PER 
09-15 11:35:41.093  1653  1653 I CarOemProxyService: Oem Car Service Config. Connection timeout:5000, Service Ready timeout:5000, component Name:
09-15 11:35:41.093  1653  1653 I CarOemProxyService: **CarOemService is disabled.**
09-15 11:35:41.093  1653  1653 V CAR.InitTiming: CarOemProxyService took to complete: 4ms
09-15 11:35:41.094  1653  1653 I CarServiceUtils: Starting HandlerThread:VehicleHal
09-15 11:35:41.101  1653  1653 I CarServiceUtils: Starting HandlerThread:PropertyHalService
09-15 11:35:41.102  1653  1653 I CarServiceUtils: Starting HandlerThread:VmsHalService
09-15 11:35:41.103  1653  1653 I CAR.VmsHalService: Metrics collection disabled
09-15 11:35:41.103  1653  1653 I CarServiceUtils: Starting HandlerThread:UserService
01-01 05:30:28.681     0     0 E init    : Control message: Could not find 'vendor.qti.hardware.iop@2.0::IIop/default' for ctl.interface_start from pid: 467 (/system/bin/hwservicemanager)
09-15 11:35:41.106  1281  1505 I ActivityManager: Process WebViewLoader-armeabi-v7a (pid 1635) has died: psvc PER 
09-15 11:35:41.110  1281  1306 D DisplayManagerService: Drop pending events for gone uid 1037
01-01 05:30:28.704     0     0 E init    : Control message: Could not find 'vendor.qti.hardware.iop@2.0::IIop/default' for ctl.interface_start from pid: 467 (/system/bin/hwservicemanager)
09-15 11:35:41.112  1653  1653 V CAR.InitTiming: VehicleHal took to complete: 19ms
09-15 11:35:41.113  1653  1653 D CAR.HidlVehicleStub: Use getAllPropConfigs to fetch all property configs
09-15 11:35:41.115  1281  1281 V UserDataPreparer: Found /data/user_de/0 with serial number 0
09-15 11:35:41.116  1281  1281 V UserDataPreparer: Found /data/system_de/0 with serial number 0
09-15 11:35:41.116  1281  1281 V SystemServerTiming: prepareUserData took to complete: 77ms
09-15 11:35:41.116  1281  1281 D SystemServerTiming: reconcileAppsData
09-15 11:35:41.117  1653  1653 I CarServiceUtils: Starting HandlerThread:CarFeatureController
09-15 11:35:41.117  1281  1281 V PackageManager: reconcileAppsData for null u0 0x1 migrateAppData=false
09-15 11:35:41.117  1653  1653 I CarFeatureController: mDefaultEnabledFeaturesFromConfig:[car_navigation_service, car_telemetry_service, cluster_service, com.android.car.user.CarUserNoticeService, diagnostic, storage_monitoring, vehicle_map_service],mDisabledFeaturesFromVhal:[]
09-15 11:35:41.120  1653  1653 I CarFeatureController: Loaded features:[car_device_policy_service, hvac, storage_monitoring, cabin, car-service-test, vehicle_map_service, uxrestriction, com.android.car.user.CarUserNoticeService, car_navigation_service, drivingstate, property, audio, power, projection, diagnostic, car_occupant_zone_service, info, car_bugreport, car_media, app_focus, package, car_watchdog, vendor_extension, car_bluetooth, car_performance, car_user_service, cluster_service, car_activity_service, android.car.input, car_telemetry_service, sensor]
09-15 11:35:41.120  1653  1653 V CAR.InitTiming: CarFeatureController took to complete: 4ms
09-15 11:35:41.121  1653  1653 I CarServiceUtils: Starting HandlerThread:CarPropertyService
09-15 11:35:41.122  1653  1653 V CAR.InitTiming: CarPropertyService took to complete: 1ms
09-15 11:35:41.122  1653  1653 I CarServiceUtils: Starting HandlerThread:CarDrivingStateService
09-15 11:35:41.123  1653  1653 V CAR.InitTiming: CarDrivingStateService took to complete: 1ms
09-15 11:35:41.124  1653  1653 I CarServiceUtils: Starting HandlerThread:CarOccupantZoneService
09-15 11:35:41.124  1653  1653 V CAR.InitTiming: CarOccupantZoneService took to complete: 1ms
09-15 11:35:41.125  1653  1653 I CarServiceUtils: Starting HandlerThread:CarUxRestrictionsManagerService
09-15 11:35:41.126  1653  1653 V CAR.InitTiming: CarUxRestrictionsManagerService took to complete: 1ms
09-15 11:35:41.126  1653  1653 I CarServiceUtils: Starting HandlerThread:SystemActivityMonitoringService
09-15 11:35:41.127  1653  1653 V CAR.InitTiming: CarActivityService took to complete: 1ms
09-15 11:35:41.128  1653  1653 I CarServiceUtils: Starting HandlerThread:CarPackageManagerService
09-15 11:35:41.131  1281  1281 W PackageManager: Skipping preparing app data for com.android.sdksandbox
09-15 11:35:41.131  1653  1653 V CAR.InitTiming: CarPackageManagerService took to complete: 4ms
09-15 11:35:41.134  1653  1653 I CarServiceUtils: Starting HandlerThread:UserService.BG
09-15 11:35:41.136  1653  1653 V CAR.InitTiming: CarUserService took to complete: 4ms
09-15 11:35:41.136  1653  1653 I ICarImpl: VHAL Priority Init Enabled
09-15 11:35:41.136  1653  1653 I ICarImpl: Car User Service Priority Init Enabled
09-15 11:35:41.136  1653  1653 I CAR.HAL : fetchAllPropConfigs already fetched
09-15 11:35:41.139  1653  1653 W CAR.UserHalService: Vehicle HAL does not support user management
09-15 11:35:41.139  1653  1653 D ClusterHalService: initClusterHalService
09-15 11:35:41.139  1653  1653 I CAR.VmsHalService: VmsHalService VHAL property not supported
09-15 11:35:41.143  1653  1653 V CAR.InitTiming: SystemActivityMonitoringService took to complete: 0ms
09-15 11:35:41.145  1653  1653 I CarServiceUtils: Starting HandlerThread:CarPowerManagementService
09-15 11:35:41.151  1653  1761 I CAR.InitialUserSetter: Last active user loaded for initial user: 10
09-15 11:35:41.154  1653  1761 I CAR.InitialUserSetter: Setting boot user to: 10
09-15 11:35:41.154  1653  1653 W CarPowerManagementService: mEnableBatteryProfile= true
09-15 11:35:41.154  1653  1653 V CAR.InitTiming: CarPowerManagementService took to complete: 10ms
09-15 11:35:41.154  1281  1505 I UserManagerService: setBootUser 10
09-15 11:35:41.155  1653  1653 I CarServiceUtils: Starting HandlerThread:CarServiceUtils_COMMON_HANDLER_THREAD
09-15 11:35:41.156  1653  1653 V CAR.InitTiming: CarUserNoticeService took to complete: 2ms
09-15 11:35:41.157  1653  1653 I CarServiceUtils: Starting HandlerThread:CarPerUserServiceHelper
09-15 11:35:41.158  1653  1653 V CAR.InitTiming: CarPerUserServiceHelper took to complete: 2ms
09-15 11:35:41.159  1653  1653 V CAR.InitTiming: CarBluetoothService took to complete: 0ms
09-15 11:35:41.161  1653  1653 V CAR.InitTiming: CarInputService took to complete: 1ms
09-15 11:35:41.162  1653  1653 V CAR.InitTiming: CarProjectionService took to complete: 1ms
09-15 11:35:41.165  1653  1653 V CAR.InitTiming: GarageModeService took to complete: 2ms
09-15 11:35:41.165  1653  1653 I CarServiceUtils: Starting HandlerThread:AppFocusService
09-15 11:35:41.166  1653  1653 V CAR.InitTiming: AppFocusService took to complete: 1ms
09-15 11:35:41.170  1653  1653 I CarServiceUtils: Starting HandlerThread:CarVolumeCallback
09-15 11:35:41.170  1653  1653 I CarServiceUtils: Starting HandlerThread:CarAudioService
09-15 11:35:41.172  1653  1653 I CarServiceUtils: Starting HandlerThread:CarAudioMediaRequest
09-15 11:35:41.173  1653  1653 I CarServiceUtils: Starting HandlerThread:CarAudioMirrorRequest
09-15 11:35:41.174  1653  1653 V CAR.InitTiming: CarAudioService took to complete: 7ms
09-15 11:35:41.177  1653  1653 V CAR.InitTiming: CarNightService took to complete: 3ms
09-15 11:35:41.178  1653  1653 I CarServiceUtils: Starting HandlerThread:FixedActivityService
09-15 11:35:41.179  1653  1653 V CAR.InitTiming: FixedActivityService took to complete: 2ms
09-15 11:35:41.180  1653  1653 V CAR.InitTiming: ClusterNavigationService took to complete: 0ms
09-15 11:35:41.182  1653  1653 V CAR.InitTiming: InstrumentClusterService took to complete: 1ms
09-15 11:35:41.183  1653  1653 V CAR.InitTiming: CarStatsService took to complete: 1ms
09-15 11:35:41.185  1653  1653 V CAR.InitTiming: VmsBrokerService took to complete: 1ms
09-15 11:35:41.186  1653  1653 V CAR.InitTiming: CarDiagnosticService took to complete: 1ms
09-15 11:35:41.189  1653  1653 V CAR.InitTiming: CarStorageMonitoringService took to complete: 3ms
09-15 11:35:41.190  1653  1653 I CarServiceUtils: Starting HandlerThread:CarLocationService
09-15 11:35:41.192  1653  1653 V CAR.InitTiming: CarLocationService took to complete: 3ms
09-15 11:35:41.193  1653  1653 I CarServiceUtils: Starting HandlerThread:CarMediaService
09-15 11:35:41.196  1653  1653 V CAR.InitTiming: CarMediaService took to complete: 4ms
09-15 11:35:41.197  1653  1653 I CarServiceUtils: Starting HandlerThread:CarBugreportManagerService
09-15 11:35:41.197  1653  1653 V CAR.InitTiming: CarBugreportManagerService took to complete: 1ms
09-15 11:35:41.200  1653  1653 I CarServiceUtils: Starting HandlerThread:CarWatchdogService
09-15 11:35:41.201  1653  1653 V CAR.InitTiming: CarWatchdogService took to complete: 4ms
09-15 11:35:41.202  1653  1653 V CAR.InitTiming: CarPerformanceService took to complete: 1ms
09-15 11:35:41.203  1653  1653 V CAR.InitTiming: CarDevicePolicyService took to complete: 0ms
09-15 11:35:41.205  1653  1653 I CarServiceUtils: Starting HandlerThread:CarTelemetryService
09-15 11:35:41.206  1653  1653 V CAR.InitTiming: CarTelemetryService took to complete: 2ms
09-15 11:35:41.207  1653  1653 V CAR.InitTiming: CarExperimentalFeatureServiceController took to complete: 1ms
09-15 11:35:41.208  1653  1653 I ICarImpl: Initializing CarCellularPowerPolicyHandler
09-15 11:35:41.209  1653  1653 V CAR.InitTiming: ICarImpl.constructor took to complete: 121ms
09-15 11:35:41.209  1653  1653 V CAR.InitTiming: CarOemProxyService took to complete: 0ms
09-15 11:35:41.209  1653  1653 V CAR.InitTiming: VehicleHal took to complete: 0ms
09-15 11:35:41.209  1653  1653 V CAR.InitTiming: CarFeatureController took to complete: 0ms
09-15 11:35:41.211  1653  1653 E CAR.PropertyHalServiceIds: propId is not writable : 0x11100101
