09-15 11:35:41.872  1281  1862 V StorageManagerService: Package android.car.cluster does not have legacy storage
09-15 11:35:41.872  1281  1862 V StorageManagerService: Package com.android.healthconnect.controller does not have legacy storage
09-15 11:35:41.872  1281  1862 V StorageManagerService: Package com.google.android.car.kitchensink does not have legacy storage
09-15 11:35:41.872  1281  1862 V StorageManagerService: Package com.android.providers.media does not have legacy storage
09-15 11:35:41.872  1281  1862 V StorageManagerService: Package com.qti.service.colorservice does not have legacy storage
09-15 11:35:41.872  1281  1862 V StorageManagerService: Package com.android.health.connect.backuprestore does not have legacy storage
09-15 11:35:41.872  1281  1862 V StorageManagerService: Package com.android.internal.systemui.navbar.gestural_wide_back does not have legacy storage
09-15 11:35:41.872  1281  1862 V StorageManagerService: Package com.qualcomm.qti.xrwifi does not have legacy storage
09-15 11:35:41.872  1281  1862 V StorageManagerService: Package com.qualcomm.qti.server.qtiwifi does not have legacy storage
09-15 11:35:41.872  1281  1862 V StorageManagerService: Package com.android.virtualmachine.res does not have legacy storage
09-15 11:35:41.872  1281  1862 V StorageManagerService: Package com.qualcomm.qti.simcontacts does not have legacy storage
09-15 11:35:41.872  1281  1862 V StorageManagerService: Package com.qualcomm.qti.modemtestmode does not have legacy storage
09-15 11:35:41.872  1281  1862 V StorageManagerService: Package com.android.car.media does not have legacy storage
09-15 11:35:41.872  1281  1862 V StorageManagerService: Package com.android.car.radio does not have legacy storage
09-15 11:35:41.873  1281  1862 V StorageManagerService: Package org.codeaurora.dialer does not have legacy storage
09-15 11:35:41.873  1281  1862 V StorageManagerService: Package com.android.documentsui does not have legacy storage
09-15 11:35:41.873  1281  1862 V StorageManagerService: Package com.android.externalstorage does not have legacy storage
09-15 11:35:41.873  1281  1862 V StorageManagerService: Package com.qualcomm.uimremoteclient does not have legacy storage
09-15 11:35:41.873  1281  1862 V StorageManagerService: Package com.android.htmlviewer does not have legacy storage
09-15 11:35:41.873  1281  1862 V StorageManagerService: Package com.android.companiondevicemanager does not have legacy storage
09-15 11:35:41.873  1281  1862 V StorageManagerService: Package com.android.mms.service does not have legacy storage
09-15 11:35:41.873  1281  1862 V StorageManagerService: Package com.android.car.activityresolver does not have legacy storage
09-15 11:35:41.873  1281  1862 V StorageManagerService: Package com.qualcomm.qti.qms.service.connectionsecurity does not have legacy storage
09-15 11:35:41.873  1281  1862 V StorageManagerService: Package com.android.providers.downloads does not have legacy storage
09-15 11:35:41.873  1281  1862 V StorageManagerService: Package com.android.federatedcompute.services does not have legacy storage
09-15 11:35:41.873  1281  1862 V StorageManagerService: Package vendor.qti.hardware.cacert.server does not have legacy storage
09-15 11:35:41.873  1281  1862 V StorageManagerService: Package com.quicinc.voice.activation does not have legacy storage
09-15 11:35:41.873  1281  1862 V StorageManagerService: Package com.qualcomm.qti.telephonyservice does not have legacy storage
09-15 11:35:41.873  1281  1862 V StorageManagerService: Package com.android.car.updatable.overlay.common does not have legacy storage
09-15 11:35:41.873  1281  1862 V StorageManagerService: Package com.qualcomm.qti.performancemode does not have legacy storage
09-15 11:35:41.874  1281  1862 V StorageManagerService: Package org.codeaurora.bluetooth.bttestapp does not have legacy storage
09-15 11:35:41.874  1281  1862 V StorageManagerService: Package com.qualcomm.qti.ridemodeaudio does not have legacy storage
09-15 11:35:41.874  1281  1863 V SystemServerTimingAsync: ssm.onStartUser-10_com.android.server.app.GameManagerService$Lifecycle took to complete: 2ms
09-15 11:35:41.874  1281  1862 V StorageManagerService: Package vendor.qti.iwlan does not have legacy storage
09-15 11:35:41.874  1281  1863 D SystemServerTimingAsync: ssm.onStartUser-10_com.android.safetycenter.SafetyCenterService
09-15 11:35:41.874  1281  1862 V StorageManagerService: Package com.qualcomm.qti.optinoverlay does not have legacy storage
09-15 11:35:41.874  1281  1863 V SystemServerTimingAsync: ssm.onStartUser-10_com.android.safetycenter.SafetyCenterService took to complete: 0ms
09-15 11:35:41.874  1281  1863 D SystemServerTimingAsync: ssm.onStartUser-10_com.android.server.appsearch.AppSearchModule$Lifecycle
09-15 11:35:41.874  1281  1863 V SystemServerTimingAsync: ssm.onStartUser-10_com.android.server.appsearch.AppSearchModule$Lifecycle took to complete: 0ms
09-15 11:35:41.874  1281  1862 V StorageManagerService: Package com.android.car.provision does not have legacy storage
09-15 11:35:41.874  1281  1863 D SystemServerTimingAsync: ssm.onStartUser-10_com.android.server.media.MediaCommunicationService
09-15 11:35:41.874  1281  1862 V StorageManagerService: Package com.android.soundrecorder does not have legacy storage
09-15 11:35:41.874  1281  1862 V StorageManagerService: Package com.qualcomm.uimremoteserver does not have legacy storage
09-15 11:35:41.874  1281  1863 V SystemServerTimingAsync: ssm.onStartUser-10_com.android.server.media.MediaCommunicationService took to complete: 0ms
09-15 11:35:41.874  1281  1863 D SystemServerTimingAsync: ssm.onStartUser-10_com.android.server.compat.overrides.AppCompatOverridesService$Lifecycle
09-15 11:35:41.874  1281  1862 V StorageManagerService: Package com.qti.confuridialer does not have legacy storage
09-15 11:35:41.874  1281  1863 V SystemServerTimingAsync: ssm.onStartUser-10_com.android.server.compat.overrides.AppCompatOverridesService$Lifecycle took to complete: 0ms
09-15 11:35:41.874  1281  1863 D SystemServerTimingAsync: ssm.onStartUser-10_com.android.server.healthconnect.HealthConnectManagerService
09-15 11:35:41.874  1281  1862 V StorageManagerService: Package android.qvaoverlay.common does not have legacy storage
09-15 11:35:41.874  1281  1863 V SystemServerTimingAsync: ssm.onStartUser-10_com.android.server.healthconnect.HealthConnectManagerService took to complete: 0ms
09-15 11:35:41.874  1281  1863 D SystemServerTimingAsync: ssm.onStartUser-10_com.android.server.devicelock.DeviceLockService
09-15 11:35:41.874  1281  1862 V StorageManagerService: Package com.android.safetycenter.resources does not have legacy storage
09-15 11:35:41.874  1281  1863 V SystemServerTimingAsync: ssm.onStartUser-10_com.android.server.devicelock.DeviceLockService took to complete: 0ms
09-15 11:35:41.874  1281  1863 D SystemServerTimingAsync: ssm.onStartUser-10_com.android.internal.car.CarServiceHelperService
09-15 11:35:41.874  1281  1862 V StorageManagerService: Package com.android.providers.downloads.ui does not have legacy storage
09-15 11:35:41.874  1281  1862 V StorageManagerService: Package com.android.pacprocessor does not have legacy storage
09-15 11:35:41.874  1281  1863 D CarServiceHelper: onUserStarting(10)
09-15 11:35:41.874  1281  1862 V StorageManagerService: Package com.android.simappdialog does not have legacy storage
09-15 11:35:41.874  1281  1862 V StorageManagerService: Package com.android.networkstack does not have legacy storage
09-15 11:35:41.874  1281  1862 V StorageManagerService: Package android.overlay.common does not have legacy storage
09-15 11:35:41.874  1281  1863 V SystemServerTimingAsync: ssm.onStartUser-10_com.android.internal.car.CarServiceHelperService took to complete: 0ms
09-15 11:35:41.874  1281  1862 V StorageManagerService: Package com.android.connectivity.resources does not have legacy storage
09-15 11:35:41.874  1281  1862 V StorageManagerService: Package com.android.internal.display.cutout.emulation.hole does not have legacy storage
09-15 11:35:41.874  1281  1862 V StorageManagerService: Package com.android.internal.display.cutout.emulation.tall does not have legacy storage
09-15 11:35:41.875  1281  1862 V StorageManagerService: Package com.android.modulemetadata does not have legacy storage
09-15 11:35:41.875  1653  1694 D ICarImpl: onUserLifecycleEvent(STARTING, 10)
09-15 11:35:41.875  1281  1862 V StorageManagerService: Package com.android.certinstaller does not have legacy storage
09-15 11:35:41.875  1281  1862 V StorageManagerService: Package com.android.carrierconfig does not have legacy storage
09-15 11:35:41.875  1281  1862 V StorageManagerService: Package com.android.internal.systemui.navbar.threebutton does not have legacy storage
09-15 11:35:41.875  1653  1761 V CarUserService: notify-listener-com.android.car.user.InternalLifecycleListener@d1760ac took to complete: 0ms
09-15 11:35:41.875  1653  1761 V CarUserService: notify-listeners-user-10-event-1 took to complete: 0ms
09-15 11:35:41.875  1281  1862 V StorageManagerService: Package com.android.car.custominput.sample does not have legacy storage
09-15 11:35:41.875  1281  1862 V StorageManagerService: Package com.qti.qualcomm.datastatusnotification does not have legacy storage
09-15 11:35:41.876  1281  1281 I ActivityTaskManager: Loaded persisted task ids for user 10
09-15 11:35:41.876  1281  1862 V StorageManagerService: Package com.android.wifi.dialog does not have legacy storage
09-15 11:35:41.876  1281  1862 V StorageManagerService: Package android has legacy storage
09-15 11:35:41.876  1281  1862 V StorageManagerService: Package com.qualcomm.qti.callfeaturessetting does not have legacy storage
09-15 11:35:41.876  1281  1862 V StorageManagerService: Package com.qualcomm.wfd.service does not have legacy storage
09-15 11:35:41.876  1281  1862 V StorageManagerService: Package com.android.car.systemupdater does not have legacy storage
09-15 11:35:41.876  1281  1862 V StorageManagerService: Package com.qualcomm.qtil.aptxacu does not have legacy storage
09-15 11:35:41.876  1281  1862 V StorageManagerService: Package com.qualcomm.qtil.aptxals does not have legacy storage
09-15 11:35:41.876  1281  1862 V StorageManagerService: Package com.google.android.car.networking.railway does not have legacy storage
09-15 11:35:41.876  1281  1862 V StorageManagerService: Package com.google.android.car.garagemode.testapp has legacy storage
09-15 11:35:41.876  1281  1862 V StorageManagerService: Package com.example.database does not have legacy storage
09-15 11:35:41.877  1281  1862 V StorageManagerService: Package com.qti.qualcomm.deviceinfo does not have legacy storage
09-15 11:35:41.877  1281  1862 V StorageManagerService: Package com.qti.msdc_ui does not have legacy storage
09-15 11:35:41.877  1281  1862 V StorageManagerService: Package com.qualcomm.dualbluetooth does not have legacy storage
09-15 11:35:41.877  1281  1862 V StorageManagerService: Package com.android.car has legacy storage
09-15 11:35:41.877  1281  1862 V StorageManagerService: Package com.android.egg does not have legacy storage
09-15 11:35:41.877  1281  1862 V StorageManagerService: Package com.android.mms does not have legacy storage
09-15 11:35:41.877  1281  1862 V StorageManagerService: Package com.android.mtp does not have legacy storage
09-15 11:35:41.877  1281  1862 V StorageManagerService: Package com.android.ons does not have legacy storage
09-15 11:35:41.877  1281  1862 V StorageManagerService: Package com.android.stk does not have legacy storage
09-15 11:35:41.878  1281  1862 V StorageManagerService: Package com.android.backupconfirm does not have legacy storage
09-15 11:35:41.878  1281  1862 V StorageManagerService: Package vendor.qti.qesdk.sysservice has legacy storage
09-15 11:35:41.878  1281  1862 V StorageManagerService: Package org.codeaurora.ims does not have legacy storage
09-15 11:35:41.878  1281  1862 V StorageManagerService: Package com.android.statementservice does not have legacy storage
09-15 11:35:41.878  1281  1862 V StorageManagerService: Package com.android.car.developeroptions has legacy storage
09-15 11:35:41.878  1281  1862 V StorageManagerService: Package android.overlay.target does not have legacy storage
09-15 11:35:41.878  1281  1862 V StorageManagerService: Package com.android.car.test.one.hotworddetectionservice does not have legacy storage
09-15 11:35:41.878  1281  1862 V StorageManagerService: Package com.android.settings.intelligence does not have legacy storage
09-15 11:35:41.878  1281  1862 V StorageManagerService: Package com.android.car.systemui.rro does not have legacy storage
09-15 11:35:41.878  1281  1862 V StorageManagerService: Package com.koushikdutta.vysor does not have legacy storage
09-15 11:35:41.878  1281  1862 V StorageManagerService: Package com.android.internal.systemui.navbar.gestural_extra_wide_back does not have legacy storage
09-15 11:35:41.878  1281  1862 V StorageManagerService: Package com.android.systemui.accessibility.accessibilitymenu does not have legacy storage
09-15 11:35:41.878  1281  1862 V StorageManagerService: Package com.android.car.settings has legacy storage
09-15 11:35:41.878  1281  1862 V StorageManagerService: Package com.qualcomm.qti.dynamicddsservice does not have legacy storage
09-15 11:35:41.878  1281  1862 V StorageManagerService: Package com.google.android.wifi.resources.overlay.common does not have legacy storage
09-15 11:35:41.878  1281  1862 V StorageManagerService: Package com.qualcomm.qti.xrvd.service has legacy storage
09-15 11:35:41.878  1281  1862 V StorageManagerService: Package com.qualcomm.qcrilmsgtunnel does not have legacy storage
09-15 11:35:41.878  1281  1862 V StorageManagerService: Package com.android.providers.settings has legacy storage
09-15 11:35:41.878  1281  1862 V StorageManagerService: Package com.android.sharedstoragebackup does not have legacy storage
09-15 11:35:41.879  1281  1862 V StorageManagerService: Package com.android.printspooler does not have legacy storage
09-15 11:35:41.879  1281  1862 V StorageManagerService: Package com.android.car.frameworkpackagestubs does not have legacy storage
09-15 11:35:41.879  1281  1862 V StorageManagerService: Package com.qualcomm.qti.services.systemhelper does not have legacy storage
09-15 11:35:41.879  1281  1862 V StorageManagerService: Package com.android.wifi.resources.overlay.common does not have legacy storage
09-15 11:35:41.879  1281  1862 V StorageManagerService: Package com.android.dreams.basic does not have legacy storage
09-15 11:35:41.879  1281  1862 V StorageManagerService: Package com.android.webview does not have legacy storage
09-15 11:35:41.879  1281  1862 V StorageManagerService: Package com.android.car.hidecameraapps does not have legacy storage
09-15 11:35:41.879  1281  1862 V StorageManagerService: Package com.android.se does not have legacy storage
09-15 11:35:41.879  1281  1862 V StorageManagerService: Package com.android.inputdevices has legacy storage
09-15 11:35:41.879  1281  1862 V StorageManagerService: Package com.android.rkpdapp does not have legacy storage
09-15 11:35:41.879  1281  1862 V StorageManagerService: Package com.qti.dpmserviceapp does not have legacy storage
09-15 11:35:41.879  1281  1862 V StorageManagerService: Package com.google.android.car.defaultstoragemonitoringcompanionapp does not have legacy storage
09-15 11:35:41.879  1281  1862 V StorageManagerService: Package com.qti.xdivert does not have legacy storage
09-15 11:35:41.879  1281  1862 V StorageManagerService: Package com.android.musicfx does not have legacy storage
09-15 11:35:41.880  1281  1862 V StorageManagerService: Package com.android.settings.overlay.common does not have legacy storage
09-15 11:35:41.880  1281  1862 V StorageManagerService: Package com.example.android.locationattribution does not have legacy storage
09-15 11:35:41.880  1281  1862 V StorageManagerService: Package android.ext.shared does not have legacy storage
09-15 11:35:41.880  1281  1862 V StorageManagerService: Package com.android.server.telecom has legacy storage
09-15 11:35:41.880  1281  1862 V StorageManagerService: Package com.google.android.car.networking.preferenceupdater has legacy storage
09-15 11:35:41.880  1281  1862 V StorageManagerService: Package com.qualcomm.qti.ramdumpcopyui does not have legacy storage
09-15 11:35:41.880  1281  1862 V StorageManagerService: Package com.android.keychain has legacy storage
09-15 11:35:41.880  1281  1862 V StorageManagerService: Package com.qti.snapdragon.qdcm_ff has legacy storage
09-15 11:35:41.880  1281  1862 V StorageManagerService: Package com.android.wifi.resources.overlay.target does not have legacy storage
09-15 11:35:41.880  1281  1862 V StorageManagerService: Package com.android.gallery3d has legacy storage
09-15 11:35:41.880  1281  1862 V StorageManagerService: Package android.ext.services does not have legacy storage
09-15 11:35:41.880  1281  1862 V StorageManagerService: Package com.android.wifi.resources does not have legacy storage
09-15 11:35:41.880  1281  1862 V StorageManagerService: Package com.android.phone.overlay.common does not have legacy storage
09-15 11:35:41.880  1281  1862 V StorageManagerService: Package com.android.carrierconfig.overlay.common does not have legacy storage
09-15 11:35:41.880  1281  1862 V StorageManagerService: Package com.android.systemui.overlay.common does not have legacy storage
09-15 11:35:41.880  1281  1862 V StorageManagerService: Package com.android.cameraextensions does not have legacy storage
09-15 11:35:41.880  1281  1862 V StorageManagerService: Package com.android.server.telecom.overlay.common does not have legacy storage
09-15 11:35:41.881  1281  1862 V StorageManagerService: Package com.android.localtransport has legacy storage
09-15 11:35:41.881  1281  1862 V StorageManagerService: Package org.codelinaro.bike.bikelauncher has legacy storage
09-15 11:35:41.881  1281  1862 V StorageManagerService: Package com.android.packageinstaller does not have legacy storage
09-15 11:35:41.881  1281  1862 V StorageManagerService: Package com.android.carrierdefaultapp does not have legacy storage
09-15 11:35:41.881  1281  1862 V StorageManagerService: Package com.qualcomm.qti.powersavemode does not have legacy storage
09-15 11:35:41.881  1281  1862 V StorageManagerService: Package com.qualcomm.qti.remoteSimlockAuth does not have legacy storage
09-15 11:35:41.881  1281  1862 V StorageManagerService: Package com.android.credentialmanager does not have legacy storage
09-15 11:35:41.881  1281  1862 V StorageManagerService: Package com.qualcomm.qti.devicestatisticsservice does not have legacy storage
09-15 11:35:41.881  1281  1862 V StorageManagerService: Package com.android.theme.font.notoserifsource does not have legacy storage
09-15 11:35:41.881  1281  1862 V StorageManagerService: Package com.android.proxyhandler does not have legacy storage
09-15 11:35:41.881  1281  1862 V StorageManagerService: Package com.android.internal.display.cutout.emulation.waterfall does not have legacy storage
09-15 11:35:41.881  1281  1862 V StorageManagerService: Package com.android.intentresolver does not have legacy storage
09-15 11:35:41.881  1281  1862 V StorageManagerService: Package com.qualcomm.qti.workloadclassifier does not have legacy storage
09-15 11:35:41.882  1281  1862 V StorageManagerService: Package com.android.nearby.halfsheet does not have legacy storage
09-15 11:35:41.882  1281  1862 V StorageManagerService: Package com.android.inputmethod.latin does not have legacy storage
09-15 11:35:41.882  1281  1862 V StorageManagerService: Package com.android.internal.systemui.navbar.transparent does not have legacy storage
09-15 11:35:41.882  1281  1862 V StorageManagerService: Package android.car.usb.handler does not have legacy storage
09-15 11:35:41.882  1281  1862 V StorageManagerService: Package com.android.managedprovisioning does not have legacy storage
09-15 11:35:41.882  1281  1862 V StorageManagerService: Package com.android.networkstack.tethering does not have legacy storage
09-15 11:35:41.882  1281  1862 V StorageManagerService: Package com.android.soundpicker does not have legacy storage
09-15 11:35:41.882  1281  1862 V StorageManagerService: Package com.example.vehiclemqttservice does not have legacy storage
09-15 11:35:41.882  1281  1862 V StorageManagerService: Package com.android.car.bugreport does not have legacy storage
09-15 11:35:41.882  1281  1862 V StorageManagerService: Package com.qualcomm.qct.dlt does not have legacy storage
09-15 11:35:41.882  1281  1862 V StorageManagerService: Package com.android.smspush does not have legacy storage
09-15 11:35:41.882  1281  1862 V StorageManagerService: Package com.qualcomm.qti.dcf.client.service does not have legacy storage
09-15 11:35:41.882  1281  1862 V StorageManagerService: Package com.android.role.notes.enabled does not have legacy storage
09-15 11:35:41.882  1281  1862 V StorageManagerService: Package com.qualcomm.atfwd2 does not have legacy storage
09-15 11:35:41.883  1281  1862 V StorageManagerService: Package com.android.car.cartelemetryapp does not have legacy storage
09-15 11:35:41.883  1281  1862 V StorageManagerService: Package com.android.experimentalcar has legacy storage
09-15 11:35:41.883  1281  1862 V StorageManagerService: Package com.android.apps.tag does not have legacy storage
09-15 11:35:41.883  1281  1862 V StorageManagerService: Package com.android.imsserviceentitlement does not have legacy storage
09-15 11:35:41.883  1281  1862 V StorageManagerService: Package com.android.storagemanager does not have legacy storage
09-15 11:35:41.883  1281  1862 V StorageManagerService: Package com.quicinc.voiceassistant.reference does not have legacy storage
09-15 11:35:41.883  1281  1862 V StorageManagerService: Package my.tests.snapdragonsdktest does not have legacy storage
09-15 11:35:41.883  1281  1862 V StorageManagerService: Package com.qualcomm.qti.cne does not have legacy storage
09-15 11:35:41.883  1281  1862 V StorageManagerService: Package com.qualcomm.qti.ims does not have legacy storage
09-15 11:35:41.885  1281  1415 W CameraService_proxy: Could not notify cameraserver, camera service not available.
09-15 11:35:41.885  1281  1415 I CameraService_proxy: Could not notify camera service of user switch, retrying...
09-15 11:35:41.886  1281  1862 V StorageManagerService: Package com.qualcomm.qti.lpa does not have legacy storage
09-15 11:35:41.886  1281  1862 V StorageManagerService: Package com.qualcomm.qti.smq does not have legacy storage
09-15 11:35:41.886  1281  1862 V StorageManagerService: Package com.qualcomm.qti.sva does not have legacy storage
09-15 11:35:41.886  1281  1862 V StorageManagerService: Package com.qualcomm.qti.uim does not have legacy storage
09-15 11:35:41.886  1281  1862 V StorageManagerService: Package com.android.cts.ctsshim does not have legacy storage
09-15 11:35:41.886  1281  1862 V StorageManagerService: Package com.qti.telephonysettings does not have legacy storage
09-15 11:35:41.887  1281  1862 V StorageManagerService: Package com.ultraviolette.fotaservice has legacy storage
09-15 11:35:41.887  1281  1862 V StorageManagerService: Package com.qualcomm.qti.uimGbaApp does not have legacy storage
09-15 11:35:41.887  1281  1862 V StorageManagerService: Package com.caf.fmradio does not have legacy storage
09-15 11:35:41.887  1281  1862 V StorageManagerService: Package com.qti.diagservices has legacy storage
09-15 11:35:41.887  1281  1862 V StorageManagerService: Package com.android.permissioncontroller.car.rro does not have legacy storage
09-15 11:35:41.887  1281  1862 V StorageManagerService: Package com.android.vpndialogs does not have legacy storage
09-15 11:35:41.887  1281  1862 V StorageManagerService: Package com.android.ecall does not have legacy storage
09-15 11:35:41.887  1281  1862 V StorageManagerService: Package com.android.music does not have legacy storage
09-15 11:35:41.887  1281  1862 V StorageManagerService: Package com.android.phone does not have legacy storage
09-15 11:35:41.887  1281  1862 V StorageManagerService: Package com.android.shell does not have legacy storage
09-15 11:35:41.887  1281  1862 V StorageManagerService: Package com.android.sdksandbox does not have legacy storage
09-15 11:35:41.887  1281  1862 V StorageManagerService: Package org.codeaurora.snapcam does not have legacy storage
09-15 11:35:41.887  1281  1862 V StorageManagerService: Package com.android.providers.userdictionary does not have legacy storage
09-15 11:35:41.888  1281  1862 V StorageManagerService: Package com.android.providers.media.module does not have legacy storage
09-15 11:35:41.888  1281  1862 V StorageManagerService: Package com.qualcomm.qti.cam2test does not have legacy storage
09-15 11:35:41.888  1281  1862 V StorageManagerService: Package com.android.emergency does not have legacy storage
09-15 11:35:41.888  1281  1862 V StorageManagerService: Package com.android.hotspot2.osulogin does not have legacy storage
09-15 11:35:41.888  1281  1862 V StorageManagerService: Package com.qualcomm.qti.qmmi has legacy storage
09-15 11:35:41.888  1281  1862 V StorageManagerService: Package com.qualcomm.qti.usta does not have legacy storage
09-15 11:35:41.888  1281  1862 V StorageManagerService: Package com.qualcomm.qti.xrcb does not have legacy storage
09-15 11:35:41.888  1281  1862 V StorageManagerService: Package com.android.internal.systemui.navbar.gestural does not have legacy storage
09-15 11:35:41.888  1281  1862 V StorageManagerService: Package com.android.location.fused has legacy storage
09-15 11:35:41.888  1281  1862 V StorageManagerService: Package com.android.systemui does not have legacy storage
09-15 11:35:41.888  1281  1862 V StorageManagerService: Package com.android.bluetoothmidiservice does not have legacy storage
09-15 11:35:41.888  1281  1862 V StorageManagerService: Package com.qualcomm.qti.confdialer does not have legacy storage
09-15 11:35:41.888  1281  1862 V StorageManagerService: Package com.qualcomm.qti.poweroffalarm does not have legacy storage
09-15 11:35:41.888  1281  1862 V StorageManagerService: Package com.android.car.updatable does not have legacy storage
09-15 11:35:41.888  1281  1862 V StorageManagerService: Package com.qti.ltebc does not have legacy storage
09-15 11:35:41.888  1281  1862 V StorageManagerService: Package com.qti.phone does not have legacy storage
09-15 11:35:41.888  1281  1862 V StorageManagerService: Package com.qualcomm.qti.dcf.nearbyclient does not have legacy storage
09-15 11:35:41.888  1281  1862 V StorageManagerService: Package com.android.permissioncontroller does not have legacy storage
09-15 11:35:41.888  1281  1862 V StorageManagerService: Package com.android.traceur does not have legacy storage
09-15 11:35:41.889  1281  1862 V StorageManagerService: Package com.qualcomm.qti.qms.service.trustzoneaccess does not have legacy storage
09-15 11:35:41.889  1281  1862 V StorageManagerService: Package com.qti.dcf does not have legacy storage
09-15 11:35:41.889  1281  1862 V StorageManagerService: Package com.qti.qcc does not have legacy storage
09-15 11:35:41.889  1281  1862 V StorageManagerService: Package com.qualcomm.qtil.aptxui does not have legacy storage
09-15 11:35:41.889  1281  1862 V StorageManagerService: Package com.android.ondevicepersonalization.services does not have legacy storage
09-15 11:35:41.889  1281  1862 V StorageManagerService: Package com.qualcomm.qti.server.wigig.tethering.rro does not have legacy storage
09-15 11:35:41.889  1281  1862 V StorageManagerService: Package com.qualcomm.qtil.btdsda does not have legacy storage
09-15 11:35:41.889  1281  1862 V StorageManagerService: Package com.android.bluetooth does not have legacy storage
09-15 11:35:41.889  1281  1862 V StorageManagerService: Package com.qualcomm.timeservice does not have legacy storage
09-15 11:35:41.889  1281  1862 V StorageManagerService: Package com.qualcomm.atfwd does not have legacy storage
09-15 11:35:41.890  1281  1862 V StorageManagerService: Package com.android.providers.contacts does not have legacy storage
09-15 11:35:41.890  1281  1862 V StorageManagerService: Package com.android.captiveportallogin does not have legacy storage
09-15 11:35:41.890  1281  1862 V StorageManagerService: Package com.android.internal.systemui.navbar.gestural_narrow_back does not have legacy storage
09-15 11:35:41.890  1281  1862 V StorageManagerService: Package com.android.devicelockcontroller does not have legacy storage
09-15 11:35:41.890  1281  1862 V StorageManagerService: Package com.android.ext.adservices.api does not have legacy storage
09-15 11:35:41.890  1281  1862 V StorageManagerService: Package com.android.cellbroadcastreceiver.overlay.common does not have legacy storage
09-15 11:35:41.890  1281  1862 V StorageManagerService: Package com.qualcomm.qti.sensors.qsensortest does not have legacy storage
09-15 11:35:41.890  1281  1862 V StorageManagerService: Package com.google.android.car.adaslocation does not have legacy storage
09-15 11:35:41.893  1281  1281 I ActivityTaskManager: START u10 {act=android.intent.action.MAIN cat=[android.intent.category.HOME] flg=0x10000100 cmp=com.android.car.settings/.FallbackHome (has extras)} with LAUNCH_MULTIPLE from uid 0 (BAL_ALLOW_ALLOWLISTED_UID) result code=0
09-15 11:35:41.893  1281  1864 W ContextImpl: Calling a method in the system process without a qualified user: android.app.ContextImpl.bindService:1988 android.content.ContextWrapper.bindService:861 com.qualcomm.qti.activityextension.ActivityNotifier.bindToDynamicDDSService:103 com.qualcomm.qti.activityextension.ActivityNotifier.handleSendActivityInvokeNotification:184 com.qualcomm.qti.activityextension.ActivityNotifier.access$300:26 
09-15 11:35:41.894  1281  1281 V SystemServerTiming: moveUserToForeground took to complete: 82ms
09-15 11:35:41.894  1281  1281 D SystemServerTiming: sendRestartBroadcast
09-15 11:35:41.894  1281  1305 I ActivityTaskManager: Config changes=80000000 {1.0 ?mcc0mnc [en_US] ldltr sw720dp w720dp h1280dp 160dpi xlrg long port car finger -keyb/h/h -nav/h winConfig={ mBounds=Rect(0, 0 - 720, 1280) mAppBounds=Rect(0, 0 - 720, 1280) mMaxBounds=Rect(0, 0 - 720, 1280) mDisplayRotation=ROTATION_0 mWindowingMode=fullscreen mDisplayWindowingMode=fullscreen mActivityType=undefined mAlwaysOnTop=undefined mRotation=ROTATION_0} as.2 s.16 fontWeightAdjustment=0}
09-15 11:35:41.897  1281  1305 I WindowManager: Override config changes=80000000 {1.0 ?mcc0mnc [en_US] ldltr sw720dp w720dp h1280dp 160dpi xlrg long port car finger -keyb/h/h -nav/h winConfig={ mBounds=Rect(0, 0 - 720, 1280) mAppBounds=Rect(0, 0 - 720, 1280) mMaxBounds=Rect(0, 0 - 720, 1280) mDisplayRotation=ROTATION_0 mWindowingMode=fullscreen mDisplayWindowingMode=fullscreen mActivityType=undefined mAlwaysOnTop=undefined mRotation=ROTATION_0} as.2 s.16 fontWeightAdjustment=0} for displayId=0
09-15 11:35:41.903  1281  1864 D CompatibilityChangeReporter: Compat change id reported: 135634846; UID 1001; state: DISABLED
09-15 11:35:41.903  1281  1864 D CompatibilityChangeReporter: Compat change id reported: 177438394; UID 1001; state: DISABLED
09-15 11:35:41.904  1281  1864 D CompatibilityChangeReporter: Compat change id reported: 135772972; UID 1001; state: DISABLED
09-15 11:35:41.904  1281  1864 D CompatibilityChangeReporter: Compat change id reported: 135754954; UID 1001; state: ENABLED
09-15 11:35:41.905  1281  1862 V SystemServerTimingAsync: ssm.onStartUser-10_com.android.server.StorageManagerService$Lifecycle took to complete: 43ms
09-15 11:35:41.905  1281  1415 W CameraService_proxy: Could not notify cameraserver, camera service not available.
09-15 11:35:41.905  1281  1415 I CameraService_proxy: Could not notify camera service of user switch, retrying...
09-15 11:35:41.909  1281  1281 V SystemServerTiming: sendRestartBroadcast took to complete: 15ms
09-15 11:35:41.909  1281  1281 V SystemServerTiming: UserController.startUser-10-fg-start-mode-1 took to complete: 558ms
09-15 11:35:41.909  1281  1281 V SystemServerTiming: switchToBootUser-10 took to complete: 558ms
09-15 11:35:41.909  1281  1281 V SystemServerTiming: HsumBootUserInitializer.systemRunning took to complete: 870ms
09-15 11:35:41.909  1281  1281 D SystemServerTiming: StartNetworkStack
09-15 11:35:41.912  1281  1281 D CompatibilityChangeReporter: Compat change id reported: 135634846; UID 1073; state: DISABLED
09-15 11:35:41.912  1281  1281 D CompatibilityChangeReporter: Compat change id reported: 177438394; UID 1073; state: DISABLED
09-15 11:35:41.912  1281  1281 D CompatibilityChangeReporter: Compat change id reported: 135772972; UID 1073; state: DISABLED
09-15 11:35:41.913  1281  1281 D CompatibilityChangeReporter: Compat change id reported: 135754954; UID 1073; state: ENABLED
09-15 11:35:41.914  1281  1281 V SystemServerTiming: StartNetworkStack took to complete: 4ms
09-15 11:35:41.914  1281  1281 D SystemServerTiming: StartTethering
09-15 11:35:41.914  1281  1316 I ActivityManager: Start proc 1865:.dataservices/1001 for service {com.qualcomm.qti.dynamicddsservice/com.qualcomm.qti.dynamicddsservice.DynamicDDSService}
09-15 11:35:41.918  1281  1281 V SystemServerTiming: StartTethering took to complete: 5ms
09-15 11:35:41.918  1281  1281 D SystemServerTiming: MakeCountryDetectionServiceReady
09-15 11:35:41.919  1281  1281 V SystemServerTiming: MakeCountryDetectionServiceReady took to complete: 0ms
09-15 11:35:41.919  1281  1281 D SystemServerTiming: MakeNetworkTimeUpdateReady
09-15 11:35:41.920  1281  1281 V SystemServerTiming: MakeNetworkTimeUpdateReady took to complete: 1ms
09-15 11:35:41.920  1281  1281 D SystemServerTiming: MakeInputManagerServiceReady
09-15 11:35:41.920  1281  1861 V SystemServerTiming: Permission_synchronize_addPackages-10 took to complete: 49ms
09-15 11:35:41.920  1281  1861 D SystemServerTiming: Permission_syncPackages-10
09-15 11:35:41.923  1281  1316 I ActivityManager: Start proc 1866:com.android.networkstack.process/1073 for service {com.android.networkstack/com.android.server.NetworkStackService}
09-15 11:35:41.924  1281  1314 D CountryDetector: Using custom country detector class: com.android.server.location.ComprehensiveCountryDetector
09-15 11:35:41.924  1281  1314 E CountryDetector: Could not instantiate the custom country detector class
09-15 11:35:41.924  1281  1314 D CountryDetector: Using default country detector
09-15 11:35:41.926  1281  1415 W CameraService_proxy: Could not notify cameraserver, camera service not available.
09-15 11:35:41.926  1281  1415 I CameraService_proxy: Could not notify camera service of user switch, retrying...
09-15 11:35:41.928  1281  1281 V SystemServerTiming: MakeInputManagerServiceReady took to complete: 7ms
09-15 11:35:41.928  1281  1281 D SystemServerTiming: MakeTelephonyRegistryReady
09-15 11:35:41.928  1281  1281 V SystemServerTiming: MakeTelephonyRegistryReady took to complete: 0ms
09-15 11:35:41.928  1281  1281 D SystemServerTiming: MakeMediaRouterServiceReady
09-15 11:35:41.929  1281  1281 I MR2ServiceImpl: switchUser | user: 10
09-15 11:35:41.929  1281  1861 V SystemServerTiming: Permission_syncPackages-10 took to complete: 9ms
09-15 11:35:41.929  1281  1281 V SystemServerTiming: MakeMediaRouterServiceReady took to complete: 1ms
09-15 11:35:41.929  1281  1861 V SystemServerTiming: Permission_synchronize_permissions-10 took to complete: 59ms
09-15 11:35:41.929  1281  1861 D SystemServerTiming: Permission_onInitialized-10
09-15 11:35:41.929  1281  1281 D SystemServerTiming: MakeMmsServiceReady
09-15 11:35:41.929  1281  1281 I MmsServiceBroker: Delay connecting to MmsService until an API is called
09-15 11:35:41.929  1281  1281 V SystemServerTiming: MakeMmsServiceReady took to complete: 0ms
09-15 11:35:41.929  1281  1281 D SystemServerTiming: IncidentDaemonReady
09-15 11:35:41.929  1281  1861 I PermissionManager: Permission ownership changed. Updating all permissions.
09-15 11:35:41.931  1281  1281 V SystemServerTiming: IncidentDaemonReady took to complete: 1ms
09-15 11:35:41.931  1281  1281 D SystemServerTiming: MakeIncrementalServiceReady
09-15 11:35:41.931  1281  1281 V SystemServerTiming: MakeIncrementalServiceReady took to complete: 1ms
09-15 11:35:41.931  1281  1281 D SystemServerTiming: OdsignStatsLogger
09-15 11:35:41.931  1281  1281 V SystemServerTiming: OdsignStatsLogger took to complete: 0ms
09-15 11:35:41.931  1281  1281 D SystemServerTiming: getCurrentUser
09-15 11:35:41.931  1281  1281 I ActivityManager: Current user:10
09-15 11:35:41.931  1281  1281 V SystemServerTiming: getCurrentUser took to complete: 0ms
09-15 11:35:41.931  1281  1281 D SystemServerTiming: ActivityManagerStartApps
09-15 11:35:41.932  1281  1281 D SystemServerTiming: startPersistentApps
09-15 11:35:41.934  1281  1281 D CompatibilityChangeReporter: Compat change id reported: 135634846; UID 10081; state: DISABLED
09-15 11:35:41.934  1281  1281 D CompatibilityChangeReporter: Compat change id reported: 177438394; UID 10081; state: DISABLED
09-15 11:35:41.934  1281  1281 D CompatibilityChangeReporter: Compat change id reported: 135772972; UID 10081; state: DISABLED
09-15 11:35:41.934  1281  1281 D CompatibilityChangeReporter: Compat change id reported: 135754954; UID 10081; state: ENABLED
09-15 11:35:41.935  1281  1316 D CompatibilityChangeReporter: Compat change id reported: 143937733; UID 10081; state: ENABLED
09-15 11:35:41.943  1281  1281 D CompatibilityChangeReporter: Compat change id reported: 135634846; UID 10109; state: DISABLED
09-15 11:35:41.944  1281  1281 D CompatibilityChangeReporter: Compat change id reported: 177438394; UID 10109; state: DISABLED
09-15 11:35:41.944  1281  1281 D CompatibilityChangeReporter: Compat change id reported: 135772972; UID 10109; state: DISABLED
09-15 11:35:41.944  1281  1281 D CompatibilityChangeReporter: Compat change id reported: 135754954; UID 10109; state: ENABLED
09-15 11:35:41.947  1281  1415 W CameraService_proxy: Could not notify cameraserver, camera service not available.
09-15 11:35:41.947  1281  1415 I CameraService_proxy: Could not notify camera service of user switch, retrying...
09-15 11:35:41.951  1281  1281 D CompatibilityChangeReporter: Compat change id reported: 135634846; UID 10112; state: DISABLED
09-15 11:35:41.951  1281  1281 D CompatibilityChangeReporter: Compat change id reported: 177438394; UID 10112; state: DISABLED
09-15 11:35:41.951  1281  1281 D CompatibilityChangeReporter: Compat change id reported: 135772972; UID 10112; state: DISABLED
09-15 11:35:41.952  1281  1281 D CompatibilityChangeReporter: Compat change id reported: 135754954; UID 10112; state: ENABLED
01-01 05:30:29.543     0     0 I binder  : 1865:1865 ioctl 40046210 7ff1e45740 returned -22
09-15 11:35:41.954  1281  1281 D CompatibilityChangeReporter: Compat change id reported: 135634846; UID 1000; state: DISABLED
09-15 11:35:41.954  1281  1281 D CompatibilityChangeReporter: Compat change id reported: 177438394; UID 1000; state: DISABLED
09-15 11:35:41.955  1281  1281 D CompatibilityChangeReporter: Compat change id reported: 135772972; UID 1000; state: DISABLED
09-15 11:35:41.955  1281  1281 D CompatibilityChangeReporter: Compat change id reported: 135754954; UID 1000; state: ENABLED
01-01 05:30:29.549     0     0 I binder  : 1866:1866 ioctl 40046210 7ff1e45740 returned -22
09-15 11:35:41.957  1281  1281 D CompatibilityChangeReporter: Compat change id reported: 135634846; UID 10117; state: DISABLED
09-15 11:35:41.957  1281  1281 D CompatibilityChangeReporter: Compat change id reported: 177438394; UID 10117; state: DISABLED
09-15 11:35:41.958  1281  1281 D CompatibilityChangeReporter: Compat change id reported: 135772972; UID 10117; state: DISABLED
09-15 11:35:41.958  1281  1281 D CompatibilityChangeReporter: Compat change id reported: 135754954; UID 10117; state: ENABLED
09-15 11:35:41.959  1281  1281 D CompatibilityChangeReporter: Compat change id reported: 135634846; UID 1068; state: DISABLED
09-15 11:35:41.964  1281  1281 D CompatibilityChangeReporter: Compat change id reported: 135634846; UID 10124; state: DISABLED
09-15 11:35:41.964  1281  1281 D CompatibilityChangeReporter: Compat change id reported: 177438394; UID 10124; state: DISABLED
09-15 11:35:41.964  1281  1281 D CompatibilityChangeReporter: Compat change id reported: 135772972; UID 10124; state: DISABLED
09-15 11:35:41.964  1281  1281 D CompatibilityChangeReporter: Compat change id reported: 135754954; UID 10124; state: ENABLED
09-15 11:35:41.966  1281  1281 D CompatibilityChangeReporter: Compat change id reported: 135634846; UID 10148; state: DISABLED
09-15 11:35:41.966  1281  1281 D CompatibilityChangeReporter: Compat change id reported: 177438394; UID 10148; state: DISABLED
09-15 11:35:41.966  1281  1281 D CompatibilityChangeReporter: Compat change id reported: 135772972; UID 10148; state: DISABLED
09-15 11:35:41.966  1281  1281 D CompatibilityChangeReporter: Compat change id reported: 135754954; UID 10148; state: ENABLED
09-15 11:35:41.967  1281  1415 W CameraService_proxy: Could not notify cameraserver, camera service not available.
09-15 11:35:41.967  1281  1415 I CameraService_proxy: Could not notify camera service of user switch, retrying...
09-15 11:35:41.968  1281  1281 D CompatibilityChangeReporter: Compat change id reported: 135634846; UID 10111; state: DISABLED
09-15 11:35:41.968  1281  1281 D CompatibilityChangeReporter: Compat change id reported: 177438394; UID 10111; state: DISABLED
09-15 11:35:41.968  1281  1281 D CompatibilityChangeReporter: Compat change id reported: 135772972; UID 10111; state: DISABLED
09-15 11:35:41.968  1281  1281 D CompatibilityChangeReporter: Compat change id reported: 135754954; UID 10111; state: ENABLED
09-15 11:35:41.969  1281  1281 V SystemServerTiming: startPersistentApps took to complete: 37ms
09-15 11:35:41.969  1281  1281 D SystemServerTiming: showSystemReadyErrorDialogs
01-01 05:30:29.566     0     0 I binder  : 1873:1873 ioctl 40046210 7ff1e45740 returned -22
09-15 11:35:41.988  1281  1415 W CameraService_proxy: Could not notify cameraserver, camera service not available.
09-15 11:35:41.988  1281  1415 I CameraService_proxy: Could not notify camera service of user switch, retrying...
09-15 11:35:42.008  1281  1415 W CameraService_proxy: Could not notify cameraserver, camera service not available.
09-15 11:35:42.008  1281  1415 I CameraService_proxy: Could not notify camera service of user switch, retrying...
09-15 11:35:42.029  1281  1415 W CameraService_proxy: Could not notify cameraserver, camera service not available.
09-15 11:35:42.029  1281  1415 I CameraService_proxy: Could not notify camera service of user switch, retrying...
09-15 11:35:42.037  1281  1861 V SystemServerTiming: Permission_onInitialized-10 took to complete: 107ms
09-15 11:35:42.037  1281  1861 W SystemServiceManager: Service com.android.server.policy.PermissionPolicyService took 166 ms in onStartUser-10
09-15 11:35:42.037  1281  1861 V SystemServerTimingAsync: ssm.onStartUser-10_com.android.server.policy.PermissionPolicyService took to complete: 166ms
09-15 11:35:42.037  1281  1315 V SystemServerTimingAsync: ssm.StartUser-10 took to complete: 225ms
09-15 11:35:42.038  1281  1315 D SystemServerTimingAsync: ssm.SwitchUser-10
09-15 11:35:42.038  1281  1315 I SystemServiceManager: Calling onSwitchUser 10 (from 0)
09-15 11:35:42.038  1281  1315 D SystemServerTimingAsync: ssm.onSwitchUser-10_com.android.server.security.FileIntegrityService
09-15 11:35:42.038  1281  1315 V SystemServerTimingAsync: ssm.onSwitchUser-10_com.android.server.security.FileIntegrityService took to complete: 0ms
09-15 11:35:42.038  1281  1315 D SystemServerTimingAsync: ssm.onSwitchUser-10_com.android.server.pm.Installer
09-15 11:35:42.038  1281  1315 V SystemServerTimingAsync: ssm.onSwitchUser-10_com.android.server.pm.Installer took to complete: 0ms
09-15 11:35:42.038  1281  1315 D SystemServerTimingAsync: ssm.onSwitchUser-10_com.android.server.os.DeviceIdentifiersPolicyService
09-15 11:35:42.038  1281  1315 V SystemServerTimingAsync: ssm.onSwitchUser-10_com.android.server.os.DeviceIdentifiersPolicyService took to complete: 0ms
09-15 11:35:42.038  1281  1315 D SystemServerTimingAsync: ssm.onSwitchUser-10_com.android.server.uri.UriGrantsManagerService$Lifecycle
09-15 11:35:42.038  1281  1315 V SystemServerTimingAsync: ssm.onSwitchUser-10_com.android.server.uri.UriGrantsManagerService$Lifecycle took to complete: 0ms
09-15 11:35:42.038  1281  1315 D SystemServerTimingAsync: ssm.onSwitchUser-10_com.android.server.powerstats.PowerStatsService
09-15 11:35:42.038  1281  1315 V SystemServerTimingAsync: ssm.onSwitchUser-10_com.android.server.powerstats.PowerStatsService took to complete: 0ms
09-15 11:35:42.038  1281  1315 D SystemServerTimingAsync: ssm.onSwitchUser-10_com.android.server.permission.access.AccessCheckingService
09-15 11:35:42.038  1281  1315 V SystemServerTimingAsync: ssm.onSwitchUser-10_com.android.server.permission.access.AccessCheckingService took to complete: 0ms
09-15 11:35:42.038  1281  1315 D SystemServerTimingAsync: ssm.onSwitchUser-10_com.android.server.wm.ActivityTaskManagerService$Lifecycle
09-15 11:35:42.038  1281  1315 V SystemServerTimingAsync: ssm.onSwitchUser-10_com.android.server.wm.ActivityTaskManagerService$Lifecycle took to complete: 0ms
09-15 11:35:42.038  1281  1315 D SystemServerTimingAsync: ssm.onSwitchUser-10_com.android.server.am.ActivityManagerService$Lifecycle
09-15 11:35:42.038  1281  1315 V SystemServerTimingAsync: ssm.onSwitchUser-10_com.android.server.am.ActivityManagerService$Lifecycle took to complete: 0ms
09-15 11:35:42.038  1281  1315 D SystemServerTimingAsync: ssm.onSwitchUser-10_com.android.server.pm.DataLoaderManagerService
09-15 11:35:42.038  1281  1315 V SystemServerTimingAsync: ssm.onSwitchUser-10_com.android.server.pm.DataLoaderManagerService took to complete: 0ms
09-15 11:35:42.038  1281  1315 D SystemServerTimingAsync: ssm.onSwitchUser-10_com.android.server.power.PowerManagerService
09-15 11:35:42.038  1281  1315 V SystemServerTimingAsync: ssm.onSwitchUser-10_com.android.server.power.PowerManagerService took to complete: 0ms
09-15 11:35:42.038  1281  1315 D SystemServerTimingAsync: ssm.onSwitchUser-10_com.android.server.power.ThermalManagerService
09-15 11:35:42.038  1281  1315 V SystemServerTimingAsync: ssm.onSwitchUser-10_com.android.server.power.ThermalManagerService took to complete: 0ms
09-15 11:35:42.038  1281  1315 D SystemServerTimingAsync: ssm.onSwitchUser-10_com.android.server.power.hint.HintManagerService
09-15 11:35:42.038  1281  1315 V SystemServerTimingAsync: ssm.onSwitchUser-10_com.android.server.power.hint.HintManagerService took to complete: 0ms
09-15 11:35:42.038  1281  1315 D SystemServerTimingAsync: ssm.onSwitchUser-10_com.android.server.recoverysystem.RecoverySystemService$Lifecycle
09-15 11:35:42.038  1281  1315 V SystemServerTimingAsync: ssm.onSwitchUser-10_com.android.server.recoverysystem.RecoverySystemService$Lifecycle took to complete: 0ms
09-15 11:35:42.038  1281  1315 D SystemServerTimingAsync: ssm.onSwitchUser-10_com.android.server.lights.LightsService
09-15 11:35:42.038  1281  1315 V SystemServerTimingAsync: ssm.onSwitchUser-10_com.android.server.lights.LightsService took to complete: 0ms
09-15 11:35:42.038  1281  1315 D SystemServerTimingAsync: ssm.onSwitchUser-10_com.android.server.display.DisplayManagerService
09-15 11:35:42.039  1281  1315 V SystemServerTimingAsync: ssm.onSwitchUser-10_com.android.server.display.DisplayManagerService took to complete: 1ms
09-15 11:35:42.039  1281  1315 D SystemServerTimingAsync: ssm.onSwitchUser-10_com.android.server.pm.verify.domain.DomainVerificationService
09-15 11:35:42.039  1281  1315 V SystemServerTimingAsync: ssm.onSwitchUser-10_com.android.server.pm.verify.domain.DomainVerificationService took to complete: 0ms
09-15 11:35:42.039  1281  1315 D SystemServerTimingAsync: ssm.onSwitchUser-10_com.android.server.pm.PackageInstallerService$Lifecycle
09-15 11:35:42.039  1281  1315 V SystemServerTimingAsync: ssm.onSwitchUser-10_com.android.server.pm.PackageInstallerService$Lifecycle took to complete: 0ms
09-15 11:35:42.039  1281  1315 D SystemServerTimingAsync: ssm.onSwitchUser-10_com.android.server.pm.UserManagerService$LifeCycle
09-15 11:35:42.039  1281  1315 V SystemServerTimingAsync: ssm.onSwitchUser-10_com.android.server.pm.UserManagerService$LifeCycle took to complete: 0ms
09-15 11:35:42.039  1281  1315 D SystemServerTimingAsync: ssm.onSwitchUser-10_com.android.server.om.OverlayManagerService
09-15 11:35:42.039  1281  1315 V SystemServerTimingAsync: ssm.onSwitchUser-10_com.android.server.om.OverlayManagerService took to complete: 0ms
09-15 11:35:42.039  1281  1315 D SystemServerTimingAsync: ssm.onSwitchUser-10_com.android.server.resources.ResourcesManagerService
09-15 11:35:42.039  1281  1315 V SystemServerTimingAsync: ssm.onSwitchUser-10_com.android.server.resources.ResourcesManagerService took to complete: 0ms
09-15 11:35:42.039  1281  1315 D SystemServerTimingAsync: ssm.onSwitchUser-10_com.android.server.sensorprivacy.SensorPrivacyService
09-15 11:35:42.039  1281  1315 V SystemServerTimingAsync: ssm.onSwitchUser-10_com.android.server.sensorprivacy.SensorPrivacyService took to complete: 0ms
09-15 11:35:42.039  1281  1315 D SystemServerTimingAsync: ssm.onSwitchUser-10_com.android.server.sensors.SensorService
09-15 11:35:42.039  1281  1315 V SystemServerTimingAsync: ssm.onSwitchUser-10_com.android.server.sensors.SensorService took to complete: 0ms
09-15 11:35:42.039  1281  1315 D SystemServerTimingAsync: ssm.onSwitchUser-10_com.android.server.SystemConfigService
09-15 11:35:42.039  1281  1315 V SystemServerTimingAsync: ssm.onSwitchUser-10_com.android.server.SystemConfigService took to complete: 0ms
09-15 11:35:42.039  1281  1315 D SystemServerTimingAsync: ssm.onSwitchUser-10_com.android.server.BatteryService
09-15 11:35:42.039  1281  1315 V SystemServerTimingAsync: ssm.onSwitchUser-10_com.android.server.BatteryService took to complete: 0ms
