11-07 20:07:46.360 11005 11005 F DEBUG   :       #02 pc 000000000000701c  /system/lib64/liblog.so (__android_log_assert+312) (BuildId: e05aefcb936d3c511dd026d3e152503f)
11-07 20:07:46.360 11005 11005 F DEBUG   :       #03 pc 000000000006adf0  /apex/com.android.vndk.v30/lib64/libbinder.so (android::ProcessState::ProcessState(char const*)+372) (BuildId: 7703b5b080cfabac26e5ae3585f2c76c)
11-07 20:07:46.360 11005 11005 F DEBUG   :       #04 pc 000000000006abe4  /apex/com.android.vndk.v30/lib64/libbinder.so (android::ProcessState::self()+112) (BuildId: 7703b5b080cfabac26e5ae3585f2c76c)
11-07 20:07:46.360 11005 11005 F DEBUG   :       #05 pc 0000000000002074  /vendor/bin/my_uv_service (main+44) (BuildId: 9b47a07ec1d9d741dcbed4bd6570e468)
11-07 20:07:46.360 11005 11005 F DEBUG   :       #06 pc 0000000000053e48  /apex/com.android.runtime/lib64/bionic/libc.so (__libc_init+108) (BuildId: 50118287324a156bc7be11d3d940c7be)
11-07 20:07:46.365     0     0 I logd    : logdr: UID=1000 GID=1000 PID=11005 n tail=500 logMask=8 pid=11002 start=0ns deadline=0ns
11-07 20:07:46.366     0     0 I logd    : logdr: UID=1000 GID=1000 PID=11005 n tail=500 logMask=1 pid=11002 start=0ns deadline=0ns
11-07 20:07:46.362  1375  1721 W NativeCrashListener: Couldn't find ProcessRecord for pid 11002
11-07 20:07:46.362 11005 11005 E crash_dump64: AM data write failed: Broken pipe
11-07 20:07:46.363   586   586 E tombstoned: Tombstone written to: tombstone_20
11-07 20:07:46.372     0     0 I init    : Untracked pid 11005 exited with status 0
11-07 20:07:46.365  1375  1513 E NativeTombstoneManager: Tombstone's UID (1000) not an app, ignoring
11-07 20:07:46.366  1375  1513 E NativeTombstoneManager: Tombstone's UID (1000) not an app, ignoring
11-07 20:07:46.372     0     0 I init    : Untracked pid 11005 did not have an associated service entry and will not be reaped
11-07 20:07:46.374     0     0 I init    : Service 'my_uv_service' (pid 11002) received signal 6
11-07 20:07:46.405  1053  1053 E Bikelogs: recvfrom error: Try again
11-07 20:07:46.864  1178  5948 D LOWI-9.0.1.68: [LOWI-Scan] wait_event:Wait done with Cmd 34
11-07 20:07:46.865  1178  5948 D LOWI-9.0.1.68: [LOWI-Scan] do_listen_events: Rcvd valid Netlink Cmd 34 Err 0
11-07 20:07:46.865  1375  1989 D WifiNl80211Manager: Scan result ready event
11-07 20:07:46.865  1375  1989 D WifiNative: Scan result ready event
11-07 20:07:46.866  1178  5948 D LOWI-9.0.1.68: [LOWI-Scan]  -- associated
11-07 20:07:46.866  1178  5948 D LOWI-9.0.1.68: [LOWI-Scan] 
11-07 20:07:46.866  1178  5948 D LOWI-9.0.1.68: [LOWI-Scan] is_qcom_ie, bss_age: 0
11-07 20:07:46.866  1178  5948 D LOWI-9.0.1.68: [LOWI-Scan] BSS 4a:f3:ab:**:**:32 FREQ: 5320, cFreq1[40:80:160] = [5310:5290:0] cFreq2 = 0 SSID POCO, RSSI(dBM): -72, 11mcRanging: No, Country Code = IN
11-07 20:07:46.866  1178  5948 D LOWI-9.0.1.68: [LOWI-Scan] 
11-07 20:07:46.866  1178  5948 D LOWI-9.0.1.68: [LOWI-Scan] is_qcom_ie, bss_age: 0
11-07 20:07:46.866  1178  5948 D LOWI-9.0.1.68: [LOWI-Scan] BSS e6:55:b8:**:**:ec FREQ: 5240, cFreq1[40:80:160] = [5230:5210:0] cFreq2 = 0 SSID A71 - IT Infra, RSSI(dBM): -78, 11mcRanging: No, Country Code = IN
11-07 20:07:46.866  1178  5948 D LOWI-9.0.1.68: [LOWI-Scan] 
11-07 20:07:46.867  1178  5948 D LOWI-9.0.1.68: [LOWI-Scan] is_qcom_ie, bss_age: 0
11-07 20:07:46.867  1178  5948 D LOWI-9.0.1.68: [LOWI-Scan] BSS e2:55:b8:**:**:ec FREQ: 5240, cFreq1[40:80:160] = [5230:5210:0] cFreq2 = 0 SSID A71 - Design, RSSI(dBM): -77, 11mcRanging: No, Country Code = IN
11-07 20:07:46.867  1178  5948 D LOWI-9.0.1.68: [LOWI-Scan] 
11-07 20:07:46.867  1178  5948 D LOWI-9.0.1.68: [LOWI-Scan] is_qcom_ie, bss_age: 0
11-07 20:07:46.867  1178  5948 D LOWI-9.0.1.68: [LOWI-Scan] BSS ea:55:b8:**:**:ec FREQ: 5240, cFreq1[40:80:160] = [5230:5210:0] cFreq2 = 0 SSID A71 - Electronics, RSSI(dBM): -79, 11mcRanging: No, Country Code = IN
11-07 20:07:46.867  1178  5948 D LOWI-9.0.1.68: [LOWI-Scan] 
11-07 20:07:46.867  1178  5948 D LOWI-9.0.1.68: [LOWI-Scan] is_qcom_ie, bss_age: 0
11-07 20:07:46.867  1178  5948 D LOWI-9.0.1.68: [LOWI-Scan] BSS f6:55:b8:**:**:ec FREQ: 5240, cFreq1[40:80:160] = [5230:5210:0] cFreq2 = 0 SSID A71 - Operations, RSSI(dBM): -79, 11mcRanging: No, Country Code = IN
11-07 20:07:46.867  1178  5948 D LOWI-9.0.1.68: [LOWI-Scan] 
11-07 20:07:46.867  1178  5948 D LOWI-9.0.1.68: [LOWI-Scan] is_qcom_ie, bss_age: 0
11-07 20:07:46.867  1178  5948 D LOWI-9.0.1.68: [LOWI-Scan] BSS f2:55:b8:**:**:ec FREQ: 5240, cFreq1[40:80:160] = [5230:5210:0] cFreq2 = 0 SSID A71 - Guest, RSSI(dBM): -79, 11mcRanging: No, Country Code = IN
11-07 20:07:46.868  1178  5948 D LOWI-9.0.1.68: [LOWI-Scan] 
11-07 20:07:46.868  1178  5948 D LOWI-9.0.1.68: [LOWI-Scan] is_qcom_ie, bss_age: 0
11-07 20:07:46.868  1178  5948 D LOWI-9.0.1.68: [LOWI-Scan] BSS fe:55:b8:**:**:ec FREQ: 5240, cFreq1[40:80:160] = [5230:5210:0] cFreq2 = 0 SSID A71 - Printers, RSSI(dBM): -77, 11mcRanging: No, Country Code = IN
11-07 20:07:46.868  1178  5948 D LOWI-9.0.1.68: [LOWI-Scan] 
11-07 20:07:46.868  1178  5948 D LOWI-9.0.1.68: [LOWI-Scan] is_qcom_ie, bss_age: 0
11-07 20:07:46.868  1178  5948 D LOWI-9.0.1.68: [LOWI-Scan] BSS ee:55:b8:**:**:ec FREQ: 5240, cFreq1[40:80:160] = [5230:5210:0] cFreq2 = 0 SSID A71 - Engineering, RSSI(dBM): -78, 11mcRanging: No, Country Code = IN
11-07 20:07:46.868  1178  5948 D LOWI-9.0.1.68: [LOWI-Scan] 
11-07 20:07:46.868  1178  5948 D LOWI-9.0.1.68: [LOWI-Scan] is_qcom_ie, bss_age: 0
11-07 20:07:46.868  1178  5948 D LOWI-9.0.1.68: [LOWI-Scan] BSS e6:55:b8:**:**:a0 FREQ: 5320, cFreq1[40:80:160] = [5310:5290:0] cFreq2 = 0 SSID A71 - IT Infra, RSSI(dBM): -80, 11mcRanging: No, Country Code = IN
11-07 20:07:46.868  1178  5948 D LOWI-9.0.1.68: [LOWI-Scan] 
11-07 20:07:46.868  1178  5948 D LOWI-9.0.1.68: [LOWI-Scan] is_qcom_ie, bss_age: 0
11-07 20:07:46.868  1178  5948 D LOWI-9.0.1.68: [LOWI-Scan] BSS e2:55:b8:**:**:a0 FREQ: 5320, cFreq1[40:80:160] = [5310:5290:0] cFreq2 = 0 SSID A71 - Design, RSSI(dBM): -79, 11mcRanging: No, Country Code = IN
11-07 20:07:46.869  1178  5948 D LOWI-9.0.1.68: [LOWI-Scan] 
11-07 20:07:46.869  1178  5948 D LOWI-9.0.1.68: [LOWI-Scan] is_qcom_ie, bss_age: 0
11-07 20:07:46.869  1178  5948 D LOWI-9.0.1.68: [LOWI-Scan] BSS ee:55:b8:**:**:a0 FREQ: 5320, cFreq1[40:80:160] = [5310:5290:0] cFreq2 = 0 SSID A71 - Engineering, RSSI(dBM): -80, 11mcRanging: No, Country Code = IN
11-07 20:07:46.869  1178  5948 D LOWI-9.0.1.68: [LOWI-Scan] 
11-07 20:07:46.869  1178  5948 D LOWI-9.0.1.68: [LOWI-Scan] is_qcom_ie, bss_age: 0
11-07 20:07:46.869  1178  5948 D LOWI-9.0.1.68: [LOWI-Scan] BSS ea:55:b8:**:**:a0 FREQ: 5320, cFreq1[40:80:160] = [5310:5290:0] cFreq2 = 0 SSID A71 - Electronics, RSSI(dBM): -79, 11mcRanging: No, Country Code = IN
11-07 20:07:46.869  1178  5948 D LOWI-9.0.1.68: [LOWI-Scan] 
11-07 20:07:46.869  1178  5948 D LOWI-9.0.1.68: [LOWI-Scan] is_qcom_ie, bss_age: 0
11-07 20:07:46.876   764  5796 V WifiHAL : event received NL80211_CMD_NEW_SCAN_RESULTS
11-07 20:07:46.884  1178  5948 D LOWI-9.0.1.68: [LOWI-Scan] BSS f6:55:b8:**:**:a0 FREQ: 5320, cFreq1[40:80:160] = [5310:5290:0] cFreq2 = 0 SSID A71 - Operations, RSSI(dBM): -78, 11mcRanging: No, Country Code = IN
11-07 20:07:46.888  1178  5948 D LOWI-9.0.1.68: [LOWI-Scan] 
11-07 20:07:46.888  1178  5948 D LOWI-9.0.1.68: [LOWI-Scan] is_qcom_ie, bss_age: 0
11-07 20:07:46.888  1178  5948 D LOWI-9.0.1.68: [LOWI-Scan] BSS f2:55:b8:**:**:a0 FREQ: 5320, cFreq1[40:80:160] = [5310:5290:0] cFreq2 = 0 SSID A71 - Guest, RSSI(dBM): -79, 11mcRanging: No, Country Code = IN
11-07 20:07:46.889  1178  5948 D LOWI-9.0.1.68: [LOWI-Scan] 
11-07 20:07:46.889  1178  5948 D LOWI-9.0.1.68: [LOWI-Scan] is_qcom_ie, bss_age: 0
11-07 20:07:46.889  1375  1603 W IE_Capabilities: Unknown RSN cipher suite: aac0f00
11-07 20:07:46.889  1178  5948 D LOWI-9.0.1.68: [LOWI-Scan] BSS fe:55:b8:**:**:a0 FREQ: 5320, cFreq1[40:80:160] = [5310:5290:0] cFreq2 = 0 SSID A71 - Printers, RSSI(dBM): -79, 11mcRanging: No, Country Code = IN
11-07 20:07:46.890  1178  5948 D LOWI-9.0.1.68: [LOWI-Scan] 
11-07 20:07:46.890  1178  5948 D LOWI-9.0.1.68: [LOWI-Scan] is_qcom_ie, bss_age: 0
11-07 20:07:46.890  1178  5948 D LOWI-9.0.1.68: [LOWI-Scan] BSS d2:ad:08:**:**:f6 FREQ: 2412, cFreq1[40:80:160] = [0:0:0] cFreq2 = 0 SSID DIRECT-F6-HP 4104dw LJ, RSSI(dBM): -84, 11mcRanging: No, Country Code =    
11-07 20:07:46.891  1178  5948 D LOWI-9.0.1.68: [LOWI-Scan] 
11-07 20:07:46.891  1178  5948 D LOWI-9.0.1.68: [LOWI-Scan] is_qcom_ie, bss_age: 0
11-07 20:07:46.891  1178  5948 D LOWI-9.0.1.68: [LOWI-Scan] BSS da:55:b8:**:**:a0 FREQ: 5320, cFreq1[40:80:160] = [5310:5290:0] cFreq2 = 0 SSID , RSSI(dBM): -79, 11mcRanging: No, Country Code = IN
11-07 20:07:46.891  1178  5948 D LOWI-9.0.1.68: [LOWIDiagLog] Log: lowiMeasResult->request: invalid null argument
11-07 20:07:46.891  1178  5948 I LOWI-9.0.1.68: [LOWI-Scan] lowi_close_record:Scan done in 1347012ms, 17 APs in scan results
11-07 20:07:46.891  1178  5948 D LOWI-9.0.1.68: [LOWI-Scan] WipsScanUsingNL: passive scan cached 0, took 10026 ms, err 0
11-07 20:07:46.891  1178  5948 D LOWI-9.0.1.68: [LOWI-Scan] lowi_proc_req_passive_scan_with_live_meas - No WLAN Frames to be parsed
11-07 20:07:46.891  1178  5948 D LOWI-9.0.1.68: [LOWIScanResultReceiver] Send scan meas to listener
11-07 20:07:46.892  1178  1204 D LOWI-9.0.1.68: [LOWIEventReceiver] handleEvent:FROM:NA, TO:NA, REQ:NA, IREQ:NA, REQ_ID:0, RESP:NA, INFO:NA
11-07 20:07:46.892  1178  1204 D LOWI-9.0.1.68: [LOWIBackgroundScanMgr] isRspForBgScanMgr: evt(LOWI_NO_EVT) - not handled
11-07 20:07:46.892  1178  1204 D LOWI-9.0.1.68: [LOWIScheduler] manageMsg: NULL results or NULL request in results
11-07 20:07:46.892  1178  1204 D LOWI-9.0.1.68: [LOWIController] Measurements received
11-07 20:07:46.892  1178  1204 D LOWI-9.0.1.68: [LOWICacheManager] putInCache:Num of Meas to add: 17
11-07 20:07:46.893  1178  1204 D LOWI-9.0.1.68: [LOWIController] processMeasurementResults: No current Request. Cache measurements
11-07 20:07:46.893  1178  1204 D LOWI-9.0.1.68: [LOWIController] sendAsyncScanResponse: Request FreeWifiScanObserver_0 is from a different client.
11-07 20:07:46.893  1178  1204 D LOWI-9.0.1.68: [LOWIController] generateResponse: Type (ASYNC_DISCOVERY_SCAN_RESULTS) ScanStatus (1) request FreeWifiScanObserver_0
11-07 20:07:46.893  1178  1204 D LOWI-9.0.1.68: [LOWIEventDispatcher] sendResponse - originator = FreeWifiScanObserver
11-07 20:07:46.893  1178  1204 D LOWI-9.0.1.68: [LOWIUtils] injectScanMeasurements - num of APs = 17
11-07 20:07:46.895  1178  1204 I LOWI-9.0.1.68: [LOWIUtils] responseToOutPostcard - TO: FreeWifiScanObserver, FROM:   LOWI-SERVER, RESP:  LOWI_ASYNC_DISCOVERY_SCAN_RESULTS
11-07 20:07:46.897  1178  1204 D LOWI-9.0.1.68: [LOWIControllerExtn] sendLOWILpDiscoveryScanResponse: Not a discovery scan response
11-07 20:07:46.897  1178  5948 D LOWI-9.0.1.68: [LOWIScanResultReceiver] Enter passive listening mode
11-07 20:07:46.897  1178  5948 D LOWI-9.0.1.68: [LOWIWifiDriverInterface] getMeasurements - Passive listening mode
11-07 20:07:46.897  1178  5948 D LOWI-9.0.1.68: [LOWI-Scan] WipsScanUsingNL:wait -1 sec for netlink message
11-07 20:07:46.904   752  1813 I LocSvc_api_v02: ---> locClientSendReq line 2412 QMI_LOC_INJECT_WIFI_AP_DATA_REQ_V02
11-07 20:07:46.906   752  3289 I LocSvc_ApiV02: <--- globalRespCb line 277 QMI_LOC_INJECT_WIFI_AP_DATA_REQ_V02
11-07 20:07:47.007     0     0 I init    : starting service 'mc_logger'...
11-07 20:07:47.021     0     0 I init    : ... started service 'mc_logger' has pid 11010
11-07 20:07:47.026 11010 11010 I MC_LOGGER: Motor Controller Logger Service Starting...
11-07 20:07:47.026 11010 11010 E MC_LOGGER: Failed to open UART device /dev/ttyMSM0: Permission denied
11-07 20:07:47.026 11010 11010 E MC_LOGGER: Motor Controller UART Initialization failed!
11-07 20:07:47.036     0     0 I init    : Service 'mc_logger' (pid 11010) exited with status 1
11-07 20:07:47.036     0     0 I init    : Sending signal 9 to service 'mc_logger' (pid 11010) process group...
11-07 20:07:47.036     0     0 I libprocessgroup: Successfully killed process cgroup uid 1000 pid 11010 in 0ms
11-07 20:07:47.272  1375  1609 D ConnectivityService: NetReassign [no changes] [c 0] [a 0] [i 3]
11-07 20:07:47.429  1053  1053 E Bikelogs: recvfrom error: Try again
11-07 20:07:47.826  2649  2704 E inform_hb_driver: Unable to open /sys/qti_heartbeat/sysstate_value
11-07 20:07:48.247  2649  2704 E inform_hb_driver: Unable to open /sys/qti_heartbeat/sysstate_value
11-07 20:07:48.453  1053  1053 E Bikelogs: recvfrom error: Try again
11-07 20:07:48.645  1375 10997 E UdpServiceJNI: udpReceiverThread: recvfrom failed: Try again
11-07 20:07:49.477  1053  1053 E Bikelogs: recvfrom error: Try again
11-07 20:07:50.501  1053  1053 E Bikelogs: recvfrom error: Try again
11-07 20:07:51.292     0     0 I init    : starting service 'my_uv_service'...
11-07 20:07:51.306     0     0 I init    : ... started service 'my_uv_service' has pid 11020
11-07 20:07:51.325 11020 11020 W my_uv_service: type=1400 audit(0.0:491): avc:  denied  { read write } for  name="vndbinder" dev="binder" ino=6 scontext=u:r:my_uv_service:s0 tcontext=u:object_r:vndbinder_device:s0 tclass=chr_file permissive=0
11-07 20:07:51.334 11020 11020 W ProcessState: Opening '/dev/vndbinder' failed: Permission denied
11-07 20:07:51.335 11020 11020 F ProcessState: Binder driver '/dev/vndbinder' could not be opened.  Terminating.
11-07 20:07:51.335 11020 11020 F libc    : Fatal signal 6 (SIGABRT), code -1 (SI_QUEUE) in tid 11020 (my_uv_service), pid 11020 (my_uv_service)
11-07 20:07:51.359 11023 11023 I crash_dump64: obtaining output fd from tombstoned, type: kDebuggerdTombstoneProto
11-07 20:07:51.360   586   586 I tombstoned: received crash request for pid 11020
11-07 20:07:51.362 11023 11023 I crash_dump64: performing dump of process 11020 (target tid = 11020)
11-07 20:07:51.410     0     0 I logd    : logdr: UID=1000 GID=1000 PID=11023 n tail=500 logMask=8 pid=11020 start=0ns deadline=0ns
11-07 20:07:51.405 11023 11023 F DEBUG   : *** *** *** *** *** *** *** *** *** *** *** *** *** *** *** ***
11-07 20:07:51.411     0     0 I logd    : logdr: UID=1000 GID=1000 PID=11023 n tail=500 logMask=1 pid=11020 start=0ns deadline=0ns
11-07 20:07:51.405 11023 11023 F DEBUG   : Build fingerprint: 'qti/bengal_2w/bengal_2w:14/UKQ1.250303.001/eng.uvbuil.20250915.113541:userdebug/test-keys'
11-07 20:07:51.405 11023 11023 F DEBUG   : Revision: '0'
11-07 20:07:51.405 11023 11023 F DEBUG   : ABI: 'arm64'
11-07 20:07:51.405 11023 11023 F DEBUG   : Timestamp: 2025-11-07 20:07:51.365874734+0530
11-07 20:07:51.405 11023 11023 F DEBUG   : Process uptime: 1s
11-07 20:07:51.405 11023 11023 F DEBUG   : Cmdline: /vendor/bin/my_uv_service
11-07 20:07:51.405 11023 11023 F DEBUG   : pid: 11020, tid: 11020, name: my_uv_service  >>> /vendor/bin/my_uv_service <<<
11-07 20:07:51.405 11023 11023 F DEBUG   : uid: 1000
11-07 20:07:51.405 11023 11023 F DEBUG   : signal 6 (SIGABRT), code -1 (SI_QUEUE), fault addr --------
11-07 20:07:51.405 11023 11023 F DEBUG   : Abort message: 'Binder driver '/dev/vndbinder' could not be opened.  Terminating.'
11-07 20:07:51.405 11023 11023 F DEBUG   :     x0  0000000000000000  x1  0000000000002b0c  x2  0000000000000006  x3  0000007ffbabaf30
11-07 20:07:51.405 11023 11023 F DEBUG   :     x4  621f267164636d68  x5  621f267164636d68  x6  621f267164636d68  x7  7f7f7f7f7f7f7f7f
11-07 20:07:51.405 11023 11023 F DEBUG   :     x8  00000000000000f0  x9  0000007c830671b8  x10 0000000000000001  x11 0000007c830af924
11-07 20:07:51.405 11023 11023 F DEBUG   :     x12 0000007ffbabaef0  x13 0000000000000042  x14 0000007ffbabb0c0  x15 0000000000000000
11-07 20:07:51.405 11023 11023 F DEBUG   :     x16 0000007c83117d18  x17 0000007c830f33b0  x18 0000007c87a24000  x19 0000000000002b0c
11-07 20:07:51.405 11023 11023 F DEBUG   :     x20 0000000000002b0c  x21 00000000ffffffff  x22 0000007c8248e028  x23 0000000000000000
11-07 20:07:51.405 11023 11023 F DEBUG   :     x24 0000000000000000  x25 0000000000000000  x26 0000000000000000  x27 0000000000000000
11-07 20:07:51.405 11023 11023 F DEBUG   :     x28 0000000000000000  x29 0000007ffbabafb0
11-07 20:07:51.405 11023 11023 F DEBUG   :     lr  0000007c830a0624  sp  0000007ffbabaf10  pc  0000007c830a0650  pst 0000000000000000
11-07 20:07:51.405 11023 11023 F DEBUG   : 7 total frames
11-07 20:07:51.405 11023 11023 F DEBUG   : backtrace:
11-07 20:07:51.405 11023 11023 F DEBUG   :       #00 pc 000000000005b650  /apex/com.android.runtime/lib64/bionic/libc.so (abort+168) (BuildId: 50118287324a156bc7be11d3d940c7be)
11-07 20:07:51.406 11023 11023 F DEBUG   :       #01 pc 0000000000006424  /system/lib64/liblog.so (__android_log_default_aborter+16) (BuildId: e05aefcb936d3c511dd026d3e152503f)
11-07 20:07:51.406 11023 11023 F DEBUG   :       #02 pc 000000000000701c  /system/lib64/liblog.so (__android_log_assert+312) (BuildId: e05aefcb936d3c511dd026d3e152503f)
11-07 20:07:51.406 11023 11023 F DEBUG   :       #03 pc 000000000006adf0  /apex/com.android.vndk.v30/lib64/libbinder.so (android::ProcessState::ProcessState(char const*)+372) (BuildId: 7703b5b080cfabac26e5ae3585f2c76c)
11-07 20:07:51.406 11023 11023 F DEBUG   :       #04 pc 000000000006abe4  /apex/com.android.vndk.v30/lib64/libbinder.so (android::ProcessState::self()+112) (BuildId: 7703b5b080cfabac26e5ae3585f2c76c)
11-07 20:07:51.406 11023 11023 F DEBUG   :       #05 pc 0000000000002074  /vendor/bin/my_uv_service (main+44) (BuildId: 9b47a07ec1d9d741dcbed4bd6570e468)
11-07 20:07:51.406 11023 11023 F DEBUG   :       #06 pc 0000000000053e48  /apex/com.android.runtime/lib64/bionic/libc.so (__libc_init+108) (BuildId: 50118287324a156bc7be11d3d940c7be)
11-07 20:07:51.414  1375  1721 W NativeCrashListener: Couldn't find ProcessRecord for pid 11020
11-07 20:07:51.415 11023 11023 E crash_dump64: AM data write failed: Broken pipe
11-07 20:07:51.416   586   586 E tombstoned: Tombstone written to: tombstone_21
11-07 20:07:51.419  1375  1513 E NativeTombstoneManager: Tombstone's UID (1000) not an app, ignoring
11-07 20:07:51.420  1375  1513 E NativeTombstoneManager: Tombstone's UID (1000) not an app, ignoring
11-07 20:07:51.427     0     0 I init    : Service 'my_uv_service' (pid 11020) received signal 6
11-07 20:07:51.427     0     0 I init    : Sending signal 9 to service 'my_uv_service' (pid 11020) process group...
11-07 20:07:51.433     0     0 I libprocessgroup: Successfully killed process cgroup uid 1000 pid 11020 in 5ms
11-07 20:07:51.525  1053  1053 E Bikelogs: recvfrom error: Try again
11-07 20:07:51.717  1375 10997 E UdpServiceJNI: udpReceiverThread: recvfrom failed: Try again
11-07 20:07:52.017     0     0 I init    : starting service 'mc_logger'...
11-07 20:07:52.030     0     0 I init    : ... started service 'mc_logger' has pid 11028
11-07 20:07:52.031  1375  1401 I WifiService: startScan uid=1001000
11-07 20:07:52.042  1375  1401 I WifiService: startScan uid=1001000
11-07 20:07:52.046  1375  2325 I WifiService: startScan uid=1001000
11-07 20:07:52.050  1178  5948 D LOWI-9.0.1.68: [LOWI-Scan] wait_event:Wait done with Cmd 33
11-07 20:07:52.050  1178  5948 D LOWI-9.0.1.68: [LOWI-Scan] do_listen_events: Rcvd valid Netlink Cmd 0 Err 0
11-07 20:07:52.052   764  5796 V WifiHAL : event received NL80211_CMD_TRIGGER_SCAN
11-07 20:07:52.058 11028 11028 I MC_LOGGER: Motor Controller Logger Service Starting...
11-07 20:07:52.058 11028 11028 E MC_LOGGER: Failed to open UART device /dev/ttyMSM0: Permission denied
11-07 20:07:52.058 11028 11028 E MC_LOGGER: Motor Controller UART Initialization failed!
11-07 20:07:52.068     0     0 I init    : Service 'mc_logger' (pid 11028) exited with status 1
11-07 20:07:52.068     0     0 I init    : Sending signal 9 to service 'mc_logger' (pid 11028) process group...
11-07 20:07:52.068     0     0 I libprocessgroup: Successfully killed process cgroup uid 1000 pid 11028 in 0ms
11-07 20:07:52.549  1053  1053 E Bikelogs: recvfrom error: Try again
11-07 20:07:52.807  2649  2704 E inform_hb_driver: Unable to open /sys/qti_heartbeat/sysstate_value
11-07 20:07:53.218  2649  2704 E inform_hb_driver: Unable to open /sys/qti_heartbeat/sysstate_value
11-07 20:07:53.573  1053  1053 E Bikelogs: recvfrom error: Try again
11-07 20:07:54.597  1053  1053 E Bikelogs: recvfrom error: Try again
11-07 20:07:54.789  1375 10997 E UdpServiceJNI: udpReceiverThread: recvfrom failed: Try again
11-07 20:07:55.621  1053  1053 E Bikelogs: recvfrom error: Try again
11-07 20:07:56.305     0     0 I init    : starting service 'my_uv_service'...
11-07 20:07:56.316     0     0 I init    : ... started service 'my_uv_service' has pid 11037
11-07 20:07:56.333 11037 11037 W my_uv_service: type=1400 audit(0.0:492): avc:  denied  { read write } for  name="vndbinder" dev="binder" ino=6 scontext=u:r:my_uv_service:s0 tcontext=u:object_r:vndbinder_device:s0 tclass=chr_file permissive=0
11-07 20:07:56.339 11037 11037 W ProcessState: Opening '/dev/vndbinder' failed: Permission denied
11-07 20:07:56.339 11037 11037 F ProcessState: Binder driver '/dev/vndbinder' could not be opened.  Terminating.
11-07 20:07:56.339 11037 11037 F libc    : Fatal signal 6 (SIGABRT), code -1 (SI_QUEUE) in tid 11037 (my_uv_service), pid 11037 (my_uv_service)
11-07 20:07:56.359 11040 11040 I crash_dump64: obtaining output fd from tombstoned, type: kDebuggerdTombstoneProto
11-07 20:07:56.359   586   586 I tombstoned: received crash request for pid 11037
11-07 20:07:56.360 11040 11040 I crash_dump64: performing dump of process 11037 (target tid = 11037)
11-07 20:07:56.385 11040 11040 F DEBUG   : *** *** *** *** *** *** *** *** *** *** *** *** *** *** *** ***
11-07 20:07:56.385 11040 11040 F DEBUG   : Build fingerprint: 'qti/bengal_2w/bengal_2w:14/UKQ1.250303.001/eng.uvbuil.20250915.113541:userdebug/test-keys'
11-07 20:07:56.385 11040 11040 F DEBUG   : Revision: '0'
11-07 20:07:56.385 11040 11040 F DEBUG   : ABI: 'arm64'
11-07 20:07:56.385 11040 11040 F DEBUG   : Timestamp: 2025-11-07 20:07:56.362828169+0530
11-07 20:07:56.385 11040 11040 F DEBUG   : Process uptime: 1s
11-07 20:07:56.385 11040 11040 F DEBUG   : Cmdline: /vendor/bin/my_uv_service
11-07 20:07:56.385 11040 11040 F DEBUG   : pid: 11037, tid: 11037, name: my_uv_service  >>> /vendor/bin/my_uv_service <<<
11-07 20:07:56.385 11040 11040 F DEBUG   : uid: 1000
11-07 20:07:56.385 11040 11040 F DEBUG   : signal 6 (SIGABRT), code -1 (SI_QUEUE), fault addr --------
11-07 20:07:56.385 11040 11040 F DEBUG   : Abort message: 'Binder driver '/dev/vndbinder' could not be opened.  Terminating.'
11-07 20:07:56.385 11040 11040 F DEBUG   :     x0  0000000000000000  x1  0000000000002b1d  x2  0000000000000006  x3  0000007fd6d625e0
11-07 20:07:56.385 11040 11040 F DEBUG   :     x4  621f267164636d68  x5  621f267164636d68  x6  621f267164636d68  x7  7f7f7f7f7f7f7f7f
11-07 20:07:56.385 11040 11040 F DEBUG   :     x8  00000000000000f0  x9  0000007f690cb1b8  x10 0000000000000001  x11 0000007f69113924
11-07 20:07:56.385 11040 11040 F DEBUG   :     x12 0000007fd6d625a0  x13 0000000000000042  x14 0000007fd6d62770  x15 0000000000000000
11-07 20:07:56.385 11040 11040 F DEBUG   :     x16 0000007f6917bd18  x17 0000007f691573b0  x18 0000007f713a6000  x19 0000000000002b1d
11-07 20:07:56.385 11040 11040 F DEBUG   :     x20 0000000000002b1d  x21 00000000ffffffff  x22 0000007f6c7e0028  x23 0000000000000000
11-07 20:07:56.385 11040 11040 F DEBUG   :     x24 0000000000000000  x25 0000000000000000  x26 0000000000000000  x27 0000000000000000
11-07 20:07:56.385 11040 11040 F DEBUG   :     x28 0000000000000000  x29 0000007fd6d62660
11-07 20:07:56.385 11040 11040 F DEBUG   :     lr  0000007f69104624  sp  0000007fd6d625c0  pc  0000007f69104650  pst 0000000000000000
11-07 20:07:56.385 11040 11040 F DEBUG   : 7 total frames
11-07 20:07:56.385 11040 11040 F DEBUG   : backtrace:
11-07 20:07:56.385 11040 11040 F DEBUG   :       #00 pc 000000000005b650  /apex/com.android.runtime/lib64/bionic/libc.so (abort+168) (BuildId: 50118287324a156bc7be11d3d940c7be)
11-07 20:07:56.385 11040 11040 F DEBUG   :       #01 pc 0000000000006424  /system/lib64/liblog.so (__android_log_default_aborter+16) (BuildId: e05aefcb936d3c511dd026d3e152503f)
11-07 20:07:56.385 11040 11040 F DEBUG   :       #02 pc 000000000000701c  /system/lib64/liblog.so (__android_log_assert+312) (BuildId: e05aefcb936d3c511dd026d3e152503f)
11-07 20:07:56.385 11040 11040 F DEBUG   :       #03 pc 000000000006adf0  /apex/com.android.vndk.v30/lib64/libbinder.so (android::ProcessState::ProcessState(char const*)+372) (BuildId: 7703b5b080cfabac26e5ae3585f2c76c)
11-07 20:07:56.385 11040 11040 F DEBUG   :       #04 pc 000000000006abe4  /apex/com.android.vndk.v30/lib64/libbinder.so (android::ProcessState::self()+112) (BuildId: 7703b5b080cfabac26e5ae3585f2c76c)
11-07 20:07:56.385 11040 11040 F DEBUG   :       #05 pc 0000000000002074  /vendor/bin/my_uv_service (main+44) (BuildId: 9b47a07ec1d9d741dcbed4bd6570e468)
11-07 20:07:56.385 11040 11040 F DEBUG   :       #06 pc 0000000000053e48  /apex/com.android.runtime/lib64/bionic/libc.so (__libc_init+108) (BuildId: 50118287324a156bc7be11d3d940c7be)
11-07 20:07:56.390     0     0 I logd    : logdr: UID=1000 GID=1000 PID=11040 n tail=500 logMask=8 pid=11037 start=0ns deadline=0ns
11-07 20:07:56.391     0     0 I logd    : logdr: UID=1000 GID=1000 PID=11040 n tail=500 logMask=1 pid=11037 start=0ns deadline=0ns
11-07 20:07:56.390  1375  1721 W NativeCrashListener: Couldn't find ProcessRecord for pid 11037
11-07 20:07:56.401     0     0 I init    : Untracked pid 11040 exited with status 0
11-07 20:07:56.390 11040 11040 E crash_dump64: AM data write failed: Broken pipe
11-07 20:07:56.391   586   586 E tombstoned: Tombstone written to: tombstone_22
11-07 20:07:56.395  1375  1513 E NativeTombstoneManager: Tombstone's UID (1000) not an app, ignoring
11-07 20:07:56.396  1375  1513 E NativeTombstoneManager: Tombstone's UID (1000) not an app, ignoring
11-07 20:07:56.401     0     0 I init    : Untracked pid 11040 did not have an associated service entry and will not be reaped
11-07 20:07:56.403     0     0 I init    : Service 'my_uv_service' (pid 11037) received signal 6
11-07 20:07:56.645  1053  1053 E Bikelogs: recvfrom error: Try again
11-07 20:07:56.900  1178  5948 D LOWI-9.0.1.68: [LOWI-Scan] wait_event:Wait done with Cmd 34
11-07 20:07:56.900  1178  5948 D LOWI-9.0.1.68: [LOWI-Scan] do_listen_events: Rcvd valid Netlink Cmd 34 Err 0
11-07 20:07:56.901  1375  2325 D WifiNl80211Manager: Scan result ready event
11-07 20:07:56.901  1375  2325 D WifiNative: Scan result ready event
11-07 20:07:56.901  1178  5948 D LOWI-9.0.1.68: [LOWI-Scan]  -- associated
11-07 20:07:56.901  1178  5948 D LOWI-9.0.1.68: [LOWI-Scan] 
11-07 20:07:56.901  1178  5948 D LOWI-9.0.1.68: [LOWI-Scan] is_qcom_ie, bss_age: 0
11-07 20:07:56.901  1178  5948 D LOWI-9.0.1.68: [LOWI-Scan] BSS 4a:f3:ab:**:**:32 FREQ: 5320, cFreq1[40:80:160] = [5310:5290:0] cFreq2 = 0 SSID POCO, RSSI(dBM): -70, 11mcRanging: No, Country Code = IN
11-07 20:07:56.901  1178  5948 D LOWI-9.0.1.68: [LOWI-Scan] 
11-07 20:07:56.901  1178  5948 D LOWI-9.0.1.68: [LOWI-Scan] is_qcom_ie, bss_age: 0
11-07 20:07:56.901  1178  5948 D LOWI-9.0.1.68: [LOWI-Scan] BSS e6:55:b8:**:**:ec FREQ: 5240, cFreq1[40:80:160] = [5230:5210:0] cFreq2 = 0 SSID A71 - IT Infra, RSSI(dBM): -79, 11mcRanging: No, Country Code = IN
11-07 20:07:56.902  1178  5948 D LOWI-9.0.1.68: [LOWI-Scan] 
11-07 20:07:56.902  1178  5948 D LOWI-9.0.1.68: [LOWI-Scan] is_qcom_ie, bss_age: 0
11-07 20:07:56.902  1178  5948 D LOWI-9.0.1.68: [LOWI-Scan] BSS e2:55:b8:**:**:ec FREQ: 5240, cFreq1[40:80:160] = [5230:5210:0] cFreq2 = 0 SSID A71 - Design, RSSI(dBM): -80, 11mcRanging: No, Country Code = IN
11-07 20:07:56.902  1178  5948 D LOWI-9.0.1.68: [LOWI-Scan] 
11-07 20:07:56.902  1178  5948 D LOWI-9.0.1.68: [LOWI-Scan] is_qcom_ie, bss_age: 0
11-07 20:07:56.902  1178  5948 D LOWI-9.0.1.68: [LOWI-Scan] BSS ea:55:b8:**:**:ec FREQ: 5240, cFreq1[40:80:160] = [5230:5210:0] cFreq2 = 0 SSID A71 - Electronics, RSSI(dBM): -79, 11mcRanging: No, Country Code = IN
11-07 20:07:56.902  1178  5948 D LOWI-9.0.1.68: [LOWI-Scan] 
11-07 20:07:56.902  1178  5948 D LOWI-9.0.1.68: [LOWI-Scan] is_qcom_ie, bss_age: 0
11-07 20:07:56.902  1178  5948 D LOWI-9.0.1.68: [LOWI-Scan] BSS f6:55:b8:**:**:ec FREQ: 5240, cFreq1[40:80:160] = [5230:5210:0] cFreq2 = 0 SSID A71 - Operations, RSSI(dBM): -79, 11mcRanging: No, Country Code = IN
11-07 20:07:56.902  1178  5948 D LOWI-9.0.1.68: [LOWI-Scan] 
11-07 20:07:56.902  1178  5948 D LOWI-9.0.1.68: [LOWI-Scan] is_qcom_ie, bss_age: 0
11-07 20:07:56.902  1178  5948 D LOWI-9.0.1.68: [LOWI-Scan] BSS f2:55:b8:**:**:ec FREQ: 5240, cFreq1[40:80:160] = [5230:5210:0] cFreq2 = 0 SSID A71 - Guest, RSSI(dBM): -80, 11mcRanging: No, Country Code = IN
11-07 20:07:56.903  1178  5948 D LOWI-9.0.1.68: [LOWI-Scan] 
11-07 20:07:56.903  1178  5948 D LOWI-9.0.1.68: [LOWI-Scan] is_qcom_ie, bss_age: 0
11-07 20:07:56.903  1178  5948 D LOWI-9.0.1.68: [LOWI-Scan] BSS fe:55:b8:**:**:ec FREQ: 5240, cFreq1[40:80:160] = [5230:5210:0] cFreq2 = 0 SSID A71 - Printers, RSSI(dBM): -79, 11mcRanging: No, Country Code = IN
11-07 20:07:56.903  1178  5948 D LOWI-9.0.1.68: [LOWI-Scan] 
11-07 20:07:56.903  1178  5948 D LOWI-9.0.1.68: [LOWI-Scan] is_qcom_ie, bss_age: 0
11-07 20:07:56.903  1178  5948 D LOWI-9.0.1.68: [LOWI-Scan] BSS ee:55:b8:**:**:ec FREQ: 5240, cFreq1[40:80:160] = [5230:5210:0] cFreq2 = 0 SSID A71 - Engineering, RSSI(dBM): -79, 11mcRanging: No, Country Code = IN
11-07 20:07:56.903  1178  5948 D LOWI-9.0.1.68: [LOWI-Scan] 
11-07 20:07:56.903  1178  5948 D LOWI-9.0.1.68: [LOWI-Scan] is_qcom_ie, bss_age: 0
11-07 20:07:56.903  1178  5948 D LOWI-9.0.1.68: [LOWI-Scan] BSS e6:55:b8:**:**:a0 FREQ: 5320, cFreq1[40:80:160] = [5310:5290:0] cFreq2 = 0 SSID A71 - IT Infra, RSSI(dBM): -79, 11mcRanging: No, Country Code = IN
11-07 20:07:56.903  1178  5948 D LOWI-9.0.1.68: [LOWI-Scan] 
11-07 20:07:56.903  1178  5948 D LOWI-9.0.1.68: [LOWI-Scan] is_qcom_ie, bss_age: 0
11-07 20:07:56.903  1178  5948 D LOWI-9.0.1.68: [LOWI-Scan] BSS e2:55:b8:**:**:a0 FREQ: 5320, cFreq1[40:80:160] = [5310:5290:0] cFreq2 = 0 SSID A71 - Design, RSSI(dBM): -80, 11mcRanging: No, Country Code = IN
11-07 20:07:56.904  1178  5948 D LOWI-9.0.1.68: [LOWI-Scan] 
11-07 20:07:56.904  1178  5948 D LOWI-9.0.1.68: [LOWI-Scan] is_qcom_ie, bss_age: 0
11-07 20:07:56.904  1178  5948 D LOWI-9.0.1.68: [LOWI-Scan] BSS ee:55:b8:**:**:a0 FREQ: 5320, cFreq1[40:80:160] = [5310:5290:0] cFreq2 = 0 SSID A71 - Engineering, RSSI(dBM): -81, 11mcRanging: No, Country Code = IN
11-07 20:07:56.904  1178  5948 D LOWI-9.0.1.68: [LOWI-Scan] 
11-07 20:07:56.904  1178  5948 D LOWI-9.0.1.68: [LOWI-Scan] is_qcom_ie, bss_age: 0
11-07 20:07:56.904  1178  5948 D LOWI-9.0.1.68: [LOWI-Scan] BSS ea:55:b8:**:**:a0 FREQ: 5320, cFreq1[40:80:160] = [5310:5290:0] cFreq2 = 0 SSID A71 - Electronics, RSSI(dBM): -79, 11mcRanging: No, Country Code = IN
11-07 20:07:56.904  1178  5948 D LOWI-9.0.1.68: [LOWI-Scan] 
11-07 20:07:56.904  1178  5948 D LOWI-9.0.1.68: [LOWI-Scan] is_qcom_ie, bss_age: 0
11-07 20:07:56.904  1178  5948 D LOWI-9.0.1.68: [LOWI-Scan] BSS f6:55:b8:**:**:a0 FREQ: 5320, cFreq1[40:80:160] = [5310:5290:0] cFreq2 = 0 SSID A71 - Operations, RSSI(dBM): -79, 11mcRanging: No, Country Code = IN
11-07 20:07:56.904  1178  5948 D LOWI-9.0.1.68: [LOWI-Scan] 
11-07 20:07:56.904  1178  5948 D LOWI-9.0.1.68: [LOWI-Scan] is_qcom_ie, bss_age: 0
11-07 20:07:56.904  1178  5948 D LOWI-9.0.1.68: [LOWI-Scan] BSS f2:55:b8:**:**:a0 FREQ: 5320, cFreq1[40:80:160] = [5310:5290:0] cFreq2 = 0 SSID A71 - Guest, RSSI(dBM): -81, 11mcRanging: No, Country Code = IN
11-07 20:07:56.904  1178  5948 D LOWI-9.0.1.68: [LOWI-Scan] 
11-07 20:07:56.904  1178  5948 D LOWI-9.0.1.68: [LOWI-Scan] is_qcom_ie, bss_age: 0
11-07 20:07:56.905  1178  5948 D LOWI-9.0.1.68: [LOWI-Scan] BSS fe:55:b8:**:**:a0 FREQ: 5320, cFreq1[40:80:160] = [5310:5290:0] cFreq2 = 0 SSID A71 - Printers, RSSI(dBM): -79, 11mcRanging: No, Country Code = IN
11-07 20:07:56.905  1178  5948 D LOWI-9.0.1.68: [LOWI-Scan] 
11-07 20:07:56.905  1178  5948 D LOWI-9.0.1.68: [LOWI-Scan] is_qcom_ie, bss_age: 0
11-07 20:07:56.905  1178  5948 D LOWI-9.0.1.68: [LOWI-Scan] BSS d2:ad:08:**:**:f6 FREQ: 2412, cFreq1[40:80:160] = [0:0:0] cFreq2 = 0 SSID DIRECT-F6-HP 4104dw LJ, RSSI(dBM): -85, 11mcRanging: No, Country Code =    
11-07 20:07:56.905  1178  5948 D LOWI-9.0.1.68: [LOWI-Scan] 
11-07 20:07:56.905  1178  5948 D LOWI-9.0.1.68: [LOWI-Scan] is_qcom_ie, bss_age: 0
11-07 20:07:56.906   764  5796 V WifiHAL : event received NL80211_CMD_NEW_SCAN_RESULTS
11-07 20:07:56.910  1178  5948 D LOWI-9.0.1.68: [LOWI-Scan] BSS da:55:b8:**:**:a0 FREQ: 5320, cFreq1[40:80:160] = [5310:5290:0] cFreq2 = 0 SSID , RSSI(dBM): -79, 11mcRanging: No, Country Code = IN
11-07 20:07:56.916  1178  5948 D LOWI-9.0.1.68: [LOWIDiagLog] Log: lowiMeasResult->request: invalid null argument
11-07 20:07:56.917  1375  1603 W IE_Capabilities: Unknown RSN cipher suite: aac0f00
11-07 20:07:56.918  1178  5948 I LOWI-9.0.1.68: [LOWI-Scan] lowi_close_record:Scan done in 1357039ms, 17 APs in scan results
11-07 20:07:56.918  1178  5948 D LOWI-9.0.1.68: [LOWI-Scan] WipsScanUsingNL: passive scan cached 0, took 10021 ms, err 0
11-07 20:07:56.918  1178  5948 D LOWI-9.0.1.68: [LOWI-Scan] lowi_proc_req_passive_scan_with_live_meas - No WLAN Frames to be parsed
11-07 20:07:56.918  1178  5948 D LOWI-9.0.1.68: [LOWIScanResultReceiver] Send scan meas to listener
11-07 20:07:56.918  1178  5948 D LOWI-9.0.1.68: [LOWIScanResultReceiver] Enter passive listening mode
11-07 20:07:56.918  1178  5948 D LOWI-9.0.1.68: [LOWIWifiDriverInterface] getMeasurements - Passive listening mode
11-07 20:07:56.918  1178  1204 D LOWI-9.0.1.68: [LOWIEventReceiver] handleEvent:FROM:NA, TO:NA, REQ:NA, IREQ:NA, REQ_ID:0, RESP:NA, INFO:NA
11-07 20:07:56.918  1178  1204 D LOWI-9.0.1.68: [LOWIBackgroundScanMgr] isRspForBgScanMgr: evt(LOWI_NO_EVT) - not handled
11-07 20:07:56.918  1178  1204 D LOWI-9.0.1.68: [LOWIScheduler] manageMsg: NULL results or NULL request in results
11-07 20:07:56.919  1178  5948 D LOWI-9.0.1.68: [LOWI-Scan] WipsScanUsingNL:wait -1 sec for netlink message
11-07 20:07:56.919  1178  1204 D LOWI-9.0.1.68: [LOWIController] Measurements received
11-07 20:07:56.919  1178  1204 D LOWI-9.0.1.68: [LOWICacheManager] putInCache:Num of Meas to add: 17
11-07 20:07:56.920  1178  1204 D LOWI-9.0.1.68: [LOWIController] processMeasurementResults: No current Request. Cache measurements
11-07 20:07:56.920  1178  1204 D LOWI-9.0.1.68: [LOWIController] sendAsyncScanResponse: Request FreeWifiScanObserver_0 is from a different client.
11-07 20:07:56.920  1178  1204 D LOWI-9.0.1.68: [LOWIController] generateResponse: Type (ASYNC_DISCOVERY_SCAN_RESULTS) ScanStatus (1) request FreeWifiScanObserver_0
11-07 20:07:56.920  1178  1204 D LOWI-9.0.1.68: [LOWIEventDispatcher] sendResponse - originator = FreeWifiScanObserver
11-07 20:07:56.920  1178  1204 D LOWI-9.0.1.68: [LOWIUtils] injectScanMeasurements - num of APs = 17
11-07 20:07:56.921  1178  1204 I LOWI-9.0.1.68: [LOWIUtils] responseToOutPostcard - TO: FreeWifiScanObserver, FROM:   LOWI-SERVER, RESP:  LOWI_ASYNC_DISCOVERY_SCAN_RESULTS
11-07 20:07:56.926  1178  1204 D LOWI-9.0.1.68: [LOWIControllerExtn] sendLOWILpDiscoveryScanResponse: Not a discovery scan response
11-07 20:07:56.931   752  1813 I LocSvc_api_v02: ---> locClientSendReq line 2412 QMI_LOC_INJECT_WIFI_AP_DATA_REQ_V02
11-07 20:07:56.932   752  3289 I LocSvc_ApiV02: <--- globalRespCb line 277 QMI_LOC_INJECT_WIFI_AP_DATA_REQ_V02
11-07 20:07:57.024     0     0 I init    : starting service 'mc_logger'...
11-07 20:07:57.033     0     0 I init    : ... started service 'mc_logger' has pid 11045
11-07 20:07:57.053 11045 11045 I MC_LOGGER: Motor Controller Logger Service Starting...
11-07 20:07:57.054 11045 11045 E MC_LOGGER: Failed to open UART device /dev/ttyMSM0: Permission denied
11-07 20:07:57.054 11045 11045 E MC_LOGGER: Motor Controller UART Initialization failed!
11-07 20:07:57.064     0     0 I init    : Service 'mc_logger' (pid 11045) exited with status 1
11-07 20:07:57.064     0     0 I init    : Sending signal 9 to service 'mc_logger' (pid 11045) process group...
11-07 20:07:57.064     0     0 I libprocessgroup: Successfully killed process cgroup uid 1000 pid 11045 in 0ms
11-07 20:07:57.669  1053  1053 E Bikelogs: recvfrom error: Try again
11-07 20:07:57.825  2649  2704 E inform_hb_driver: Unable to open /sys/qti_heartbeat/sysstate_value
11-07 20:07:57.847  2649  2649 I qguard  : Read /proc/11046/cmdline failed
11-07 20:07:57.847  2649  2649 I qguard  : open /proc/11046/task/ failed
11-07 20:07:57.847  2649  2649 I qguard  : Read /proc/11047/cmdline failed
11-07 20:07:57.847  2649  2649 I qguard  : open /proc/11047/task/ failed
11-07 20:07:57.847  2649  2649 I qguard  : Read /proc/11048/cmdline failed
11-07 20:07:57.847  2649  2649 I qguard  : open /proc/11048/task/ failed
11-07 20:07:57.847  2649  2649 I qguard  : Read /proc/11049/cmdline failed
11-07 20:07:57.847  2649  2649 I qguard  : open /proc/11049/task/ failed
11-07 20:07:57.861  1375 10997 E UdpServiceJNI: udpReceiverThread: recvfrom failed: Try again
11-07 20:07:58.220  2649  2704 E inform_hb_driver: Unable to open /sys/qti_heartbeat/sysstate_value
11-07 20:07:58.693  1053  1053 E Bikelogs: recvfrom error: Try again
11-07 20:07:59.717  1053  1053 E Bikelogs: recvfrom error: Try again
11-07 20:08:00.741  1053  1053 E Bikelogs: recvfrom error: Try again
11-07 20:08:00.933  1375 10997 E UdpServiceJNI: udpReceiverThread: recvfrom failed: Try again
11-07 20:08:01.317     0     0 I init    : starting service 'my_uv_service'...
11-07 20:08:01.329     0     0 I init    : ... started service 'my_uv_service' has pid 11056
11-07 20:08:01.357 11056 11056 W my_uv_service: type=1400 audit(0.0:493): avc:  denied  { read write } for  name="vndbinder" dev="binder" ino=6 scontext=u:r:my_uv_service:s0 tcontext=u:object_r:vndbinder_device:s0 tclass=chr_file permissive=0
11-07 20:08:01.364 11056 11056 W ProcessState: Opening '/dev/vndbinder' failed: Permission denied
11-07 20:08:01.364 11056 11056 F ProcessState: Binder driver '/dev/vndbinder' could not be opened.  Terminating.
11-07 20:08:01.365 11056 11056 F libc    : Fatal signal 6 (SIGABRT), code -1 (SI_QUEUE) in tid 11056 (my_uv_service), pid 11056 (my_uv_service)
11-07 20:08:01.391 11059 11059 I crash_dump64: obtaining output fd from tombstoned, type: kDebuggerdTombstoneProto
11-07 20:08:01.392   586   586 I tombstoned: received crash request for pid 11056
11-07 20:08:01.393 11059 11059 I crash_dump64: performing dump of process 11056 (target tid = 11056)
11-07 20:08:01.428     0     0 I logd    : logdr: UID=1000 GID=1000 PID=11059 n tail=500 logMask=8 pid=11056 start=0ns deadline=0ns
11-07 20:08:01.429     0     0 I logd    : logdr: UID=1000 GID=1000 PID=11059 n tail=500 logMask=1 pid=11056 start=0ns deadline=0ns
11-07 20:08:01.424 11059 11059 F DEBUG   : *** *** *** *** *** *** *** *** *** *** *** *** *** *** *** ***
11-07 20:08:01.424 11059 11059 F DEBUG   : Build fingerprint: 'qti/bengal_2w/bengal_2w:14/UKQ1.250303.001/eng.uvbuil.20250915.113541:userdebug/test-keys'
11-07 20:08:01.424 11059 11059 F DEBUG   : Revision: '0'
11-07 20:08:01.424 11059 11059 F DEBUG   : ABI: 'arm64'
11-07 20:08:01.424 11059 11059 F DEBUG   : Timestamp: 2025-11-07 20:08:01.396061397+0530
11-07 20:08:01.424 11059 11059 F DEBUG   : Process uptime: 1s
11-07 20:08:01.424 11059 11059 F DEBUG   : Cmdline: /vendor/bin/my_uv_service
11-07 20:08:01.424 11059 11059 F DEBUG   : pid: 11056, tid: 11056, name: my_uv_service  >>> /vendor/bin/my_uv_service <<<
11-07 20:08:01.424 11059 11059 F DEBUG   : uid: 1000
11-07 20:08:01.424 11059 11059 F DEBUG   : signal 6 (SIGABRT), code -1 (SI_QUEUE), fault addr --------
11-07 20:08:01.424 11059 11059 F DEBUG   : Abort message: 'Binder driver '/dev/vndbinder' could not be opened.  Terminating.'
11-07 20:08:01.424 11059 11059 F DEBUG   :     x0  0000000000000000  x1  0000000000002b30  x2  0000000000000006  x3  0000007fecaba380
11-07 20:08:01.424 11059 11059 F DEBUG   :     x4  621f267164636d68  x5  621f267164636d68  x6  621f267164636d68  x7  7f7f7f7f7f7f7f7f
11-07 20:08:01.425 11059 11059 F DEBUG   :     x8  00000000000000f0  x9  000000723284f1b8  x10 0000000000000001  x11 0000007232897924
11-07 20:08:01.425 11059 11059 F DEBUG   :     x12 0000007fecaba340  x13 0000000000000042  x14 0000007fecaba510  x15 0000000000000000
11-07 20:08:01.425 11059 11059 F DEBUG   :     x16 00000072328ffd18  x17 00000072328db3b0  x18 00000072378ae000  x19 0000000000002b30
11-07 20:08:01.425 11059 11059 F DEBUG   :     x20 0000000000002b30  x21 00000000ffffffff  x22 0000007236328028  x23 0000000000000000
11-07 20:08:01.425 11059 11059 F DEBUG   :     x24 0000000000000000  x25 0000000000000000  x26 0000000000000000  x27 0000000000000000
11-07 20:08:01.425 11059 11059 F DEBUG   :     x28 0000000000000000  x29 0000007fecaba400
11-07 20:08:01.425 11059 11059 F DEBUG   :     lr  0000007232888624  sp  0000007fecaba360  pc  0000007232888650  pst 0000000000000000
11-07 20:08:01.425 11059 11059 F DEBUG   : 7 total frames
11-07 20:08:01.425 11059 11059 F DEBUG   : backtrace:
11-07 20:08:01.425 11059 11059 F DEBUG   :       #00 pc 000000000005b650  /apex/com.android.runtime/lib64/bionic/libc.so (abort+168) (BuildId: 50118287324a156bc7be11d3d940c7be)
11-07 20:08:01.425 11059 11059 F DEBUG   :       #01 pc 0000000000006424  /system/lib64/liblog.so (__android_log_default_aborter+16) (BuildId: e05aefcb936d3c511dd026d3e152503f)
11-07 20:08:01.425 11059 11059 F DEBUG   :       #02 pc 000000000000701c  /system/lib64/liblog.so (__android_log_assert+312) (BuildId: e05aefcb936d3c511dd026d3e152503f)
11-07 20:08:01.425 11059 11059 F DEBUG   :       #03 pc 000000000006adf0  /apex/com.android.vndk.v30/lib64/libbinder.so (android::ProcessState::ProcessState(char const*)+372) (BuildId: 7703b5b080cfabac26e5ae3585f2c76c)
11-07 20:08:01.425 11059 11059 F DEBUG   :       #04 pc 000000000006abe4  /apex/com.android.vndk.v30/lib64/libbinder.so (android::ProcessState::self()+112) (BuildId: 7703b5b080cfabac26e5ae3585f2c76c)
11-07 20:08:01.425 11059 11059 F DEBUG   :       #05 pc 0000000000002074  /vendor/bin/my_uv_service (main+44) (BuildId: 9b47a07ec1d9d741dcbed4bd6570e468)
11-07 20:08:01.425 11059 11059 F DEBUG   :       #06 pc 0000000000053e48  /apex/com.android.runtime/lib64/bionic/libc.so (__libc_init+108) (BuildId: 50118287324a156bc7be11d3d940c7be)
11-07 20:08:01.434  1375  1721 W NativeCrashListener: Couldn't find ProcessRecord for pid 11056
11-07 20:08:01.434 11059 11059 E crash_dump64: AM data write failed: Broken pipe
11-07 20:08:01.435   586   586 E tombstoned: Tombstone written to: tombstone_23
11-07 20:08:01.437  1375  1513 E NativeTombstoneManager: Tombstone's UID (1000) not an app, ignoring
11-07 20:08:01.438  1375  1513 E NativeTombstoneManager: Tombstone's UID (1000) not an app, ignoring
11-07 20:08:01.446     0     0 I init    : Service 'my_uv_service' (pid 11056) received signal 6
11-07 20:08:01.446     0     0 I init    : Sending signal 9 to service 'my_uv_service' (pid 11056) process group...
11-07 20:08:01.452     0     0 I libprocessgroup: Successfully killed process cgroup uid 1000 pid 11056 in 5ms
11-07 20:08:01.765  1053  1053 E Bikelogs: recvfrom error: Try again
11-07 20:08:02.031     0     0 I init    : starting service 'mc_logger'...
11-07 20:08:02.044     0     0 I init    : ... started service 'mc_logger' has pid 11064
11-07 20:08:02.060  1375  2325 I WifiService: startScan uid=1001000
11-07 20:08:02.068 11064 11064 I MC_LOGGER: Motor Controller Logger Service Starting...
11-07 20:08:02.068 11064 11064 E MC_LOGGER: Failed to open UART device /dev/ttyMSM0: Permission denied
11-07 20:08:02.068 11064 11064 E MC_LOGGER: Motor Controller UART Initialization failed!
11-07 20:08:02.070  1375  2325 I WifiService: startScan uid=1001000
11-07 20:08:02.072  1178  5948 D LOWI-9.0.1.68: [LOWI-Scan] wait_event:Wait done with Cmd 33
11-07 20:08:02.072  1178  5948 D LOWI-9.0.1.68: [LOWI-Scan] do_listen_events: Rcvd valid Netlink Cmd 0 Err 0
11-07 20:08:02.079     0     0 I init    : Service 'mc_logger' (pid 11064) exited with status 1
11-07 20:08:02.079     0     0 I init    : Sending signal 9 to service 'mc_logger' (pid 11064) process group...
11-07 20:08:02.079     0     0 I libprocessgroup: Successfully killed process cgroup uid 1000 pid 11064 in 0ms
11-07 20:08:02.074   764  5796 V WifiHAL : event received NL80211_CMD_TRIGGER_SCAN
11-07 20:08:02.078  1375  2325 I WifiService: startScan uid=1001000
11-07 20:08:02.789  1053  1053 E Bikelogs: recvfrom error: Try again
11-07 20:08:02.806  2649  2704 E inform_hb_driver: Unable to open /sys/qti_heartbeat/sysstate_value
11-07 20:08:03.217  2649  2704 E inform_hb_driver: Unable to open /sys/qti_heartbeat/sysstate_value
11-07 20:08:03.813  1053  1053 E Bikelogs: recvfrom error: Try again
11-07 20:08:04.005  1375 10997 E UdpServiceJNI: udpReceiverThread: recvfrom failed: Try again
11-07 20:08:04.837  1053  1053 E Bikelogs: recvfrom error: Try again
11-07 20:08:05.861  1053  1053 E Bikelogs: recvfrom error: Try again
11-07 20:08:06.329     0     0 I init    : starting service 'my_uv_service'...
11-07 20:08:06.339     0     0 I init    : ... started service 'my_uv_service' has pid 11073
11-07 20:08:06.357 11073 11073 W my_uv_service: type=1400 audit(0.0:494): avc:  denied  { read write } for  name="vndbinder" dev="binder" ino=6 scontext=u:r:my_uv_service:s0 tcontext=u:object_r:vndbinder_device:s0 tclass=chr_file permissive=0
11-07 20:08:06.363 11073 11073 W ProcessState: Opening '/dev/vndbinder' failed: Permission denied
11-07 20:08:06.364 11073 11073 F ProcessState: Binder driver '/dev/vndbinder' could not be opened.  Terminating.
11-07 20:08:06.364 11073 11073 F libc    : Fatal signal 6 (SIGABRT), code -1 (SI_QUEUE) in tid 11073 (my_uv_service), pid 11073 (my_uv_service)
11-07 20:08:06.383 11076 11076 I crash_dump64: obtaining output fd from tombstoned, type: kDebuggerdTombstoneProto
11-07 20:08:06.383   586   586 I tombstoned: received crash request for pid 11073
11-07 20:08:06.384 11076 11076 I crash_dump64: performing dump of process 11073 (target tid = 11073)
11-07 20:08:06.413     0     0 I logd    : logdr: UID=1000 GID=1000 PID=11076 n tail=500 logMask=8 pid=11073 start=0ns deadline=0ns
11-07 20:08:06.408 11076 11076 F DEBUG   : *** *** *** *** *** *** *** *** *** *** *** *** *** *** *** ***
11-07 20:08:06.408 11076 11076 F DEBUG   : Build fingerprint: 'qti/bengal_2w/bengal_2w:14/UKQ1.250303.001/eng.uvbuil.20250915.113541:userdebug/test-keys'
11-07 20:08:06.408 11076 11076 F DEBUG   : Revision: '0'
11-07 20:08:06.408 11076 11076 F DEBUG   : ABI: 'arm64'
11-07 20:08:06.408 11076 11076 F DEBUG   : Timestamp: 2025-11-07 20:08:06.386073947+0530
11-07 20:08:06.408 11076 11076 F DEBUG   : Process uptime: 1s
11-07 20:08:06.408 11076 11076 F DEBUG   : Cmdline: /vendor/bin/my_uv_service
11-07 20:08:06.408 11076 11076 F DEBUG   : pid: 11073, tid: 11073, name: my_uv_service  >>> /vendor/bin/my_uv_service <<<
11-07 20:08:06.408 11076 11076 F DEBUG   : uid: 1000
11-07 20:08:06.408 11076 11076 F DEBUG   : signal 6 (SIGABRT), code -1 (SI_QUEUE), fault addr --------
11-07 20:08:06.408 11076 11076 F DEBUG   : Abort message: 'Binder driver '/dev/vndbinder' could not be opened.  Terminating.'
11-07 20:08:06.408 11076 11076 F DEBUG   :     x0  0000000000000000  x1  0000000000002b41  x2  0000000000000006  x3  0000007fefcc5e00
11-07 20:08:06.408 11076 11076 F DEBUG   :     x4  621f267164636d68  x5  621f267164636d68  x6  621f267164636d68  x7  7f7f7f7f7f7f7f7f
11-07 20:08:06.408 11076 11076 F DEBUG   :     x8  00000000000000f0  x9  00000078d52341b8  x10 0000000000000001  x11 00000078d527c924
11-07 20:08:06.408 11076 11076 F DEBUG   :     x12 0000007fefcc5dc0  x13 0000000000000042  x14 0000007fefcc5f90  x15 0000000000000000
11-07 20:08:06.408 11076 11076 F DEBUG   :     x16 00000078d52e4d18  x17 00000078d52c03b0  x18 00000078db1fe000  x19 0000000000002b41
11-07 20:08:06.408 11076 11076 F DEBUG   :     x20 0000000000002b41  x21 00000000ffffffff  x22 00000078da8de028  x23 0000000000000000
11-07 20:08:06.408 11076 11076 F DEBUG   :     x24 0000000000000000  x25 0000000000000000  x26 0000000000000000  x27 0000000000000000
11-07 20:08:06.408 11076 11076 F DEBUG   :     x28 0000000000000000  x29 0000007fefcc5e80
11-07 20:08:06.408 11076 11076 F DEBUG   :     lr  00000078d526d624  sp  0000007fefcc5de0  pc  00000078d526d650  pst 0000000000000000
11-07 20:08:06.408 11076 11076 F DEBUG   : 7 total frames
11-07 20:08:06.408 11076 11076 F DEBUG   : backtrace:
11-07 20:08:06.409 11076 11076 F DEBUG   :       #00 pc 000000000005b650  /apex/com.android.runtime/lib64/bionic/libc.so (abort+168) (BuildId: 50118287324a156bc7be11d3d940c7be)
11-07 20:08:06.409 11076 11076 F DEBUG   :       #01 pc 0000000000006424  /system/lib64/liblog.so (__android_log_default_aborter+16) (BuildId: e05aefcb936d3c511dd026d3e152503f)
11-07 20:08:06.409 11076 11076 F DEBUG   :       #02 pc 000000000000701c  /system/lib64/liblog.so (__android_log_assert+312) (BuildId: e05aefcb936d3c511dd026d3e152503f)
11-07 20:08:06.409 11076 11076 F DEBUG   :       #03 pc 000000000006adf0  /apex/com.android.vndk.v30/lib64/libbinder.so (android::ProcessState::ProcessState(char const*)+372) (BuildId: 7703b5b080cfabac26e5ae3585f2c76c)
11-07 20:08:06.409 11076 11076 F DEBUG   :       #04 pc 000000000006abe4  /apex/com.android.vndk.v30/lib64/libbinder.so (android::ProcessState::self()+112) (BuildId: 7703b5b080cfabac26e5ae3585f2c76c)
11-07 20:08:06.409 11076 11076 F DEBUG   :       #05 pc 0000000000002074  /vendor/bin/my_uv_service (main+44) (BuildId: 9b47a07ec1d9d741dcbed4bd6570e468)
11-07 20:08:06.409 11076 11076 F DEBUG   :       #06 pc 0000000000053e48  /apex/com.android.runtime/lib64/bionic/libc.so (__libc_init+108) (BuildId: 50118287324a156bc7be11d3d940c7be)
11-07 20:08:06.414     0     0 I logd    : logdr: UID=1000 GID=1000 PID=11076 n tail=500 logMask=1 pid=11073 start=0ns deadline=0ns
