01-01 13:42:10.078     0     0 I wcd937x_codec wcd937x-codec: msm_cdc_dt_parse_vreg_info: cdc-vdd-rxtx: vol=[1800000 1800000]uV, curr=[10000]uA, ond 0 lpm 0
01-01 13:42:10.078     0     0 I wcd937x_codec wcd937x-codec: msm_cdc_dt_parse_vreg_info: cdc-vddpx: vol=[1800000 1800000]uV, curr=[20000]uA, ond 0 lpm 0
01-01 13:42:10.078     0     0 I wcd937x_codec wcd937x-codec: msm_cdc_dt_parse_vreg_info: cdc-vdd-buck: vol=[1800000 1800000]uV, curr=[650000]uA, ond 1 lpm 0
01-01 13:42:10.078     0     0 I wcd937x_codec wcd937x-codec: Linked as a consumer to regulator.36
01-01 13:42:10.079     0     0 I wcd937x_codec wcd937x-codec: Linked as a consumer to regulator.41
01-01 13:42:10.079     0     0 E flashv2 : qpnp_flash_led_parse_revid_dt: Unable to get pmic_revid rc=-22
01-01 13:42:10.087     0     0 E flashv2 : qpnp_flash_led_probe: Failed to parse common flash LED device tree rc=-517
01-01 13:42:10.091     0     0 I binder  : 803:803 ioctl 40046210 7ffa821410 returned -22
01-01 13:42:10.097     0     0 E QG-K    : qg_create_debugfs: Failed to create debugfs directory rc=0
01-01 13:42:10.104     0     0 I wcd937x_codec wcd937x-codec: bound wcd937x-slave.a01170224 (ops wcd937x_slave_comp_ops [wcd937x_slave_dlkm])
01-01 13:42:10.104     0     0 I wcd937x_codec wcd937x-codec: bound wcd937x-slave.a01170223 (ops wcd937x_slave_comp_ops [wcd937x_slave_dlkm])
01-01 13:42:10.104     0     0 E QG-K    : qg_parse_dt: Failed to get pmic_revid, rc=-22
01-01 13:42:10.110     0     0 E QG-K    : qpnp_qg_probe: Failed to parse DT, rc=-517
01-01 13:42:10.117     0     0 E qcom,tri-led 1c40000.qcom,spmi: qcom,pmi632@3:qcom,leds@d000: Devicetree properties parsing failed, rc=-517
01-01 13:42:10.129     0     0 E LCDB    : qpnp_lcdb_regulator_probe: Failed to parse dt rc=-517
01-01 13:42:10.138     0     0 W bengal-asoc-snd soc: qcom,msm-audio-apr:qcom,q6core-audio:sound: msm_init_aux_dev: Max WSA devices is 0 for this target?
01-01 13:42:10.138     0     0 I bengal-asoc-snd soc: qcom,msm-audio-apr:qcom,q6core-audio:sound: msm_init_aux_dev: found 1 AUX codecs registered with ALSA core
01-01 13:42:10.149     0     0 E SELinux : avc:  denied  { find } for pid=803 uid=1000 name=vendor.qti.hardware.perf2.IPerf/default scontext=u:r:surfaceflinger:s0 tcontext=u:object_r:default_android_service:s0 tclass=service_manager permissive=0
01-01 13:42:10.157     0     0 I binder  : 792:792 ioctl 40046210 7fc3567754 returned -22
01-01 13:42:10.161     0     0 E msm-pcm-routing soc: qcom,msm-pcm-routing: ASoC: no source widget found for AUDIO_REF_EC_UL30 MUX
01-01 13:42:10.161     0     0 E msm-pcm-routing soc: qcom,msm-pcm-routing: ASoC: Failed to add route AUDIO_REF_EC_UL30 MUX -> direct -> MM_UL30
01-01 13:42:10.190     0     0 I binder  : 792:792 ioctl 40046210 7fc3567520 returned -22
01-01 13:42:10.285     0     0 W kgsl-3d0: Falling back to syfs fallback for: a630_sqe.fw
01-01 13:42:10.294     0     0 I         : M - Zygote PROP SET                      :21.004 seconds
01-01 13:42:10.294     0     0 I         : M - USER SurfaceFlinger Start            :21.005 seconds
01-01 13:42:10.349     0     0 I binder  : 984:984 ioctl 40046210 ffb20958 returned -22
01-01 13:42:10.412     0     0 I binder  : 1000:1000 ioctl 40046210 7fe43cab14 returned -22
01-01 13:42:10.422     0     0 I binder  : 996:996 ioctl 40046210 7fd54045a4 returned -22
01-01 13:42:10.627     0     0 I binder  : 1019:1019 ioctl 40046210 7fef832aa0 returned -22
01-01 13:42:10.629     0     0 I binder  : 1020:1020 ioctl 40046210 7ff8190cb0 returned -22
01-01 13:42:10.632     0     0 I binder  : 1018:1018 ioctl 40046210 7fc2a14ab0 returned -22
01-01 13:42:10.687     0     0 I binder  : 1024:1024 ioctl 40046210 7fd4343f30 returned -22
01-01 13:42:10.707     0     0 I wcd937x_codec wcd937x-codec: wcd937x_soc_codec_probe()
01-01 13:42:10.719     0     0 W subsys-pil-tz soc: qcom,kgsl-hyp: Falling back to syfs fallback for: a610_zap.mdt
01-01 13:42:10.742     0     0 I subsys-pil-tz soc: qcom,kgsl-hyp: a610_zap: loading from 0x00000000fe000000 to 0x00000000fe001000
01-01 13:42:10.746     0     0 E wcd937x_codec wcd937x-codec: ASoC: unknown pin LO
01-01 13:42:10.748     0     0 W subsys-pil-tz soc: qcom,kgsl-hyp: loading /vendor/firmware_mnt/image/a610_zap.b02 failed with error -13
01-01 13:42:10.752     0     0 W subsys-pil-tz soc: qcom,kgsl-hyp: Falling back to syfs fallback for: a610_zap.b02
01-01 13:42:10.759     0     0 E wcd937x_codec wcd937x-codec: ASoC: unknown pin AMIC4
01-01 13:42:10.766     0     0 I binder  : 1027:1027 ioctl 40046210 7fe319d040 returned -22
01-01 13:42:10.768     0     0 I servicemanager: Could not find android.hardware.health.IHealth/default in the VINTF manifest.
01-01 13:42:10.768     0     0 I binder  : 1027:1027 ioctl 40046210 7fe319d0e4 returned -22
01-01 13:42:10.773     0     0 I subsys-pil-tz soc: qcom,kgsl-hyp: a610_zap: Brought out of reset
01-01 13:42:10.775     0     0 I binder  : 1021:1021 ioctl 40046210 7ff982d300 returned -22
01-01 13:42:10.782     0     0 E msm-dai-fe soc: qcom,msm-dai-fe: ASoC: no sink widget found for AUXPCM_DL_HL
01-01 13:42:10.790     0     0 E msm-dai-fe soc: qcom,msm-dai-fe: ASoC: Failed to add route AUXPCM_HOSTLESS Playback -> direct -> AUXPCM_DL_HL
01-01 13:42:10.802     0     0 E msm-dai-fe soc: qcom,msm-dai-fe: ASoC: no source widget found for AUXPCM_UL_HL
01-01 13:42:10.810     0     0 E msm-dai-fe soc: qcom,msm-dai-fe: ASoC: Failed to add route AUXPCM_UL_HL -> direct -> AUXPCM_HOSTLESS Capture
--------- beginning of crash
11-07 19:44:55.231  1046  1046 F libc    : Fatal signal 6 (SIGABRT), code -1 (SI_QUEUE) in tid 1046 (my_uv_service), pid 1046 (my_uv_service)
01-01 13:42:10.829     0     0 I binder  : 1034:1034 ioctl 40046210 7fef8c1390 returned -22
01-01 13:42:10.872     0     0 I binder  : 1031:1031 ioctl 40046210 7fe3e41ef0 returned -22
01-01 13:42:10.896     0     0 I servicemanager: Could not find android.hardware.net.nlinterceptor.IInterceptor/default in the VINTF manifest.
01-01 13:42:10.899     0     0 I servicemanager: Could not find android.hardware.graphics.composer3.IComposer/default in the VINTF manifest.
01-01 13:42:10.916     0     0 I binder  : 1031:1031 ioctl 40046210 7fe3e420c4 returned -22
01-01 13:42:10.937     0     0 E spmi-0  : pmic_arb_wait_for_done: transaction failed (0x3)
01-01 13:42:10.944     0     0 E bcl_pmic5: bcl_read_register Error reading register 0x3d48 err:-5
01-01 13:42:10.953     0     0 E spmi-0  : pmic_arb_wait_for_done: transaction failed (0x3)
01-01 13:42:10.960     0     0 E bcl_pmic5: bcl_read_register Error reading register 0x3d49 err:-5
01-01 13:42:10.970     0     0 E spmi-0  : pmic_arb_wait_for_done: transaction failed (0x3)
01-01 13:42:10.977     0     0 E bcl_pmic5: bcl_read_register Error reading register 0x3d4a err:-5
01-01 13:42:10.982     0     0 E SELinux : avc:  denied  { find } for pid=803 uid=1000 name=vendor.qti.hardware.display.config.IDisplayConfig/default scontext=u:r:surfaceflinger:s0 tcontext=u:object_r:default_android_service:s0 tclass=service_manager permissive=0
01-01 13:42:11.015     0     0 E wlan    : Loading driver v5.2.05.23C +PANIC_ON_BUG; 2025-11-07T13:33:20Z; cld:; cmn:;
01-01 13:42:11.019     0     0 I servicemanager: Could not find android.hardware.graphics.allocator.IAllocator/default in the VINTF manifest.
01-01 13:42:11.023     0     0 I qdf_print_ctrl_register: Allocated print control object 0
01-01 13:42:11.049     0     0 I cnss-daemon: Couldn't resolve family id
01-01 13:42:11.060     0     0 I binder  : 1085:1085 ioctl 40046210 7fe03c61f0 returned -22
01-01 13:42:11.060     0     0 I cnss-daemon: Failed to init genl between daemon and platform, continue
01-01 13:42:11.060     0     0 I cnss-daemon: wlfw_start: Starting
01-01 13:42:11.071     0     0 E ipa3_uc_reg_rdyCB: 2973 bad parm. inout=00000000654b78ef
11-07 19:44:55.562  1093  1093 F DEBUG   : *** *** *** *** *** *** *** *** *** *** *** *** *** *** *** ***
11-07 19:44:55.562  1093  1093 F DEBUG   : Build fingerprint: 'qti/bengal_2w/bengal_2w:14/UKQ1.250303.001/eng.uvbuil.20250915.113541:userdebug/test-keys'
11-07 19:44:55.562  1093  1093 F DEBUG   : Revision: '0'
11-07 19:44:55.562  1093  1093 F DEBUG   : ABI: 'arm64'
11-07 19:44:55.562  1093  1093 F DEBUG   : Timestamp: 2025-11-07 19:44:55.442569113+0530
11-07 19:44:55.562  1093  1093 F DEBUG   : Process uptime: 1s
11-07 19:44:55.563  1093  1093 F DEBUG   : Cmdline: /vendor/bin/my_uv_service
11-07 19:44:55.563  1093  1093 F DEBUG   : pid: 1046, tid: 1046, name: my_uv_service  >>> /vendor/bin/my_uv_service <<<
11-07 19:44:55.563  1093  1093 F DEBUG   : uid: 1000
11-07 19:44:55.563  1093  1093 F DEBUG   : signal 6 (SIGABRT), code -1 (SI_QUEUE), fault addr --------
11-07 19:44:55.563  1093  1093 F DEBUG   : Abort message: 'Binder driver '/dev/vndbinder' could not be opened.  Terminating.'
11-07 19:44:55.563  1093  1093 F DEBUG   :     x0  0000000000000000  x1  0000000000000416  x2  0000000000000006  x3  0000007fd9a5bec0
11-07 19:44:55.563  1093  1093 F DEBUG   :     x4  621f267164636d68  x5  621f267164636d68  x6  621f267164636d68  x7  7f7f7f7f7f7f7f7f
11-07 19:44:55.563  1093  1093 F DEBUG   :     x8  00000000000000f0  x9  00000071964e81b8  x10 0000000000000001  x11 0000007196530924
11-07 19:44:55.563  1093  1093 F DEBUG   :     x12 0000007fd9a5be80  x13 0000000000000042  x14 0000007fd9a5c050  x15 0000000000000000
11-07 19:44:55.563  1093  1093 F DEBUG   :     x16 0000007196598d18  x17 00000071965743b0  x18 00000071997ee000  x19 0000000000000416
11-07 19:44:55.563  1093  1093 F DEBUG   :     x20 0000000000000416  x21 00000000ffffffff  x22 0000007198fa8028  x23 0000000000000000
11-07 19:44:55.563  1093  1093 F DEBUG   :     x24 0000000000000000  x25 0000000000000000  x26 0000000000000000  x27 0000000000000000
11-07 19:44:55.563  1093  1093 F DEBUG   :     x28 0000000000000000  x29 0000007fd9a5bf40
11-07 19:44:55.563  1093  1093 F DEBUG   :     lr  0000007196521624  sp  0000007fd9a5bea0  pc  0000007196521650  pst 0000000000000000
11-07 19:44:55.563  1093  1093 F DEBUG   : 7 total frames
11-07 19:44:55.564  1093  1093 F DEBUG   : backtrace:
11-07 19:44:55.564  1093  1093 F DEBUG   :       #00 pc 000000000005b650  /apex/com.android.runtime/lib64/bionic/libc.so (abort+168) (BuildId: 50118287324a156bc7be11d3d940c7be)
11-07 19:44:55.564  1093  1093 F DEBUG   :       #01 pc 0000000000006424  /system/lib64/liblog.so (__android_log_default_aborter+16) (BuildId: e05aefcb936d3c511dd026d3e152503f)
11-07 19:44:55.564  1093  1093 F DEBUG   :       #02 pc 000000000000701c  /system/lib64/liblog.so (__android_log_assert+312) (BuildId: e05aefcb936d3c511dd026d3e152503f)
11-07 19:44:55.564  1093  1093 F DEBUG   :       #03 pc 000000000006adf0  /apex/com.android.vndk.v30/lib64/libbinder.so (android::ProcessState::ProcessState(char const*)+372) (BuildId: 7703b5b080cfabac26e5ae3585f2c76c)
11-07 19:44:55.564  1093  1093 F DEBUG   :       #04 pc 000000000006abe4  /apex/com.android.vndk.v30/lib64/libbinder.so (android::ProcessState::self()+112) (BuildId: 7703b5b080cfabac26e5ae3585f2c76c)
11-07 19:44:55.564  1093  1093 F DEBUG   :       #05 pc 0000000000002074  /vendor/bin/my_uv_service (main+44) (BuildId: 9b47a07ec1d9d741dcbed4bd6570e468)
11-07 19:44:55.564  1093  1093 F DEBUG   :       #06 pc 0000000000053e48  /apex/com.android.runtime/lib64/bionic/libc.so (__libc_init+108) (BuildId: 50118287324a156bc7be11d3d940c7be)
01-01 13:42:11.072     0     0 I         : wlan_hdd_state wlan major(494) initialized
01-01 13:42:11.170     0     0 I binder  : 1079:1079 ioctl 40046210 7fd92a9cd0 returned -22
01-01 13:42:11.171     0     0 I binder  : 1079:1079 ioctl 40046210 7fd92a9d74 returned -22
01-01 13:42:11.213     0     0 I binder  : 1082:1082 ioctl 40046210 7fc0ccc840 returned -22
01-01 13:42:11.215     0     0 I binder  : 1082:1082 ioctl 40046210 7fc0ccc844 returned -22
01-01 13:42:11.278     0     0 I binder  : 744:1183 ioctl 40046210 eeb2eee0 returned -22
01-01 13:42:11.292     0     0 I capability: warning: `msm_irqbalance' uses 32-bit capabilities (legacy support in use)
01-01 13:42:11.393     0     0 I         : read descriptors
01-01 13:42:11.393     0     0 I         : read strings
01-01 13:42:11.410     0     0 I binder  : 1081:1081 ioctl 40046210 7fe5ff4500 returned -22
01-01 13:42:11.411     0     0 I android_work: did not send uevent (0 0 00000000654b78ef)
01-01 13:42:11.426     0     0 I binder  : 1026:1026 ioctl 40046210 ff93c4c8 returned -22
01-01 13:42:11.431     0     0 I binder  : 1026:1026 ioctl 40046210 ff93c690 returned -22
01-01 13:42:11.437     0     0 I binder  : 1063:1063 ioctl 40046210 7fea9b51b4 returned -22
01-01 13:42:11.448     0     0 I binder  : 1081:1081 ioctl 40046210 7fe5ff4264 returned -22
01-01 13:42:11.639     0     0 E bengal-asoc-snd soc: qcom,msm-audio-apr:qcom,q6core-audio:sound: ASoC: no sink widget found for AMIC4
01-01 13:42:11.647     0     0 E msm-dwc3 4e00000.ssusb: Could not get usb psy
01-01 13:42:11.649     0     0 E bengal-asoc-snd soc: qcom,msm-audio-apr:qcom,q6core-audio:sound: ASoC: Failed to add route MIC BIAS3 -> direct -> AMIC4
01-01 13:42:11.655     0     0 E msm-dwc3 4e00000.ssusb: Could not get usb psy
01-01 13:42:11.667     0     0 E bengal-asoc-snd soc: qcom,msm-audio-apr:qcom,q6core-audio:sound: ASoC: no source widget found for ADC3_OUTPUT
01-01 13:42:11.682     0     0 E msm-usb-ssphy-qmp 1615000.ssphy: USB QMP PHY: Update TYPEC CTRL(3)
01-01 13:42:11.683     0     0 E bengal-asoc-snd soc: qcom,msm-audio-apr:qcom,q6core-audio:sound: ASoC: Failed to add route ADC3_OUTPUT -> direct -> TX SWR_MIC5
01-01 13:42:11.693     0     0 I msm-dwc3 4e00000.ssusb: DWC3 exited from low power mode
01-01 13:42:11.703     0     0 E bengal-asoc-snd soc: qcom,msm-audio-apr:qcom,q6core-audio:sound: ASoC: no source widget found for DMIC1_OUTPUT
01-01 13:42:11.714     0     0 E bengal-asoc-snd soc: qcom,msm-audio-apr:qcom,q6core-audio:sound: ASoC: Failed to add route DMIC1_OUTPUT -> direct -> TX SWR_MIC8
01-01 13:42:11.727     0     0 E bengal-asoc-snd soc: qcom,msm-audio-apr:qcom,q6core-audio:sound: ASoC: no source widget found for DMIC2_OUTPUT
01-01 13:42:11.738     0     0 E bengal-asoc-snd soc: qcom,msm-audio-apr:qcom,q6core-audio:sound: ASoC: Failed to add route DMIC2_OUTPUT -> direct -> TX SWR_MIC9
01-01 13:42:11.751     0     0 E bengal-asoc-snd soc: qcom,msm-audio-apr:qcom,q6core-audio:sound: ASoC: no source widget found for DMIC3_OUTPUT
01-01 13:42:11.762     0     0 E bengal-asoc-snd soc: qcom,msm-audio-apr:qcom,q6core-audio:sound: ASoC: Failed to add route DMIC3_OUTPUT -> direct -> TX SWR_MIC8
01-01 13:42:11.775     0     0 E bengal-asoc-snd soc: qcom,msm-audio-apr:qcom,q6core-audio:sound: ASoC: no source widget found for DMIC4_OUTPUT
01-01 13:42:11.786     0     0 E bengal-asoc-snd soc: qcom,msm-audio-apr:qcom,q6core-audio:sound: ASoC: Failed to add route DMIC4_OUTPUT -> direct -> TX SWR_MIC9
01-01 13:42:11.799     0     0 E bengal-asoc-snd soc: qcom,msm-audio-apr:qcom,q6core-audio:sound: ASoC: no source widget found for DMIC5_OUTPUT
01-01 13:42:11.810     0     0 E bengal-asoc-snd soc: qcom,msm-audio-apr:qcom,q6core-audio:sound: ASoC: Failed to add route DMIC5_OUTPUT -> direct -> TX SWR_MIC10
01-01 13:42:11.813     0     0 E msm-dwc3 4e00000.ssusb: Could not get usb psy
01-01 13:42:11.823     0     0 E bengal-asoc-snd soc: qcom,msm-audio-apr:qcom,q6core-audio:sound: ASoC: no source widget found for DMIC6_OUTPUT
01-01 13:42:11.839     0     0 E bengal-asoc-snd soc: qcom,msm-audio-apr:qcom,q6core-audio:sound: ASoC: Failed to add route DMIC6_OUTPUT -> direct -> TX SWR_MIC11
01-01 13:42:11.852     0     0 E bengal-asoc-snd soc: qcom,msm-audio-apr:qcom,q6core-audio:sound: ASoC: no source widget found for ADC3_OUTPUT
01-01 13:42:11.863     0     0 E bengal-asoc-snd soc: qcom,msm-audio-apr:qcom,q6core-audio:sound: ASoC: Failed to add route ADC3_OUTPUT -> direct -> VA SWR_MIC5
01-01 13:42:11.876     0     0 E bengal-asoc-snd soc: qcom,msm-audio-apr:qcom,q6core-audio:sound: ASoC: no source widget found for DMIC1_OUTPUT
01-01 13:42:11.887     0     0 E bengal-asoc-snd soc: qcom,msm-audio-apr:qcom,q6core-audio:sound: ASoC: Failed to add route DMIC1_OUTPUT -> direct -> VA SWR_MIC8
01-01 13:42:11.900     0     0 E bengal-asoc-snd soc: qcom,msm-audio-apr:qcom,q6core-audio:sound: ASoC: no source widget found for DMIC2_OUTPUT
01-01 13:42:11.911     0     0 E bengal-asoc-snd soc: qcom,msm-audio-apr:qcom,q6core-audio:sound: ASoC: Failed to add route DMIC2_OUTPUT -> direct -> VA SWR_MIC9
01-01 13:42:11.924     0     0 E bengal-asoc-snd soc: qcom,msm-audio-apr:qcom,q6core-audio:sound: ASoC: no source widget found for DMIC3_OUTPUT
01-01 13:42:11.927     0     0 E msm-dwc3 4e00000.ssusb: Could not get usb psy
01-01 13:42:11.935     0     0 E bengal-asoc-snd soc: qcom,msm-audio-apr:qcom,q6core-audio:sound: ASoC: Failed to add route DMIC3_OUTPUT -> direct -> VA SWR_MIC8
01-01 13:42:11.935     0     0 E bengal-asoc-snd soc: qcom,msm-audio-apr:qcom,q6core-audio:sound: ASoC: no source widget found for DMIC4_OUTPUT
01-01 13:42:11.964     0     0 E bengal-asoc-snd soc: qcom,msm-audio-apr:qcom,q6core-audio:sound: ASoC: Failed to add route DMIC4_OUTPUT -> direct -> VA SWR_MIC9
01-01 13:42:11.977     0     0 E bengal-asoc-snd soc: qcom,msm-audio-apr:qcom,q6core-audio:sound: ASoC: no source widget found for DMIC5_OUTPUT
01-01 13:42:11.988     0     0 E bengal-asoc-snd soc: qcom,msm-audio-apr:qcom,q6core-audio:sound: ASoC: Failed to add route DMIC5_OUTPUT -> direct -> VA SWR_MIC10
01-01 13:42:12.000     0     0 E bengal-asoc-snd soc: qcom,msm-audio-apr:qcom,q6core-audio:sound: ASoC: no source widget found for DMIC6_OUTPUT
01-01 13:42:12.011     0     0 E bengal-asoc-snd soc: qcom,msm-audio-apr:qcom,q6core-audio:sound: ASoC: Failed to add route DMIC6_OUTPUT -> direct -> VA SWR_MIC11
01-01 13:42:12.024     0     0 W bengal-asoc-snd soc: qcom,msm-audio-apr:qcom,q6core-audio:sound: ASoC: no DMI vendor name!
01-01 13:42:12.043     0     0 I input   : bengal-idp-snd-card Headset Jack as /devices/platform/soc/soc:qcom,msm-audio-apr/soc:qcom,msm-audio-apr:qcom,q6core-audio/soc:qcom,msm-audio-apr:qcom,q6core-audio:sound/sound/card0/input3
01-01 13:42:12.044     0     0 I input   : bengal-idp-snd-card Button Jack as /devices/platform/soc/soc:qcom,msm-audio-apr/soc:qcom,msm-audio-apr:qcom,q6core-audio/soc:qcom,msm-audio-apr:qcom,q6core-audio:sound/sound/card0/input4
01-01 13:42:12.044     0     0 I bengal-asoc-snd soc: qcom,msm-audio-apr:qcom,q6core-audio:sound: msm_asoc_machine_probe: Sound card bengal-idp-snd-card registered
01-01 13:42:12.044     0     0 E is_ext_spk_gpio_support: Enter
01-01 13:42:12.048     0     0 E is_ext_spk_gpio_support: qcom,msm-spk-ext-pa gpio num 1235
01-01 13:42:12.056     0     0 E flashv2 : qpnp_flash_led_parse_revid_dt: Unable to get pmic_revid rc=-22
01-01 13:42:12.063     0     0 E flashv2 : qpnp_flash_led_probe: Failed to parse common flash LED device tree rc=-517
01-01 13:42:12.072     0     0 E QG-K    : qg_create_debugfs: Failed to create debugfs directory rc=0
01-01 13:42:12.080     0     0 E QG-K    : qg_parse_dt: Failed to get pmic_revid, rc=-22
01-01 13:42:12.086     0     0 E QG-K    : qpnp_qg_probe: Failed to parse DT, rc=-517
01-01 13:42:12.092     0     0 E qcom,tri-led 1c40000.qcom,spmi: qcom,pmi632@3:qcom,leds@d000: Devicetree properties parsing failed, rc=-517
01-01 13:42:12.095     0     0 I android_work: sent uevent USB_STATE=CONNECTED
01-01 13:42:12.103     0     0 E LCDB    : qpnp_lcdb_regulator_probe: Failed to parse dt rc=-517
01-01 13:42:12.106     0     0 E msm-dwc3 4e00000.ssusb: Could not get usb psy
01-01 13:42:12.116     0     0 I android_work: sent uevent USB_STATE=DISCONNECTED
01-01 13:42:12.282     0     0 I android_work: sent uevent USB_STATE=CONNECTED
01-01 13:42:12.285     0     0 E msm-dwc3 4e00000.ssusb: Could not get usb psy
01-01 13:42:12.291     0     0 I configfs-gadget gadget: high-speed config #1: b
01-01 13:42:12.291     0     0 E msm-dwc3 4e00000.ssusb: Could not get usb psy
01-01 13:42:12.299     0     0 I android_work: sent uevent USB_STATE=CONFIGURED
01-01 13:42:12.313     0     0 E ipa_usb_notify_cb: Set net_ready_trigger
01-01 13:42:12.314     0     0 E ipa3_cfg_ep_ctrl: 4812 pipe setting delay is not supported
01-01 13:42:12.327     0     0 E ipa_usb_notify_cb: Set net_ready_trigger
01-01 13:42:12.463     0     0 E init    : Control message: Could not find 'android.frameworks.sensorservice@1.0::ISensorManager/default' for ctl.interface_start from pid: 469 (/system/bin/hwservicemanager)
01-01 13:42:12.491     0     0 I binder  : 1288:1288 ioctl 40046210 7fc33f4520 returned -22
01-01 13:42:12.497     0     0 I binder  : 1291:1291 ioctl 40046210 7fc9be3210 returned -22
01-01 13:42:12.512     0     0 I binder  : 1293:1293 ioctl 40046210 7fe871a960 returned -22
01-01 13:42:12.607     0     0 I binder  : 1312:1312 ioctl 40046210 7fe363fd80 returned -22
01-01 13:42:12.619     0     0 I binder  : 1313:1313 ioctl 40046210 7fd5535510 returned -22
01-01 13:42:12.631     0     0 I binder  : 1316:1316 ioctl 40046210 7fd2d409d0 returned -22
01-01 13:42:12.636     0     0 E         : msm_qti_pp_get_rms_value_control, back not active to query rms be_idx:3
01-01 13:42:12.653     0     0 I core_get_license_status: cmdrsp_license_result.result = 0x15 for module 0x131ff
01-01 13:42:12.687     0     0 E         : msm_pcm_volume_ctl_get substream not found
01-01 13:42:12.711     0     0 E init    : Control message: Could not find 'android.hardware.health@2.1::IHealth/default' for ctl.interface_start from pid: 469 (/system/bin/hwservicemanager)
01-01 13:42:12.780     0     0 E init    : Control message: Could not find 'android.hardware.health@2.0::IHealth/default' for ctl.interface_start from pid: 469 (/system/bin/hwservicemanager)
01-01 13:42:12.843     0     0 E         : msm_qti_pp_get_rms_value_control, back not active to query rms be_idx:3
01-01 13:42:12.867     0     0 I core_get_license_status: cmdrsp_license_result.result = 0x15 for module 0x131ff
01-01 13:42:12.919     0     0 E         : msm_pcm_volume_ctl_get substream not found
01-01 13:42:13.462     0     0 E init    : Control message: Could not find 'android.frameworks.sensorservice@1.0::ISensorManager/default' for ctl.interface_start from pid: 469 (/system/bin/hwservicemanager)
01-01 13:42:13.596     0     0 E wcdcal_hwdep_ioctl_shared: codec didn't set this 0!!
01-01 13:42:13.602     0     0 E wcdcal_hwdep_ioctl_shared: codec didn't set this 3!!
01-01 13:42:13.643     0     0 I init    : Untracked pid 1316 received signal 1
01-01 13:42:13.643     0     0 I init    : Untracked pid 1316 did not have an associated service entry and will not be reaped
01-01 13:42:13.718     0     0 E init    : Control message: Could not find 'android.hardware.health@2.1::IHealth/default' for ctl.interface_start from pid: 469 (/system/bin/hwservicemanager)
01-01 13:42:13.782     0     0 E init    : Control message: Could not find 'android.hardware.health@2.0::IHealth/default' for ctl.interface_start from pid: 469 (/system/bin/hwservicemanager)
01-01 13:42:13.843     0     0 E init    : Control message: Could not find 'android.hardware.health@2.0::IHealth/default' for ctl.interface_start from pid: 469 (/system/bin/hwservicemanager)
01-01 13:42:13.858     0     0 E init    : Control message: Could not find 'android.hardware.health@2.0::IHealth/default' for ctl.interface_start from pid: 469 (/system/bin/hwservicemanager)
01-01 13:42:14.001     0     0 I binder  : 1375:1375 ioctl 40046210 7ff3470a70 returned -22
01-01 13:42:14.616     0     0 I servicemanager: Could not find android.hardware.power.stats.IPowerStats/default in the VINTF manifest.
01-01 13:42:14.617     0     0 I binder  : 1375:1375 ioctl 40046210 7ff3470564 returned -22
01-01 13:42:14.620     0     0 I servicemanager: Found android.frameworks.stats.IStats/default in framework VINTF manifest.
01-01 13:42:14.620     0     0 I servicemanager: Could not find android.hardware.memtrack.IMemtrack/default in the VINTF manifest.
01-01 13:42:14.738     0     0 E SELinux : avc:  denied  { find } for pid=1375 uid=1000 name=vendor.qti.hardware.perf2.IPerf/default scontext=u:r:system_server:s0 tcontext=u:object_r:default_android_service:s0 tclass=service_manager permissive=0
01-01 13:42:14.765     0     0 E SELinux : avc:  denied  { find } for pid=1375 uid=1000 name=vendor.qti.hardware.servicetrackeraidl.IServicetracker/default scontext=u:r:system_server:s0 tcontext=u:object_r:default_android_service:s0 tclass=service_manager permissive=0
01-01 13:42:14.891     0     0 I servicemanager: Found android.hardware.power.IPower/default in device VINTF manifest.
01-01 13:42:14.901     0     0 I servicemanager: Found android.hardware.light.ILights/default in device VINTF manifest.
01-01 13:42:14.946     0     0 I fs-verity: sha256 using implementation "sha256-ce"
11-07 19:45:00.152  1459  1459 F libc    : Fatal signal 6 (SIGABRT), code -1 (SI_QUEUE) in tid 1459 (my_uv_service), pid 1459 (my_uv_service)
01-01 13:42:15.763     0     0 I logd    : logdr: UID=1000 GID=1000 PID=1462 n tail=500 logMask=8 pid=1459 start=0ns deadline=0ns
01-01 13:42:15.764     0     0 I logd    : logdr: UID=1000 GID=1000 PID=1462 n tail=500 logMask=1 pid=1459 start=0ns deadline=0ns
11-07 19:45:00.181  1462  1462 F DEBUG   : *** *** *** *** *** *** *** *** *** *** *** *** *** *** *** ***
11-07 19:45:00.181  1462  1462 F DEBUG   : Build fingerprint: 'qti/bengal_2w/bengal_2w:14/UKQ1.250303.001/eng.uvbuil.20250915.113541:userdebug/test-keys'
11-07 19:45:00.181  1462  1462 F DEBUG   : Revision: '0'
11-07 19:45:00.181  1462  1462 F DEBUG   : ABI: 'arm64'
11-07 19:45:00.181  1462  1462 F DEBUG   : Timestamp: 2025-11-07 19:45:00.164614788+0530
11-07 19:45:00.181  1462  1462 F DEBUG   : Process uptime: 1s
11-07 19:45:00.181  1462  1462 F DEBUG   : Cmdline: /vendor/bin/my_uv_service
11-07 19:45:00.181  1462  1462 F DEBUG   : pid: 1459, tid: 1459, name: my_uv_service  >>> /vendor/bin/my_uv_service <<<
11-07 19:45:00.181  1462  1462 F DEBUG   : uid: 1000
11-07 19:45:00.181  1462  1462 F DEBUG   : signal 6 (SIGABRT), code -1 (SI_QUEUE), fault addr --------
11-07 19:45:00.181  1462  1462 F DEBUG   : Abort message: 'Binder driver '/dev/vndbinder' could not be opened.  Terminating.'
11-07 19:45:00.181  1462  1462 F DEBUG   :     x0  0000000000000000  x1  00000000000005b3  x2  0000000000000006  x3  0000007fc428f3a0
11-07 19:45:00.181  1462  1462 F DEBUG   :     x4  621f267164636d68  x5  621f267164636d68  x6  621f267164636d68  x7  7f7f7f7f7f7f7f7f
11-07 19:45:00.181  1462  1462 F DEBUG   :     x8  00000000000000f0  x9  00000070186d81b8  x10 0000000000000001  x11 0000007018720924
11-07 19:45:00.181  1462  1462 F DEBUG   :     x12 0000007fc428f360  x13 0000000000000042  x14 0000007fc428f530  x15 0000000000000000
11-07 19:45:00.181  1462  1462 F DEBUG   :     x16 0000007018788d18  x17 00000070187643b0  x18 000000701b234000  x19 00000000000005b3
11-07 19:45:00.181  1462  1462 F DEBUG   :     x20 00000000000005b3  x21 00000000ffffffff  x22 0000007019de7028  x23 0000000000000000
11-07 19:45:00.181  1462  1462 F DEBUG   :     x24 0000000000000000  x25 0000000000000000  x26 0000000000000000  x27 0000000000000000
11-07 19:45:00.181  1462  1462 F DEBUG   :     x28 0000000000000000  x29 0000007fc428f420
11-07 19:45:00.181  1462  1462 F DEBUG   :     lr  0000007018711624  sp  0000007fc428f380  pc  0000007018711650  pst 0000000000000000
11-07 19:45:00.182  1462  1462 F DEBUG   : 7 total frames
11-07 19:45:00.182  1462  1462 F DEBUG   : backtrace:
11-07 19:45:00.182  1462  1462 F DEBUG   :       #00 pc 000000000005b650  /apex/com.android.runtime/lib64/bionic/libc.so (abort+168) (BuildId: 50118287324a156bc7be11d3d940c7be)
11-07 19:45:00.182  1462  1462 F DEBUG   :       #01 pc 0000000000006424  /system/lib64/liblog.so (__android_log_default_aborter+16) (BuildId: e05aefcb936d3c511dd026d3e152503f)
11-07 19:45:00.182  1462  1462 F DEBUG   :       #02 pc 000000000000701c  /system/lib64/liblog.so (__android_log_assert+312) (BuildId: e05aefcb936d3c511dd026d3e152503f)
11-07 19:45:00.182  1462  1462 F DEBUG   :       #03 pc 000000000006adf0  /apex/com.android.vndk.v30/lib64/libbinder.so (android::ProcessState::ProcessState(char const*)+372) (BuildId: 7703b5b080cfabac26e5ae3585f2c76c)
11-07 19:45:00.182  1462  1462 F DEBUG   :       #04 pc 000000000006abe4  /apex/com.android.vndk.v30/lib64/libbinder.so (android::ProcessState::self()+112) (BuildId: 7703b5b080cfabac26e5ae3585f2c76c)
11-07 19:45:00.182  1462  1462 F DEBUG   :       #05 pc 0000000000002074  /vendor/bin/my_uv_service (main+44) (BuildId: 9b47a07ec1d9d741dcbed4bd6570e468)
11-07 19:45:00.182  1462  1462 F DEBUG   :       #06 pc 0000000000053e48  /apex/com.android.runtime/lib64/bionic/libc.so (__libc_init+108) (BuildId: 50118287324a156bc7be11d3d940c7be)
01-01 13:42:15.812     0     0 E diag    : In diag_ioctl_set_buffering_mode, peripheral 3 doesn't support buffering
01-01 13:42:15.826     0     0 E diag    : In diag_ioctl_set_buffering_mode, invalid peripheral = -22
01-01 13:42:16.118     0     0 I cnss-daemon: pm_init: Failed to register pm client, ret = -1
01-01 13:42:16.119     0     0 I cnss-daemon: no interop issues ap currently
01-01 13:42:16.119     0     0 I cnss-daemon: ro.baseband : [msm]
01-01 13:42:16.119     0     0 I cnss-daemon: wlfw_service_request: Start the pthread: 0x0K
01-01 13:42:16.277     0     0 I servicemanager: Could not find android.hardware.sensors.ISensors/default in the VINTF manifest.
01-01 13:42:16.281     0     0 I servicemanager: Could not find android.hardware.health.IHealth/default in the VINTF manifest.
01-01 13:42:17.088     0     0 W healthd : No battery devices found
11-07 19:45:01.510     0     0 W healthd : battery none chg=
11-07 19:45:01.517     0     0 W healthd : battery none chg=
11-07 19:45:01.661     0     0 I binder  : 1375:1375 ioctl c00c620f 7ff3470518 returned -22
11-07 19:45:01.674     0     0 I servicemanager: Could not find android.hardware.vibrator.IVibratorManager/default in the VINTF manifest.
11-07 19:45:01.913     0     0 I init    : processing action (sys.sysctl.extra_free_kbytes=*) from (/system/etc/init/hw/init.rc:1243)
11-07 19:45:01.914     0     0 I init    : starting service 'exec 33 (/system/bin/extra_free_kbytes.sh 10800)'...
11-07 19:45:01.916     0     0 I init    : ... started service 'exec 33 (/system/bin/extra_free_kbytes.sh 10800)' has pid 1587
11-07 19:45:01.916     0     0 I init    : SVC_EXEC service 'exec 33 (/system/bin/extra_free_kbytes.sh 10800)' pid 1587 (uid 0 gid 0+0 context default) started; waiting...
11-07 19:45:01.932     0     0 I init    : Service 'exec 33 (/system/bin/extra_free_kbytes.sh 10800)' (pid 1587) exited with status 0 waiting took 0.017000 seconds
11-07 19:45:01.932     0     0 I init    : Sending signal 9 to service 'exec 33 (/system/bin/extra_free_kbytes.sh 10800)' (pid 1587) process group...
11-07 19:45:01.933     0     0 I libprocessgroup: Successfully killed process cgroup uid 0 pid 1587 in 0ms
11-07 19:45:02.567     0     0 I         : acc_open
11-07 19:45:02.567     0     0 I         : acc_release
11-07 19:45:02.860     0     0 I         : Wifi Turning On from UI
11-07 19:45:03.290     0     0 I msm_vidc: high: 00000001: ....e: Opening video instance: 0000000073c23c60, 0
11-07 19:45:03.290     0     0 I msm_vidc_v4l2 5a00000.qcom,vidc: Linked as a consumer to regulator.5
11-07 19:45:03.290     0     0 I msm_vidc_v4l2 5a00000.qcom,vidc: Linked as a consumer to regulator.4
11-07 19:45:03.293     0     0 I subsys-restart: __subsystem_get(): Changing subsys fw_name to venus
11-07 19:45:03.296     0     0 W subsys-pil-tz 5ab0000.qcom,venus: loading /vendor/firmware_mnt/image/venus.mdt failed with error -13
11-07 19:45:03.296     0     0 W subsys-pil-tz 5ab0000.qcom,venus: Falling back to syfs fallback for: venus.mdt
11-07 19:45:03.299     0     0 I ueventd : firmware: loading 'venus.mdt' for '/devices/platform/soc/5ab0000.qcom,venus/firmware/venus.mdt'
11-07 19:45:03.300     0     0 I ueventd : loading /devices/platform/soc/5ab0000.qcom,venus/firmware/venus.mdt took 1ms
11-07 19:45:03.300     0     0 I subsys-pil-tz 5ab0000.qcom,venus: venus: loading from 0x0000000051400000 to 0x0000000051900000
11-07 19:45:03.307     0     0 W subsys-pil-tz 5ab0000.qcom,venus: loading /vendor/firmware_mnt/image/venus.b03 failed with error -13
11-07 19:45:03.307     0     0 W subsys-pil-tz 5ab0000.qcom,venus: loading /vendor/firmware_mnt/image/venus.b04 failed with error -13
11-07 19:45:03.307     0     0 W subsys-pil-tz 5ab0000.qcom,venus: loading /vendor/firmware_mnt/image/venus.b02 failed with error -13
11-07 19:45:03.307     0     0 W subsys-pil-tz 5ab0000.qcom,venus: Falling back to syfs fallback for: venus.b04
11-07 19:45:03.307     0     0 W subsys-pil-tz 5ab0000.qcom,venus: Falling back to syfs fallback for: venus.b02
11-07 19:45:03.307     0     0 W subsys-pil-tz 5ab0000.qcom,venus: Falling back to syfs fallback for: venus.b03
11-07 19:45:03.308     0     0 W subsys-pil-tz 5ab0000.qcom,venus: loading /vendor/firmware_mnt/image/venus.b05 failed with error -13
11-07 19:45:03.308     0     0 W subsys-pil-tz 5ab0000.qcom,venus: Falling back to syfs fallback for: venus.b05
11-07 19:45:03.308     0     0 W subsys-pil-tz 5ab0000.qcom,venus: loading /vendor/firmware_mnt/image/venus.b06 failed with error -13
11-07 19:45:03.308     0     0 W subsys-pil-tz 5ab0000.qcom,venus: Falling back to syfs fallback for: venus.b06
11-07 19:45:03.308     0     0 W subsys-pil-tz 5ab0000.qcom,venus: loading /vendor/firmware_mnt/image/venus.b07 failed with error -13
11-07 19:45:03.308     0     0 W subsys-pil-tz 5ab0000.qcom,venus: Falling back to syfs fallback for: venus.b07
11-07 19:45:03.308     0     0 W subsys-pil-tz 5ab0000.qcom,venus: loading /vendor/firmware_mnt/image/venus.b08 failed with error -13
11-07 19:45:03.308     0     0 W subsys-pil-tz 5ab0000.qcom,venus: Falling back to syfs fallback for: venus.b08
11-07 19:45:03.308     0     0 W subsys-pil-tz 5ab0000.qcom,venus: loading /vendor/firmware_mnt/image/venus.b09 failed with error -13
11-07 19:45:03.308     0     0 W subsys-pil-tz 5ab0000.qcom,venus: Falling back to syfs fallback for: venus.b09
11-07 19:45:03.308     0     0 W subsys-pil-tz 5ab0000.qcom,venus: loading /vendor/firmware_mnt/image/venus.b10 failed with error -13
11-07 19:45:03.308     0     0 W subsys-pil-tz 5ab0000.qcom,venus: Falling back to syfs fallback for: venus.b10
11-07 19:45:03.308     0     0 W subsys-pil-tz 5ab0000.qcom,venus: loading /vendor/firmware_mnt/image/venus.b19 failed with error -13
11-07 19:45:03.308     0     0 W subsys-pil-tz 5ab0000.qcom,venus: Falling back to syfs fallback for: venus.b19
11-07 19:45:03.313     0     0 I ueventd : firmware: loading 'venus.b03' for '/devices/platform/soc/5ab0000.qcom,venus/firmware/venus.b03'
11-07 19:45:03.317     0     0 I ueventd : loading /devices/platform/soc/5ab0000.qcom,venus/firmware/venus.b03 took 3ms
11-07 19:45:03.318     0     0 I ueventd : firmware: loading 'venus.b02' for '/devices/platform/soc/5ab0000.qcom,venus/firmware/venus.b02'
11-07 19:45:03.319     0     0 I ueventd : loading /devices/platform/soc/5ab0000.qcom,venus/firmware/venus.b02 took 1ms
11-07 19:45:03.324     0     0 I ueventd : firmware: loading 'venus.b04' for '/devices/platform/soc/5ab0000.qcom,venus/firmware/venus.b04'
11-07 19:45:03.328     0     0 I ueventd : firmware: loading 'venus.b05' for '/devices/platform/soc/5ab0000.qcom,venus/firmware/venus.b05'
11-07 19:45:03.330     0     0 I ueventd : firmware: loading 'venus.b06' for '/devices/platform/soc/5ab0000.qcom,venus/firmware/venus.b06'
11-07 19:45:03.333     0     0 I ueventd : firmware: loading 'venus.b07' for '/devices/platform/soc/5ab0000.qcom,venus/firmware/venus.b07'
11-07 19:45:03.408     0     0 I subsys-pil-tz 5ab0000.qcom,venus: venus: Brought out of reset
11-07 19:45:03.438     0     0 I msm_vidc: err : 00000001: ....e: Unsupported WxH (320)x(240), max supported is (0)x(0)
11-07 19:45:03.438     0     0 I msm_vidc: err : 00000001: ....e: msm_vidc_check_session_supported: Resolution unsupported
11-07 19:45:03.438     0     0 I msm_vidc: err : 00000001: ....e: msm_venc_s_fmt: session not supported
11-07 19:45:03.438     0     0 I msm_vidc: err : 00000001: ....e: msm_vidc_comm_update_ctrl: failed: control name Video B Frames, min 0, max 0, step 0, default_value 0
11-07 19:45:03.443     0     0 I msm_vidc: high: 00000001: h265e: Closed video instance: 0000000073c23c60
11-07 19:45:03.476     0     0 I msm_vidc: high: 00000001: ....d: Opening video instance: 000000004421a354, 1
11-07 19:45:03.486     0     0 I msm_vidc: high: 00000001: h264d: Closed video instance: 000000004421a354
11-07 19:45:03.499     0     0 I binder  : 1744:1744 ioctl 40046210 ff8e37b0 returned -22
--------- beginning of system
11-07 19:45:03.496  1375  1375 D SystemServerTiming: OnBootPhase_600_com.android.server.bluetooth.BluetoothService
11-07 19:45:03.496  1375  1375 V SystemServerTiming: OnBootPhase_600_com.android.server.bluetooth.BluetoothService took to complete: 0ms
11-07 19:45:03.496  1375  1375 D SystemServerTiming: OnBootPhase_600_com.android.server.connectivity.IpConnectivityMetrics
11-07 19:45:03.496  1375  1375 V SystemServerTiming: OnBootPhase_600_com.android.server.connectivity.IpConnectivityMetrics took to complete: 0ms
11-07 19:45:03.496  1375  1375 D SystemServerTiming: OnBootPhase_600_com.android.server.net.watchlist.NetworkWatchlistService$Lifecycle
11-07 19:45:03.496  1375  1375 V SystemServerTiming: OnBootPhase_600_com.android.server.net.watchlist.NetworkWatchlistService$Lifecycle took to complete: 0ms
11-07 19:45:03.496  1375  1375 D SystemServerTiming: OnBootPhase_600_com.android.server.PinnerService
11-07 19:45:03.496  1375  1375 V SystemServerTiming: OnBootPhase_600_com.android.server.PinnerService took to complete: 0ms
11-07 19:45:03.496  1375  1375 D SystemServerTiming: OnBootPhase_600_com.android.server.ActivityTriggerService
11-07 19:45:03.496  1375  1375 V SystemServerTiming: OnBootPhase_600_com.android.server.ActivityTriggerService took to complete: 0ms
11-07 19:45:03.496  1375  1375 D SystemServerTiming: OnBootPhase_600_com.android.server.integrity.AppIntegrityManagerService
11-07 19:45:03.496  1375  1375 V SystemServerTiming: OnBootPhase_600_com.android.server.integrity.AppIntegrityManagerService took to complete: 0ms
11-07 19:45:03.496  1375  1375 D SystemServerTiming: OnBootPhase_600_com.android.server.logcat.LogcatManagerService
11-07 19:45:03.496  1375  1375 V SystemServerTiming: OnBootPhase_600_com.android.server.logcat.LogcatManagerService took to complete: 0ms
11-07 19:45:03.496  1375  1375 D SystemServerTiming: OnBootPhase_600_com.android.server.inputmethod.InputMethodManagerService$Lifecycle
11-07 19:45:03.496  1375  1375 V SystemServerTiming: OnBootPhase_600_com.android.server.inputmethod.InputMethodManagerService$Lifecycle took to complete: 0ms
11-07 19:45:03.496  1375  1375 D SystemServerTiming: OnBootPhase_600_com.android.server.accessibility.AccessibilityManagerService$Lifecycle
11-07 19:45:03.497  1375  1375 V SystemServerTiming: OnBootPhase_600_com.android.server.accessibility.AccessibilityManagerService$Lifecycle took to complete: 1ms
11-07 19:45:03.497  1375  1375 D SystemServerTiming: OnBootPhase_600_com.android.server.StorageManagerService$Lifecycle
11-07 19:45:03.497  1375  1375 V SystemServerTiming: OnBootPhase_600_com.android.server.StorageManagerService$Lifecycle took to complete: 0ms
11-07 19:45:03.497  1375  1375 D SystemServerTiming: OnBootPhase_600_com.android.server.usage.StorageStatsService$Lifecycle
11-07 19:45:03.497  1375  1375 V SystemServerTiming: OnBootPhase_600_com.android.server.usage.StorageStatsService$Lifecycle took to complete: 0ms
11-07 19:45:03.497  1375  1375 D SystemServerTiming: OnBootPhase_600_com.android.server.UiModeManagerService
11-07 19:45:03.497  1375  1375 V SystemServerTiming: OnBootPhase_600_com.android.server.UiModeManagerService took to complete: 0ms
11-07 19:45:03.497  1375  1375 D SystemServerTiming: OnBootPhase_600_com.android.server.locales.LocaleManagerService
11-07 19:45:03.497  1375  1375 V SystemServerTiming: OnBootPhase_600_com.android.server.locales.LocaleManagerService took to complete: 0ms
11-07 19:45:03.498  1375  1375 D SystemServerTiming: OnBootPhase_600_com.android.server.grammaticalinflection.GrammaticalInflectionService
11-07 19:45:03.498  1375  1375 V SystemServerTiming: OnBootPhase_600_com.android.server.grammaticalinflection.GrammaticalInflectionService took to complete: 0ms
11-07 19:45:03.498  1375  1375 D SystemServerTiming: OnBootPhase_600_com.android.server.apphibernation.AppHibernationService
11-07 19:45:03.498  1375  1375 V SystemServerTiming: OnBootPhase_600_com.android.server.apphibernation.AppHibernationService took to complete: 0ms
11-07 19:45:03.498  1375  1375 D SystemServerTiming: OnBootPhase_600_com.android.server.locksettings.LockSettingsService$Lifecycle
11-07 19:45:03.498  1375  1375 V SystemServerTiming: OnBootPhase_600_com.android.server.locksettings.LockSettingsService$Lifecycle took to complete: 0ms
11-07 19:45:03.498  1375  1375 D SystemServerTiming: OnBootPhase_600_com.android.server.PersistentDataBlockService
11-07 19:45:03.498  1375  1375 V SystemServerTiming: OnBootPhase_600_com.android.server.PersistentDataBlockService took to complete: 0ms
11-07 19:45:03.498  1375  1375 D SystemServerTiming: OnBootPhase_600_com.android.server.testharness.TestHarnessModeService
11-07 19:45:03.498  1375  1375 V SystemServerTiming: OnBootPhase_600_com.android.server.testharness.TestHarnessModeService took to complete: 0ms
11-07 19:45:03.498  1375  1375 D SystemServerTiming: OnBootPhase_600_com.android.server.oemlock.OemLockService
11-07 19:45:03.498  1375  1375 V SystemServerTiming: OnBootPhase_600_com.android.server.oemlock.OemLockService took to complete: 0ms
11-07 19:45:03.498  1375  1375 D SystemServerTiming: OnBootPhase_600_com.android.server.DeviceIdleController
11-07 19:45:03.498  1375  1375 V SystemServerTiming: OnBootPhase_600_com.android.server.DeviceIdleController took to complete: 0ms
11-07 19:45:03.498  1375  1375 D SystemServerTiming: OnBootPhase_600_com.android.server.devicepolicy.DevicePolicyManagerService$Lifecycle
11-07 19:45:03.498  1375  1375 V SystemServerTiming: OnBootPhase_600_com.android.server.devicepolicy.DevicePolicyManagerService$Lifecycle took to complete: 0ms
11-07 19:45:03.498  1375  1375 D SystemServerTiming: OnBootPhase_600_com.android.server.texttospeech.TextToSpeechManagerService
11-07 19:45:03.498  1375  1401 D GameManagerService: User ID '0' does not have a Game Mode selected for package: 'android'
11-07 19:45:03.498  1375  1375 V SystemServerTiming: OnBootPhase_600_com.android.server.texttospeech.TextToSpeechManagerService took to complete: 1ms
11-07 19:45:03.498  1375  1375 D SystemServerTiming: OnBootPhase_600_com.android.server.ambientcontext.AmbientContextManagerService
11-07 19:45:03.498  1375  1375 V SystemServerTiming: OnBootPhase_600_com.android.server.ambientcontext.AmbientContextManagerService took to complete: 0ms
11-07 19:45:03.498  1375  1375 D SystemServerTiming: OnBootPhase_600_com.android.server.wearable.WearableSensingManagerService
11-07 19:45:03.498  1375  1375 V SystemServerTiming: OnBootPhase_600_com.android.server.wearable.WearableSensingManagerService took to complete: 0ms
11-07 19:45:03.498  1375  1375 D SystemServerTiming: OnBootPhase_600_com.android.server.speech.SpeechRecognitionManagerService
11-07 19:45:03.498  1375  1375 V SystemServerTiming: OnBootPhase_600_com.android.server.speech.SpeechRecognitionManagerService took to complete: 0ms
11-07 19:45:03.498  1375  1375 D SystemServerTiming: OnBootPhase_600_com.android.server.searchui.SearchUiManagerService
11-07 19:45:03.498  1375  1401 D CompatibilityChangeReporter: Compat change id reported: 168419799; UID 1000; state: DISABLED
11-07 19:45:03.499  1375  1375 V SystemServerTiming: OnBootPhase_600_com.android.server.searchui.SearchUiManagerService took to complete: 0ms
11-07 19:45:03.499  1375  1375 D SystemServerTiming: OnBootPhase_600_com.android.server.smartspace.SmartspaceManagerService
11-07 19:45:03.499  1375  1401 D CompatibilityChangeReporter: Compat change id reported: 273564678; UID 1000; state: DISABLED
11-07 19:45:03.499  1375  1375 V SystemServerTiming: OnBootPhase_600_com.android.server.smartspace.SmartspaceManagerService took to complete: 0ms
11-07 19:45:03.499  1375  1375 D SystemServerTiming: OnBootPhase_600_com.android.server.graphics.fonts.FontManagerService$Lifecycle
11-07 19:45:03.499  1375  1375 V SystemServerTiming: OnBootPhase_600_com.android.server.graphics.fonts.FontManagerService$Lifecycle took to complete: 0ms
11-07 19:45:03.499  1375  1375 D SystemServerTiming: OnBootPhase_600_com.android.server.textservices.TextServicesManagerService$Lifecycle
11-07 19:45:03.499  1375  1375 V SystemServerTiming: OnBootPhase_600_com.android.server.textservices.TextServicesManagerService$Lifecycle took to complete: 0ms
11-07 19:45:03.499  1375  1375 D SystemServerTiming: OnBootPhase_600_com.android.server.NetworkScoreService$Lifecycle
11-07 19:45:03.499  1375  1375 V SystemServerTiming: OnBootPhase_600_com.android.server.NetworkScoreService$Lifecycle took to complete: 0ms
11-07 19:45:03.499  1375  1375 D SystemServerTiming: OnBootPhase_600_com.android.server.NetworkStatsServiceInitializer
11-07 19:45:03.499  1375  1375 V SystemServerTiming: OnBootPhase_600_com.android.server.NetworkStatsServiceInitializer took to complete: 0ms
11-07 19:45:03.499  1375  1375 D SystemServerTiming: OnBootPhase_600_com.android.server.wifi.WifiService
11-07 19:45:03.499  1375  1375 V SystemServerTiming: OnBootPhase_600_com.android.server.wifi.WifiService took to complete: 0ms
11-07 19:45:03.499  1375  1375 D SystemServerTiming: OnBootPhase_600_com.android.server.wifi.scanner.WifiScanningService
11-07 19:45:03.499  1375  1375 V SystemServerTiming: OnBootPhase_600_com.android.server.wifi.scanner.WifiScanningService took to complete: 0ms
11-07 19:45:03.499  1375  1375 D SystemServerTiming: OnBootPhase_600_com.android.server.wifi.rtt.RttService
11-07 19:45:03.499  1375  1375 V SystemServerTiming: OnBootPhase_600_com.android.server.wifi.rtt.RttService took to complete: 0ms
11-07 19:45:03.499  1375  1375 D SystemServerTiming: OnBootPhase_600_com.android.server.wifi.aware.WifiAwareService
11-07 19:45:03.499  1375  1375 V SystemServerTiming: OnBootPhase_600_com.android.server.wifi.aware.WifiAwareService took to complete: 0ms
11-07 19:45:03.499  1375  1375 D SystemServerTiming: OnBootPhase_600_com.android.server.wifi.p2p.WifiP2pService
11-07 19:45:03.499  1375  1375 V SystemServerTiming: OnBootPhase_600_com.android.server.wifi.p2p.WifiP2pService took to complete: 0ms
11-07 19:45:03.499  1375  1375 D SystemServerTiming: OnBootPhase_600_com.android.server.ConnectivityServiceInitializer
11-07 19:45:03.502  1375  1375 V SystemServerTiming: OnBootPhase_600_com.android.server.ConnectivityServiceInitializer took to complete: 2ms
11-07 19:45:03.502  1375  1375 D SystemServerTiming: OnBootPhase_600_com.android.server.notification.NotificationManagerService
11-07 19:45:03.509  1375  1595 W BroadcastLoopers: Found previously unknown looper Thread[NetworkStats,5,main]
11-07 19:45:03.519     0     0 I binder  : 1755:1755 ioctl 40046210 7ff3470760 returned -22
11-07 19:45:03.513  1375  1375 V SystemServerTiming: OnBootPhase_600_com.android.server.notification.NotificationManagerService took to complete: 11ms
11-07 19:45:03.513  1375  1375 D SystemServerTiming: OnBootPhase_600_com.android.server.storage.DeviceStorageMonitorService
11-07 19:45:03.513  1375  1375 V SystemServerTiming: OnBootPhase_600_com.android.server.storage.DeviceStorageMonitorService took to complete: 0ms
11-07 19:45:03.513  1375  1375 D SystemServerTiming: OnBootPhase_600_com.android.server.timedetector.TimeDetectorService$Lifecycle
11-07 19:45:03.513  1375  1375 V SystemServerTiming: OnBootPhase_600_com.android.server.timedetector.TimeDetectorService$Lifecycle took to complete: 0ms
11-07 19:45:03.513  1375  1375 D SystemServerTiming: OnBootPhase_600_com.android.server.location.LocationManagerService$Lifecycle
11-07 19:45:03.520     0     0 I binder  : 1745:1745 ioctl 40046210 7ff3470760 returned -22
11-07 19:45:03.517  1375  1627 D GameManagerService: User ID '0' does not have a Game Mode selected for package: 'android'
11-07 19:45:03.520  1375  1627 D GameManagerService: User ID '0' does not have a Game Mode selected for package: 'com.android.car'
11-07 19:45:03.520  1375  1627 D CompatibilityChangeReporter: Compat change id reported: 168419799; UID 1000; state: DISABLED
11-07 19:45:03.521  1375  1627 D CompatibilityChangeReporter: Compat change id reported: 273564678; UID 1000; state: DISABLED
11-07 19:45:03.535     0     0 I msm_vidc: high: 00000001: ....d: Opening video instance: 0000000057c41255, 1
11-07 19:45:03.540     0     0 I msm_vidc: high: 00000001: h265d: Closed video instance: 0000000057c41255
11-07 19:45:03.542  1375  1401 W PackageManager: Invalid dex load report. loadingPackageName=null, uid=1037
11-07 19:45:03.591  1375  1401 W PackageManager: Invalid dex load report. loadingPackageName=null, uid=1037
11-07 19:45:03.609  1375  1408 I DropBoxManagerService: add tag=system_app_strictmode isTagEnabled=true flags=0x2
11-07 19:45:03.611  1375  1627 I ActivityManager: Flag disabled. Ignoring finishAttachApplication from uid: 1000. pid: 1755
11-07 19:45:03.611  1375  1408 I DropBoxManagerService: add tag=system_app_strictmode isTagEnabled=true flags=0x2
11-07 19:45:03.613  1375  1408 I DropBoxManagerService: add tag=system_app_strictmode isTagEnabled=true flags=0x2
11-07 19:45:03.615  1375  1408 I DropBoxManagerService: add tag=system_app_strictmode isTagEnabled=true flags=0x2
11-07 19:45:03.619  1755  1755 V SLog    : static_init took to complete: 1ms
11-07 19:45:03.619  1755  1755 D UpdatablePackageContext: No eligible RRO package to enable.
