11-07 19:45:04.084  1375  1416 V StorageManagerService: Package com.android.internal.systemui.navbar.gestural_narrow_back does not have legacy storage
11-07 19:45:04.084  1375  1416 V StorageManagerService: Package com.android.devicelockcontroller does not have legacy storage
11-07 19:45:04.084  1375  1416 V StorageManagerService: Package com.android.ext.adservices.api does not have legacy storage
11-07 19:45:04.084  1375  1416 V StorageManagerService: Package com.android.cellbroadcastreceiver.overlay.common does not have legacy storage
11-07 19:45:04.084  1375  1416 V StorageManagerService: Package com.qualcomm.qti.sensors.qsensortest does not have legacy storage
11-07 19:45:04.084  1375  1416 V StorageManagerService: Package com.google.android.car.adaslocation does not have legacy storage
11-07 19:45:04.085  1755  1755 I OveruseConfigurationCache: Ignoring I/O overuse threshold for invalid component type: 3
11-07 19:45:04.085  1375  1416 V SystemServerTimingAsync: ssm.onStartUser-0_com.android.server.StorageManagerService$Lifecycle took to complete: 13ms
11-07 19:45:04.085  1375  1416 D SystemServerTimingAsync: ssm.onStartUser-0_com.android.server.usage.StorageStatsService$Lifecycle
11-07 19:45:04.085  1375  1416 V SystemServerTimingAsync: ssm.onStartUser-0_com.android.server.usage.StorageStatsService$Lifecycle took to complete: 0ms
11-07 19:45:04.085  1375  1416 D SystemServerTimingAsync: ssm.onStartUser-0_com.android.server.UiModeManagerService
11-07 19:45:04.085  1375  1416 V SystemServerTimingAsync: ssm.onStartUser-0_com.android.server.UiModeManagerService took to complete: 0ms
11-07 19:45:04.085  1375  1416 D SystemServerTimingAsync: ssm.onStartUser-0_com.android.server.locales.LocaleManagerService
11-07 19:45:04.085  1375  1416 V SystemServerTimingAsync: ssm.onStartUser-0_com.android.server.locales.LocaleManagerService took to complete: 0ms
11-07 19:45:04.085  1375  1416 D SystemServerTimingAsync: ssm.onStartUser-0_com.android.server.grammaticalinflection.GrammaticalInflectionService
11-07 19:45:04.085  1375  1416 V SystemServerTimingAsync: ssm.onStartUser-0_com.android.server.grammaticalinflection.GrammaticalInflectionService took to complete: 0ms
11-07 19:45:04.085  1375  1416 D SystemServerTimingAsync: ssm.onStartUser-0_com.android.server.apphibernation.AppHibernationService
11-07 19:45:04.085  1375  1416 V SystemServerTimingAsync: ssm.onStartUser-0_com.android.server.apphibernation.AppHibernationService took to complete: 0ms
11-07 19:45:04.085  1375  1416 D SystemServerTimingAsync: ssm.onStartUser-0_com.android.server.locksettings.LockSettingsService$Lifecycle
11-07 19:45:04.085  1375  1416 V SystemServerTimingAsync: ssm.onStartUser-0_com.android.server.locksettings.LockSettingsService$Lifecycle took to complete: 0ms
11-07 19:45:04.085  1375  1416 D SystemServerTimingAsync: ssm.onStartUser-0_com.android.server.PersistentDataBlockService
11-07 19:45:04.085  1375  1416 V SystemServerTimingAsync: ssm.onStartUser-0_com.android.server.PersistentDataBlockService took to complete: 0ms
11-07 19:45:04.085  1375  1416 D SystemServerTimingAsync: ssm.onStartUser-0_com.android.server.testharness.TestHarnessModeService
11-07 19:45:04.085  1375  1416 V SystemServerTimingAsync: ssm.onStartUser-0_com.android.server.testharness.TestHarnessModeService took to complete: 0ms
11-07 19:45:04.085  1375  1416 D SystemServerTimingAsync: ssm.onStartUser-0_com.android.server.oemlock.OemLockService
11-07 19:45:04.085  1375  1416 V SystemServerTimingAsync: ssm.onStartUser-0_com.android.server.oemlock.OemLockService took to complete: 0ms
11-07 19:45:04.085  1375  1416 D SystemServerTimingAsync: ssm.onStartUser-0_com.android.server.DeviceIdleController
11-07 19:45:04.085  1375  1416 V SystemServerTimingAsync: ssm.onStartUser-0_com.android.server.DeviceIdleController took to complete: 0ms
11-07 19:45:04.085  1375  1416 D SystemServerTimingAsync: ssm.onStartUser-0_com.android.server.devicepolicy.DevicePolicyManagerService$Lifecycle
11-07 19:45:04.091  1375  1416 V SystemServerTimingAsync: ssm.onStartUser-0_com.android.server.devicepolicy.DevicePolicyManagerService$Lifecycle took to complete: 5ms
11-07 19:45:04.091  1375  1416 D SystemServerTimingAsync: ssm.onStartUser-0_com.android.server.texttospeech.TextToSpeechManagerService
11-07 19:45:04.091  1375  1416 V SystemServerTimingAsync: ssm.onStartUser-0_com.android.server.texttospeech.TextToSpeechManagerService took to complete: 0ms
11-07 19:45:04.091  1375  1416 D SystemServerTimingAsync: ssm.onStartUser-0_com.android.server.ambientcontext.AmbientContextManagerService
11-07 19:45:04.091  1375  1416 V SystemServerTimingAsync: ssm.onStartUser-0_com.android.server.ambientcontext.AmbientContextManagerService took to complete: 0ms
11-07 19:45:04.091  1375  1416 D SystemServerTimingAsync: ssm.onStartUser-0_com.android.server.wearable.WearableSensingManagerService
11-07 19:45:04.091  1375  1416 V SystemServerTimingAsync: ssm.onStartUser-0_com.android.server.wearable.WearableSensingManagerService took to complete: 0ms
11-07 19:45:04.091  1375  1416 D SystemServerTimingAsync: ssm.onStartUser-0_com.android.server.speech.SpeechRecognitionManagerService
11-07 19:45:04.091  1375  1416 V SystemServerTimingAsync: ssm.onStartUser-0_com.android.server.speech.SpeechRecognitionManagerService took to complete: 0ms
11-07 19:45:04.091  1375  1416 D SystemServerTimingAsync: ssm.onStartUser-0_com.android.server.searchui.SearchUiManagerService
11-07 19:45:04.091  1375  1416 V SystemServerTimingAsync: ssm.onStartUser-0_com.android.server.searchui.SearchUiManagerService took to complete: 0ms
11-07 19:45:04.091  1375  1416 D SystemServerTimingAsync: ssm.onStartUser-0_com.android.server.smartspace.SmartspaceManagerService
11-07 19:45:04.091  1375  1416 V SystemServerTimingAsync: ssm.onStartUser-0_com.android.server.smartspace.SmartspaceManagerService took to complete: 0ms
11-07 19:45:04.091  1375  1416 D SystemServerTimingAsync: ssm.onStartUser-0_com.android.server.graphics.fonts.FontManagerService$Lifecycle
11-07 19:45:04.091  1375  1416 V SystemServerTimingAsync: ssm.onStartUser-0_com.android.server.graphics.fonts.FontManagerService$Lifecycle took to complete: 0ms
11-07 19:45:04.091  1375  1416 D SystemServerTimingAsync: ssm.onStartUser-0_com.android.server.textservices.TextServicesManagerService$Lifecycle
11-07 19:45:04.091  1375  1416 V SystemServerTimingAsync: ssm.onStartUser-0_com.android.server.textservices.TextServicesManagerService$Lifecycle took to complete: 0ms
11-07 19:45:04.091  1375  1416 D SystemServerTimingAsync: ssm.onStartUser-0_com.android.server.NetworkScoreService$Lifecycle
11-07 19:45:04.091  1375  1416 V SystemServerTimingAsync: ssm.onStartUser-0_com.android.server.NetworkScoreService$Lifecycle took to complete: 0ms
11-07 19:45:04.091  1375  1416 D SystemServerTimingAsync: ssm.onStartUser-0_com.android.server.NetworkStatsServiceInitializer
11-07 19:45:04.091  1375  1416 V SystemServerTimingAsync: ssm.onStartUser-0_com.android.server.NetworkStatsServiceInitializer took to complete: 0ms
11-07 19:45:04.091  1375  1416 D SystemServerTimingAsync: ssm.onStartUser-0_com.android.server.wifi.WifiService
11-07 19:45:04.091  1375  1416 V SystemServerTimingAsync: ssm.onStartUser-0_com.android.server.wifi.WifiService took to complete: 0ms
11-07 19:45:04.092  1375  1416 D SystemServerTimingAsync: ssm.onStartUser-0_com.android.server.wifi.scanner.WifiScanningService
11-07 19:45:04.091  1755  1929 D CAR.TELEMETRY: Data from the previous session is not found. Quitting.
11-07 19:45:04.092  1375  1416 V SystemServerTimingAsync: ssm.onStartUser-0_com.android.server.wifi.scanner.WifiScanningService took to complete: 0ms
11-07 19:45:04.092  1375  1416 D SystemServerTimingAsync: ssm.onStartUser-0_com.android.server.wifi.rtt.RttService
11-07 19:45:04.092  1375  1416 V SystemServerTimingAsync: ssm.onStartUser-0_com.android.server.wifi.rtt.RttService took to complete: 0ms
11-07 19:45:04.092  1375  1416 D SystemServerTimingAsync: ssm.onStartUser-0_com.android.server.wifi.aware.WifiAwareService
11-07 19:45:04.092  1375  1416 V SystemServerTimingAsync: ssm.onStartUser-0_com.android.server.wifi.aware.WifiAwareService took to complete: 0ms
11-07 19:45:04.092  1375  1416 D SystemServerTimingAsync: ssm.onStartUser-0_com.android.server.wifi.p2p.WifiP2pService
11-07 19:45:04.092  1375  1416 V SystemServerTimingAsync: ssm.onStartUser-0_com.android.server.wifi.p2p.WifiP2pService took to complete: 0ms
11-07 19:45:04.092  1375  1416 D SystemServerTimingAsync: ssm.onStartUser-0_com.android.server.ConnectivityServiceInitializer
11-07 19:45:04.092  1375  1416 V SystemServerTimingAsync: ssm.onStartUser-0_com.android.server.ConnectivityServiceInitializer took to complete: 0ms
11-07 19:45:04.092  1375  1416 D SystemServerTimingAsync: ssm.onStartUser-0_com.android.server.notification.NotificationManagerService
11-07 19:45:04.092  1375  1416 V SystemServerTimingAsync: ssm.onStartUser-0_com.android.server.notification.NotificationManagerService took to complete: 0ms
11-07 19:45:04.092  1375  1416 D SystemServerTimingAsync: ssm.onStartUser-0_com.android.server.storage.DeviceStorageMonitorService
11-07 19:45:04.092  1375  1416 V SystemServerTimingAsync: ssm.onStartUser-0_com.android.server.storage.DeviceStorageMonitorService took to complete: 0ms
11-07 19:45:04.092  1375  1416 D SystemServerTimingAsync: ssm.onStartUser-0_com.android.server.timedetector.TimeDetectorService$Lifecycle
11-07 19:45:04.092  1375  1416 V SystemServerTimingAsync: ssm.onStartUser-0_com.android.server.timedetector.TimeDetectorService$Lifecycle took to complete: 0ms
11-07 19:45:04.092  1375  1416 D SystemServerTimingAsync: ssm.onStartUser-0_com.android.server.location.LocationManagerService$Lifecycle
11-07 19:45:04.092  1375  1535 W CameraService_proxy: Could not notify cameraserver, camera service not available.
11-07 19:45:04.092  1375  1535 I CameraService_proxy: Could not notify camera service of user switch, retrying...
11-07 19:45:04.093  1375  1416 V SystemServerTimingAsync: ssm.onStartUser-0_com.android.server.location.LocationManagerService$Lifecycle took to complete: 1ms
11-07 19:45:04.093  1375  1416 D SystemServerTimingAsync: ssm.onStartUser-0_com.android.server.timezonedetector.TimeZoneDetectorService$Lifecycle
11-07 19:45:04.093  1375  1416 V SystemServerTimingAsync: ssm.onStartUser-0_com.android.server.timezonedetector.TimeZoneDetectorService$Lifecycle took to complete: 0ms
11-07 19:45:04.093  1375  1416 D SystemServerTimingAsync: ssm.onStartUser-0_com.android.server.location.altitude.AltitudeService$Lifecycle
11-07 19:45:04.093  1375  1416 V SystemServerTimingAsync: ssm.onStartUser-0_com.android.server.location.altitude.AltitudeService$Lifecycle took to complete: 0ms
11-07 19:45:04.093  1375  1416 D SystemServerTimingAsync: ssm.onStartUser-0_com.android.server.timezonedetector.location.LocationTimeZoneManagerService$Lifecycle
11-07 19:45:04.093  1375  1416 V SystemServerTimingAsync: ssm.onStartUser-0_com.android.server.timezonedetector.location.LocationTimeZoneManagerService$Lifecycle took to complete: 0ms
11-07 19:45:04.093  1375  1416 D SystemServerTimingAsync: ssm.onStartUser-0_com.android.server.search.SearchManagerService$Lifecycle
11-07 19:45:04.093  1375  1416 V SystemServerTimingAsync: ssm.onStartUser-0_com.android.server.search.SearchManagerService$Lifecycle took to complete: 0ms
11-07 19:45:04.093  1375  1416 D SystemServerTimingAsync: ssm.onStartUser-0_com.android.server.wallpapereffectsgeneration.WallpaperEffectsGenerationManagerService
11-07 19:45:04.093  1375  1416 V SystemServerTimingAsync: ssm.onStartUser-0_com.android.server.wallpapereffectsgeneration.WallpaperEffectsGenerationManagerService took to complete: 0ms
11-07 19:45:04.093  1375  1416 D SystemServerTimingAsync: ssm.onStartUser-0_com.android.server.audio.AudioService$Lifecycle
11-07 19:45:04.093  1375  1416 V SystemServerTimingAsync: ssm.onStartUser-0_com.android.server.audio.AudioService$Lifecycle took to complete: 0ms
11-07 19:45:04.093  1375  1416 D SystemServerTimingAsync: ssm.onStartUser-0_com.android.server.soundtrigger_middleware.SoundTriggerMiddlewareService$Lifecycle
11-07 19:45:04.093  1375  1416 V SystemServerTimingAsync: ssm.onStartUser-0_com.android.server.soundtrigger_middleware.SoundTriggerMiddlewareService$Lifecycle took to complete: 0ms
11-07 19:45:04.093  1375  1416 D SystemServerTimingAsync: ssm.onStartUser-0_com.android.server.broadcastradio.BroadcastRadioService
11-07 19:45:04.093  1375  1416 V SystemServerTimingAsync: ssm.onStartUser-0_com.android.server.broadcastradio.BroadcastRadioService took to complete: 0ms
11-07 19:45:04.093  1375  1416 D SystemServerTimingAsync: ssm.onStartUser-0_com.android.server.DockObserver
11-07 19:45:04.093  1375  1416 V SystemServerTimingAsync: ssm.onStartUser-0_com.android.server.DockObserver took to complete: 0ms
11-07 19:45:04.093  1375  1416 D SystemServerTimingAsync: ssm.onStartUser-0_com.android.server.midi.MidiService$Lifecycle
11-07 19:45:04.093  1375  1416 V SystemServerTimingAsync: ssm.onStartUser-0_com.android.server.midi.MidiService$Lifecycle took to complete: 0ms
11-07 19:45:04.093  1375  1416 D SystemServerTimingAsync: ssm.onStartUser-0_com.android.server.adb.AdbService$Lifecycle
11-07 19:45:04.093  1375  1416 V SystemServerTimingAsync: ssm.onStartUser-0_com.android.server.adb.AdbService$Lifecycle took to complete: 0ms
11-07 19:45:04.093  1375  1416 D SystemServerTimingAsync: ssm.onStartUser-0_com.android.server.usb.UsbService$Lifecycle
11-07 19:45:04.093  1375  1416 V SystemServerTimingAsync: ssm.onStartUser-0_com.android.server.usb.UsbService$Lifecycle took to complete: 0ms
11-07 19:45:04.093  1375  1416 D SystemServerTimingAsync: ssm.onStartUser-0_com.android.server.twilight.TwilightService
11-07 19:45:04.093  1375  1416 V SystemServerTimingAsync: ssm.onStartUser-0_com.android.server.twilight.TwilightService took to complete: 0ms
11-07 19:45:04.093  1375  1416 D SystemServerTimingAsync: ssm.onStartUser-0_com.android.server.display.color.ColorDisplayService
11-07 19:45:04.093  1375  1416 V SystemServerTimingAsync: ssm.onStartUser-0_com.android.server.display.color.ColorDisplayService took to complete: 0ms
11-07 19:45:04.093  1375  1416 D SystemServerTimingAsync: ssm.onStartUser-0_com.android.server.job.JobSchedulerService
11-07 19:45:04.093  1375  1416 V SystemServerTimingAsync: ssm.onStartUser-0_com.android.server.job.JobSchedulerService took to complete: 0ms
11-07 19:45:04.093  1375  1416 D SystemServerTimingAsync: ssm.onStartUser-0_com.android.server.soundtrigger.SoundTriggerService
11-07 19:45:04.093  1375  1416 V SystemServerTimingAsync: ssm.onStartUser-0_com.android.server.soundtrigger.SoundTriggerService took to complete: 0ms
11-07 19:45:04.093  1375  1416 D SystemServerTimingAsync: ssm.onStartUser-0_com.android.server.trust.TrustManagerService
11-07 19:45:04.094  1375  1416 V SystemServerTimingAsync: ssm.onStartUser-0_com.android.server.trust.TrustManagerService took to complete: 0ms
11-07 19:45:04.094  1375  1416 D SystemServerTimingAsync: ssm.onStartUser-0_com.android.server.appwidget.AppWidgetService
11-07 19:45:04.094  1375  1416 V SystemServerTimingAsync: ssm.onStartUser-0_com.android.server.appwidget.AppWidgetService took to complete: 0ms
11-07 19:45:04.094  1375  1416 I SystemServiceManager: Skipping StartUser-0 on com.android.server.voiceinteraction.VoiceInteractionManagerService
11-07 19:45:04.094  1375  1416 D SystemServerTimingAsync: ssm.onStartUser-0_com.android.server.GestureLauncherService
11-07 19:45:04.094  1375  1416 V SystemServerTimingAsync: ssm.onStartUser-0_com.android.server.GestureLauncherService took to complete: 0ms
11-07 19:45:04.094  1375  1416 D SystemServerTimingAsync: ssm.onStartUser-0_com.android.server.SensorNotificationService
11-07 19:45:04.094  1375  1416 V SystemServerTimingAsync: ssm.onStartUser-0_com.android.server.SensorNotificationService took to complete: 0ms
11-07 19:45:04.094  1375  1416 D SystemServerTimingAsync: ssm.onStartUser-0_com.android.server.emergency.EmergencyAffordanceService
11-07 19:45:04.094  1375  1416 V SystemServerTimingAsync: ssm.onStartUser-0_com.android.server.emergency.EmergencyAffordanceService took to complete: 0ms
11-07 19:45:04.094  1375  1416 D SystemServerTimingAsync: ssm.onStartUser-0_com.android.server.blob.BlobStoreManagerService
11-07 19:45:04.094  1375  1416 V SystemServerTimingAsync: ssm.onStartUser-0_com.android.server.blob.BlobStoreManagerService took to complete: 0ms
11-07 19:45:04.094  1375  1416 D SystemServerTimingAsync: ssm.onStartUser-0_com.android.server.dreams.DreamManagerService
11-07 19:45:04.094  1375  1416 V SystemServerTimingAsync: ssm.onStartUser-0_com.android.server.dreams.DreamManagerService took to complete: 0ms
11-07 19:45:04.094  1375  1416 D SystemServerTimingAsync: ssm.onStartUser-0_com.android.server.security.AttestationVerificationManagerService
11-07 19:45:04.094  1375  1416 V SystemServerTimingAsync: ssm.onStartUser-0_com.android.server.security.AttestationVerificationManagerService took to complete: 0ms
11-07 19:45:04.094  1375  1416 D SystemServerTimingAsync: ssm.onStartUser-0_com.android.server.companion.CompanionDeviceManagerService
11-07 19:45:04.094  1375  1416 V SystemServerTimingAsync: ssm.onStartUser-0_com.android.server.companion.CompanionDeviceManagerService took to complete: 0ms
11-07 19:45:04.094  1375  1416 D SystemServerTimingAsync: ssm.onStartUser-0_com.android.server.companion.virtual.VirtualDeviceManagerService
11-07 19:45:04.094  1375  1416 V SystemServerTimingAsync: ssm.onStartUser-0_com.android.server.companion.virtual.VirtualDeviceManagerService took to complete: 0ms
11-07 19:45:04.094  1375  1416 D SystemServerTimingAsync: ssm.onStartUser-0_com.android.server.restrictions.RestrictionsManagerService
11-07 19:45:04.094  1375  1416 V SystemServerTimingAsync: ssm.onStartUser-0_com.android.server.restrictions.RestrictionsManagerService took to complete: 0ms
11-07 19:45:04.094  1375  1416 D SystemServerTimingAsync: ssm.onStartUser-0_com.android.server.media.MediaSessionService
11-07 19:45:04.094  1375  1416 V SystemServerTimingAsync: ssm.onStartUser-0_com.android.server.media.MediaSessionService took to complete: 1ms
11-07 19:45:04.094  1375  1416 D SystemServerTimingAsync: ssm.onStartUser-0_com.android.server.biometrics.BiometricService
11-07 19:45:04.094  1375  1416 V SystemServerTimingAsync: ssm.onStartUser-0_com.android.server.biometrics.BiometricService took to complete: 0ms
11-07 19:45:04.094  1375  1416 D SystemServerTimingAsync: ssm.onStartUser-0_com.android.server.biometrics.AuthService
11-07 19:45:04.094  1375  1416 V SystemServerTimingAsync: ssm.onStartUser-0_com.android.server.biometrics.AuthService took to complete: 0ms
11-07 19:45:04.094  1375  1416 D SystemServerTimingAsync: ssm.onStartUser-0_com.android.server.pm.ShortcutService$Lifecycle
11-07 19:45:04.094  1375  1416 V SystemServerTimingAsync: ssm.onStartUser-0_com.android.server.pm.ShortcutService$Lifecycle took to complete: 0ms
11-07 19:45:04.094  1375  1416 D SystemServerTimingAsync: ssm.onStartUser-0_com.android.server.pm.LauncherAppsService
11-07 19:45:04.094  1375  1416 V SystemServerTimingAsync: ssm.onStartUser-0_com.android.server.pm.LauncherAppsService took to complete: 0ms
11-07 19:45:04.094  1375  1416 D SystemServerTimingAsync: ssm.onStartUser-0_com.android.server.pm.CrossProfileAppsService
11-07 19:45:04.094  1375  1416 V SystemServerTimingAsync: ssm.onStartUser-0_com.android.server.pm.CrossProfileAppsService took to complete: 0ms
11-07 19:45:04.094  1375  1416 D SystemServerTimingAsync: ssm.onStartUser-0_com.android.server.people.PeopleService
11-07 19:45:04.094  1375  1416 V SystemServerTimingAsync: ssm.onStartUser-0_com.android.server.people.PeopleService took to complete: 0ms
11-07 19:45:04.095  1375  1416 D SystemServerTimingAsync: ssm.onStartUser-0_com.android.server.media.metrics.MediaMetricsManagerService
11-07 19:45:04.095  1375  1416 V SystemServerTimingAsync: ssm.onStartUser-0_com.android.server.media.metrics.MediaMetricsManagerService took to complete: 0ms
11-07 19:45:04.095  1375  1416 D SystemServerTimingAsync: ssm.onStartUser-0_com.android.server.pm.BackgroundInstallControlService
11-07 19:45:04.095  1375  1416 V SystemServerTimingAsync: ssm.onStartUser-0_com.android.server.pm.BackgroundInstallControlService took to complete: 0ms
11-07 19:45:04.095  1375  1416 D SystemServerTimingAsync: ssm.onStartUser-0_com.android.server.media.projection.MediaProjectionManagerService
11-07 19:45:04.095  1375  1416 V SystemServerTimingAsync: ssm.onStartUser-0_com.android.server.media.projection.MediaProjectionManagerService took to complete: 0ms
11-07 19:45:04.095  1375  1416 D SystemServerTimingAsync: ssm.onStartUser-0_com.android.server.slice.SliceManagerService$Lifecycle
11-07 19:45:04.095  1375  1416 V SystemServerTimingAsync: ssm.onStartUser-0_com.android.server.slice.SliceManagerService$Lifecycle took to complete: 0ms
11-07 19:45:04.095  1375  1416 D SystemServerTimingAsync: ssm.onStartUser-0_com.android.server.stats.StatsCompanion$Lifecycle
11-07 19:45:04.095  1375  1416 V SystemServerTimingAsync: ssm.onStartUser-0_com.android.server.stats.StatsCompanion$Lifecycle took to complete: 0ms
11-07 19:45:04.095  1375  1416 D SystemServerTimingAsync: ssm.onStartUser-0_com.android.server.scheduling.RebootReadinessManagerService$Lifecycle
11-07 19:45:04.095  1375  1416 V SystemServerTimingAsync: ssm.onStartUser-0_com.android.server.scheduling.RebootReadinessManagerService$Lifecycle took to complete: 0ms
11-07 19:45:04.095  1375  1416 D SystemServerTimingAsync: ssm.onStartUser-0_com.android.server.stats.pull.StatsPullAtomService
11-07 19:45:04.095  1375  1416 V SystemServerTimingAsync: ssm.onStartUser-0_com.android.server.stats.pull.StatsPullAtomService took to complete: 0ms
11-07 19:45:04.095  1375  1416 D SystemServerTimingAsync: ssm.onStartUser-0_com.android.server.stats.bootstrap.StatsBootstrapAtomService$Lifecycle
11-07 19:45:04.095  1375  1416 V SystemServerTimingAsync: ssm.onStartUser-0_com.android.server.stats.bootstrap.StatsBootstrapAtomService$Lifecycle took to complete: 0ms
11-07 19:45:04.095  1375  1416 D SystemServerTimingAsync: ssm.onStartUser-0_com.android.server.incident.IncidentCompanionService
11-07 19:45:04.095  1375  1416 V SystemServerTimingAsync: ssm.onStartUser-0_com.android.server.incident.IncidentCompanionService took to complete: 0ms
11-07 19:45:04.095  1375  1416 D SystemServerTimingAsync: ssm.onStartUser-0_com.android.server.sdksandbox.SdkSandboxManagerService$Lifecycle
11-07 19:45:04.095  1375  1416 V SystemServerTimingAsync: ssm.onStartUser-0_com.android.server.sdksandbox.SdkSandboxManagerService$Lifecycle took to complete: 0ms
11-07 19:45:04.095  1375  1416 D SystemServerTimingAsync: ssm.onStartUser-0_com.android.server.adservices.AdServicesManagerService$Lifecycle
11-07 19:45:04.095  1375  1416 V SystemServerTimingAsync: ssm.onStartUser-0_com.android.server.adservices.AdServicesManagerService$Lifecycle took to complete: 0ms
11-07 19:45:04.095  1375  1416 D SystemServerTimingAsync: ssm.onStartUser-0_com.android.server.ondevicepersonalization.OnDevicePersonalizationSystemService$Lifecycle
11-07 19:45:04.095  1375  1416 V SystemServerTimingAsync: ssm.onStartUser-0_com.android.server.ondevicepersonalization.OnDevicePersonalizationSystemService$Lifecycle took to complete: 0ms
11-07 19:45:04.095  1375  1416 D SystemServerTimingAsync: ssm.onStartUser-0_com.android.server.MmsServiceBroker
11-07 19:45:04.095  1375  1416 V SystemServerTimingAsync: ssm.onStartUser-0_com.android.server.MmsServiceBroker took to complete: 0ms
11-07 19:45:04.095  1375  1416 D SystemServerTimingAsync: ssm.onStartUser-0_com.android.server.selectiontoolbar.SelectionToolbarManagerService
11-07 19:45:04.095  1375  1416 V SystemServerTimingAsync: ssm.onStartUser-0_com.android.server.selectiontoolbar.SelectionToolbarManagerService took to complete: 0ms
11-07 19:45:04.096  1375  1416 D SystemServerTimingAsync: ssm.onStartUser-0_com.android.server.clipboard.ClipboardService
11-07 19:45:04.096  1375  1416 V SystemServerTimingAsync: ssm.onStartUser-0_com.android.server.clipboard.ClipboardService took to complete: 0ms
11-07 19:45:04.096  1375  1416 D SystemServerTimingAsync: ssm.onStartUser-0_com.android.server.appbinding.AppBindingService$Lifecycle
11-07 19:45:04.097  1375  1416 V SystemServerTimingAsync: ssm.onStartUser-0_com.android.server.appbinding.AppBindingService$Lifecycle took to complete: 1ms
11-07 19:45:04.097  1375  1416 D SystemServerTimingAsync: ssm.onStartUser-0_com.android.server.tracing.TracingServiceProxy
11-07 19:45:04.097  1375  1416 V SystemServerTimingAsync: ssm.onStartUser-0_com.android.server.tracing.TracingServiceProxy took to complete: 0ms
11-07 19:45:04.097  1375  1416 D SystemServerTimingAsync: ssm.onStartUser-0_com.android.server.policy.PermissionPolicyService
11-07 19:45:04.097  1375  1416 V SystemServerTimingAsync: ssm.onStartUser-0_com.android.server.policy.PermissionPolicyService took to complete: 0ms
11-07 19:45:04.097  1375  1416 D SystemServerTimingAsync: ssm.onStartUser-0_com.android.server.pm.StagingManager$Lifecycle
11-07 19:45:04.097  1375  1416 V SystemServerTimingAsync: ssm.onStartUser-0_com.android.server.pm.StagingManager$Lifecycle took to complete: 0ms
11-07 19:45:04.097  1375  1416 D SystemServerTimingAsync: ssm.onStartUser-0_com.android.server.app.GameManagerService$Lifecycle
11-07 19:45:04.097  1375  1416 D GameManagerService: Starting user 0
11-07 19:45:04.098  1755  1905 W CAR.FastPairProvider: Fast Pair Provider not configured, disabling, model=0, key=N/A
11-07 19:45:04.098  1755  1905 I CarServiceUtils: Starting HandlerThread:CarBluetoothService
11-07 19:45:04.099  1375  1416 V SystemServerTimingAsync: ssm.onStartUser-0_com.android.server.app.GameManagerService$Lifecycle took to complete: 2ms
11-07 19:45:04.099  1375  1416 D SystemServerTimingAsync: ssm.onStartUser-0_com.android.safetycenter.SafetyCenterService
11-07 19:45:04.099  1375  1416 V SystemServerTimingAsync: ssm.onStartUser-0_com.android.safetycenter.SafetyCenterService took to complete: 0ms
11-07 19:45:04.099  1375  1416 D SystemServerTimingAsync: ssm.onStartUser-0_com.android.server.appsearch.AppSearchModule$Lifecycle
11-07 19:45:04.099  1375  1416 V SystemServerTimingAsync: ssm.onStartUser-0_com.android.server.appsearch.AppSearchModule$Lifecycle took to complete: 0ms
11-07 19:45:04.099  1375  1416 D SystemServerTimingAsync: ssm.onStartUser-0_com.android.server.media.MediaCommunicationService
11-07 19:45:04.099  1375  1416 V SystemServerTimingAsync: ssm.onStartUser-0_com.android.server.media.MediaCommunicationService took to complete: 0ms
11-07 19:45:04.099  1375  1416 D SystemServerTimingAsync: ssm.onStartUser-0_com.android.server.compat.overrides.AppCompatOverridesService$Lifecycle
11-07 19:45:04.099  1375  1416 V SystemServerTimingAsync: ssm.onStartUser-0_com.android.server.compat.overrides.AppCompatOverridesService$Lifecycle took to complete: 0ms
11-07 19:45:04.099  1375  1416 D SystemServerTimingAsync: ssm.onStartUser-0_com.android.server.healthconnect.HealthConnectManagerService
11-07 19:45:04.099  1375  1416 V SystemServerTimingAsync: ssm.onStartUser-0_com.android.server.healthconnect.HealthConnectManagerService took to complete: 0ms
11-07 19:45:04.099  1375  1416 D SystemServerTimingAsync: ssm.onStartUser-0_com.android.server.devicelock.DeviceLockService
11-07 19:45:04.099  1375  1416 V SystemServerTimingAsync: ssm.onStartUser-0_com.android.server.devicelock.DeviceLockService took to complete: 0ms
11-07 19:45:04.099  1375  1416 D SystemServerTimingAsync: ssm.onStartUser-0_com.android.internal.car.CarServiceHelperService
11-07 19:45:04.100  1375  1416 D CarServiceHelper: onUserStarting(0)
11-07 19:45:04.100  1375  1416 V SystemServerTimingAsync: ssm.onStartUser-0_com.android.internal.car.CarServiceHelperService took to complete: 0ms
11-07 19:45:04.100  1375  1416 V SystemServerTimingAsync: ssm.StartUser-0 took to complete: 101ms
11-07 19:45:04.101  1755  1935 D ICarImpl: onUserLifecycleEvent(STARTING, 0)
11-07 19:45:04.102  1375  1408 I DropBoxManagerService: add tag=system_server_strictmode isTagEnabled=true flags=0x2
11-07 19:45:04.103  1375  1408 I DropBoxManagerService: add tag=system_server_strictmode isTagEnabled=true flags=0x2
11-07 19:45:04.104  1375  1408 I DropBoxManagerService: add tag=system_server_strictmode isTagEnabled=true flags=0x2
11-07 19:45:04.104  1375  1408 I DropBoxManagerService: add tag=system_server_strictmode isTagEnabled=true flags=0x2
11-07 19:45:04.105  1375  1408 I DropBoxManagerService: add tag=system_server_strictmode isTagEnabled=true flags=0x2
11-07 19:45:04.106  1755  1880 V CarUserService: notify-listener-com.android.car.user.InternalLifecycleListener@c1bb5c3 took to complete: 4ms
11-07 19:45:04.106  1755  1880 V CarUserService: notify-listeners-user-0-event-1 took to complete: 4ms
11-07 19:45:04.113  1375  1535 W CameraService_proxy: Could not notify cameraserver, camera service not available.
11-07 19:45:04.113  1375  1535 I CameraService_proxy: Could not notify camera service of user switch, retrying...
11-07 19:45:04.118  1375  1408 I DropBoxManagerService: add tag=system_app_strictmode isTagEnabled=true flags=0x2
11-07 19:45:04.121  1375  1408 I DropBoxManagerService: add tag=system_app_strictmode isTagEnabled=true flags=0x2
11-07 19:45:04.121  1375  1375 V UserDataPreparer: Found /data/user_de/10 with serial number 10
11-07 19:45:04.121  1375  1375 V UserDataPreparer: Found /data/system_de/10 with serial number 10
11-07 19:45:04.123  1375  1375 V SystemServerTiming: prepareUserData took to complete: 100ms
11-07 19:45:04.123  1375  1375 D SystemServerTiming: reconcileAppsData
11-07 19:45:04.123  1375  1375 V PackageManager: reconcileAppsData for null u10 0x1 migrateAppData=false
11-07 19:45:04.127  1375  1408 I DropBoxManagerService: add tag=system_app_strictmode isTagEnabled=true flags=0x2
11-07 19:45:04.128  1375  1375 W PackageManager: Skipping preparing app data for com.android.sdksandbox
11-07 19:45:04.129  1755  1905 E CarPropertyService: registerListenerSafe() failed for property ID: SEAT_OCCUPANCY updateRateHz: 0.000000
11-07 19:45:04.129  1755  1905 E CarPropertyService: java.lang.IllegalArgumentException: property ID is not in carPropertyConfig list, and so it is not supported: SEAT_OCCUPANCY
11-07 19:45:04.129  1755  1905 E CarPropertyService: 	at com.android.internal.util.Preconditions.checkArgument(Preconditions.java:77)
11-07 19:45:04.129  1755  1905 E CarPropertyService: 	at com.android.car.CarPropertyService.assertConfigIsNotNull(CarPropertyService.java:939)
11-07 19:45:04.129  1755  1905 E CarPropertyService: 	at com.android.car.CarPropertyService.validateRegisterParameter(CarPropertyService.java:982)
11-07 19:45:04.129  1755  1905 E CarPropertyService: 	at com.android.car.CarPropertyService.registerListener(CarPropertyService.java:333)
11-07 19:45:04.129  1755  1905 E CarPropertyService: 	at com.android.car.CarPropertyService.registerListenerSafe(CarPropertyService.java:386)
11-07 19:45:04.129  1755  1905 E CarPropertyService: 	at com.android.car.bluetooth.BluetoothDeviceConnectionPolicy$CarServicesHelper.init(BluetoothDeviceConnectionPolicy.java:124)
11-07 19:45:04.129  1755  1905 E CarPropertyService: 	at com.android.car.bluetooth.BluetoothDeviceConnectionPolicy.init(BluetoothDeviceConnectionPolicy.java:302)
11-07 19:45:04.129  1755  1905 E CarPropertyService: 	at com.android.car.bluetooth.CarBluetoothService.createBluetoothDeviceConnectionPolicyLocked(CarBluetoothService.java:412)
11-07 19:45:04.129  1755  1905 E CarPropertyService: 	at com.android.car.bluetooth.CarBluetoothService.initializeUserLocked(CarBluetoothService.java:209)
11-07 19:45:04.129  1755  1905 E CarPropertyService: 	at com.android.car.bluetooth.CarBluetoothService.-$$Nest$minitializeUserLocked(Unknown Source:0)
11-07 19:45:04.129  1755  1905 E CarPropertyService: 	at com.android.car.bluetooth.CarBluetoothService$1.onServiceConnected(CarBluetoothService.java:114)
11-07 19:45:04.129  1755  1905 E CarPropertyService: 	at com.android.car.CarPerUserServiceHelper$1.lambda$onServiceConnected$0(CarPerUserServiceHelper.java:147)
11-07 19:45:04.129  1755  1905 E CarPropertyService: 	at com.android.car.CarPerUserServiceHelper$1.$r8$lambda$mnN8yDLI0Nb_046mdQ_M7_baowE(Unknown Source:0)
11-07 19:45:04.129  1755  1905 E CarPropertyService: 	at com.android.car.CarPerUserServiceHelper$1$$ExternalSyntheticLambda0.run(Unknown Source:4)
11-07 19:45:04.129  1755  1905 E CarPropertyService: 	at android.os.Handler.handleCallback(Handler.java:958)
11-07 19:45:04.129  1755  1905 E CarPropertyService: 	at android.os.Handler.dispatchMessage(Handler.java:99)
11-07 19:45:04.129  1755  1905 E CarPropertyService: 	at android.os.Looper.loopOnce(Looper.java:205)
11-07 19:45:04.129  1755  1905 E CarPropertyService: 	at android.os.Looper.loop(Looper.java:294)
11-07 19:45:04.129  1755  1905 E CarPropertyService: 	at android.os.HandlerThread.run(HandlerThread.java:67)
11-07 19:45:04.130  1375  1408 I DropBoxManagerService: add tag=system_app_strictmode isTagEnabled=true flags=0x2
11-07 19:45:04.135     0     0 E SELinux : avc:  denied  { find } for pid=1034 uid=1000 name=vendor.qti.hardware.perf2.IPerf/default scontext=u:r:vendor_perfservice:s0 tcontext=u:object_r:default_android_service:s0 tclass=service_manager permissive=0
11-07 19:45:04.156     0     0 I binder  : 1034:1034 ioctl 40046210 7fef8c07d4 returned -22
11-07 19:45:04.151  1375  1535 W CameraService_proxy: Could not notify cameraserver, camera service not available.
11-07 19:45:04.151  1375  1535 I CameraService_proxy: Could not notify camera service of user switch, retrying...
11-07 19:45:04.152  1375  1593 I ActivityManager: Flag disabled. Ignoring finishAttachApplication from uid: 1000. pid: 1932
11-07 19:45:04.163  1932  1932 W ContextImpl: Calling a method in the system process without a qualified user: android.app.ContextImpl.bindService:1988 android.content.ContextWrapper.bindService:861 android.car.Car.startCarService:2819 android.car.Car.createCar:2015 android.car.Car.createCar:1979 
11-07 19:45:04.164  1375  1401 D CompatibilityChangeReporter: Compat change id reported: 261072174; UID 1000; state: ENABLED
11-07 19:45:04.170  1755  1935 I CarExperimentalFeatureServiceController: Available experimental features:[android.car.experimental.test_demo_experimental_feature_service, android.car.experimental.driver_distraction_experimental_feature_service]
11-07 19:45:04.170  1755  1935 I CarExperimentalFeatureServiceController: Started experimental features:[]
11-07 19:45:04.171  1375  1535 W CameraService_proxy: Could not notify cameraserver, camera service not available.
11-07 19:45:04.171  1375  1535 I CameraService_proxy: Could not notify camera service of user switch, retrying...
11-07 19:45:04.195  1375  1535 W CameraService_proxy: Could not notify cameraserver, camera service not available.
11-07 19:45:04.195  1375  1535 I CameraService_proxy: Could not notify camera service of user switch, retrying...
11-07 19:45:04.216  1375  1535 W CameraService_proxy: Could not notify cameraserver, camera service not available.
11-07 19:45:04.216  1375  1535 I CameraService_proxy: Could not notify camera service of user switch, retrying...
11-07 19:45:04.240  1375  1535 W CameraService_proxy: Could not notify cameraserver, camera service not available.
11-07 19:45:04.240  1375  1535 I CameraService_proxy: Could not notify camera service of user switch, retrying...
11-07 19:45:04.251  1755  1929 V CAR.TELEMETRY: ConnectivityPublisher.pullInitialNetstats took to complete: 159ms
11-07 19:45:04.260  1375  1535 W CameraService_proxy: Could not notify cameraserver, camera service not available.
11-07 19:45:04.260  1375  1535 I CameraService_proxy: Could not notify camera service of user switch, retrying...
11-07 19:45:04.281  1375  1535 W CameraService_proxy: Could not notify cameraserver, camera service not available.
11-07 19:45:04.282  1375  1535 I CameraService_proxy: Could not notify camera service of user switch, retrying...
11-07 19:45:04.302  1375  1535 W CameraService_proxy: Could not notify cameraserver, camera service not available.
11-07 19:45:04.302  1375  1535 I CameraService_proxy: Could not notify camera service of user switch, retrying...
11-07 19:45:04.323  1375  1535 W CameraService_proxy: Could not notify cameraserver, camera service not available.
11-07 19:45:04.323  1375  1535 I CameraService_proxy: Could not notify camera service of user switch, retrying...
11-07 19:45:04.345  1375  1535 W CameraService_proxy: Could not notify cameraserver, camera service not available.
11-07 19:45:04.345  1375  1535 I CameraService_proxy: Could not notify camera service of user switch, retrying...
11-07 19:45:04.366  1375  1535 W CameraService_proxy: Could not notify cameraserver, camera service not available.
11-07 19:45:04.366  1375  1535 I CameraService_proxy: Could not notify camera service of user switch, retrying...
11-07 19:45:04.386  1375  1535 W CameraService_proxy: Could not notify cameraserver, camera service not available.
11-07 19:45:04.386  1375  1535 I CameraService_proxy: Could not notify camera service of user switch, retrying...
11-07 19:45:04.407  1375  1535 W CameraService_proxy: Could not notify cameraserver, camera service not available.
11-07 19:45:04.407  1375  1535 I CameraService_proxy: Could not notify camera service of user switch, retrying...
11-07 19:45:04.427  1375  1535 W CameraService_proxy: Could not notify cameraserver, camera service not available.
11-07 19:45:04.428  1375  1535 I CameraService_proxy: Could not notify camera service of user switch, retrying...
11-07 19:45:04.448  1375  1535 W CameraService_proxy: Could not notify cameraserver, camera service not available.
11-07 19:45:04.448  1375  1535 I CameraService_proxy: Could not notify camera service of user switch, retrying...
11-07 19:45:04.469  1375  1535 W CameraService_proxy: Could not notify cameraserver, camera service not available.
11-07 19:45:04.469  1375  1535 I CameraService_proxy: Could not notify camera service of user switch, retrying...
11-07 19:45:04.471  1375  1375 V PackageManager: reconcileAppsData finished 210 packages
11-07 19:45:04.471  1375  1375 V SystemServerTiming: reconcileAppsData took to complete: 349ms
11-07 19:45:04.471  1375  1375 D SystemServerTiming: applyUserRestrictions
11-07 19:45:04.471  1375  1375 V SystemServerTiming: applyUserRestrictions took to complete: 0ms
11-07 19:45:04.471  1375  1375 V SystemServerTiming: onBeforeStartUser-10 took to complete: 449ms
11-07 19:45:04.471  1375  1375 V SystemServerTiming: updateStateBooting took to complete: 450ms
11-07 19:45:04.472  1375  1375 D SystemServerTiming: sendMessages
11-07 19:45:04.472  1375  1416 D SystemServerTimingAsync: ssm.StartUser-10
11-07 19:45:04.472  1375  1416 I SystemServiceManager: Calling onStartUser 10
11-07 19:45:04.472  1375  1416 D SystemServerTimingAsync: ssm.onStartUser-10_com.android.server.security.FileIntegrityService
11-07 19:45:04.472  1375  1375 V SystemServerTiming: sendMessages took to complete: 0ms
11-07 19:45:04.472  1375  1416 V SystemServerTimingAsync: ssm.onStartUser-10_com.android.server.security.FileIntegrityService took to complete: 0ms
11-07 19:45:04.472  1375  1375 D SystemServerTiming: moveUserToForeground
11-07 19:45:04.472  1375  1416 D SystemServerTimingAsync: ssm.onStartUser-10_com.android.server.pm.Installer
11-07 19:45:04.472  1375  1416 V SystemServerTimingAsync: ssm.onStartUser-10_com.android.server.pm.Installer took to complete: 0ms
11-07 19:45:04.472  1375  1416 D SystemServerTimingAsync: ssm.onStartUser-10_com.android.server.os.DeviceIdentifiersPolicyService
11-07 19:45:04.472  1375  1416 V SystemServerTimingAsync: ssm.onStartUser-10_com.android.server.os.DeviceIdentifiersPolicyService took to complete: 0ms
11-07 19:45:04.472  1375  1416 D SystemServerTimingAsync: ssm.onStartUser-10_com.android.server.uri.UriGrantsManagerService$Lifecycle
11-07 19:45:04.472  1375  1416 V SystemServerTimingAsync: ssm.onStartUser-10_com.android.server.uri.UriGrantsManagerService$Lifecycle took to complete: 0ms
11-07 19:45:04.472  1375  1416 D SystemServerTimingAsync: ssm.onStartUser-10_com.android.server.powerstats.PowerStatsService
11-07 19:45:04.472  1375  1416 V SystemServerTimingAsync: ssm.onStartUser-10_com.android.server.powerstats.PowerStatsService took to complete: 0ms
11-07 19:45:04.472  1375  1416 D SystemServerTimingAsync: ssm.onStartUser-10_com.android.server.permission.access.AccessCheckingService
11-07 19:45:04.472  1375  1416 V SystemServerTimingAsync: ssm.onStartUser-10_com.android.server.permission.access.AccessCheckingService took to complete: 0ms
11-07 19:45:04.472  1375  1416 D SystemServerTimingAsync: ssm.onStartUser-10_com.android.server.wm.ActivityTaskManagerService$Lifecycle
11-07 19:45:04.472  1375  1416 V SystemServerTimingAsync: ssm.onStartUser-10_com.android.server.wm.ActivityTaskManagerService$Lifecycle took to complete: 0ms
11-07 19:45:04.472  1375  1416 D SystemServerTimingAsync: ssm.onStartUser-10_com.android.server.am.ActivityManagerService$Lifecycle
11-07 19:45:04.472  1375  1416 V SystemServerTimingAsync: ssm.onStartUser-10_com.android.server.am.ActivityManagerService$Lifecycle took to complete: 0ms
11-07 19:45:04.472  1375  1416 D SystemServerTimingAsync: ssm.onStartUser-10_com.android.server.pm.DataLoaderManagerService
11-07 19:45:04.472  1375  1416 V SystemServerTimingAsync: ssm.onStartUser-10_com.android.server.pm.DataLoaderManagerService took to complete: 0ms
11-07 19:45:04.472  1375  1416 D SystemServerTimingAsync: ssm.onStartUser-10_com.android.server.power.PowerManagerService
11-07 19:45:04.472  1375  1416 V SystemServerTimingAsync: ssm.onStartUser-10_com.android.server.power.PowerManagerService took to complete: 0ms
11-07 19:45:04.472  1375  1416 D SystemServerTimingAsync: ssm.onStartUser-10_com.android.server.power.ThermalManagerService
11-07 19:45:04.472  1375  1416 V SystemServerTimingAsync: ssm.onStartUser-10_com.android.server.power.ThermalManagerService took to complete: 0ms
11-07 19:45:04.472  1375  1416 D SystemServerTimingAsync: ssm.onStartUser-10_com.android.server.power.hint.HintManagerService
11-07 19:45:04.472  1375  1416 V SystemServerTimingAsync: ssm.onStartUser-10_com.android.server.power.hint.HintManagerService took to complete: 0ms
11-07 19:45:04.472  1375  1416 D SystemServerTimingAsync: ssm.onStartUser-10_com.android.server.recoverysystem.RecoverySystemService$Lifecycle
11-07 19:45:04.472  1375  1416 V SystemServerTimingAsync: ssm.onStartUser-10_com.android.server.recoverysystem.RecoverySystemService$Lifecycle took to complete: 0ms
11-07 19:45:04.472  1375  1416 D SystemServerTimingAsync: ssm.onStartUser-10_com.android.server.lights.LightsService
11-07 19:45:04.472  1375  1416 V SystemServerTimingAsync: ssm.onStartUser-10_com.android.server.lights.LightsService took to complete: 0ms
11-07 19:45:04.472  1375  1416 D SystemServerTimingAsync: ssm.onStartUser-10_com.android.server.display.DisplayManagerService
11-07 19:45:04.472  1375  1416 V SystemServerTimingAsync: ssm.onStartUser-10_com.android.server.display.DisplayManagerService took to complete: 0ms
11-07 19:45:04.472  1375  1416 D SystemServerTimingAsync: ssm.onStartUser-10_com.android.server.pm.verify.domain.DomainVerificationService
11-07 19:45:04.472  1375  1416 V SystemServerTimingAsync: ssm.onStartUser-10_com.android.server.pm.verify.domain.DomainVerificationService took to complete: 0ms
11-07 19:45:04.472  1375  1416 D SystemServerTimingAsync: ssm.onStartUser-10_com.android.server.pm.PackageInstallerService$Lifecycle
11-07 19:45:04.472  1375  1416 V SystemServerTimingAsync: ssm.onStartUser-10_com.android.server.pm.PackageInstallerService$Lifecycle took to complete: 0ms
11-07 19:45:04.472  1375  1416 D SystemServerTimingAsync: ssm.onStartUser-10_com.android.server.pm.UserManagerService$LifeCycle
11-07 19:45:04.472  1375  1416 V SystemServerTimingAsync: ssm.onStartUser-10_com.android.server.pm.UserManagerService$LifeCycle took to complete: 0ms
11-07 19:45:04.472  1375  1416 D SystemServerTimingAsync: ssm.onStartUser-10_com.android.server.om.OverlayManagerService
11-07 19:45:04.479  1375  1375 D CompatibilityChangeReporter: Compat change id reported: 265464455; UID 1001000; state: DISABLED
11-07 19:45:04.480  1375  1375 D CompatibilityChangeReporter: Compat change id reported: 265452344; UID 1001000; state: DISABLED
11-07 19:45:04.480  1375  1375 D CompatibilityChangeReporter: Compat change id reported: 266124927; UID 1001000; state: DISABLED
11-07 19:45:04.480  1375  1375 D CompatibilityChangeReporter: Compat change id reported: 265451093; UID 1001000; state: DISABLED
11-07 19:45:04.480  1375  1375 D CompatibilityChangeReporter: Compat change id reported: 265456536; UID 1001000; state: DISABLED
11-07 19:45:04.480  1375  1375 D CompatibilityChangeReporter: Compat change id reported: 255940284; UID 1001000; state: DISABLED
11-07 19:45:04.481  1375  1375 D CompatibilityChangeReporter: Compat change id reported: 236283604; UID 1001000; state: DISABLED
11-07 19:45:04.481  1375  1375 D CompatibilityChangeReporter: Compat change id reported: 263959004; UID 1001000; state: DISABLED
11-07 19:45:04.481  1375  1375 D CompatibilityChangeReporter: Compat change id reported: 264304459; UID 1001000; state: DISABLED
11-07 19:45:04.481  1375  1375 D CompatibilityChangeReporter: Compat change id reported: 264301586; UID 1001000; state: DISABLED
11-07 19:45:04.481  1375  1375 D CompatibilityChangeReporter: Compat change id reported: 254631730; UID 1001000; state: DISABLED
11-07 19:45:04.481  1375  1375 D CompatibilityChangeReporter: Compat change id reported: 273509367; UID 1001000; state: DISABLED
11-07 19:45:04.482  1375  1375 D CompatibilityChangeReporter: Compat change id reported: 263259275; UID 1001000; state: DISABLED
11-07 19:45:04.482  1375  1375 D CompatibilityChangeReporter: Compat change id reported: 174042980; UID 1001000; state: DISABLED
11-07 19:45:04.482  1375  1375 D CompatibilityChangeReporter: Compat change id reported: 174042936; UID 1001000; state: DISABLED
11-07 19:45:04.482  1375  1375 D CompatibilityChangeReporter: Compat change id reported: 181136395; UID 1001000; state: DISABLED
11-07 19:45:04.490  1375  1535 W CameraService_proxy: Could not notify cameraserver, camera service not available.
11-07 19:45:04.490  1375  1535 I CameraService_proxy: Could not notify camera service of user switch, retrying...
11-07 19:45:04.510  1375  1535 W CameraService_proxy: Could not notify cameraserver, camera service not available.
11-07 19:45:04.510  1375  1535 I CameraService_proxy: Could not notify camera service of user switch, retrying...
11-07 19:45:04.520  1375  1416 V SystemServerTimingAsync: ssm.onStartUser-10_com.android.server.om.OverlayManagerService took to complete: 48ms
11-07 19:45:04.521  1375  1416 D SystemServerTimingAsync: ssm.onStartUser-10_com.android.server.resources.ResourcesManagerService
11-07 19:45:04.521  1375  1416 V SystemServerTimingAsync: ssm.onStartUser-10_com.android.server.resources.ResourcesManagerService took to complete: 0ms
11-07 19:45:04.521  1375  1416 D SystemServerTimingAsync: ssm.onStartUser-10_com.android.server.sensorprivacy.SensorPrivacyService
11-07 19:45:04.521  1375  1416 V SystemServerTimingAsync: ssm.onStartUser-10_com.android.server.sensorprivacy.SensorPrivacyService took to complete: 0ms
11-07 19:45:04.521  1375  1416 D SystemServerTimingAsync: ssm.onStartUser-10_com.android.server.sensors.SensorService
11-07 19:45:04.521  1375  1416 V SystemServerTimingAsync: ssm.onStartUser-10_com.android.server.sensors.SensorService took to complete: 0ms
11-07 19:45:04.521  1375  1416 D SystemServerTimingAsync: ssm.onStartUser-10_com.android.server.SystemConfigService
11-07 19:45:04.521  1375  1416 V SystemServerTimingAsync: ssm.onStartUser-10_com.android.server.SystemConfigService took to complete: 0ms
11-07 19:45:04.521  1375  1416 D SystemServerTimingAsync: ssm.onStartUser-10_com.android.server.BatteryService
11-07 19:45:04.521  1375  1416 V SystemServerTimingAsync: ssm.onStartUser-10_com.android.server.BatteryService took to complete: 0ms
11-07 19:45:04.521  1375  1416 D SystemServerTimingAsync: ssm.onStartUser-10_com.android.server.usage.UsageStatsService
11-07 19:45:04.521  1375  1416 V SystemServerTimingAsync: ssm.onStartUser-10_com.android.server.usage.UsageStatsService took to complete: 0ms
11-07 19:45:04.521  1375  1416 D SystemServerTimingAsync: ssm.onStartUser-10_com.android.server.webkit.WebViewUpdateService
11-07 19:45:04.521  1375  1416 V SystemServerTimingAsync: ssm.onStartUser-10_com.android.server.webkit.WebViewUpdateService took to complete: 0ms
11-07 19:45:04.521  1375  1416 D SystemServerTimingAsync: ssm.onStartUser-10_com.android.server.CachedDeviceStateService
11-07 19:45:04.521  1375  1416 V SystemServerTimingAsync: ssm.onStartUser-10_com.android.server.CachedDeviceStateService took to complete: 0ms
11-07 19:45:04.521  1375  1416 D SystemServerTimingAsync: ssm.onStartUser-10_com.android.server.BinderCallsStatsService$LifeCycle
11-07 19:45:04.521  1375  1416 V SystemServerTimingAsync: ssm.onStartUser-10_com.android.server.BinderCallsStatsService$LifeCycle took to complete: 0ms
11-07 19:45:04.521  1375  1416 D SystemServerTimingAsync: ssm.onStartUser-10_com.android.server.LooperStatsService$Lifecycle
11-07 19:45:04.521  1375  1416 V SystemServerTimingAsync: ssm.onStartUser-10_com.android.server.LooperStatsService$Lifecycle took to complete: 0ms
11-07 19:45:04.521  1375  1416 D SystemServerTimingAsync: ssm.onStartUser-10_com.android.server.rollback.RollbackManagerService
11-07 19:45:04.521  1375  1416 V SystemServerTimingAsync: ssm.onStartUser-10_com.android.server.rollback.RollbackManagerService took to complete: 0ms
11-07 19:45:04.521  1375  1416 D SystemServerTimingAsync: ssm.onStartUser-10_com.android.server.os.NativeTombstoneManagerService
