--------- beginning of main
11-07 20:07:30.021  1053  1053 E Bikelogs: recvfrom error: Try again
11-07 20:07:30.213  1375 10354 E UdpServiceJNI: udpReceiverThread: recvfrom failed: Try again
11-07 20:07:31.045  1053  1053 E Bikelogs: recvfrom error: Try again
--------- beginning of kernel
11-07 20:07:31.246     0     0 I init    : starting service 'my_uv_service'...
11-07 20:07:31.260     0     0 I init    : ... started service 'my_uv_service' has pid 10944
11-07 20:07:31.291 10944 10944 W ProcessState: Opening '/dev/vndbinder' failed: Permission denied
11-07 20:07:31.291 10944 10944 F ProcessState: Binder driver '/dev/vndbinder' could not be opened.  Terminating.
--------- beginning of crash
11-07 20:07:31.291 10944 10944 F libc    : Fatal signal 6 (SIGABRT), code -1 (SI_QUEUE) in tid 10944 (my_uv_service), pid 10944 (my_uv_service)
11-07 20:07:31.285 10944 10944 W my_uv_service: type=1400 audit(0.0:465): avc:  denied  { read write } for  name="vndbinder" dev="binder" ino=6 scontext=u:r:my_uv_service:s0 tcontext=u:object_r:vndbinder_device:s0 tclass=chr_file permissive=0
11-07 20:07:31.314 10947 10947 I crash_dump64: obtaining output fd from tombstoned, type: kDebuggerdTombstoneProto
11-07 20:07:31.315   586   586 I tombstoned: received crash request for pid 10944
11-07 20:07:31.316 10947 10947 I crash_dump64: performing dump of process 10944 (target tid = 10944)
11-07 20:07:31.347     0     0 I logd    : logdr: UID=1000 GID=1000 PID=10947 n tail=500 logMask=8 pid=10944 start=0ns deadline=0ns
11-07 20:07:31.349     0     0 I logd    : logdr: UID=1000 GID=1000 PID=10947 n tail=500 logMask=1 pid=10944 start=0ns deadline=0ns
11-07 20:07:31.342 10947 10947 F DEBUG   : *** *** *** *** *** *** *** *** *** *** *** *** *** *** *** ***
11-07 20:07:31.342 10947 10947 F DEBUG   : Build fingerprint: 'qti/bengal_2w/bengal_2w:14/UKQ1.250303.001/eng.uvbuil.20250915.113541:userdebug/test-keys'
11-07 20:07:31.342 10947 10947 F DEBUG   : Revision: '0'
11-07 20:07:31.342 10947 10947 F DEBUG   : ABI: 'arm64'
11-07 20:07:31.342 10947 10947 F DEBUG   : Timestamp: 2025-11-07 20:07:31.318785991+0530
11-07 20:07:31.342 10947 10947 F DEBUG   : Process uptime: 1s
11-07 20:07:31.342 10947 10947 F DEBUG   : Cmdline: /vendor/bin/my_uv_service
11-07 20:07:31.342 10947 10947 F DEBUG   : pid: 10944, tid: 10944, name: my_uv_service  >>> /vendor/bin/my_uv_service <<<
11-07 20:07:31.342 10947 10947 F DEBUG   : uid: 1000
11-07 20:07:31.342 10947 10947 F DEBUG   : signal 6 (SIGABRT), code -1 (SI_QUEUE), fault addr --------
11-07 20:07:31.342 10947 10947 F DEBUG   : Abort message: 'Binder driver '/dev/vndbinder' could not be opened.  Terminating.'
11-07 20:07:31.342 10947 10947 F DEBUG   :     x0  0000000000000000  x1  0000000000002ac0  x2  0000000000000006  x3  0000007fe31c0e60
11-07 20:07:31.342 10947 10947 F DEBUG   :     x4  6d6041ff64736073  x5  6d6041ff64736073  x6  6d6041ff64736073  x7  7f7f7f7f7f7f7f7f
11-07 20:07:31.342 10947 10947 F DEBUG   :     x8  00000000000000f0  x9  00000074d8e8f1b8  x10 0000000000000001  x11 00000074d8ed7924
11-07 20:07:31.342 10947 10947 F DEBUG   :     x12 0000007fe31c0e20  x13 0000000000000042  x14 0000007fe31c0ff0  x15 0000000000000000
11-07 20:07:31.342 10947 10947 F DEBUG   :     x16 00000074d8f3fd18  x17 00000074d8f1b3b0  x18 00000074dde00000  x19 0000000000002ac0
11-07 20:07:31.342 10947 10947 F DEBUG   :     x20 0000000000002ac0  x21 00000000ffffffff  x22 00000074d8b7b028  x23 0000000000000000
11-07 20:07:31.342 10947 10947 F DEBUG   :     x24 0000000000000000  x25 0000000000000000  x26 0000000000000000  x27 0000000000000000
11-07 20:07:31.342 10947 10947 F DEBUG   :     x28 0000000000000000  x29 0000007fe31c0ee0
11-07 20:07:31.342 10947 10947 F DEBUG   :     lr  00000074d8ec8624  sp  0000007fe31c0e40  pc  00000074d8ec8650  pst 0000000000000000
11-07 20:07:31.342 10947 10947 F DEBUG   : 7 total frames
11-07 20:07:31.342 10947 10947 F DEBUG   : backtrace:
11-07 20:07:31.342 10947 10947 F DEBUG   :       #00 pc 000000000005b650  /apex/com.android.runtime/lib64/bionic/libc.so (abort+168) (BuildId: 50118287324a156bc7be11d3d940c7be)
11-07 20:07:31.342 10947 10947 F DEBUG   :       #01 pc 0000000000006424  /system/lib64/liblog.so (__android_log_default_aborter+16) (BuildId: e05aefcb936d3c511dd026d3e152503f)
11-07 20:07:31.342 10947 10947 F DEBUG   :       #02 pc 000000000000701c  /system/lib64/liblog.so (__android_log_assert+312) (BuildId: e05aefcb936d3c511dd026d3e152503f)
11-07 20:07:31.342 10947 10947 F DEBUG   :       #03 pc 000000000006adf0  /apex/com.android.vndk.v30/lib64/libbinder.so (android::ProcessState::ProcessState(char const*)+372) (BuildId: 7703b5b080cfabac26e5ae3585f2c76c)
11-07 20:07:31.342 10947 10947 F DEBUG   :       #04 pc 000000000006abe4  /apex/com.android.vndk.v30/lib64/libbinder.so (android::ProcessState::self()+112) (BuildId: 7703b5b080cfabac26e5ae3585f2c76c)
11-07 20:07:31.342 10947 10947 F DEBUG   :       #05 pc 0000000000002074  /vendor/bin/my_uv_service (main+44) (BuildId: 9b47a07ec1d9d741dcbed4bd6570e468)
11-07 20:07:31.342 10947 10947 F DEBUG   :       #06 pc 0000000000053e48  /apex/com.android.runtime/lib64/bionic/libc.so (__libc_init+108) (BuildId: 50118287324a156bc7be11d3d940c7be)
--------- beginning of system
11-07 20:07:31.345  1375  1721 W NativeCrashListener: Couldn't find ProcessRecord for pid 10944
11-07 20:07:31.346 10947 10947 E crash_dump64: AM data write failed: Broken pipe
11-07 20:07:31.347   586   586 E tombstoned: Tombstone written to: tombstone_17
11-07 20:07:31.358     0     0 I init    : Service 'my_uv_service' (pid 10944) received signal 6
11-07 20:07:31.358     0     0 I init    : Sending signal 9 to service 'my_uv_service' (pid 10944) process group...
11-07 20:07:31.359     0     0 I libprocessgroup: Successfully killed process cgroup uid 1000 pid 10944 in 0ms
11-07 20:07:31.349  1375  1513 E NativeTombstoneManager: Tombstone's UID (1000) not an app, ignoring
11-07 20:07:31.351  1375  1513 E NativeTombstoneManager: Tombstone's UID (1000) not an app, ignoring
11-07 20:07:31.965  1375  2302 I WifiService: startScan uid=1001000
11-07 20:07:31.970  1375  2325 I WifiService: startScan uid=1001000
11-07 20:07:31.971  1375  2302 I WifiService: startScan uid=1001000
11-07 20:07:31.987     0     0 I init    : starting service 'mc_logger'...
11-07 20:07:31.992  1178  5948 D LOWI-9.0.1.68: [LOWI-Scan] wait_event:Wait done with Cmd 33
11-07 20:07:31.992  1178  5948 D LOWI-9.0.1.68: [LOWI-Scan] do_listen_events: Rcvd valid Netlink Cmd 0 Err 0
11-07 20:07:31.994   764  5796 V WifiHAL : event received NL80211_CMD_TRIGGER_SCAN
11-07 20:07:32.007     0     0 I init    : ... started service 'mc_logger' has pid 10952
11-07 20:07:32.015 10952 10952 I MC_LOGGER: Motor Controller Logger Service Starting...
11-07 20:07:32.016 10952 10952 E MC_LOGGER: Failed to open UART device /dev/ttyMSM0: Permission denied
11-07 20:07:32.016 10952 10952 E MC_LOGGER: Motor Controller UART Initialization failed!
11-07 20:07:32.025     0     0 I init    : Service 'mc_logger' (pid 10952) exited with status 1
11-07 20:07:32.025     0     0 I init    : Sending signal 9 to service 'mc_logger' (pid 10952) process group...
11-07 20:07:32.026     0     0 I libprocessgroup: Successfully killed process cgroup uid 1000 pid 10952 in 0ms
11-07 20:07:32.069  1053  1053 E Bikelogs: recvfrom error: Try again
11-07 20:07:32.164  1375  1609 D ConnectivityService: NetReassign [no changes] [c 1] [a 0] [i 4]
11-07 20:07:32.806  2649  2704 E inform_hb_driver: Unable to open /sys/qti_heartbeat/sysstate_value
11-07 20:07:33.094  1053  1053 E Bikelogs: recvfrom error: Try again
11-07 20:07:33.218  2649  2704 E inform_hb_driver: Unable to open /sys/qti_heartbeat/sysstate_value
11-07 20:07:33.285  1375 10354 E UdpServiceJNI: udpReceiverThread: recvfrom failed: Try again
11-07 20:07:34.117  1053  1053 E Bikelogs: recvfrom error: Try again
11-07 20:07:35.141  1053  1053 E Bikelogs: recvfrom error: Try again
11-07 20:07:35.185  1375  1609 D ConnectivityService: NetReassign [no changes] [c 0] [a 0] [i 4]
11-07 20:07:36.165  1053  1053 E Bikelogs: recvfrom error: Try again
11-07 20:07:36.258     0     0 I init    : starting service 'my_uv_service'...
11-07 20:07:36.269     0     0 I init    : ... started service 'my_uv_service' has pid 10961
11-07 20:07:36.285 10961 10961 W my_uv_service: type=1400 audit(0.0:466): avc:  denied  { read write } for  name="vndbinder" dev="binder" ino=6 scontext=u:r:my_uv_service:s0 tcontext=u:object_r:vndbinder_device:s0 tclass=chr_file permissive=0
11-07 20:07:36.291 10961 10961 W ProcessState: Opening '/dev/vndbinder' failed: Permission denied
11-07 20:07:36.291 10961 10961 F ProcessState: Binder driver '/dev/vndbinder' could not be opened.  Terminating.
11-07 20:07:36.291 10961 10961 F libc    : Fatal signal 6 (SIGABRT), code -1 (SI_QUEUE) in tid 10961 (my_uv_service), pid 10961 (my_uv_service)
11-07 20:07:36.307     0     0 I logd    : logdr: UID=0 GID=0 PID=10962 b tail=0 logMask=99 pid=0 start=0ns deadline=0ns
11-07 20:07:36.311 10967 10967 I crash_dump64: obtaining output fd from tombstoned, type: kDebuggerdTombstoneProto
11-07 20:07:36.313   586   586 I tombstoned: received crash request for pid 10961
11-07 20:07:36.313 10967 10967 I crash_dump64: performing dump of process 10961 (target tid = 10961)
11-07 20:07:36.344     0     0 I logd    : logdr: UID=1000 GID=1000 PID=10967 n tail=500 logMask=8 pid=10961 start=0ns deadline=0ns
11-07 20:07:36.339 10967 10967 F DEBUG   : *** *** *** *** *** *** *** *** *** *** *** *** *** *** *** ***
11-07 20:07:36.339 10967 10967 F DEBUG   : Build fingerprint: 'qti/bengal_2w/bengal_2w:14/UKQ1.250303.001/eng.uvbuil.20250915.113541:userdebug/test-keys'
11-07 20:07:36.339 10967 10967 F DEBUG   : Revision: '0'
11-07 20:07:36.339 10967 10967 F DEBUG   : ABI: 'arm64'
11-07 20:07:36.339 10967 10967 F DEBUG   : Timestamp: 2025-11-07 20:07:36.315380000+0530
11-07 20:07:36.339 10967 10967 F DEBUG   : Process uptime: 1s
11-07 20:07:36.339 10967 10967 F DEBUG   : Cmdline: /vendor/bin/my_uv_service
11-07 20:07:36.339 10967 10967 F DEBUG   : pid: 10961, tid: 10961, name: my_uv_service  >>> /vendor/bin/my_uv_service <<<
11-07 20:07:36.339 10967 10967 F DEBUG   : uid: 1000
11-07 20:07:36.339 10967 10967 F DEBUG   : signal 6 (SIGABRT), code -1 (SI_QUEUE), fault addr --------
11-07 20:07:36.339 10967 10967 F DEBUG   : Abort message: 'Binder driver '/dev/vndbinder' could not be opened.  Terminating.'
11-07 20:07:36.339 10967 10967 F DEBUG   :     x0  0000000000000000  x1  0000000000002ad1  x2  0000000000000006  x3  0000007fec3c6400
11-07 20:07:36.339 10967 10967 F DEBUG   :     x4  621f267164636d68  x5  621f267164636d68  x6  621f267164636d68  x7  7f7f7f7f7f7f7f7f
11-07 20:07:36.339 10967 10967 F DEBUG   :     x8  00000000000000f0  x9  0000006ffcce31b8  x10 0000000000000001  x11 0000006ffcd2b924
11-07 20:07:36.339 10967 10967 F DEBUG   :     x12 0000007fec3c63c0  x13 0000000000000042  x14 0000007fec3c6590  x15 0000000000000000
11-07 20:07:36.340 10967 10967 F DEBUG   :     x16 0000006ffcd93d18  x17 0000006ffcd6f3b0  x18 0000007004a14000  x19 0000000000002ad1
11-07 20:07:36.340 10967 10967 F DEBUG   :     x20 0000000000002ad1  x21 00000000ffffffff  x22 0000006ffecf6028  x23 0000000000000000
11-07 20:07:36.340 10967 10967 F DEBUG   :     x24 0000000000000000  x25 0000000000000000  x26 0000000000000000  x27 0000000000000000
11-07 20:07:36.340 10967 10967 F DEBUG   :     x28 0000000000000000  x29 0000007fec3c6480
11-07 20:07:36.340 10967 10967 F DEBUG   :     lr  0000006ffcd1c624  sp  0000007fec3c63e0  pc  0000006ffcd1c650  pst 0000000000000000
11-07 20:07:36.340 10967 10967 F DEBUG   : 7 total frames
11-07 20:07:36.340 10967 10967 F DEBUG   : backtrace:
11-07 20:07:36.340 10967 10967 F DEBUG   :       #00 pc 000000000005b650  /apex/com.android.runtime/lib64/bionic/libc.so (abort+168) (BuildId: 50118287324a156bc7be11d3d940c7be)
11-07 20:07:36.340 10967 10967 F DEBUG   :       #01 pc 0000000000006424  /system/lib64/liblog.so (__android_log_default_aborter+16) (BuildId: e05aefcb936d3c511dd026d3e152503f)
11-07 20:07:36.346     0     0 I logd    : logdr: UID=1000 GID=1000 PID=10967 n tail=500 logMask=1 pid=10961 start=0ns deadline=0ns
11-07 20:07:36.340 10967 10967 F DEBUG   :       #02 pc 000000000000701c  /system/lib64/liblog.so (__android_log_assert+312) (BuildId: e05aefcb936d3c511dd026d3e152503f)
11-07 20:07:36.340 10967 10967 F DEBUG   :       #03 pc 000000000006adf0  /apex/com.android.vndk.v30/lib64/libbinder.so (android::ProcessState::ProcessState(char const*)+372) (BuildId: 7703b5b080cfabac26e5ae3585f2c76c)
11-07 20:07:36.340 10967 10967 F DEBUG   :       #04 pc 000000000006abe4  /apex/com.android.vndk.v30/lib64/libbinder.so (android::ProcessState::self()+112) (BuildId: 7703b5b080cfabac26e5ae3585f2c76c)
11-07 20:07:36.340 10967 10967 F DEBUG   :       #05 pc 0000000000002074  /vendor/bin/my_uv_service (main+44) (BuildId: 9b47a07ec1d9d741dcbed4bd6570e468)
11-07 20:07:36.340 10967 10967 F DEBUG   :       #06 pc 0000000000053e48  /apex/com.android.runtime/lib64/bionic/libc.so (__libc_init+108) (BuildId: 50118287324a156bc7be11d3d940c7be)
11-07 20:07:36.347  1375  1721 W NativeCrashListener: Couldn't find ProcessRecord for pid 10961
11-07 20:07:36.347 10967 10967 E crash_dump64: AM data write failed: Broken pipe
11-07 20:07:36.348   586   586 E tombstoned: Tombstone written to: tombstone_18
11-07 20:07:36.349  1375  1513 E NativeTombstoneManager: Tombstone's UID (1000) not an app, ignoring
11-07 20:07:36.351  1375  1513 E NativeTombstoneManager: Tombstone's UID (1000) not an app, ignoring
11-07 20:07:36.358     0     0 I init    : Service 'my_uv_service' (pid 10961) received signal 6
11-07 20:07:36.358     0     0 I init    : Sending signal 9 to service 'my_uv_service' (pid 10961) process group...
11-07 20:07:36.364     0     0 I libprocessgroup: Successfully killed process cgroup uid 1000 pid 10961 in 5ms
11-07 20:07:36.357  1375 10354 E UdpServiceJNI: udpReceiverThread: recvfrom failed: Try again
11-07 20:07:36.829  1178  5948 D LOWI-9.0.1.68: [LOWI-Scan] wait_event:Wait done with Cmd 34
11-07 20:07:36.830  1178  5948 D LOWI-9.0.1.68: [LOWI-Scan] do_listen_events: Rcvd valid Netlink Cmd 34 Err 0
11-07 20:07:36.830  1375  2302 D WifiNl80211Manager: Scan result ready event
11-07 20:07:36.830  1375  2302 D WifiNative: Scan result ready event
11-07 20:07:36.831  1178  5948 D LOWI-9.0.1.68: [LOWI-Scan]  -- associated
11-07 20:07:36.831  1178  5948 D LOWI-9.0.1.68: [LOWI-Scan] 
11-07 20:07:36.831  1178  5948 D LOWI-9.0.1.68: [LOWI-Scan] is_qcom_ie, bss_age: 0
11-07 20:07:36.831  1178  5948 D LOWI-9.0.1.68: [LOWI-Scan] BSS 4a:f3:ab:**:**:32 FREQ: 5320, cFreq1[40:80:160] = [5310:5290:0] cFreq2 = 0 SSID POCO, RSSI(dBM): -73, 11mcRanging: No, Country Code = IN
11-07 20:07:36.831  1178  5948 D LOWI-9.0.1.68: [LOWI-Scan] 
11-07 20:07:36.831  1178  5948 D LOWI-9.0.1.68: [LOWI-Scan] is_qcom_ie, bss_age: 0
11-07 20:07:36.831  1178  5948 D LOWI-9.0.1.68: [LOWI-Scan] adjust_age:AP AGE upper limit reached. Dont store
11-07 20:07:36.831  1178  5948 D LOWI-9.0.1.68: [LOWI-Scan] BSS e6:55:b8:**:**:ec FREQ: 5240, cFreq1[40:80:160] = [5230:5210:0] cFreq2 = 0 SSID A71 - IT Infra, RSSI(dBM): -80, 11mcRanging: No, Country Code = IN
11-07 20:07:36.831  1178  5948 D LOWI-9.0.1.68: [LOWI-Scan] 
11-07 20:07:36.832  1178  5948 D LOWI-9.0.1.68: [LOWI-Scan] is_qcom_ie, bss_age: 0
11-07 20:07:36.832  1178  5948 D LOWI-9.0.1.68: [LOWI-Scan] adjust_age:AP AGE upper limit reached. Dont store
11-07 20:07:36.832  1178  5948 D LOWI-9.0.1.68: [LOWI-Scan] BSS e2:55:b8:**:**:ec FREQ: 5240, cFreq1[40:80:160] = [5230:5210:0] cFreq2 = 0 SSID A71 - Design, RSSI(dBM): -80, 11mcRanging: No, Country Code = IN
11-07 20:07:36.832  1178  5948 D LOWI-9.0.1.68: [LOWI-Scan] 
11-07 20:07:36.832  1178  5948 D LOWI-9.0.1.68: [LOWI-Scan] is_qcom_ie, bss_age: 0
11-07 20:07:36.832  1178  5948 D LOWI-9.0.1.68: [LOWI-Scan] adjust_age:AP AGE upper limit reached. Dont store
11-07 20:07:36.832  1178  5948 D LOWI-9.0.1.68: [LOWI-Scan] BSS ea:55:b8:**:**:ec FREQ: 5240, cFreq1[40:80:160] = [5230:5210:0] cFreq2 = 0 SSID A71 - Electronics, RSSI(dBM): -80, 11mcRanging: No, Country Code = IN
11-07 20:07:36.832  1178  5948 D LOWI-9.0.1.68: [LOWI-Scan] 
11-07 20:07:36.832  1178  5948 D LOWI-9.0.1.68: [LOWI-Scan] is_qcom_ie, bss_age: 0
11-07 20:07:36.832  1178  5948 D LOWI-9.0.1.68: [LOWI-Scan] adjust_age:AP AGE upper limit reached. Dont store
11-07 20:07:36.832  1178  5948 D LOWI-9.0.1.68: [LOWI-Scan] BSS f6:55:b8:**:**:ec FREQ: 5240, cFreq1[40:80:160] = [5230:5210:0] cFreq2 = 0 SSID A71 - Operations, RSSI(dBM): -79, 11mcRanging: No, Country Code = IN
11-07 20:07:36.834   764  5796 V WifiHAL : event received NL80211_CMD_NEW_SCAN_RESULTS
11-07 20:07:36.838  1178  5948 D LOWI-9.0.1.68: [LOWI-Scan] 
11-07 20:07:36.838  1178  5948 D LOWI-9.0.1.68: [LOWI-Scan] is_qcom_ie, bss_age: 0
11-07 20:07:36.838  1178  5948 D LOWI-9.0.1.68: [LOWI-Scan] adjust_age:AP AGE upper limit reached. Dont store
11-07 20:07:36.839  1178  5948 D LOWI-9.0.1.68: [LOWI-Scan] BSS f2:55:b8:**:**:ec FREQ: 5240, cFreq1[40:80:160] = [5230:5210:0] cFreq2 = 0 SSID A71 - Guest, RSSI(dBM): -80, 11mcRanging: No, Country Code = IN
11-07 20:07:36.841  1178  5948 D LOWI-9.0.1.68: [LOWI-Scan] 
11-07 20:07:36.841  1178  5948 D LOWI-9.0.1.68: [LOWI-Scan] is_qcom_ie, bss_age: 0
11-07 20:07:36.842  1178  5948 D LOWI-9.0.1.68: [LOWI-Scan] adjust_age:AP AGE upper limit reached. Dont store
11-07 20:07:36.842  1178  5948 D LOWI-9.0.1.68: [LOWI-Scan] BSS fe:55:b8:**:**:ec FREQ: 5240, cFreq1[40:80:160] = [5230:5210:0] cFreq2 = 0 SSID A71 - Printers, RSSI(dBM): -79, 11mcRanging: No, Country Code = IN
11-07 20:07:36.843  1178  5948 D LOWI-9.0.1.68: [LOWI-Scan] 
11-07 20:07:36.843  1178  5948 D LOWI-9.0.1.68: [LOWI-Scan] is_qcom_ie, bss_age: 0
11-07 20:07:36.843  1178  5948 D LOWI-9.0.1.68: [LOWI-Scan] adjust_age:AP AGE upper limit reached. Dont store
11-07 20:07:36.843  1178  5948 D LOWI-9.0.1.68: [LOWI-Scan] BSS ee:55:b8:**:**:ec FREQ: 5240, cFreq1[40:80:160] = [5230:5210:0] cFreq2 = 0 SSID A71 - Engineering, RSSI(dBM): -79, 11mcRanging: No, Country Code = IN
11-07 20:07:36.844  1178  5948 D LOWI-9.0.1.68: [LOWI-Scan] 
11-07 20:07:36.845  1178  5948 D LOWI-9.0.1.68: [LOWI-Scan] is_qcom_ie, bss_age: 0
11-07 20:07:36.845  1178  5948 D LOWI-9.0.1.68: [LOWI-Scan] BSS e6:55:b8:**:**:a0 FREQ: 5320, cFreq1[40:80:160] = [5310:5290:0] cFreq2 = 0 SSID A71 - IT Infra, RSSI(dBM): -79, 11mcRanging: No, Country Code = IN
11-07 20:07:36.846  1178  5948 D LOWI-9.0.1.68: [LOWI-Scan] 
11-07 20:07:36.846  1178  5948 D LOWI-9.0.1.68: [LOWI-Scan] is_qcom_ie, bss_age: 0
11-07 20:07:36.846  1178  5948 D LOWI-9.0.1.68: [LOWI-Scan] BSS e2:55:b8:**:**:a0 FREQ: 5320, cFreq1[40:80:160] = [5310:5290:0] cFreq2 = 0 SSID A71 - Design, RSSI(dBM): -79, 11mcRanging: No, Country Code = IN
11-07 20:07:36.847  1178  5948 D LOWI-9.0.1.68: [LOWI-Scan] 
11-07 20:07:36.847  1178  5948 D LOWI-9.0.1.68: [LOWI-Scan] is_qcom_ie, bss_age: 0
11-07 20:07:36.847  1178  5948 D LOWI-9.0.1.68: [LOWI-Scan] BSS ee:55:b8:**:**:a0 FREQ: 5320, cFreq1[40:80:160] = [5310:5290:0] cFreq2 = 0 SSID A71 - Engineering, RSSI(dBM): -79, 11mcRanging: No, Country Code = IN
11-07 20:07:36.848  1178  5948 D LOWI-9.0.1.68: [LOWI-Scan] 
11-07 20:07:36.848  1178  5948 D LOWI-9.0.1.68: [LOWI-Scan] is_qcom_ie, bss_age: 0
11-07 20:07:36.848  1178  5948 D LOWI-9.0.1.68: [LOWI-Scan] BSS ea:55:b8:**:**:a0 FREQ: 5320, cFreq1[40:80:160] = [5310:5290:0] cFreq2 = 0 SSID A71 - Electronics, RSSI(dBM): -79, 11mcRanging: No, Country Code = IN
11-07 20:07:36.851  1178  5948 D LOWI-9.0.1.68: [LOWI-Scan] 
11-07 20:07:36.852  1178  5948 D LOWI-9.0.1.68: [LOWI-Scan] is_qcom_ie, bss_age: 0
11-07 20:07:36.852  1178  5948 D LOWI-9.0.1.68: [LOWI-Scan] BSS f6:55:b8:**:**:a0 FREQ: 5320, cFreq1[40:80:160] = [5310:5290:0] cFreq2 = 0 SSID A71 - Operations, RSSI(dBM): -79, 11mcRanging: No, Country Code = IN
11-07 20:07:36.853  1178  5948 D LOWI-9.0.1.68: [LOWI-Scan] 
11-07 20:07:36.853  1178  5948 D LOWI-9.0.1.68: [LOWI-Scan] is_qcom_ie, bss_age: 0
11-07 20:07:36.854  1178  5948 D LOWI-9.0.1.68: [LOWI-Scan] BSS f2:55:b8:**:**:a0 FREQ: 5320, cFreq1[40:80:160] = [5310:5290:0] cFreq2 = 0 SSID A71 - Guest, RSSI(dBM): -79, 11mcRanging: No, Country Code = IN
11-07 20:07:36.856  1178  5948 D LOWI-9.0.1.68: [LOWI-Scan] 
11-07 20:07:36.856  1178  5948 D LOWI-9.0.1.68: [LOWI-Scan] is_qcom_ie, bss_age: 0
11-07 20:07:36.856  1178  5948 D LOWI-9.0.1.68: [LOWI-Scan] BSS fe:55:b8:**:**:a0 FREQ: 5320, cFreq1[40:80:160] = [5310:5290:0] cFreq2 = 0 SSID A71 - Printers, RSSI(dBM): -80, 11mcRanging: No, Country Code = IN
11-07 20:07:36.858  1178  5948 D LOWI-9.0.1.68: [LOWI-Scan] 
11-07 20:07:36.858  1178  5948 D LOWI-9.0.1.68: [LOWI-Scan] is_qcom_ie, bss_age: 0
11-07 20:07:36.859  1178  5948 D LOWI-9.0.1.68: [LOWI-Scan] BSS d2:ad:08:**:**:f6 FREQ: 2412, cFreq1[40:80:160] = [0:0:0] cFreq2 = 0 SSID DIRECT-F6-HP 4104dw LJ, RSSI(dBM): -86, 11mcRanging: No, Country Code =    
11-07 20:07:36.859  1178  5948 D LOWI-9.0.1.68: [LOWI-Scan] 
11-07 20:07:36.859  1178  5948 D LOWI-9.0.1.68: [LOWI-Scan] is_qcom_ie, bss_age: 0
11-07 20:07:36.860  1178  5948 D LOWI-9.0.1.68: [LOWI-Scan] BSS da:55:b8:**:**:a0 FREQ: 5320, cFreq1[40:80:160] = [5310:5290:0] cFreq2 = 0 SSID , RSSI(dBM): -78, 11mcRanging: No, Country Code = IN
11-07 20:07:36.860  1178  5948 D LOWI-9.0.1.68: [LOWIDiagLog] Log: lowiMeasResult->request: invalid null argument
11-07 20:07:36.860  1178  5948 I LOWI-9.0.1.68: [LOWI-Scan] lowi_close_record:Scan done in 1336981ms, 17 APs in scan results
11-07 20:07:36.860  1178  5948 D LOWI-9.0.1.68: [LOWI-Scan] WipsScanUsingNL: passive scan cached 0, took 10047 ms, err 0
11-07 20:07:36.860  1178  5948 D LOWI-9.0.1.68: [LOWI-Scan] lowi_proc_req_passive_scan_with_live_meas - No WLAN Frames to be parsed
11-07 20:07:36.860  1178  5948 D LOWI-9.0.1.68: [LOWIScanResultReceiver] Send scan meas to listener
11-07 20:07:36.861  1178  1204 D LOWI-9.0.1.68: [LOWIEventReceiver] handleEvent:FROM:NA, TO:NA, REQ:NA, IREQ:NA, REQ_ID:0, RESP:NA, INFO:NA
11-07 20:07:36.861  1178  1204 D LOWI-9.0.1.68: [LOWIBackgroundScanMgr] isRspForBgScanMgr: evt(LOWI_NO_EVT) - not handled
11-07 20:07:36.861  1178  1204 D LOWI-9.0.1.68: [LOWIScheduler] manageMsg: NULL results or NULL request in results
11-07 20:07:36.861  1178  1204 D LOWI-9.0.1.68: [LOWIController] Measurements received
11-07 20:07:36.861  1178  1204 D LOWI-9.0.1.68: [LOWICacheManager] putInCache:Num of Meas to add: 17
11-07 20:07:36.861  1178  1204 D LOWI-9.0.1.68: [LOWIController] processMeasurementResults: No current Request. Cache measurements
11-07 20:07:36.861  1178  1204 D LOWI-9.0.1.68: [LOWIController] sendAsyncScanResponse: Request FreeWifiScanObserver_0 is from a different client.
11-07 20:07:36.862  1178  1204 D LOWI-9.0.1.68: [LOWIController] generateResponse: Type (ASYNC_DISCOVERY_SCAN_RESULTS) ScanStatus (1) request FreeWifiScanObserver_0
11-07 20:07:36.862  1178  1204 D LOWI-9.0.1.68: [LOWIEventDispatcher] sendResponse - originator = FreeWifiScanObserver
11-07 20:07:36.862  1178  1204 D LOWI-9.0.1.68: [LOWIUtils] injectScanMeasurements - num of APs = 17
11-07 20:07:36.863  1178  1204 I LOWI-9.0.1.68: [LOWIUtils] responseToOutPostcard - TO: FreeWifiScanObserver, FROM:   LOWI-SERVER, RESP:  LOWI_ASYNC_DISCOVERY_SCAN_RESULTS
11-07 20:07:36.864  1178  1204 D LOWI-9.0.1.68: [LOWIControllerExtn] sendLOWILpDiscoveryScanResponse: Not a discovery scan response
11-07 20:07:36.865  1178  5948 D LOWI-9.0.1.68: [LOWIScanResultReceiver] Enter passive listening mode
11-07 20:07:36.865  1178  5948 D LOWI-9.0.1.68: [LOWIWifiDriverInterface] getMeasurements - Passive listening mode
11-07 20:07:36.865  1178  5948 D LOWI-9.0.1.68: [LOWI-Scan] WipsScanUsingNL:wait -1 sec for netlink message
11-07 20:07:36.869  1375  1603 W IE_Capabilities: Unknown RSN cipher suite: aac0f00
11-07 20:07:36.870  1375  1603 D WificondScannerImpl: Filtering out 7 scan results.
11-07 20:07:36.871   752  1813 I LocSvc_api_v02: ---> locClientSendReq line 2412 QMI_LOC_INJECT_WIFI_AP_DATA_REQ_V02
11-07 20:07:36.873   752  3289 I LocSvc_ApiV02: <--- globalRespCb line 277 QMI_LOC_INJECT_WIFI_AP_DATA_REQ_V02
11-07 20:07:36.993     0     0 I init    : starting service 'mc_logger'...
11-07 20:07:37.007     0     0 I init    : ... started service 'mc_logger' has pid 10972
11-07 20:07:37.027 10972 10972 I MC_LOGGER: Motor Controller Logger Service Starting...
11-07 20:07:37.028 10972 10972 E MC_LOGGER: Failed to open UART device /dev/ttyMSM0: Permission denied
11-07 20:07:37.028 10972 10972 E MC_LOGGER: Motor Controller UART Initialization failed!
11-07 20:07:37.038     0     0 I init    : Service 'mc_logger' (pid 10972) exited with status 1
11-07 20:07:37.038     0     0 I init    : Sending signal 9 to service 'mc_logger' (pid 10972) process group...
11-07 20:07:37.039     0     0 I libprocessgroup: Successfully killed process cgroup uid 1000 pid 10972 in 0ms
11-07 20:07:37.189  1053  1053 E Bikelogs: recvfrom error: Try again
11-07 20:07:37.806  2649  2704 E inform_hb_driver: Unable to open /sys/qti_heartbeat/sysstate_value
11-07 20:07:38.213  1053  1053 E Bikelogs: recvfrom error: Try again
11-07 20:07:38.223  2649  2704 E inform_hb_driver: Unable to open /sys/qti_heartbeat/sysstate_value
11-07 20:07:38.677  3654  6087 I VehicleMqttService: Message arrived on topic 'android_test_thing_01/commands/fota': downloadddddddddd
11-07 20:07:38.678  3654  6087 I CommandHandler: Handling FOTA command directly without debounce.
11-07 20:07:38.678  3654  6087 I FotaCommandHandler: Forwarding OTA Update Available to FotaService 
11-07 20:07:38.680  3893  3935 E FotaService: Received OTA data from MQTTService:  / downloadddddddddd
11-07 20:07:38.680  3893  3935 I FotaService: downloadOtaUpdate DestPath data/local/tmp/cloud_download
11-07 20:07:38.680  3893  3935 E FotaExtractor: FotaExtractor extractJar path : data/local/tmp/cloud_download
11-07 20:07:38.682  3893  3935 E FotaExtractor: JAR file not found: data/local/tmp/cloud_download
11-07 20:07:38.682  3893  3935 E FotaService: Sending the status to Udp Service that download of OTA completed
11-07 20:07:38.684  1375  1989 I UdpService: startOta() called, forwarding to native layer.
11-07 20:07:38.684  1375  1989 I UdpService: OTA listener registered
11-07 20:07:38.685  1375  1989 I UdpServiceJNI: nativeStartOta: Taking exclusive control
11-07 20:07:38.673  3893  3893 W binder:3893_3: type=1400 audit(0.0:467): avc:  denied  { search } for  name="tmp" dev="dm-8" ino=105 scontext=u:r:system_app:s0 tcontext=u:object_r:shell_data_file:s0 tclass=dir permissive=0
11-07 20:07:39.237  1053  1053 E Bikelogs: recvfrom error: Try again
11-07 20:07:39.429  1375 10354 E UdpServiceJNI: udpReceiverThread: recvfrom failed: Try again
11-07 20:07:39.430  1375  1989 I UdpServiceJNI: UDP receiver stopped for OTA
11-07 20:07:39.429  3893  3893 W binder:3893_3: type=1400 audit(0.0:468): avc:  denied  { search } for  name="tmp" dev="dm-8" ino=105 scontext=u:r:system_app:s0 tcontext=u:object_r:shell_data_file:s0 tclass=dir permissive=0
11-07 20:07:39.429  3893  3893 W binder:3893_3: type=1400 audit(0.0:469): avc:  denied  { search } for  name="tmp" dev="dm-8" ino=105 scontext=u:r:system_app:s0 tcontext=u:object_r:shell_data_file:s0 tclass=dir permissive=0
11-07 20:07:39.432  1375  1989 I UdpServiceJNI: initUdp: UDP ready for 10.37.84.167:5575
11-07 20:07:39.429  3893  3893 W binder:3893_3: type=1400 audit(0.0:470): avc:  denied  { search } for  name="tmp" dev="dm-8" ino=105 scontext=u:r:system_app:s0 tcontext=u:object_r:shell_data_file:s0 tclass=dir permissive=0
11-07 20:07:39.432  1375  1989 I UdpServiceJNI: Log folder already exists: /data/system/udp_logs
11-07 20:07:39.434  1375  1989 I UdpServiceJNI: Log file created at /data/system/udp_logs/bms_000000000000000_boot_session_2025_11_07_14_37_39.bin
11-07 20:07:39.434  1375  1989 I UdpServiceJNI: Set file permissions to 644 (rw-r--r--) for: /data/system/udp_logs/bms_000000000000000_boot_session_2025_11_07_14_37_39.bin
11-07 20:07:39.436  1375 10981 I UdpServiceJNI: No more Files left
11-07 20:07:39.436  1375 10981 I UdpServiceJNI: FInal success_mask before return = 0
11-07 20:07:39.436  1375 10981 I UdpServiceJNI: Now entering into FinishOta function = 0
11-07 20:07:39.436  1375 10981 I UdpServiceJNI: OTA finished with mask: 0
11-07 20:07:39.436  1375 10981 I UdpService: OTA update completed and notified from native layer
11-07 20:07:39.437  1375 10981 I UdpService: OTA listeners cleared, state reset
11-07 20:07:39.438  1375 10981 I UdpServiceJNI: notifyJavaOtaComplete: Sent to Java
11-07 20:07:39.438  3893  3928 E FotaService: fotaUdpCallback onOtaCompleted 0
11-07 20:07:39.438  1375 10981 I UdpServiceJNI: UDP receiver thread restarted
11-07 20:07:39.439  3893  3935 I FotaService.UpdateConfigs: Created config directory: false
11-07 20:07:39.448     0     0 W audit   : audit_lost=9 audit_rate_limit=5 audit_backlog_limit=64
11-07 20:07:39.448     0     0 E audit   : rate limit exceeded
11-07 20:07:39.433  3893  3893 W binder:3893_3: type=1400 audit(0.0:471): avc:  denied  { search } for  name="tmp" dev="dm-8" ino=105 scontext=u:r:system_app:s0 tcontext=u:object_r:shell_data_file:s0 tclass=dir permissive=0
11-07 20:07:39.444  3893  3935 E FotaService.UpdateConfigs: inside ensureConfigDirectory.Directory exists
11-07 20:07:39.445  3893  3935 W UpdateConfigs: Config file not found: /data/local/tmp/cloud_download/fota_update.json
11-07 20:07:39.433  3893  3893 W binder:3893_3: type=1400 audit(0.0:472): avc:  denied  { getattr } for  path="/data/local/tmp" dev="dm-8" ino=105 scontext=u:r:system_app:s0 tcontext=u:object_r:shell_data_file:s0 tclass=dir permissive=0
11-07 20:07:39.445  3893  3935 D UpdateManager: setUpdaterState invoked newState=2
11-07 20:07:39.446  3893  3935 E JavaBinder: *** Uncaught remote exception! Exceptions are not yet supported across processes. Client PID 3654 UID 10045.
11-07 20:07:39.446  3893  3935 E JavaBinder: java.lang.RuntimeException: com.ultraviolette.fotaservice.cluster.UpdaterState$InvalidTransitionException: Can't transition from 2 to 2
11-07 20:07:39.446  3893  3935 E JavaBinder: 	at com.ultraviolette.fotaservice.FotaService.downloadOtaUpdate(FotaService.java:292)
11-07 20:07:39.446  3893  3935 E JavaBinder: 	at com.ultraviolette.fotaservice.FotaService$1.fotaUpdateAvailable(FotaService.java:61)
11-07 20:07:39.446  3893  3935 E JavaBinder: 	at com.ultraviolette.fotaservice.IFotaMqttEvents$Stub.onTransact(IFotaMqttEvents.java:68)
11-07 20:07:39.446  3893  3935 E JavaBinder: 	at android.os.Binder.execTransactInternal(Binder.java:1339)
11-07 20:07:39.446  3893  3935 E JavaBinder: 	at android.os.Binder.execTransact(Binder.java:1275)
11-07 20:07:39.446  3893  3935 E JavaBinder: Caused by: com.ultraviolette.fotaservice.cluster.UpdaterState$InvalidTransitionException: Can't transition from 2 to 2
11-07 20:07:39.446  3893  3935 E JavaBinder: 	at com.ultraviolette.fotaservice.cluster.UpdaterState.set(UpdaterState.java:69)
11-07 20:07:39.446  3893  3935 E JavaBinder: 	at com.ultraviolette.fotaservice.cluster.UpdateManager.setUpdaterState(UpdateManager.java:224)
11-07 20:07:39.446  3893  3935 E JavaBinder: 	at com.ultraviolette.fotaservice.cluster.UpdateManager.applyUpdate(UpdateManager.java:281)
11-07 20:07:39.446  3893  3935 E JavaBinder: 	at com.ultraviolette.fotaservice.FotaService.downloadOtaUpdate(FotaService.java:290)
11-07 20:07:39.446  3893  3935 E JavaBinder: 	... 4 more
11-07 20:07:39.448  3654  6087 I VehicleMqttService: Message arrived on topic 'android_test_thing_01/commands/fota': downloadddddddddd
11-07 20:07:39.449  3654  6087 I CommandHandler: Handling FOTA command directly without debounce.
11-07 20:07:39.449  3654  6087 I FotaCommandHandler: Forwarding OTA Update Available to FotaService 
11-07 20:07:39.450  3893  3928 E FotaService: Received OTA data from MQTTService:  / downloadddddddddd
11-07 20:07:39.450  3893  3928 I FotaService: downloadOtaUpdate DestPath data/local/tmp/cloud_download
11-07 20:07:39.450  3893  3928 E FotaExtractor: FotaExtractor extractJar path : data/local/tmp/cloud_download
11-07 20:07:39.451  3893  3928 E FotaExtractor: JAR file not found: data/local/tmp/cloud_download
11-07 20:07:39.451  3893  3928 E FotaService: Sending the status to Udp Service that download of OTA completed
11-07 20:07:39.452  1375  1989 I UdpService: startOta() called, forwarding to native layer.
11-07 20:07:39.452  1375  1989 I UdpService: OTA listener registered
11-07 20:07:39.452  1375  1989 I UdpServiceJNI: nativeStartOta: Taking exclusive control
11-07 20:07:39.433  3893  3893 W binder:3893_3: type=1400 audit(0.0:473): avc:  denied  { search } for  name="tmp" dev="dm-8" ino=105 scontext=u:r:system_app:s0 tcontext=u:object_r:shell_data_file:s0 tclass=dir permissive=0
11-07 20:07:39.433  3893  3893 W binder:3893_3: type=1400 audit(0.0:474): avc:  denied  { search } for  name="tmp" dev="dm-8" ino=105 scontext=u:r:system_app:s0 tcontext=u:object_r:shell_data_file:s0 tclass=dir permissive=0
11-07 20:07:39.433  3893  3893 W binder:3893_3: type=1400 audit(0.0:475): avc:  denied  { search } for  name="tmp" dev="dm-8" ino=105 scontext=u:r:system_app:s0 tcontext=u:object_r:shell_data_file:s0 tclass=dir permissive=0
11-07 20:07:40.261  1053  1053 E Bikelogs: recvfrom error: Try again
11-07 20:07:41.269     0     0 I init    : starting service 'my_uv_service'...
11-07 20:07:41.282     0     0 I init    : ... started service 'my_uv_service' has pid 10983
11-07 20:07:41.285  1053  1053 E Bikelogs: recvfrom error: Try again
11-07 20:07:41.305 10983 10983 W my_uv_service: type=1400 audit(0.0:479): avc:  denied  { read write } for  name="vndbinder" dev="binder" ino=6 scontext=u:r:my_uv_service:s0 tcontext=u:object_r:vndbinder_device:s0 tclass=chr_file permissive=0
11-07 20:07:41.312 10983 10983 W ProcessState: Opening '/dev/vndbinder' failed: Permission denied
11-07 20:07:41.313 10983 10983 F ProcessState: Binder driver '/dev/vndbinder' could not be opened.  Terminating.
11-07 20:07:41.313 10983 10983 F libc    : Fatal signal 6 (SIGABRT), code -1 (SI_QUEUE) in tid 10983 (my_uv_service), pid 10983 (my_uv_service)
11-07 20:07:41.336 10986 10986 I crash_dump64: obtaining output fd from tombstoned, type: kDebuggerdTombstoneProto
11-07 20:07:41.337   586   586 I tombstoned: received crash request for pid 10983
11-07 20:07:41.338 10986 10986 I crash_dump64: performing dump of process 10983 (target tid = 10983)
11-07 20:07:41.362 10986 10986 F DEBUG   : *** *** *** *** *** *** *** *** *** *** *** *** *** *** *** ***
11-07 20:07:41.362 10986 10986 F DEBUG   : Build fingerprint: 'qti/bengal_2w/bengal_2w:14/UKQ1.250303.001/eng.uvbuil.20250915.113541:userdebug/test-keys'
11-07 20:07:41.362 10986 10986 F DEBUG   : Revision: '0'
11-07 20:07:41.362 10986 10986 F DEBUG   : ABI: 'arm64'
11-07 20:07:41.362 10986 10986 F DEBUG   : Timestamp: 2025-11-07 20:07:41.340716717+0530
11-07 20:07:41.362 10986 10986 F DEBUG   : Process uptime: 1s
11-07 20:07:41.362 10986 10986 F DEBUG   : Cmdline: /vendor/bin/my_uv_service
11-07 20:07:41.362 10986 10986 F DEBUG   : pid: 10983, tid: 10983, name: my_uv_service  >>> /vendor/bin/my_uv_service <<<
11-07 20:07:41.362 10986 10986 F DEBUG   : uid: 1000
11-07 20:07:41.362 10986 10986 F DEBUG   : signal 6 (SIGABRT), code -1 (SI_QUEUE), fault addr --------
11-07 20:07:41.362 10986 10986 F DEBUG   : Abort message: 'Binder driver '/dev/vndbinder' could not be opened.  Terminating.'
11-07 20:07:41.362 10986 10986 F DEBUG   :     x0  0000000000000000  x1  0000000000002ae7  x2  0000000000000006  x3  0000007fd283a400
11-07 20:07:41.362 10986 10986 F DEBUG   :     x4  621f267164636d68  x5  621f267164636d68  x6  621f267164636d68  x7  7f7f7f7f7f7f7f7f
11-07 20:07:41.362 10986 10986 F DEBUG   :     x8  00000000000000f0  x9  00000078ecab51b8  x10 0000000000000001  x11 00000078ecafd924
11-07 20:07:41.362 10986 10986 F DEBUG   :     x12 0000007fd283a3c0  x13 0000000000000042  x14 0000007fd283a590  x15 0000000000000000
11-07 20:07:41.362 10986 10986 F DEBUG   :     x16 00000078ecb65d18  x17 00000078ecb413b0  x18 00000078f0942000  x19 0000000000002ae7
11-07 20:07:41.362 10986 10986 F DEBUG   :     x20 0000000000002ae7  x21 00000000ffffffff  x22 00000078ef122028  x23 0000000000000000
11-07 20:07:41.362 10986 10986 F DEBUG   :     x24 0000000000000000  x25 0000000000000000  x26 0000000000000000  x27 0000000000000000
11-07 20:07:41.362 10986 10986 F DEBUG   :     x28 0000000000000000  x29 0000007fd283a480
11-07 20:07:41.362 10986 10986 F DEBUG   :     lr  00000078ecaee624  sp  0000007fd283a3e0  pc  00000078ecaee650  pst 0000000000000000
11-07 20:07:41.362 10986 10986 F DEBUG   : 7 total frames
11-07 20:07:41.362 10986 10986 F DEBUG   : backtrace:
11-07 20:07:41.362 10986 10986 F DEBUG   :       #00 pc 000000000005b650  /apex/com.android.runtime/lib64/bionic/libc.so (abort+168) (BuildId: 50118287324a156bc7be11d3d940c7be)
11-07 20:07:41.362 10986 10986 F DEBUG   :       #01 pc 0000000000006424  /system/lib64/liblog.so (__android_log_default_aborter+16) (BuildId: e05aefcb936d3c511dd026d3e152503f)
11-07 20:07:41.362 10986 10986 F DEBUG   :       #02 pc 000000000000701c  /system/lib64/liblog.so (__android_log_assert+312) (BuildId: e05aefcb936d3c511dd026d3e152503f)
11-07 20:07:41.362 10986 10986 F DEBUG   :       #03 pc 000000000006adf0  /apex/com.android.vndk.v30/lib64/libbinder.so (android::ProcessState::ProcessState(char const*)+372) (BuildId: 7703b5b080cfabac26e5ae3585f2c76c)
11-07 20:07:41.362 10986 10986 F DEBUG   :       #04 pc 000000000006abe4  /apex/com.android.vndk.v30/lib64/libbinder.so (android::ProcessState::self()+112) (BuildId: 7703b5b080cfabac26e5ae3585f2c76c)
11-07 20:07:41.362 10986 10986 F DEBUG   :       #05 pc 0000000000002074  /vendor/bin/my_uv_service (main+44) (BuildId: 9b47a07ec1d9d741dcbed4bd6570e468)
11-07 20:07:41.362 10986 10986 F DEBUG   :       #06 pc 0000000000053e48  /apex/com.android.runtime/lib64/bionic/libc.so (__libc_init+108) (BuildId: 50118287324a156bc7be11d3d940c7be)
11-07 20:07:41.365  1375  1721 W NativeCrashListener: Couldn't find ProcessRecord for pid 10983
11-07 20:07:41.365 10986 10986 E crash_dump64: AM data write failed: Broken pipe
11-07 20:07:41.367   586   586 E tombstoned: Tombstone written to: tombstone_19
11-07 20:07:41.376     0     0 I init    : Untracked pid 10986 exited with status 0
11-07 20:07:41.376     0     0 I init    : Untracked pid 10986 did not have an associated service entry and will not be reaped
11-07 20:07:41.376     0     0 I init    : Service 'my_uv_service' (pid 10983) received signal 6
11-07 20:07:41.376  1375  1513 E NativeTombstoneManager: Tombstone's UID (1000) not an app, ignoring
11-07 20:07:41.378  1375  1513 E NativeTombstoneManager: Tombstone's UID (1000) not an app, ignoring
11-07 20:07:42.001     0     0 I init    : starting service 'mc_logger'...
11-07 20:07:41.999  1375  2325 I WifiService: startScan uid=1001000
11-07 20:07:42.000  1375  1401 I WifiService: startScan uid=1001000
11-07 20:07:42.003  1375  2302 I WifiService: startScan uid=1001000
11-07 20:07:42.019     0     0 I init    : ... started service 'mc_logger' has pid 10991
11-07 20:07:42.027  1178  5948 D LOWI-9.0.1.68: [LOWI-Scan] wait_event:Wait done with Cmd 33
11-07 20:07:42.027  1178  5948 D LOWI-9.0.1.68: [LOWI-Scan] do_listen_events: Rcvd valid Netlink Cmd 0 Err 0
11-07 20:07:42.028   764  5796 V WifiHAL : event received NL80211_CMD_TRIGGER_SCAN
11-07 20:07:42.040 10991 10991 I MC_LOGGER: Motor Controller Logger Service Starting...
11-07 20:07:42.040 10991 10991 E MC_LOGGER: Failed to open UART device /dev/ttyMSM0: Permission denied
11-07 20:07:42.040 10991 10991 E MC_LOGGER: Motor Controller UART Initialization failed!
11-07 20:07:42.050     0     0 I init    : Service 'mc_logger' (pid 10991) exited with status 1
11-07 20:07:42.050     0     0 I init    : Sending signal 9 to service 'mc_logger' (pid 10991) process group...
11-07 20:07:42.050     0     0 I libprocessgroup: Successfully killed process cgroup uid 1000 pid 10991 in 0ms
11-07 20:07:42.309  1053  1053 E Bikelogs: recvfrom error: Try again
11-07 20:07:42.501  1375 10982 E UdpServiceJNI: udpReceiverThread: recvfrom failed: Try again
11-07 20:07:42.502  1375  1989 I UdpServiceJNI: UDP receiver stopped for OTA
11-07 20:07:42.503  1375  1989 I UdpServiceJNI: initUdp: UDP ready for 10.37.84.167:5575
11-07 20:07:42.503  1375  1989 I UdpServiceJNI: Log folder already exists: /data/system/udp_logs
11-07 20:07:42.504  1375  1989 I UdpServiceJNI: Log file created at /data/system/udp_logs/bms_000000000000000_boot_session_2025_11_07_14_37_42.bin
11-07 20:07:42.504  1375  1989 I UdpServiceJNI: Set file permissions to 644 (rw-r--r--) for: /data/system/udp_logs/bms_000000000000000_boot_session_2025_11_07_14_37_42.bin
11-07 20:07:42.505  1375 10996 I UdpServiceJNI: No more Files left
11-07 20:07:42.505  1375 10996 I UdpServiceJNI: FInal success_mask before return = 0
11-07 20:07:42.501  3893  3893 W binder:3893_1: type=1400 audit(0.0:480): avc:  denied  { search } for  name="tmp" dev="dm-8" ino=105 scontext=u:r:system_app:s0 tcontext=u:object_r:shell_data_file:s0 tclass=dir permissive=0
11-07 20:07:42.501  3893  3893 W binder:3893_1: type=1400 audit(0.0:481): avc:  denied  { search } for  name="tmp" dev="dm-8" ino=105 scontext=u:r:system_app:s0 tcontext=u:object_r:shell_data_file:s0 tclass=dir permissive=0
11-07 20:07:42.501  3893  3893 W binder:3893_1: type=1400 audit(0.0:482): avc:  denied  { search } for  name="tmp" dev="dm-8" ino=105 scontext=u:r:system_app:s0 tcontext=u:object_r:shell_data_file:s0 tclass=dir permissive=0
11-07 20:07:42.501  3893  3893 W binder:3893_1: type=1400 audit(0.0:483): avc:  denied  { search } for  name="tmp" dev="dm-8" ino=105 scontext=u:r:system_app:s0 tcontext=u:object_r:shell_data_file:s0 tclass=dir permissive=0
11-07 20:07:42.505  1375 10996 I UdpServiceJNI: Now entering into FinishOta function = 0
11-07 20:07:42.505  1375 10996 I UdpServiceJNI: OTA finished with mask: 0
11-07 20:07:42.505  1375 10996 I UdpService: OTA update completed and notified from native layer
11-07 20:07:42.506  1375 10996 I UdpService: OTA listeners cleared, state reset
11-07 20:07:42.506  1375 10996 I UdpServiceJNI: notifyJavaOtaComplete: Sent to Java
11-07 20:07:42.506  1375 10996 I UdpServiceJNI: UDP receiver thread restarted
11-07 20:07:42.506  3893  3935 E FotaService: fotaUdpCallback onOtaCompleted 0
11-07 20:07:42.501  3893  3893 W binder:3893_1: type=1400 audit(0.0:484): avc:  denied  { getattr } for  path="/data/local/tmp" dev="dm-8" ino=105 scontext=u:r:system_app:s0 tcontext=u:object_r:shell_data_file:s0 tclass=dir permissive=0
11-07 20:07:42.521     0     0 W audit   : audit_lost=12 audit_rate_limit=5 audit_backlog_limit=64
11-07 20:07:42.521     0     0 E audit   : rate limit exceeded
11-07 20:07:42.512  3893  3928 I FotaService.UpdateConfigs: Created config directory: false
11-07 20:07:42.512  3893  3928 E FotaService.UpdateConfigs: inside ensureConfigDirectory.Directory exists
11-07 20:07:42.517  3893  3928 W UpdateConfigs: Config file not found: /data/local/tmp/cloud_download/fota_update.json
11-07 20:07:42.517  3893  3928 D UpdateManager: setUpdaterState invoked newState=2
11-07 20:07:42.518  3893  3928 E JavaBinder: *** Uncaught remote exception! Exceptions are not yet supported across processes. Client PID 3654 UID 10045.
11-07 20:07:42.518  3893  3928 E JavaBinder: java.lang.RuntimeException: com.ultraviolette.fotaservice.cluster.UpdaterState$InvalidTransitionException: Can't transition from 2 to 2
11-07 20:07:42.518  3893  3928 E JavaBinder: 	at com.ultraviolette.fotaservice.FotaService.downloadOtaUpdate(FotaService.java:292)
11-07 20:07:42.518  3893  3928 E JavaBinder: 	at com.ultraviolette.fotaservice.FotaService$1.fotaUpdateAvailable(FotaService.java:61)
11-07 20:07:42.518  3893  3928 E JavaBinder: 	at com.ultraviolette.fotaservice.IFotaMqttEvents$Stub.onTransact(IFotaMqttEvents.java:68)
11-07 20:07:42.518  3893  3928 E JavaBinder: 	at android.os.Binder.execTransactInternal(Binder.java:1339)
11-07 20:07:42.518  3893  3928 E JavaBinder: 	at android.os.Binder.execTransact(Binder.java:1275)
11-07 20:07:42.518  3893  3928 E JavaBinder: Caused by: com.ultraviolette.fotaservice.cluster.UpdaterState$InvalidTransitionException: Can't transition from 2 to 2
11-07 20:07:42.518  3893  3928 E JavaBinder: 	at com.ultraviolette.fotaservice.cluster.UpdaterState.set(UpdaterState.java:69)
11-07 20:07:42.518  3893  3928 E JavaBinder: 	at com.ultraviolette.fotaservice.cluster.UpdateManager.setUpdaterState(UpdateManager.java:224)
11-07 20:07:42.518  3893  3928 E JavaBinder: 	at com.ultraviolette.fotaservice.cluster.UpdateManager.applyUpdate(UpdateManager.java:281)
11-07 20:07:42.518  3893  3928 E JavaBinder: 	at com.ultraviolette.fotaservice.FotaService.downloadOtaUpdate(FotaService.java:290)
11-07 20:07:42.518  3893  3928 E JavaBinder: 	... 4 more
11-07 20:07:42.505  3893  3893 W binder:3893_1: type=1400 audit(0.0:485): avc:  denied  { search } for  name="tmp" dev="dm-8" ino=105 scontext=u:r:system_app:s0 tcontext=u:object_r:shell_data_file:s0 tclass=dir permissive=0
11-07 20:07:42.505  3893  3893 W binder:3893_1: type=1400 audit(0.0:486): avc:  denied  { search } for  name="tmp" dev="dm-8" ino=105 scontext=u:r:system_app:s0 tcontext=u:object_r:shell_data_file:s0 tclass=dir permissive=0
11-07 20:07:42.505  3893  3893 W binder:3893_1: type=1400 audit(0.0:487): avc:  denied  { search } for  name="tmp" dev="dm-8" ino=105 scontext=u:r:system_app:s0 tcontext=u:object_r:shell_data_file:s0 tclass=dir permissive=0
11-07 20:07:42.505  3893  3893 W binder:3893_1: type=1400 audit(0.0:488): avc:  denied  { search } for  name="tmp" dev="dm-8" ino=105 scontext=u:r:system_app:s0 tcontext=u:object_r:shell_data_file:s0 tclass=dir permissive=0
11-07 20:07:42.805  2649  2704 E inform_hb_driver: Unable to open /sys/qti_heartbeat/sysstate_value
11-07 20:07:43.218  2649  2704 E inform_hb_driver: Unable to open /sys/qti_heartbeat/sysstate_value
11-07 20:07:43.333  1053  1053 E Bikelogs: recvfrom error: Try again
11-07 20:07:44.357  1053  1053 E Bikelogs: recvfrom error: Try again
11-07 20:07:45.381  1053  1053 E Bikelogs: recvfrom error: Try again
11-07 20:07:45.573  1375 10997 E UdpServiceJNI: udpReceiverThread: recvfrom failed: Try again
11-07 20:07:46.281     0     0 I init    : starting service 'my_uv_service'...
11-07 20:07:46.293     0     0 I init    : ... started service 'my_uv_service' has pid 11002
11-07 20:07:46.309 11002 11002 W my_uv_service: type=1400 audit(0.0:490): avc:  denied  { read write } for  name="vndbinder" dev="binder" ino=6 scontext=u:r:my_uv_service:s0 tcontext=u:object_r:vndbinder_device:s0 tclass=chr_file permissive=0
11-07 20:07:46.316 11002 11002 W ProcessState: Opening '/dev/vndbinder' failed: Permission denied
11-07 20:07:46.316 11002 11002 F ProcessState: Binder driver '/dev/vndbinder' could not be opened.  Terminating.
11-07 20:07:46.316 11002 11002 F libc    : Fatal signal 6 (SIGABRT), code -1 (SI_QUEUE) in tid 11002 (my_uv_service), pid 11002 (my_uv_service)
11-07 20:07:46.336 11005 11005 I crash_dump64: obtaining output fd from tombstoned, type: kDebuggerdTombstoneProto
11-07 20:07:46.337   586   586 I tombstoned: received crash request for pid 11002
11-07 20:07:46.338 11005 11005 I crash_dump64: performing dump of process 11002 (target tid = 11002)
11-07 20:07:46.359 11005 11005 F DEBUG   : *** *** *** *** *** *** *** *** *** *** *** *** *** *** *** ***
11-07 20:07:46.359 11005 11005 F DEBUG   : Build fingerprint: 'qti/bengal_2w/bengal_2w:14/UKQ1.250303.001/eng.uvbuil.20250915.113541:userdebug/test-keys'
11-07 20:07:46.359 11005 11005 F DEBUG   : Revision: '0'
11-07 20:07:46.359 11005 11005 F DEBUG   : ABI: 'arm64'
11-07 20:07:46.359 11005 11005 F DEBUG   : Timestamp: 2025-11-07 20:07:46.339612809+0530
11-07 20:07:46.359 11005 11005 F DEBUG   : Process uptime: 1s
11-07 20:07:46.359 11005 11005 F DEBUG   : Cmdline: /vendor/bin/my_uv_service
11-07 20:07:46.359 11005 11005 F DEBUG   : pid: 11002, tid: 11002, name: my_uv_service  >>> /vendor/bin/my_uv_service <<<
11-07 20:07:46.359 11005 11005 F DEBUG   : uid: 1000
11-07 20:07:46.359 11005 11005 F DEBUG   : signal 6 (SIGABRT), code -1 (SI_QUEUE), fault addr --------
11-07 20:07:46.359 11005 11005 F DEBUG   : Abort message: 'Binder driver '/dev/vndbinder' could not be opened.  Terminating.'
11-07 20:07:46.359 11005 11005 F DEBUG   :     x0  0000000000000000  x1  0000000000002afa  x2  0000000000000006  x3  0000007fe1d58b70
11-07 20:07:46.359 11005 11005 F DEBUG   :     x4  621f267164636d68  x5  621f267164636d68  x6  621f267164636d68  x7  7f7f7f7f7f7f7f7f
11-07 20:07:46.359 11005 11005 F DEBUG   :     x8  00000000000000f0  x9  00000072254ac1b8  x10 0000000000000001  x11 00000072254f4924
11-07 20:07:46.359 11005 11005 F DEBUG   :     x12 0000007fe1d58b30  x13 0000000000000042  x14 0000007fe1d58d00  x15 0000000000000000
11-07 20:07:46.359 11005 11005 F DEBUG   :     x16 000000722555cd18  x17 00000072255383b0  x18 000000722a97c000  x19 0000000000002afa
11-07 20:07:46.359 11005 11005 F DEBUG   :     x20 0000000000002afa  x21 00000000ffffffff  x22 0000007225295028  x23 0000000000000000
11-07 20:07:46.359 11005 11005 F DEBUG   :     x24 0000000000000000  x25 0000000000000000  x26 0000000000000000  x27 0000000000000000
11-07 20:07:46.359 11005 11005 F DEBUG   :     x28 0000000000000000  x29 0000007fe1d58bf0
11-07 20:07:46.359 11005 11005 F DEBUG   :     lr  00000072254e5624  sp  0000007fe1d58b50  pc  00000072254e5650  pst 0000000000000000
11-07 20:07:46.359 11005 11005 F DEBUG   : 7 total frames
11-07 20:07:46.359 11005 11005 F DEBUG   : backtrace:
11-07 20:07:46.359 11005 11005 F DEBUG   :       #00 pc 000000000005b650  /apex/com.android.runtime/lib64/bionic/libc.so (abort+168) (BuildId: 50118287324a156bc7be11d3d940c7be)
11-07 20:07:46.359 11005 11005 F DEBUG   :       #01 pc 0000000000006424  /system/lib64/liblog.so (__android_log_default_aborter+16) (BuildId: e05aefcb936d3c511dd026d3e152503f)
