11-07 20:08:06.413  1375  1721 W NativeCrashListener: Couldn't find ProcessRecord for pid 11073
11-07 20:08:06.414 11076 11076 E crash_dump64: AM data write failed: Broken pipe
11-07 20:08:06.415   586   586 E tombstoned: Tombstone written to: tombstone_24
11-07 20:08:06.424     0     0 I init    : Untracked pid 11076 exited with status 0
11-07 20:08:06.424     0     0 I init    : Untracked pid 11076 did not have an associated service entry and will not be reaped
11-07 20:08:06.420  1375  1513 E NativeTombstoneManager: Tombstone's UID (1000) not an app, ignoring
11-07 20:08:06.426     0     0 I init    : Service 'my_uv_service' (pid 11073) received signal 6
11-07 20:08:06.423  1375  1513 E NativeTombstoneManager: Tombstone's UID (1000) not an app, ignoring
11-07 20:08:06.790  1178  5948 D LOWI-9.0.1.68: [LOWI-Scan] wait_event:Wait done with Cmd 34
11-07 20:08:06.790  1178  5948 D LOWI-9.0.1.68: [LOWI-Scan] do_listen_events: Rcvd valid Netlink Cmd 34 Err 0
11-07 20:08:06.791  1178  5948 D LOWI-9.0.1.68: [LOWI-Scan]  -- associated
11-07 20:08:06.791  1178  5948 D LOWI-9.0.1.68: [LOWI-Scan] 
11-07 20:08:06.791  1178  5948 D LOWI-9.0.1.68: [LOWI-Scan] is_qcom_ie, bss_age: 0
11-07 20:08:06.791  1178  5948 D LOWI-9.0.1.68: [LOWI-Scan] BSS 4a:f3:ab:**:**:32 FREQ: 5320, cFreq1[40:80:160] = [5310:5290:0] cFreq2 = 0 SSID POCO, RSSI(dBM): -71, 11mcRanging: No, Country Code = IN
11-07 20:08:06.792  1178  5948 D LOWI-9.0.1.68: [LOWI-Scan] 
11-07 20:08:06.792  1178  5948 D LOWI-9.0.1.68: [LOWI-Scan] is_qcom_ie, bss_age: 0
11-07 20:08:06.792  1178  5948 D LOWI-9.0.1.68: [LOWI-Scan] BSS e6:55:b8:**:**:ec FREQ: 5240, cFreq1[40:80:160] = [5230:5210:0] cFreq2 = 0 SSID A71 - IT Infra, RSSI(dBM): -79, 11mcRanging: No, Country Code = IN
11-07 20:08:06.792  1178  5948 D LOWI-9.0.1.68: [LOWI-Scan] 
11-07 20:08:06.792  1178  5948 D LOWI-9.0.1.68: [LOWI-Scan] is_qcom_ie, bss_age: 0
11-07 20:08:06.792  1178  5948 D LOWI-9.0.1.68: [LOWI-Scan] BSS e2:55:b8:**:**:ec FREQ: 5240, cFreq1[40:80:160] = [5230:5210:0] cFreq2 = 0 SSID A71 - Design, RSSI(dBM): -80, 11mcRanging: No, Country Code = IN
11-07 20:08:06.792  1178  5948 D LOWI-9.0.1.68: [LOWI-Scan] 
11-07 20:08:06.792  1178  5948 D LOWI-9.0.1.68: [LOWI-Scan] is_qcom_ie, bss_age: 0
11-07 20:08:06.792  1178  5948 D LOWI-9.0.1.68: [LOWI-Scan] BSS ea:55:b8:**:**:ec FREQ: 5240, cFreq1[40:80:160] = [5230:5210:0] cFreq2 = 0 SSID A71 - Electronics, RSSI(dBM): -79, 11mcRanging: No, Country Code = IN
11-07 20:08:06.792  1178  5948 D LOWI-9.0.1.68: [LOWI-Scan] 
11-07 20:08:06.792  1178  5948 D LOWI-9.0.1.68: [LOWI-Scan] is_qcom_ie, bss_age: 0
11-07 20:08:06.792  1178  5948 D LOWI-9.0.1.68: [LOWI-Scan] BSS f6:55:b8:**:**:ec FREQ: 5240, cFreq1[40:80:160] = [5230:5210:0] cFreq2 = 0 SSID A71 - Operations, RSSI(dBM): -79, 11mcRanging: No, Country Code = IN
11-07 20:08:06.793  1178  5948 D LOWI-9.0.1.68: [LOWI-Scan] 
11-07 20:08:06.793  1178  5948 D LOWI-9.0.1.68: [LOWI-Scan] is_qcom_ie, bss_age: 0
11-07 20:08:06.793  1178  5948 D LOWI-9.0.1.68: [LOWI-Scan] BSS f2:55:b8:**:**:ec FREQ: 5240, cFreq1[40:80:160] = [5230:5210:0] cFreq2 = 0 SSID A71 - Guest, RSSI(dBM): -79, 11mcRanging: No, Country Code = IN
11-07 20:08:06.793  1178  5948 D LOWI-9.0.1.68: [LOWI-Scan] 
11-07 20:08:06.793  1178  5948 D LOWI-9.0.1.68: [LOWI-Scan] is_qcom_ie, bss_age: 0
11-07 20:08:06.793  1178  5948 D LOWI-9.0.1.68: [LOWI-Scan] BSS fe:55:b8:**:**:ec FREQ: 5240, cFreq1[40:80:160] = [5230:5210:0] cFreq2 = 0 SSID A71 - Printers, RSSI(dBM): -79, 11mcRanging: No, Country Code = IN
11-07 20:08:06.793  1178  5948 D LOWI-9.0.1.68: [LOWI-Scan] 
11-07 20:08:06.793  1178  5948 D LOWI-9.0.1.68: [LOWI-Scan] is_qcom_ie, bss_age: 0
11-07 20:08:06.793  1178  5948 D LOWI-9.0.1.68: [LOWI-Scan] BSS ee:55:b8:**:**:ec FREQ: 5240, cFreq1[40:80:160] = [5230:5210:0] cFreq2 = 0 SSID A71 - Engineering, RSSI(dBM): -80, 11mcRanging: No, Country Code = IN
11-07 20:08:06.793  1178  5948 D LOWI-9.0.1.68: [LOWI-Scan] 
11-07 20:08:06.793  1178  5948 D LOWI-9.0.1.68: [LOWI-Scan] is_qcom_ie, bss_age: 0
11-07 20:08:06.793  1178  5948 D LOWI-9.0.1.68: [LOWI-Scan] BSS e6:55:b8:**:**:a0 FREQ: 5320, cFreq1[40:80:160] = [5310:5290:0] cFreq2 = 0 SSID A71 - IT Infra, RSSI(dBM): -80, 11mcRanging: No, Country Code = IN
11-07 20:08:06.794  1178  5948 D LOWI-9.0.1.68: [LOWI-Scan] 
11-07 20:08:06.794  1178  5948 D LOWI-9.0.1.68: [LOWI-Scan] is_qcom_ie, bss_age: 0
11-07 20:08:06.794  1178  5948 D LOWI-9.0.1.68: [LOWI-Scan] BSS e2:55:b8:**:**:a0 FREQ: 5320, cFreq1[40:80:160] = [5310:5290:0] cFreq2 = 0 SSID A71 - Design, RSSI(dBM): -80, 11mcRanging: No, Country Code = IN
11-07 20:08:06.794  1178  5948 D LOWI-9.0.1.68: [LOWI-Scan] 
11-07 20:08:06.794  1178  5948 D LOWI-9.0.1.68: [LOWI-Scan] is_qcom_ie, bss_age: 0
11-07 20:08:06.794  1178  5948 D LOWI-9.0.1.68: [LOWI-Scan] BSS ee:55:b8:**:**:a0 FREQ: 5320, cFreq1[40:80:160] = [5310:5290:0] cFreq2 = 0 SSID A71 - Engineering, RSSI(dBM): -78, 11mcRanging: No, Country Code = IN
11-07 20:08:06.794  1178  5948 D LOWI-9.0.1.68: [LOWI-Scan] 
11-07 20:08:06.794  1178  5948 D LOWI-9.0.1.68: [LOWI-Scan] is_qcom_ie, bss_age: 0
11-07 20:08:06.794  1178  5948 D LOWI-9.0.1.68: [LOWI-Scan] BSS ea:55:b8:**:**:a0 FREQ: 5320, cFreq1[40:80:160] = [5310:5290:0] cFreq2 = 0 SSID A71 - Electronics, RSSI(dBM): -79, 11mcRanging: No, Country Code = IN
11-07 20:08:06.794  1178  5948 D LOWI-9.0.1.68: [LOWI-Scan] 
11-07 20:08:06.794  1178  5948 D LOWI-9.0.1.68: [LOWI-Scan] is_qcom_ie, bss_age: 0
11-07 20:08:06.794  1178  5948 D LOWI-9.0.1.68: [LOWI-Scan] BSS f6:55:b8:**:**:a0 FREQ: 5320, cFreq1[40:80:160] = [5310:5290:0] cFreq2 = 0 SSID A71 - Operations, RSSI(dBM): -79, 11mcRanging: No, Country Code = IN
11-07 20:08:06.795  1178  5948 D LOWI-9.0.1.68: [LOWI-Scan] 
11-07 20:08:06.795  1178  5948 D LOWI-9.0.1.68: [LOWI-Scan] is_qcom_ie, bss_age: 0
11-07 20:08:06.795  1178  5948 D LOWI-9.0.1.68: [LOWI-Scan] BSS f2:55:b8:**:**:a0 FREQ: 5320, cFreq1[40:80:160] = [5310:5290:0] cFreq2 = 0 SSID A71 - Guest, RSSI(dBM): -79, 11mcRanging: No, Country Code = IN
11-07 20:08:06.795  1178  5948 D LOWI-9.0.1.68: [LOWI-Scan] 
11-07 20:08:06.795  1178  5948 D LOWI-9.0.1.68: [LOWI-Scan] is_qcom_ie, bss_age: 0
11-07 20:08:06.795  1178  5948 D LOWI-9.0.1.68: [LOWI-Scan] BSS fe:55:b8:**:**:a0 FREQ: 5320, cFreq1[40:80:160] = [5310:5290:0] cFreq2 = 0 SSID A71 - Printers, RSSI(dBM): -79, 11mcRanging: No, Country Code = IN
11-07 20:08:06.795  1178  5948 D LOWI-9.0.1.68: [LOWI-Scan] 
11-07 20:08:06.795  1178  5948 D LOWI-9.0.1.68: [LOWI-Scan] is_qcom_ie, bss_age: 0
11-07 20:08:06.795  1178  5948 D LOWI-9.0.1.68: [LOWI-Scan] BSS d2:ad:08:**:**:f6 FREQ: 2412, cFreq1[40:80:160] = [0:0:0] cFreq2 = 0 SSID DIRECT-F6-HP 4104dw LJ, RSSI(dBM): -84, 11mcRanging: No, Country Code =    
11-07 20:08:06.796  1178  5948 D LOWI-9.0.1.68: [LOWI-Scan] 
11-07 20:08:06.796  1178  5948 D LOWI-9.0.1.68: [LOWI-Scan] is_qcom_ie, bss_age: 0
11-07 20:08:06.796  1178  5948 D LOWI-9.0.1.68: [LOWI-Scan] adjust_age:AP AGE upper limit reached. Dont store
11-07 20:08:06.796  1178  5948 D LOWI-9.0.1.68: [LOWI-Scan] BSS da:55:b8:**:**:a0 FREQ: 5320, cFreq1[40:80:160] = [5310:5290:0] cFreq2 = 0 SSID , RSSI(dBM): -79, 11mcRanging: No, Country Code = IN
11-07 20:08:06.796  1178  5948 D LOWI-9.0.1.68: [LOWIDiagLog] Log: lowiMeasResult->request: invalid null argument
11-07 20:08:06.796  1178  5948 I LOWI-9.0.1.68: [LOWI-Scan] lowi_close_record:Scan done in 1366917ms, 17 APs in scan results
11-07 20:08:06.796  1178  5948 D LOWI-9.0.1.68: [LOWI-Scan] WipsScanUsingNL: passive scan cached 0, took 9878 ms, err 0
11-07 20:08:06.796  1178  5948 D LOWI-9.0.1.68: [LOWI-Scan] lowi_proc_req_passive_scan_with_live_meas - No WLAN Frames to be parsed
11-07 20:08:06.796  1178  5948 D LOWI-9.0.1.68: [LOWIScanResultReceiver] Send scan meas to listener
11-07 20:08:06.800  1178  1204 D LOWI-9.0.1.68: [LOWIEventReceiver] handleEvent:FROM:NA, TO:NA, REQ:NA, IREQ:NA, REQ_ID:0, RESP:NA, INFO:NA
11-07 20:08:06.800  1178  1204 D LOWI-9.0.1.68: [LOWIBackgroundScanMgr] isRspForBgScanMgr: evt(LOWI_NO_EVT) - not handled
11-07 20:08:06.800  1178  1204 D LOWI-9.0.1.68: [LOWIScheduler] manageMsg: NULL results or NULL request in results
11-07 20:08:06.800  1178  1204 D LOWI-9.0.1.68: [LOWIController] Measurements received
11-07 20:08:06.800  1178  1204 D LOWI-9.0.1.68: [LOWICacheManager] putInCache:Num of Meas to add: 17
11-07 20:08:06.801  1178  1204 D LOWI-9.0.1.68: [LOWIController] processMeasurementResults: No current Request. Cache measurements
11-07 20:08:06.801  1178  1204 D LOWI-9.0.1.68: [LOWIController] sendAsyncScanResponse: Request FreeWifiScanObserver_0 is from a different client.
11-07 20:08:06.801  1178  1204 D LOWI-9.0.1.68: [LOWIController] generateResponse: Type (ASYNC_DISCOVERY_SCAN_RESULTS) ScanStatus (1) request FreeWifiScanObserver_0
11-07 20:08:06.801  1178  1204 D LOWI-9.0.1.68: [LOWIEventDispatcher] sendResponse - originator = FreeWifiScanObserver
11-07 20:08:06.802  1178  1204 D LOWI-9.0.1.68: [LOWIUtils] injectScanMeasurements - num of APs = 17
11-07 20:08:06.802   764  5796 V WifiHAL : event received NL80211_CMD_NEW_SCAN_RESULTS
11-07 20:08:06.804  1178  1204 I LOWI-9.0.1.68: [LOWIUtils] responseToOutPostcard - TO: FreeWifiScanObserver, FROM:   LOWI-SERVER, RESP:  LOWI_ASYNC_DISCOVERY_SCAN_RESULTS
11-07 20:08:06.805  1375  2325 D WifiNl80211Manager: Scan result ready event
11-07 20:08:06.806  1375  2325 D WifiNative: Scan result ready event
11-07 20:08:06.807  1178  1204 D LOWI-9.0.1.68: [LOWIControllerExtn] sendLOWILpDiscoveryScanResponse: Not a discovery scan response
11-07 20:08:06.824  1375  1603 W IE_Capabilities: Unknown RSN cipher suite: aac0f00
11-07 20:08:06.824  1375  1603 D WificondScannerImpl: Filtering out 1 scan results.
11-07 20:08:06.824  1178  5948 D LOWI-9.0.1.68: [LOWIScanResultReceiver] Enter passive listening mode
11-07 20:08:06.824  1178  5948 D LOWI-9.0.1.68: [LOWIWifiDriverInterface] getMeasurements - Passive listening mode
11-07 20:08:06.824  1178  5948 D LOWI-9.0.1.68: [LOWI-Scan] WipsScanUsingNL:wait -1 sec for netlink message
11-07 20:08:06.829   752  1813 I LocSvc_api_v02: ---> locClientSendReq line 2412 QMI_LOC_INJECT_WIFI_AP_DATA_REQ_V02
11-07 20:08:06.832   752  3289 I LocSvc_ApiV02: <--- globalRespCb line 277 QMI_LOC_INJECT_WIFI_AP_DATA_REQ_V02
11-07 20:08:06.885  1053  1053 E Bikelogs: recvfrom error: Try again
11-07 20:08:07.038     0     0 I init    : starting service 'mc_logger'...
11-07 20:08:07.051     0     0 I init    : ... started service 'mc_logger' has pid 11081
11-07 20:08:07.069 11081 11081 I MC_LOGGER: Motor Controller Logger Service Starting...
11-07 20:08:07.069 11081 11081 E MC_LOGGER: Failed to open UART device /dev/ttyMSM0: Permission denied
11-07 20:08:07.069 11081 11081 E MC_LOGGER: Motor Controller UART Initialization failed!
11-07 20:08:07.080     0     0 I init    : Service 'mc_logger' (pid 11081) exited with status 1
11-07 20:08:07.080     0     0 I init    : Sending signal 9 to service 'mc_logger' (pid 11081) process group...
11-07 20:08:07.080     0     0 I libprocessgroup: Successfully killed process cgroup uid 1000 pid 11081 in 0ms
11-07 20:08:07.077  1375 10997 E UdpServiceJNI: udpReceiverThread: recvfrom failed: Try again
11-07 20:08:07.823  2649  2704 E inform_hb_driver: Unable to open /sys/qti_heartbeat/sysstate_value
11-07 20:08:07.909  1053  1053 E Bikelogs: recvfrom error: Try again
11-07 20:08:08.247  2649  2704 E inform_hb_driver: Unable to open /sys/qti_heartbeat/sysstate_value
11-07 20:08:08.415  1375  1609 D ConnectivityService: NetReassign [no changes] [c 0] [a 1] [i 4]
11-07 20:08:08.933  1053  1053 E Bikelogs: recvfrom error: Try again
11-07 20:08:09.957  1053  1053 E Bikelogs: recvfrom error: Try again
11-07 20:08:10.149  1375 10997 E UdpServiceJNI: udpReceiverThread: recvfrom failed: Try again
11-07 20:08:10.981  1053  1053 E Bikelogs: recvfrom error: Try again
11-07 20:08:11.339     0     0 I init    : starting service 'my_uv_service'...
11-07 20:08:11.353     0     0 I init    : ... started service 'my_uv_service' has pid 11090
11-07 20:08:11.389 11090 11090 W ProcessState: Opening '/dev/vndbinder' failed: Permission denied
11-07 20:08:11.381 11090 11090 W my_uv_service: type=1400 audit(0.0:495): avc:  denied  { read write } for  name="vndbinder" dev="binder" ino=6 scontext=u:r:my_uv_service:s0 tcontext=u:object_r:vndbinder_device:s0 tclass=chr_file permissive=0
11-07 20:08:11.389 11090 11090 F libc    : Fatal signal 6 (SIGABRT), code -1 (SI_QUEUE) in tid 11090 (my_uv_service), pid 11090 (my_uv_service)
11-07 20:08:11.414 11093 11093 I crash_dump64: obtaining output fd from tombstoned, type: kDebuggerdTombstoneProto
11-07 20:08:11.416   586   586 I tombstoned: received crash request for pid 11090
11-07 20:08:11.417 11093 11093 I crash_dump64: performing dump of process 11090 (target tid = 11090)
11-07 20:08:11.444 11093 11093 F DEBUG   : *** *** *** *** *** *** *** *** *** *** *** *** *** *** *** ***
11-07 20:08:11.444 11093 11093 F DEBUG   : Build fingerprint: 'qti/bengal_2w/bengal_2w:14/UKQ1.250303.001/eng.uvbuil.20250915.113541:userdebug/test-keys'
11-07 20:08:11.444 11093 11093 F DEBUG   : Revision: '0'
11-07 20:08:11.444 11093 11093 F DEBUG   : ABI: 'arm64'
11-07 20:08:11.444 11093 11093 F DEBUG   : Timestamp: 2025-11-07 20:08:11.419545403+0530
11-07 20:08:11.444 11093 11093 F DEBUG   : Process uptime: 1s
11-07 20:08:11.444 11093 11093 F DEBUG   : Cmdline: /vendor/bin/my_uv_service
11-07 20:08:11.444 11093 11093 F DEBUG   : pid: 11090, tid: 11090, name: my_uv_service  >>> /vendor/bin/my_uv_service <<<
11-07 20:08:11.444 11093 11093 F DEBUG   : uid: 1000
11-07 20:08:11.444 11093 11093 F DEBUG   : signal 6 (SIGABRT), code -1 (SI_QUEUE), fault addr --------
11-07 20:08:11.444 11093 11093 F DEBUG   : Abort message: 'Binder driver '/dev/vndbinder' could not be opened.  Terminating.'
11-07 20:08:11.444 11093 11093 F DEBUG   :     x0  0000000000000000  x1  0000000000002b52  x2  0000000000000006  x3  0000007fd03c49b0
11-07 20:08:11.444 11093 11093 F DEBUG   :     x4  621f267164636d68  x5  621f267164636d68  x6  621f267164636d68  x7  7f7f7f7f7f7f7f7f
11-07 20:08:11.444 11093 11093 F DEBUG   :     x8  00000000000000f0  x9  0000007823eb71b8  x10 0000000000000001  x11 0000007823eff924
11-07 20:08:11.444 11093 11093 F DEBUG   :     x12 0000007fd03c4970  x13 0000000000000042  x14 0000007fd03c4b40  x15 0000000000000000
11-07 20:08:11.444 11093 11093 F DEBUG   :     x16 0000007823f67d18  x17 0000007823f433b0  x18 000000782712e000  x19 0000000000002b52
11-07 20:08:11.444 11093 11093 F DEBUG   :     x20 0000000000002b52  x21 00000000ffffffff  x22 00000078268cb028  x23 0000000000000000
11-07 20:08:11.444 11093 11093 F DEBUG   :     x24 0000000000000000  x25 0000000000000000  x26 0000000000000000  x27 0000000000000000
11-07 20:08:11.444 11093 11093 F DEBUG   :     x28 0000000000000000  x29 0000007fd03c4a30
11-07 20:08:11.444 11093 11093 F DEBUG   :     lr  0000007823ef0624  sp  0000007fd03c4990  pc  0000007823ef0650  pst 0000000000000000
11-07 20:08:11.444 11093 11093 F DEBUG   : 7 total frames
11-07 20:08:11.444 11093 11093 F DEBUG   : backtrace:
11-07 20:08:11.444 11093 11093 F DEBUG   :       #00 pc 000000000005b650  /apex/com.android.runtime/lib64/bionic/libc.so (abort+168) (BuildId: 50118287324a156bc7be11d3d940c7be)
11-07 20:08:11.445 11093 11093 F DEBUG   :       #01 pc 0000000000006424  /system/lib64/liblog.so (__android_log_default_aborter+16) (BuildId: e05aefcb936d3c511dd026d3e152503f)
11-07 20:08:11.445 11093 11093 F DEBUG   :       #02 pc 000000000000701c  /system/lib64/liblog.so (__android_log_assert+312) (BuildId: e05aefcb936d3c511dd026d3e152503f)
11-07 20:08:11.445 11093 11093 F DEBUG   :       #03 pc 000000000006adf0  /apex/com.android.vndk.v30/lib64/libbinder.so (android::ProcessState::ProcessState(char const*)+372) (BuildId: 7703b5b080cfabac26e5ae3585f2c76c)
11-07 20:08:11.445 11093 11093 F DEBUG   :       #04 pc 000000000006abe4  /apex/com.android.vndk.v30/lib64/libbinder.so (android::ProcessState::self()+112) (BuildId: 7703b5b080cfabac26e5ae3585f2c76c)
11-07 20:08:11.445 11093 11093 F DEBUG   :       #05 pc 0000000000002074  /vendor/bin/my_uv_service (main+44) (BuildId: 9b47a07ec1d9d741dcbed4bd6570e468)
11-07 20:08:11.445 11093 11093 F DEBUG   :       #06 pc 0000000000053e48  /apex/com.android.runtime/lib64/bionic/libc.so (__libc_init+108) (BuildId: 50118287324a156bc7be11d3d940c7be)
11-07 20:08:11.449     0     0 I logd    : logdr: UID=1000 GID=1000 PID=11093 n tail=500 logMask=8 pid=11090 start=0ns deadline=0ns
11-07 20:08:11.450     0     0 I logd    : logdr: UID=1000 GID=1000 PID=11093 n tail=500 logMask=1 pid=11090 start=0ns deadline=0ns
11-07 20:08:11.447  1375  1721 W NativeCrashListener: Couldn't find ProcessRecord for pid 11090
11-07 20:08:11.447 11093 11093 E crash_dump64: AM data write failed: Broken pipe
11-07 20:08:11.448   586   586 E tombstoned: Tombstone written to: tombstone_25
11-07 20:08:11.458     0     0 I init    : Untracked pid 11093 exited with status 0
11-07 20:08:11.458     0     0 I init    : Untracked pid 11093 did not have an associated service entry and will not be reaped
11-07 20:08:11.459     0     0 I init    : Untracked pid 11095 exited with status 0
11-07 20:08:11.451  1375  1513 E NativeTombstoneManager: Tombstone's UID (1000) not an app, ignoring
11-07 20:08:11.452  1375  1513 E NativeTombstoneManager: Tombstone's UID (1000) not an app, ignoring
11-07 20:08:12.005  1053  1053 E Bikelogs: recvfrom error: Try again
11-07 20:08:12.046     0     0 I init    : starting service 'mc_logger'...
11-07 20:08:12.060     0     0 I init    : ... started service 'mc_logger' has pid 11098
11-07 20:08:12.076 11098 11098 I MC_LOGGER: Motor Controller Logger Service Starting...
11-07 20:08:12.077 11098 11098 E MC_LOGGER: Failed to open UART device /dev/ttyMSM0: Permission denied
11-07 20:08:12.077 11098 11098 E MC_LOGGER: Motor Controller UART Initialization failed!
11-07 20:08:12.088     0     0 I init    : Service 'mc_logger' (pid 11098) exited with status 1
11-07 20:08:12.088     0     0 I init    : Sending signal 9 to service 'mc_logger' (pid 11098) process group...
11-07 20:08:12.088     0     0 I libprocessgroup: Successfully killed process cgroup uid 1000 pid 11098 in 0ms
11-07 20:08:12.091  1375  1401 I WifiService: startScan uid=1001000
11-07 20:08:12.091  1375  2302 I WifiService: startScan uid=1001000
11-07 20:08:12.091  1375  2325 I WifiService: startScan uid=1001000
11-07 20:08:12.103  1178  5948 D LOWI-9.0.1.68: [LOWI-Scan] wait_event:Wait done with Cmd 33
11-07 20:08:12.103  1178  5948 D LOWI-9.0.1.68: [LOWI-Scan] do_listen_events: Rcvd valid Netlink Cmd 0 Err 0
11-07 20:08:12.103   764  5796 V WifiHAL : event received NL80211_CMD_TRIGGER_SCAN
11-07 20:08:12.807  2649  2704 E inform_hb_driver: Unable to open /sys/qti_heartbeat/sysstate_value
11-07 20:08:13.029  1053  1053 E Bikelogs: recvfrom error: Try again
11-07 20:08:13.219  2649  2704 E inform_hb_driver: Unable to open /sys/qti_heartbeat/sysstate_value
11-07 20:08:13.221  1375 10997 E UdpServiceJNI: udpReceiverThread: recvfrom failed: Try again
11-07 20:08:14.053  1053  1053 E Bikelogs: recvfrom error: Try again
11-07 20:08:15.077  1053  1053 E Bikelogs: recvfrom error: Try again
11-07 20:08:16.101  1053  1053 E Bikelogs: recvfrom error: Try again
11-07 20:08:16.293  1375 10997 E UdpServiceJNI: udpReceiverThread: recvfrom failed: Try again
11-07 20:08:16.350     0     0 I init    : starting service 'my_uv_service'...
11-07 20:08:16.360     0     0 I init    : ... started service 'my_uv_service' has pid 11107
11-07 20:08:16.381 11107 11107 W my_uv_service: type=1400 audit(0.0:496): avc:  denied  { read write } for  name="vndbinder" dev="binder" ino=6 scontext=u:r:my_uv_service:s0 tcontext=u:object_r:vndbinder_device:s0 tclass=chr_file permissive=0
11-07 20:08:16.388 11107 11107 W ProcessState: Opening '/dev/vndbinder' failed: Permission denied
11-07 20:08:16.388 11107 11107 F ProcessState: Binder driver '/dev/vndbinder' could not be opened.  Terminating.
11-07 20:08:16.389 11107 11107 F libc    : Fatal signal 6 (SIGABRT), code -1 (SI_QUEUE) in tid 11107 (my_uv_service), pid 11107 (my_uv_service)
11-07 20:08:16.411 11110 11110 I crash_dump64: obtaining output fd from tombstoned, type: kDebuggerdTombstoneProto
11-07 20:08:16.411   586   586 I tombstoned: received crash request for pid 11107
11-07 20:08:16.412 11110 11110 I crash_dump64: performing dump of process 11107 (target tid = 11107)
11-07 20:08:16.446     0     0 I logd    : logdr: UID=1000 GID=1000 PID=11110 n tail=500 logMask=8 pid=11107 start=0ns deadline=0ns
11-07 20:08:16.441 11110 11110 F DEBUG   : *** *** *** *** *** *** *** *** *** *** *** *** *** *** *** ***
11-07 20:08:16.447     0     0 I logd    : logdr: UID=1000 GID=1000 PID=11110 n tail=500 logMask=1 pid=11107 start=0ns deadline=0ns
11-07 20:08:16.441 11110 11110 F DEBUG   : Build fingerprint: 'qti/bengal_2w/bengal_2w:14/UKQ1.250303.001/eng.uvbuil.20250915.113541:userdebug/test-keys'
11-07 20:08:16.441 11110 11110 F DEBUG   : Revision: '0'
11-07 20:08:16.441 11110 11110 F DEBUG   : ABI: 'arm64'
11-07 20:08:16.441 11110 11110 F DEBUG   : Timestamp: 2025-11-07 20:08:16.415131026+0530
11-07 20:08:16.441 11110 11110 F DEBUG   : Process uptime: 1s
11-07 20:08:16.441 11110 11110 F DEBUG   : Cmdline: /vendor/bin/my_uv_service
11-07 20:08:16.441 11110 11110 F DEBUG   : pid: 11107, tid: 11107, name: my_uv_service  >>> /vendor/bin/my_uv_service <<<
11-07 20:08:16.441 11110 11110 F DEBUG   : uid: 1000
11-07 20:08:16.441 11110 11110 F DEBUG   : signal 6 (SIGABRT), code -1 (SI_QUEUE), fault addr --------
11-07 20:08:16.441 11110 11110 F DEBUG   : Abort message: 'Binder driver '/dev/vndbinder' could not be opened.  Terminating.'
11-07 20:08:16.441 11110 11110 F DEBUG   :     x0  0000000000000000  x1  0000000000002b63  x2  0000000000000006  x3  0000007fee9469b0
11-07 20:08:16.441 11110 11110 F DEBUG   :     x4  621f267164636d68  x5  621f267164636d68  x6  621f267164636d68  x7  7f7f7f7f7f7f7f7f
11-07 20:08:16.441 11110 11110 F DEBUG   :     x8  00000000000000f0  x9  0000007e8f8aa1b8  x10 0000000000000001  x11 0000007e8f8f2924
11-07 20:08:16.441 11110 11110 F DEBUG   :     x12 0000007fee946970  x13 0000000000000042  x14 0000007fee946b40  x15 0000000000000000
11-07 20:08:16.441 11110 11110 F DEBUG   :     x16 0000007e8f95ad18  x17 0000007e8f9363b0  x18 0000007e9411e000  x19 0000000000002b63
11-07 20:08:16.441 11110 11110 F DEBUG   :     x20 0000000000002b63  x21 00000000ffffffff  x22 0000007e93785028  x23 0000000000000000
11-07 20:08:16.441 11110 11110 F DEBUG   :     x24 0000000000000000  x25 0000000000000000  x26 0000000000000000  x27 0000000000000000
11-07 20:08:16.441 11110 11110 F DEBUG   :     x28 0000000000000000  x29 0000007fee946a30
11-07 20:08:16.441 11110 11110 F DEBUG   :     lr  0000007e8f8e3624  sp  0000007fee946990  pc  0000007e8f8e3650  pst 0000000000000000
11-07 20:08:16.441 11110 11110 F DEBUG   : 7 total frames
11-07 20:08:16.441 11110 11110 F DEBUG   : backtrace:
11-07 20:08:16.441 11110 11110 F DEBUG   :       #00 pc 000000000005b650  /apex/com.android.runtime/lib64/bionic/libc.so (abort+168) (BuildId: 50118287324a156bc7be11d3d940c7be)
11-07 20:08:16.441 11110 11110 F DEBUG   :       #01 pc 0000000000006424  /system/lib64/liblog.so (__android_log_default_aborter+16) (BuildId: e05aefcb936d3c511dd026d3e152503f)
11-07 20:08:16.442 11110 11110 F DEBUG   :       #02 pc 000000000000701c  /system/lib64/liblog.so (__android_log_assert+312) (BuildId: e05aefcb936d3c511dd026d3e152503f)
11-07 20:08:16.442 11110 11110 F DEBUG   :       #03 pc 000000000006adf0  /apex/com.android.vndk.v30/lib64/libbinder.so (android::ProcessState::ProcessState(char const*)+372) (BuildId: 7703b5b080cfabac26e5ae3585f2c76c)
11-07 20:08:16.442 11110 11110 F DEBUG   :       #04 pc 000000000006abe4  /apex/com.android.vndk.v30/lib64/libbinder.so (android::ProcessState::self()+112) (BuildId: 7703b5b080cfabac26e5ae3585f2c76c)
11-07 20:08:16.442 11110 11110 F DEBUG   :       #05 pc 0000000000002074  /vendor/bin/my_uv_service (main+44) (BuildId: 9b47a07ec1d9d741dcbed4bd6570e468)
11-07 20:08:16.442 11110 11110 F DEBUG   :       #06 pc 0000000000053e48  /apex/com.android.runtime/lib64/bionic/libc.so (__libc_init+108) (BuildId: 50118287324a156bc7be11d3d940c7be)
11-07 20:08:16.448  1375  1721 W NativeCrashListener: Couldn't find ProcessRecord for pid 11107
11-07 20:08:16.448 11110 11110 E crash_dump64: AM data write failed: Broken pipe
11-07 20:08:16.449   586   586 E tombstoned: Tombstone written to: tombstone_26
11-07 20:08:16.451  1375  1513 E NativeTombstoneManager: Tombstone's UID (1000) not an app, ignoring
11-07 20:08:16.453  1375  1513 E NativeTombstoneManager: Tombstone's UID (1000) not an app, ignoring
11-07 20:08:16.459     0     0 I init    : Service 'my_uv_service' (pid 11107) received signal 6
11-07 20:08:16.459     0     0 I init    : Sending signal 9 to service 'my_uv_service' (pid 11107) process group...
11-07 20:08:16.465     0     0 I libprocessgroup: Successfully killed process cgroup uid 1000 pid 11107 in 5ms
11-07 20:08:16.933  1178  5948 D LOWI-9.0.1.68: [LOWI-Scan] wait_event:Wait done with Cmd 34
11-07 20:08:16.933  1178  5948 D LOWI-9.0.1.68: [LOWI-Scan] do_listen_events: Rcvd valid Netlink Cmd 34 Err 0
11-07 20:08:16.933  1375  2325 D WifiNl80211Manager: Scan result ready event
11-07 20:08:16.933  1375  2325 D WifiNative: Scan result ready event
11-07 20:08:16.934  1178  5948 D LOWI-9.0.1.68: [LOWI-Scan]  -- associated
11-07 20:08:16.934  1178  5948 D LOWI-9.0.1.68: [LOWI-Scan] 
11-07 20:08:16.934  1178  5948 D LOWI-9.0.1.68: [LOWI-Scan] is_qcom_ie, bss_age: 0
11-07 20:08:16.934  1178  5948 D LOWI-9.0.1.68: [LOWI-Scan] BSS 4a:f3:ab:**:**:32 FREQ: 5320, cFreq1[40:80:160] = [5310:5290:0] cFreq2 = 0 SSID POCO, RSSI(dBM): -71, 11mcRanging: No, Country Code = IN
11-07 20:08:16.934  1178  5948 D LOWI-9.0.1.68: [LOWI-Scan] 
11-07 20:08:16.934  1178  5948 D LOWI-9.0.1.68: [LOWI-Scan] is_qcom_ie, bss_age: 0
11-07 20:08:16.934  1178  5948 D LOWI-9.0.1.68: [LOWI-Scan] BSS e6:55:b8:**:**:ec FREQ: 5240, cFreq1[40:80:160] = [5230:5210:0] cFreq2 = 0 SSID A71 - IT Infra, RSSI(dBM): -80, 11mcRanging: No, Country Code = IN
11-07 20:08:16.934  1178  5948 D LOWI-9.0.1.68: [LOWI-Scan] 
11-07 20:08:16.934  1178  5948 D LOWI-9.0.1.68: [LOWI-Scan] is_qcom_ie, bss_age: 0
11-07 20:08:16.934  1178  5948 D LOWI-9.0.1.68: [LOWI-Scan] BSS e2:55:b8:**:**:ec FREQ: 5240, cFreq1[40:80:160] = [5230:5210:0] cFreq2 = 0 SSID A71 - Design, RSSI(dBM): -79, 11mcRanging: No, Country Code = IN
11-07 20:08:16.935  1178  5948 D LOWI-9.0.1.68: [LOWI-Scan] 
11-07 20:08:16.935  1178  5948 D LOWI-9.0.1.68: [LOWI-Scan] is_qcom_ie, bss_age: 0
11-07 20:08:16.935  1178  5948 D LOWI-9.0.1.68: [LOWI-Scan] BSS ea:55:b8:**:**:ec FREQ: 5240, cFreq1[40:80:160] = [5230:5210:0] cFreq2 = 0 SSID A71 - Electronics, RSSI(dBM): -80, 11mcRanging: No, Country Code = IN
11-07 20:08:16.935  1178  5948 D LOWI-9.0.1.68: [LOWI-Scan] 
11-07 20:08:16.935  1178  5948 D LOWI-9.0.1.68: [LOWI-Scan] is_qcom_ie, bss_age: 0
11-07 20:08:16.935  1178  5948 D LOWI-9.0.1.68: [LOWI-Scan] BSS f6:55:b8:**:**:ec FREQ: 5240, cFreq1[40:80:160] = [5230:5210:0] cFreq2 = 0 SSID A71 - Operations, RSSI(dBM): -79, 11mcRanging: No, Country Code = IN
11-07 20:08:16.935  1178  5948 D LOWI-9.0.1.68: [LOWI-Scan] 
11-07 20:08:16.935  1178  5948 D LOWI-9.0.1.68: [LOWI-Scan] is_qcom_ie, bss_age: 0
11-07 20:08:16.935  1178  5948 D LOWI-9.0.1.68: [LOWI-Scan] BSS f2:55:b8:**:**:ec FREQ: 5240, cFreq1[40:80:160] = [5230:5210:0] cFreq2 = 0 SSID A71 - Guest, RSSI(dBM): -80, 11mcRanging: No, Country Code = IN
11-07 20:08:16.936  1178  5948 D LOWI-9.0.1.68: [LOWI-Scan] 
11-07 20:08:16.936  1178  5948 D LOWI-9.0.1.68: [LOWI-Scan] is_qcom_ie, bss_age: 0
11-07 20:08:16.936  1178  5948 D LOWI-9.0.1.68: [LOWI-Scan] BSS fe:55:b8:**:**:ec FREQ: 5240, cFreq1[40:80:160] = [5230:5210:0] cFreq2 = 0 SSID A71 - Printers, RSSI(dBM): -80, 11mcRanging: No, Country Code = IN
11-07 20:08:16.936  1178  5948 D LOWI-9.0.1.68: [LOWI-Scan] 
11-07 20:08:16.936  1178  5948 D LOWI-9.0.1.68: [LOWI-Scan] is_qcom_ie, bss_age: 0
11-07 20:08:16.936  1178  5948 D LOWI-9.0.1.68: [LOWI-Scan] BSS ee:55:b8:**:**:ec FREQ: 5240, cFreq1[40:80:160] = [5230:5210:0] cFreq2 = 0 SSID A71 - Engineering, RSSI(dBM): -81, 11mcRanging: No, Country Code = IN
11-07 20:08:16.936  1178  5948 D LOWI-9.0.1.68: [LOWI-Scan] 
11-07 20:08:16.936  1178  5948 D LOWI-9.0.1.68: [LOWI-Scan] is_qcom_ie, bss_age: 0
11-07 20:08:16.936  1178  5948 D LOWI-9.0.1.68: [LOWI-Scan] BSS e6:55:b8:**:**:a0 FREQ: 5320, cFreq1[40:80:160] = [5310:5290:0] cFreq2 = 0 SSID A71 - IT Infra, RSSI(dBM): -80, 11mcRanging: No, Country Code = IN
11-07 20:08:16.936  1178  5948 D LOWI-9.0.1.68: [LOWI-Scan] 
11-07 20:08:16.936  1178  5948 D LOWI-9.0.1.68: [LOWI-Scan] is_qcom_ie, bss_age: 0
11-07 20:08:16.936  1178  5948 D LOWI-9.0.1.68: [LOWI-Scan] BSS e2:55:b8:**:**:a0 FREQ: 5320, cFreq1[40:80:160] = [5310:5290:0] cFreq2 = 0 SSID A71 - Design, RSSI(dBM): -78, 11mcRanging: No, Country Code = IN
11-07 20:08:16.937  1178  5948 D LOWI-9.0.1.68: [LOWI-Scan] 
11-07 20:08:16.937  1178  5948 D LOWI-9.0.1.68: [LOWI-Scan] is_qcom_ie, bss_age: 0
11-07 20:08:16.937  1178  5948 D LOWI-9.0.1.68: [LOWI-Scan] BSS ee:55:b8:**:**:a0 FREQ: 5320, cFreq1[40:80:160] = [5310:5290:0] cFreq2 = 0 SSID A71 - Engineering, RSSI(dBM): -78, 11mcRanging: No, Country Code = IN
11-07 20:08:16.937  1178  5948 D LOWI-9.0.1.68: [LOWI-Scan] 
11-07 20:08:16.937  1178  5948 D LOWI-9.0.1.68: [LOWI-Scan] is_qcom_ie, bss_age: 0
11-07 20:08:16.937  1178  5948 D LOWI-9.0.1.68: [LOWI-Scan] BSS ea:55:b8:**:**:a0 FREQ: 5320, cFreq1[40:80:160] = [5310:5290:0] cFreq2 = 0 SSID A71 - Electronics, RSSI(dBM): -79, 11mcRanging: No, Country Code = IN
11-07 20:08:16.940   764  5796 V WifiHAL : event received NL80211_CMD_NEW_SCAN_RESULTS
11-07 20:08:16.947  1178  5948 D LOWI-9.0.1.68: [LOWI-Scan] 
11-07 20:08:16.948  1178  5948 D LOWI-9.0.1.68: [LOWI-Scan] is_qcom_ie, bss_age: 0
11-07 20:08:16.948  1178  5948 D LOWI-9.0.1.68: [LOWI-Scan] BSS f6:55:b8:**:**:a0 FREQ: 5320, cFreq1[40:80:160] = [5310:5290:0] cFreq2 = 0 SSID A71 - Operations, RSSI(dBM): -79, 11mcRanging: No, Country Code = IN
11-07 20:08:16.950  1178  5948 D LOWI-9.0.1.68: [LOWI-Scan] 
11-07 20:08:16.950  1178  5948 D LOWI-9.0.1.68: [LOWI-Scan] is_qcom_ie, bss_age: 0
11-07 20:08:16.950  1178  5948 D LOWI-9.0.1.68: [LOWI-Scan] BSS f2:55:b8:**:**:a0 FREQ: 5320, cFreq1[40:80:160] = [5310:5290:0] cFreq2 = 0 SSID A71 - Guest, RSSI(dBM): -79, 11mcRanging: No, Country Code = IN
11-07 20:08:16.952  1178  5948 D LOWI-9.0.1.68: [LOWI-Scan] 
11-07 20:08:16.952  1178  5948 D LOWI-9.0.1.68: [LOWI-Scan] is_qcom_ie, bss_age: 0
11-07 20:08:16.952  1178  5948 D LOWI-9.0.1.68: [LOWI-Scan] BSS fe:55:b8:**:**:a0 FREQ: 5320, cFreq1[40:80:160] = [5310:5290:0] cFreq2 = 0 SSID A71 - Printers, RSSI(dBM): -79, 11mcRanging: No, Country Code = IN
11-07 20:08:16.954  1178  5948 D LOWI-9.0.1.68: [LOWI-Scan] 
11-07 20:08:16.955  1178  5948 D LOWI-9.0.1.68: [LOWI-Scan] is_qcom_ie, bss_age: 0
11-07 20:08:16.955  1178  5948 D LOWI-9.0.1.68: [LOWI-Scan] BSS d2:ad:08:**:**:f6 FREQ: 2412, cFreq1[40:80:160] = [0:0:0] cFreq2 = 0 SSID DIRECT-F6-HP 4104dw LJ, RSSI(dBM): -85, 11mcRanging: No, Country Code =    
11-07 20:08:16.955  1178  5948 D LOWI-9.0.1.68: [LOWI-Scan] 
11-07 20:08:16.955  1178  5948 D LOWI-9.0.1.68: [LOWI-Scan] is_qcom_ie, bss_age: 0
11-07 20:08:16.955  1178  5948 D LOWI-9.0.1.68: [LOWI-Scan] adjust_age:AP AGE upper limit reached. Dont store
11-07 20:08:16.956  1178  5948 D LOWI-9.0.1.68: [LOWI-Scan] BSS da:55:b8:**:**:a0 FREQ: 5320, cFreq1[40:80:160] = [5310:5290:0] cFreq2 = 0 SSID , RSSI(dBM): -79, 11mcRanging: No, Country Code = IN
11-07 20:08:16.956  1178  5948 D LOWI-9.0.1.68: [LOWIDiagLog] Log: lowiMeasResult->request: invalid null argument
11-07 20:08:16.956  1178  5948 I LOWI-9.0.1.68: [LOWI-Scan] lowi_close_record:Scan done in 1377077ms, 17 APs in scan results
11-07 20:08:16.956  1178  5948 D LOWI-9.0.1.68: [LOWI-Scan] WipsScanUsingNL: passive scan cached 0, took 10132 ms, err 0
11-07 20:08:16.956  1178  5948 D LOWI-9.0.1.68: [LOWI-Scan] lowi_proc_req_passive_scan_with_live_meas - No WLAN Frames to be parsed
11-07 20:08:16.956  1178  5948 D LOWI-9.0.1.68: [LOWIScanResultReceiver] Send scan meas to listener
11-07 20:08:16.956  1178  5948 D LOWI-9.0.1.68: [LOWIScanResultReceiver] Enter passive listening mode
11-07 20:08:16.956  1178  5948 D LOWI-9.0.1.68: [LOWIWifiDriverInterface] getMeasurements - Passive listening mode
11-07 20:08:16.956  1178  1204 D LOWI-9.0.1.68: [LOWIEventReceiver] handleEvent:FROM:NA, TO:NA, REQ:NA, IREQ:NA, REQ_ID:0, RESP:NA, INFO:NA
11-07 20:08:16.956  1178  1204 D LOWI-9.0.1.68: [LOWIBackgroundScanMgr] isRspForBgScanMgr: evt(LOWI_NO_EVT) - not handled
11-07 20:08:16.956  1178  1204 D LOWI-9.0.1.68: [LOWIScheduler] manageMsg: NULL results or NULL request in results
11-07 20:08:16.956  1178  1204 D LOWI-9.0.1.68: [LOWIController] Measurements received
11-07 20:08:16.956  1178  1204 D LOWI-9.0.1.68: [LOWICacheManager] putInCache:Num of Meas to add: 17
11-07 20:08:16.957  1178  1204 D LOWI-9.0.1.68: [LOWIController] processMeasurementResults: No current Request. Cache measurements
11-07 20:08:16.957  1178  1204 D LOWI-9.0.1.68: [LOWIController] sendAsyncScanResponse: Request FreeWifiScanObserver_0 is from a different client.
11-07 20:08:16.957  1375  1603 W IE_Capabilities: Unknown RSN cipher suite: aac0f00
11-07 20:08:16.958  1178  1204 D LOWI-9.0.1.68: [LOWIController] generateResponse: Type (ASYNC_DISCOVERY_SCAN_RESULTS) ScanStatus (1) request FreeWifiScanObserver_0
11-07 20:08:16.958  1178  1204 D LOWI-9.0.1.68: [LOWIEventDispatcher] sendResponse - originator = FreeWifiScanObserver
11-07 20:08:16.958  1178  5948 D LOWI-9.0.1.68: [LOWI-Scan] WipsScanUsingNL:wait -1 sec for netlink message
11-07 20:08:16.958  1375  1603 D WificondScannerImpl: Filtering out 1 scan results.
11-07 20:08:16.959  1178  1204 D LOWI-9.0.1.68: [LOWIUtils] injectScanMeasurements - num of APs = 17
11-07 20:08:16.960  1178  1204 I LOWI-9.0.1.68: [LOWIUtils] responseToOutPostcard - TO: FreeWifiScanObserver, FROM:   LOWI-SERVER, RESP:  LOWI_ASYNC_DISCOVERY_SCAN_RESULTS
11-07 20:08:16.961  1178  1204 D LOWI-9.0.1.68: [LOWIControllerExtn] sendLOWILpDiscoveryScanResponse: Not a discovery scan response
11-07 20:08:16.972   752  1813 I LocSvc_api_v02: ---> locClientSendReq line 2412 QMI_LOC_INJECT_WIFI_AP_DATA_REQ_V02
11-07 20:08:16.974   752  3289 I LocSvc_ApiV02: <--- globalRespCb line 277 QMI_LOC_INJECT_WIFI_AP_DATA_REQ_V02
11-07 20:08:17.052     0     0 I init    : starting service 'mc_logger'...
11-07 20:08:17.065     0     0 I init    : ... started service 'mc_logger' has pid 11115
11-07 20:08:17.087 11115 11115 I MC_LOGGER: Motor Controller Logger Service Starting...
11-07 20:08:17.087 11115 11115 E MC_LOGGER: Failed to open UART device /dev/ttyMSM0: Permission denied
11-07 20:08:17.087 11115 11115 E MC_LOGGER: Motor Controller UART Initialization failed!
11-07 20:08:17.097     0     0 I init    : Service 'mc_logger' (pid 11115) exited with status 1
11-07 20:08:17.097     0     0 I init    : Sending signal 9 to service 'mc_logger' (pid 11115) process group...
11-07 20:08:17.098     0     0 I libprocessgroup: Successfully killed process cgroup uid 1000 pid 11115 in 0ms
11-07 20:08:17.125  1053  1053 E Bikelogs: recvfrom error: Try again
11-07 20:08:17.830  2649  2704 E inform_hb_driver: Unable to open /sys/qti_heartbeat/sysstate_value
11-07 20:08:18.149  1053  1053 E Bikelogs: recvfrom error: Try again
11-07 20:08:18.260  2649  2704 E inform_hb_driver: Unable to open /sys/qti_heartbeat/sysstate_value
11-07 20:08:19.173  1053  1053 E Bikelogs: recvfrom error: Try again
11-07 20:08:19.365  1375 10997 E UdpServiceJNI: udpReceiverThread: recvfrom failed: Try again
11-07 20:08:20.197  1053  1053 E Bikelogs: recvfrom error: Try again
11-07 20:08:21.221  1053  1053 E Bikelogs: recvfrom error: Try again
11-07 20:08:21.361     0     0 I init    : starting service 'my_uv_service'...
11-07 20:08:21.374     0     0 I init    : ... started service 'my_uv_service' has pid 11124
11-07 20:08:21.401 11124 11124 W my_uv_service: type=1400 audit(0.0:497): avc:  denied  { read write } for  name="vndbinder" dev="binder" ino=6 scontext=u:r:my_uv_service:s0 tcontext=u:object_r:vndbinder_device:s0 tclass=chr_file permissive=0
11-07 20:08:21.408 11124 11124 W ProcessState: Opening '/dev/vndbinder' failed: Permission denied
11-07 20:08:21.409 11124 11124 F ProcessState: Binder driver '/dev/vndbinder' could not be opened.  Terminating.
11-07 20:08:21.409 11124 11124 F libc    : Fatal signal 6 (SIGABRT), code -1 (SI_QUEUE) in tid 11124 (my_uv_service), pid 11124 (my_uv_service)
11-07 20:08:21.431 11127 11127 I crash_dump64: obtaining output fd from tombstoned, type: kDebuggerdTombstoneProto
11-07 20:08:21.432   586   586 I tombstoned: received crash request for pid 11124
11-07 20:08:21.432 11127 11127 I crash_dump64: performing dump of process 11124 (target tid = 11124)
11-07 20:08:21.468     0     0 I logd    : logdr: UID=1000 GID=1000 PID=11127 n tail=500 logMask=8 pid=11124 start=0ns deadline=0ns
11-07 20:08:21.469     0     0 I logd    : logdr: UID=1000 GID=1000 PID=11127 n tail=500 logMask=1 pid=11124 start=0ns deadline=0ns
11-07 20:08:21.464 11127 11127 F DEBUG   : *** *** *** *** *** *** *** *** *** *** *** *** *** *** *** ***
11-07 20:08:21.464 11127 11127 F DEBUG   : Build fingerprint: 'qti/bengal_2w/bengal_2w:14/UKQ1.250303.001/eng.uvbuil.20250915.113541:userdebug/test-keys'
11-07 20:08:21.465 11127 11127 F DEBUG   : Revision: '0'
11-07 20:08:21.465 11127 11127 F DEBUG   : ABI: 'arm64'
11-07 20:08:21.465 11127 11127 F DEBUG   : Timestamp: 2025-11-07 20:08:21.434971233+0530
11-07 20:08:21.465 11127 11127 F DEBUG   : Process uptime: 1s
11-07 20:08:21.465 11127 11127 F DEBUG   : Cmdline: /vendor/bin/my_uv_service
11-07 20:08:21.465 11127 11127 F DEBUG   : pid: 11124, tid: 11124, name: my_uv_service  >>> /vendor/bin/my_uv_service <<<
11-07 20:08:21.465 11127 11127 F DEBUG   : uid: 1000
11-07 20:08:21.465 11127 11127 F DEBUG   : signal 6 (SIGABRT), code -1 (SI_QUEUE), fault addr --------
11-07 20:08:21.465 11127 11127 F DEBUG   : Abort message: 'Binder driver '/dev/vndbinder' could not be opened.  Terminating.'
11-07 20:08:21.465 11127 11127 F DEBUG   :     x0  0000000000000000  x1  0000000000002b74  x2  0000000000000006  x3  0000007fc949de30
11-07 20:08:21.465 11127 11127 F DEBUG   :     x4  621f267164636d68  x5  621f267164636d68  x6  621f267164636d68  x7  7f7f7f7f7f7f7f7f
11-07 20:08:21.465 11127 11127 F DEBUG   :     x8  00000000000000f0  x9  00000076344ad1b8  x10 0000000000000001  x11 00000076344f5924
11-07 20:08:21.465 11127 11127 F DEBUG   :     x12 0000007fc949ddf0  x13 0000000000000042  x14 0000007fc949dfc0  x15 0000000000000000
11-07 20:08:21.465 11127 11127 F DEBUG   :     x16 000000763455dd18  x17 00000076345393b0  x18 0000007636bda000  x19 0000000000002b74
11-07 20:08:21.465 11127 11127 F DEBUG   :     x20 0000000000002b74  x21 00000000ffffffff  x22 00000076342ed028  x23 0000000000000000
11-07 20:08:21.465 11127 11127 F DEBUG   :     x24 0000000000000000  x25 0000000000000000  x26 0000000000000000  x27 0000000000000000
11-07 20:08:21.465 11127 11127 F DEBUG   :     x28 0000000000000000  x29 0000007fc949deb0
11-07 20:08:21.465 11127 11127 F DEBUG   :     lr  00000076344e6624  sp  0000007fc949de10  pc  00000076344e6650  pst 0000000000000000
11-07 20:08:21.465 11127 11127 F DEBUG   : 7 total frames
11-07 20:08:21.465 11127 11127 F DEBUG   : backtrace:
11-07 20:08:21.465 11127 11127 F DEBUG   :       #00 pc 000000000005b650  /apex/com.android.runtime/lib64/bionic/libc.so (abort+168) (BuildId: 50118287324a156bc7be11d3d940c7be)
11-07 20:08:21.465 11127 11127 F DEBUG   :       #01 pc 0000000000006424  /system/lib64/liblog.so (__android_log_default_aborter+16) (BuildId: e05aefcb936d3c511dd026d3e152503f)
11-07 20:08:21.465 11127 11127 F DEBUG   :       #02 pc 000000000000701c  /system/lib64/liblog.so (__android_log_assert+312) (BuildId: e05aefcb936d3c511dd026d3e152503f)
11-07 20:08:21.465 11127 11127 F DEBUG   :       #03 pc 000000000006adf0  /apex/com.android.vndk.v30/lib64/libbinder.so (android::ProcessState::ProcessState(char const*)+372) (BuildId: 7703b5b080cfabac26e5ae3585f2c76c)
11-07 20:08:21.465 11127 11127 F DEBUG   :       #04 pc 000000000006abe4  /apex/com.android.vndk.v30/lib64/libbinder.so (android::ProcessState::self()+112) (BuildId: 7703b5b080cfabac26e5ae3585f2c76c)
11-07 20:08:21.465 11127 11127 F DEBUG   :       #05 pc 0000000000002074  /vendor/bin/my_uv_service (main+44) (BuildId: 9b47a07ec1d9d741dcbed4bd6570e468)
11-07 20:08:21.465 11127 11127 F DEBUG   :       #06 pc 0000000000053e48  /apex/com.android.runtime/lib64/bionic/libc.so (__libc_init+108) (BuildId: 50118287324a156bc7be11d3d940c7be)
11-07 20:08:21.472  1375  1721 W NativeCrashListener: Couldn't find ProcessRecord for pid 11124
11-07 20:08:21.473 11127 11127 E crash_dump64: AM data write failed: Broken pipe
11-07 20:08:21.474   586   586 E tombstoned: Tombstone written to: tombstone_27
11-07 20:08:21.476  1375  1513 E NativeTombstoneManager: Tombstone's UID (1000) not an app, ignoring
11-07 20:08:21.485     0     0 I init    : Service 'my_uv_service' (pid 11124) received signal 6
11-07 20:08:21.485     0     0 I init    : Sending signal 9 to service 'my_uv_service' (pid 11124) process group...
11-07 20:08:21.478  1375  1513 E NativeTombstoneManager: Tombstone's UID (1000) not an app, ignoring
11-07 20:08:21.491     0     0 I libprocessgroup: Successfully killed process cgroup uid 1000 pid 11124 in 6ms
