11-07 19:45:04.536  1375  2006 V StorageManagerService: Package com.android.proxyhandler does not have legacy storage
11-07 19:45:04.536  1375  2004 V SystemServerTimingAsync: ssm.onStartUser-10_com.android.server.app.GameManagerService$Lifecycle took to complete: 1ms
11-07 19:45:04.536  1375  2006 V StorageManagerService: Package com.android.internal.display.cutout.emulation.waterfall does not have legacy storage
11-07 19:45:04.536  1375  2006 V StorageManagerService: Package com.android.intentresolver does not have legacy storage
11-07 19:45:04.536  1375  2006 V StorageManagerService: Package com.qualcomm.qti.workloadclassifier does not have legacy storage
11-07 19:45:04.536  1375  2004 D SystemServerTimingAsync: ssm.onStartUser-10_com.android.safetycenter.SafetyCenterService
11-07 19:45:04.536  1375  2006 V StorageManagerService: Package com.android.nearby.halfsheet does not have legacy storage
11-07 19:45:04.536  1375  2004 V SystemServerTimingAsync: ssm.onStartUser-10_com.android.safetycenter.SafetyCenterService took to complete: 0ms
11-07 19:45:04.536  1375  2006 V StorageManagerService: Package com.android.inputmethod.latin does not have legacy storage
11-07 19:45:04.536  1375  2004 D SystemServerTimingAsync: ssm.onStartUser-10_com.android.server.appsearch.AppSearchModule$Lifecycle
11-07 19:45:04.536  1375  2004 V SystemServerTimingAsync: ssm.onStartUser-10_com.android.server.appsearch.AppSearchModule$Lifecycle took to complete: 0ms
11-07 19:45:04.536  1375  2006 V StorageManagerService: Package com.android.internal.systemui.navbar.transparent does not have legacy storage
11-07 19:45:04.536  1375  2004 D SystemServerTimingAsync: ssm.onStartUser-10_com.android.server.media.MediaCommunicationService
11-07 19:45:04.536  1375  2006 V StorageManagerService: Package android.car.usb.handler does not have legacy storage
11-07 19:45:04.536  1375  2006 V StorageManagerService: Package com.android.managedprovisioning does not have legacy storage
11-07 19:45:04.536  1375  2004 V SystemServerTimingAsync: ssm.onStartUser-10_com.android.server.media.MediaCommunicationService took to complete: 0ms
11-07 19:45:04.536  1375  2006 V StorageManagerService: Package com.android.networkstack.tethering does not have legacy storage
11-07 19:45:04.536  1375  2004 D SystemServerTimingAsync: ssm.onStartUser-10_com.android.server.compat.overrides.AppCompatOverridesService$Lifecycle
11-07 19:45:04.536  1375  2004 V SystemServerTimingAsync: ssm.onStartUser-10_com.android.server.compat.overrides.AppCompatOverridesService$Lifecycle took to complete: 0ms
11-07 19:45:04.536  1375  2006 V StorageManagerService: Package com.android.soundpicker does not have legacy storage
11-07 19:45:04.536  1375  2004 D SystemServerTimingAsync: ssm.onStartUser-10_com.android.server.healthconnect.HealthConnectManagerService
11-07 19:45:04.536  1375  2004 V SystemServerTimingAsync: ssm.onStartUser-10_com.android.server.healthconnect.HealthConnectManagerService took to complete: 0ms
11-07 19:45:04.536  1375  2004 D SystemServerTimingAsync: ssm.onStartUser-10_com.android.server.devicelock.DeviceLockService
11-07 19:45:04.536  1375  2004 V SystemServerTimingAsync: ssm.onStartUser-10_com.android.server.devicelock.DeviceLockService took to complete: 0ms
11-07 19:45:04.536  1375  2004 D SystemServerTimingAsync: ssm.onStartUser-10_com.android.internal.car.CarServiceHelperService
11-07 19:45:04.536  1375  2005 D SystemServerTiming: Permission_synchronize_addPackages-10
11-07 19:45:04.536  1375  2004 D CarServiceHelper: onUserStarting(10)
11-07 19:45:04.537  1375  2004 V SystemServerTimingAsync: ssm.onStartUser-10_com.android.internal.car.CarServiceHelperService took to complete: 0ms
11-07 19:45:04.537  1755  1935 D ICarImpl: onUserLifecycleEvent(STARTING, 10)
11-07 19:45:04.537  1375  2006 V StorageManagerService: Package com.example.vehiclemqttservice does not have legacy storage
11-07 19:45:04.538  1755  1880 V CarUserService: notify-listener-com.android.car.user.InternalLifecycleListener@c1bb5c3 took to complete: 0ms
11-07 19:45:04.538  1755  1880 V CarUserService: notify-listeners-user-10-event-1 took to complete: 0ms
11-07 19:45:04.538  1375  2006 V StorageManagerService: Package com.android.car.bugreport does not have legacy storage
11-07 19:45:04.538  1375  2006 V StorageManagerService: Package com.qualcomm.qct.dlt does not have legacy storage
11-07 19:45:04.538  1375  2006 V StorageManagerService: Package com.android.smspush does not have legacy storage
11-07 19:45:04.538  1375  2006 V StorageManagerService: Package com.qualcomm.qti.dcf.client.service does not have legacy storage
11-07 19:45:04.538  1375  2006 V StorageManagerService: Package com.android.role.notes.enabled does not have legacy storage
11-07 19:45:04.538  1375  2006 V StorageManagerService: Package com.qualcomm.atfwd2 does not have legacy storage
11-07 19:45:04.538  1375  2006 V StorageManagerService: Package com.android.car.cartelemetryapp does not have legacy storage
11-07 19:45:04.538  1375  2006 V StorageManagerService: Package com.android.experimentalcar has legacy storage
11-07 19:45:04.538  1375  2006 V StorageManagerService: Package com.android.apps.tag does not have legacy storage
11-07 19:45:04.538  1375  2006 V StorageManagerService: Package com.android.imsserviceentitlement does not have legacy storage
11-07 19:45:04.538  1375  2006 V StorageManagerService: Package com.android.storagemanager does not have legacy storage
11-07 19:45:04.538  1375  2006 V StorageManagerService: Package com.quicinc.voiceassistant.reference does not have legacy storage
11-07 19:45:04.538  1375  2006 V StorageManagerService: Package my.tests.snapdragonsdktest does not have legacy storage
11-07 19:45:04.539  1375  2006 V StorageManagerService: Package com.qualcomm.qti.cne does not have legacy storage
11-07 19:45:04.539  1375  2006 V StorageManagerService: Package com.qualcomm.qti.ims does not have legacy storage
11-07 19:45:04.539  1375  2006 V StorageManagerService: Package com.qualcomm.qti.lpa does not have legacy storage
11-07 19:45:04.539  1375  2006 V StorageManagerService: Package com.qualcomm.qti.smq does not have legacy storage
11-07 19:45:04.539  1375  2006 V StorageManagerService: Package com.qualcomm.qti.sva does not have legacy storage
11-07 19:45:04.539  1375  2006 V StorageManagerService: Package com.qualcomm.qti.uim does not have legacy storage
11-07 19:45:04.539  1375  2006 V StorageManagerService: Package com.android.cts.ctsshim does not have legacy storage
11-07 19:45:04.539  1375  2006 V StorageManagerService: Package com.qti.telephonysettings does not have legacy storage
11-07 19:45:04.539  1375  2006 V StorageManagerService: Package com.ultraviolette.fotaservice has legacy storage
11-07 19:45:04.539  1375  2006 V StorageManagerService: Package com.qualcomm.qti.uimGbaApp does not have legacy storage
11-07 19:45:04.539  1375  2006 V StorageManagerService: Package com.caf.fmradio does not have legacy storage
11-07 19:45:04.539  1375  2006 V StorageManagerService: Package com.qti.diagservices has legacy storage
11-07 19:45:04.539  1375  2006 V StorageManagerService: Package com.android.permissioncontroller.car.rro does not have legacy storage
11-07 19:45:04.539  1375  2006 V StorageManagerService: Package com.android.vpndialogs does not have legacy storage
11-07 19:45:04.539  1375  2006 V StorageManagerService: Package com.android.ecall does not have legacy storage
11-07 19:45:04.539  1375  2006 V StorageManagerService: Package com.android.music does not have legacy storage
11-07 19:45:04.539  1375  2006 V StorageManagerService: Package com.android.phone does not have legacy storage
11-07 19:45:04.539  1375  2006 V StorageManagerService: Package com.android.shell does not have legacy storage
11-07 19:45:04.539  1375  2006 V StorageManagerService: Package com.android.sdksandbox does not have legacy storage
11-07 19:45:04.539  1375  2006 V StorageManagerService: Package org.codeaurora.snapcam does not have legacy storage
11-07 19:45:04.539  1375  2006 V StorageManagerService: Package com.android.providers.userdictionary does not have legacy storage
11-07 19:45:04.539  1375  2006 V StorageManagerService: Package com.android.providers.media.module does not have legacy storage
11-07 19:45:04.539  1375  2006 V StorageManagerService: Package com.qualcomm.qti.cam2test does not have legacy storage
11-07 19:45:04.539  1375  2006 V StorageManagerService: Package com.android.emergency does not have legacy storage
11-07 19:45:04.539  1375  2006 V StorageManagerService: Package com.android.hotspot2.osulogin does not have legacy storage
11-07 19:45:04.540  1375  2006 V StorageManagerService: Package com.qualcomm.qti.qmmi has legacy storage
11-07 19:45:04.540  1375  2006 V StorageManagerService: Package com.qualcomm.qti.usta does not have legacy storage
11-07 19:45:04.540  1375  2006 V StorageManagerService: Package com.qualcomm.qti.xrcb does not have legacy storage
11-07 19:45:04.540  1375  2006 V StorageManagerService: Package com.android.internal.systemui.navbar.gestural does not have legacy storage
11-07 19:45:04.540  1375  2006 V StorageManagerService: Package com.android.location.fused has legacy storage
11-07 19:45:04.540  1375  2006 V StorageManagerService: Package com.android.systemui does not have legacy storage
11-07 19:45:04.540  1375  2006 V StorageManagerService: Package com.android.bluetoothmidiservice does not have legacy storage
11-07 19:45:04.540  1375  2006 V StorageManagerService: Package com.qualcomm.qti.confdialer does not have legacy storage
11-07 19:45:04.540  1375  2006 V StorageManagerService: Package com.qualcomm.qti.poweroffalarm does not have legacy storage
11-07 19:45:04.540  1375  2006 V StorageManagerService: Package com.android.car.updatable does not have legacy storage
11-07 19:45:04.540  1375  2006 V StorageManagerService: Package com.qti.ltebc does not have legacy storage
11-07 19:45:04.540  1375  2006 V StorageManagerService: Package com.qti.phone does not have legacy storage
11-07 19:45:04.540  1375  2006 V StorageManagerService: Package com.qualcomm.qti.dcf.nearbyclient does not have legacy storage
11-07 19:45:04.540  1375  2006 V StorageManagerService: Package com.android.permissioncontroller does not have legacy storage
11-07 19:45:04.540  1375  2006 V StorageManagerService: Package com.android.traceur does not have legacy storage
11-07 19:45:04.540  1375  2006 V StorageManagerService: Package com.qualcomm.qti.qms.service.trustzoneaccess does not have legacy storage
11-07 19:45:04.540  1375  2006 V StorageManagerService: Package com.qti.dcf does not have legacy storage
11-07 19:45:04.540  1375  2006 V StorageManagerService: Package com.qti.qcc does not have legacy storage
11-07 19:45:04.540  1375  2006 V StorageManagerService: Package com.qualcomm.qtil.aptxui does not have legacy storage
11-07 19:45:04.540  1375  2006 V StorageManagerService: Package com.android.ondevicepersonalization.services does not have legacy storage
11-07 19:45:04.540  1375  2006 V StorageManagerService: Package com.qualcomm.qti.server.wigig.tethering.rro does not have legacy storage
11-07 19:45:04.540  1375  2006 V StorageManagerService: Package com.qualcomm.qtil.btdsda does not have legacy storage
11-07 19:45:04.540  1375  2006 V StorageManagerService: Package com.android.bluetooth does not have legacy storage
11-07 19:45:04.540  1375  2006 V StorageManagerService: Package com.qualcomm.timeservice does not have legacy storage
11-07 19:45:04.540  1375  2006 V StorageManagerService: Package com.qualcomm.atfwd does not have legacy storage
11-07 19:45:04.540  1375  2006 V StorageManagerService: Package com.android.providers.contacts does not have legacy storage
11-07 19:45:04.541  1375  2006 V StorageManagerService: Package com.android.captiveportallogin does not have legacy storage
11-07 19:45:04.541  1375  2006 V StorageManagerService: Package com.android.internal.systemui.navbar.gestural_narrow_back does not have legacy storage
11-07 19:45:04.541  1375  2006 V StorageManagerService: Package com.android.devicelockcontroller does not have legacy storage
11-07 19:45:04.541  1375  2006 V StorageManagerService: Package com.android.ext.adservices.api does not have legacy storage
11-07 19:45:04.541  1375  2006 V StorageManagerService: Package com.android.cellbroadcastreceiver.overlay.common does not have legacy storage
11-07 19:45:04.541  1375  2006 V StorageManagerService: Package com.qualcomm.qti.sensors.qsensortest does not have legacy storage
11-07 19:45:04.541  1375  2006 V StorageManagerService: Package com.google.android.car.adaslocation does not have legacy storage
11-07 19:45:04.542  1375  2006 V SystemServerTimingAsync: ssm.onStartUser-10_com.android.server.StorageManagerService$Lifecycle took to complete: 18ms
11-07 19:45:04.545  1375  2007 W ContextImpl: Calling a method in the system process without a qualified user: android.app.ContextImpl.bindService:1988 android.content.ContextWrapper.bindService:861 com.qualcomm.qti.activityextension.ActivityNotifier.bindToDynamicDDSService:103 com.qualcomm.qti.activityextension.ActivityNotifier.handleSendActivityInvokeNotification:184 com.qualcomm.qti.activityextension.ActivityNotifier.access$300:26 
11-07 19:45:04.546  1375  1375 I ActivityTaskManager: START u10 {act=android.intent.action.MAIN cat=[android.intent.category.HOME] flg=0x10000100 cmp=com.android.car.settings/.FallbackHome (has extras)} with LAUNCH_MULTIPLE from uid 0 (BAL_ALLOW_ALLOWLISTED_UID) result code=0
11-07 19:45:04.547  1375  1375 V SystemServerTiming: moveUserToForeground took to complete: 75ms
11-07 19:45:04.547  1375  1375 D SystemServerTiming: sendRestartBroadcast
11-07 19:45:04.547  1375  1406 I ActivityTaskManager: Config changes=80000000 {1.0 ?mcc0mnc [en_US] ldltr sw720dp w720dp h1280dp 160dpi xlrg long port car finger -keyb/h/h -nav/h winConfig={ mBounds=Rect(0, 0 - 720, 1280) mAppBounds=Rect(0, 0 - 720, 1280) mMaxBounds=Rect(0, 0 - 720, 1280) mDisplayRotation=ROTATION_0 mWindowingMode=fullscreen mDisplayWindowingMode=fullscreen mActivityType=undefined mAlwaysOnTop=undefined mRotation=ROTATION_0} as.2 s.16 fontWeightAdjustment=0}
11-07 19:45:04.551  1375  1406 I WindowManager: Override config changes=80000000 {1.0 ?mcc0mnc [en_US] ldltr sw720dp w720dp h1280dp 160dpi xlrg long port car finger -keyb/h/h -nav/h winConfig={ mBounds=Rect(0, 0 - 720, 1280) mAppBounds=Rect(0, 0 - 720, 1280) mMaxBounds=Rect(0, 0 - 720, 1280) mDisplayRotation=ROTATION_0 mWindowingMode=fullscreen mDisplayWindowingMode=fullscreen mActivityType=undefined mAlwaysOnTop=undefined mRotation=ROTATION_0} as.2 s.16 fontWeightAdjustment=0} for displayId=0
11-07 19:45:04.551  1375  1535 W CameraService_proxy: Could not notify cameraserver, camera service not available.
11-07 19:45:04.551  1375  1535 I CameraService_proxy: Could not notify camera service of user switch, retrying...
11-07 19:45:04.556  1375  2007 D CompatibilityChangeReporter: Compat change id reported: 135634846; UID 1001; state: DISABLED
11-07 19:45:04.557  1375  2007 D CompatibilityChangeReporter: Compat change id reported: 177438394; UID 1001; state: DISABLED
11-07 19:45:04.557  1375  2007 D CompatibilityChangeReporter: Compat change id reported: 135772972; UID 1001; state: DISABLED
11-07 19:45:04.557  1375  2007 D CompatibilityChangeReporter: Compat change id reported: 135754954; UID 1001; state: ENABLED
11-07 19:45:04.558  1375  1375 V SystemServerTiming: sendRestartBroadcast took to complete: 12ms
11-07 19:45:04.558  1375  1375 V SystemServerTiming: UserController.startUser-10-fg-start-mode-1 took to complete: 554ms
11-07 19:45:04.558  1375  1375 V SystemServerTiming: switchToBootUser-10 took to complete: 554ms
11-07 19:45:04.558  1375  1375 V SystemServerTiming: HsumBootUserInitializer.systemRunning took to complete: 845ms
11-07 19:45:04.558  1375  1375 D SystemServerTiming: StartNetworkStack
11-07 19:45:04.562  1375  1375 D CompatibilityChangeReporter: Compat change id reported: 135634846; UID 1073; state: DISABLED
11-07 19:45:04.562  1375  1375 D CompatibilityChangeReporter: Compat change id reported: 177438394; UID 1073; state: DISABLED
11-07 19:45:04.562  1375  1375 D CompatibilityChangeReporter: Compat change id reported: 135772972; UID 1073; state: DISABLED
11-07 19:45:04.563  1375  1375 D CompatibilityChangeReporter: Compat change id reported: 135754954; UID 1073; state: ENABLED
11-07 19:45:04.563  1375  1375 V SystemServerTiming: StartNetworkStack took to complete: 5ms
11-07 19:45:04.563  1375  1375 D SystemServerTiming: StartTethering
11-07 19:45:04.565  1375  1375 V SystemServerTiming: StartTethering took to complete: 2ms
11-07 19:45:04.565  1375  1375 D SystemServerTiming: MakeCountryDetectionServiceReady
11-07 19:45:04.565  1375  1375 V SystemServerTiming: MakeCountryDetectionServiceReady took to complete: 0ms
11-07 19:45:04.566  1375  1375 D SystemServerTiming: MakeNetworkTimeUpdateReady
11-07 19:45:04.566  1375  1415 D CountryDetector: Using custom country detector class: com.android.server.location.ComprehensiveCountryDetector
11-07 19:45:04.566  1375  1417 I ActivityManager: Start proc 2008:.dataservices/1001 for service {com.qualcomm.qti.dynamicddsservice/com.qualcomm.qti.dynamicddsservice.DynamicDDSService}
11-07 19:45:04.568  1375  1375 V SystemServerTiming: MakeNetworkTimeUpdateReady took to complete: 2ms
11-07 19:45:04.568  1375  1375 D SystemServerTiming: MakeInputManagerServiceReady
11-07 19:45:04.568  1375  1415 E CountryDetector: Could not instantiate the custom country detector class
11-07 19:45:04.568  1375  1415 D CountryDetector: Using default country detector
11-07 19:45:04.572  1375  1535 W CameraService_proxy: Could not notify cameraserver, camera service not available.
11-07 19:45:04.572  1375  1535 I CameraService_proxy: Could not notify camera service of user switch, retrying...
11-07 19:45:04.580     0     0 I servicemanager: Could not find android.hardware.input.processor.IInputProcessor/default in the VINTF manifest.
11-07 19:45:04.576  1375  1375 V SystemServerTiming: MakeInputManagerServiceReady took to complete: 9ms
11-07 19:45:04.577  1375  1375 D SystemServerTiming: MakeTelephonyRegistryReady
11-07 19:45:04.577  1375  1375 V SystemServerTiming: MakeTelephonyRegistryReady took to complete: 0ms
11-07 19:45:04.577  1375  1375 D SystemServerTiming: MakeMediaRouterServiceReady
11-07 19:45:04.577  1375  1375 I MR2ServiceImpl: switchUser | user: 10
11-07 19:45:04.578  1375  1375 V SystemServerTiming: MakeMediaRouterServiceReady took to complete: 1ms
11-07 19:45:04.578  1375  1375 D SystemServerTiming: MakeMmsServiceReady
11-07 19:45:04.578  1375  1375 I MmsServiceBroker: Delay connecting to MmsService until an API is called
11-07 19:45:04.578  1375  1375 V SystemServerTiming: MakeMmsServiceReady took to complete: 0ms
11-07 19:45:04.578  1375  1375 D SystemServerTiming: IncidentDaemonReady
11-07 19:45:04.579  1375  1375 V SystemServerTiming: IncidentDaemonReady took to complete: 1ms
11-07 19:45:04.579  1375  1375 D SystemServerTiming: MakeIncrementalServiceReady
11-07 19:45:04.579  1375  1375 V SystemServerTiming: MakeIncrementalServiceReady took to complete: 0ms
11-07 19:45:04.579  1375  1375 D SystemServerTiming: OdsignStatsLogger
11-07 19:45:04.579  1375  1375 V SystemServerTiming: OdsignStatsLogger took to complete: 0ms
11-07 19:45:04.579  1375  1375 D SystemServerTiming: getCurrentUser
11-07 19:45:04.579  1375  1375 I ActivityManager: Current user:10
11-07 19:45:04.579  1375  1375 V SystemServerTiming: getCurrentUser took to complete: 0ms
11-07 19:45:04.579  1375  1375 D SystemServerTiming: ActivityManagerStartApps
11-07 19:45:04.579  1375  1375 D SystemServerTiming: startPersistentApps
11-07 19:45:04.582  1375  1375 D CompatibilityChangeReporter: Compat change id reported: 135634846; UID 10081; state: DISABLED
11-07 19:45:04.582  1375  1375 D CompatibilityChangeReporter: Compat change id reported: 177438394; UID 10081; state: DISABLED
11-07 19:45:04.583  1375  1375 D CompatibilityChangeReporter: Compat change id reported: 135772972; UID 10081; state: DISABLED
11-07 19:45:04.583  1375  1375 D CompatibilityChangeReporter: Compat change id reported: 135754954; UID 10081; state: ENABLED
11-07 19:45:04.584  1375  1375 D CompatibilityChangeReporter: Compat change id reported: 135634846; UID 10109; state: DISABLED
11-07 19:45:04.585  1375  1375 D CompatibilityChangeReporter: Compat change id reported: 177438394; UID 10109; state: DISABLED
11-07 19:45:04.585  1375  1375 D CompatibilityChangeReporter: Compat change id reported: 135772972; UID 10109; state: DISABLED
11-07 19:45:04.585  1375  1375 D CompatibilityChangeReporter: Compat change id reported: 135754954; UID 10109; state: ENABLED
11-07 19:45:04.589  1375  2005 V SystemServerTiming: Permission_synchronize_addPackages-10 took to complete: 53ms
11-07 19:45:04.590  1375  2005 D SystemServerTiming: Permission_syncPackages-10
11-07 19:45:04.590  1375  1375 D CompatibilityChangeReporter: Compat change id reported: 135634846; UID 10112; state: DISABLED
11-07 19:45:04.590  1375  1375 D CompatibilityChangeReporter: Compat change id reported: 177438394; UID 10112; state: DISABLED
11-07 19:45:04.591  1375  1375 D CompatibilityChangeReporter: Compat change id reported: 135772972; UID 10112; state: DISABLED
11-07 19:45:04.591  1375  1375 D CompatibilityChangeReporter: Compat change id reported: 135754954; UID 10112; state: ENABLED
11-07 19:45:04.592  1375  1375 D CompatibilityChangeReporter: Compat change id reported: 135634846; UID 1000; state: DISABLED
11-07 19:45:04.592  1375  1375 D CompatibilityChangeReporter: Compat change id reported: 177438394; UID 1000; state: DISABLED
11-07 19:45:04.592  1375  1375 D CompatibilityChangeReporter: Compat change id reported: 135772972; UID 1000; state: DISABLED
11-07 19:45:04.593  1375  1375 D CompatibilityChangeReporter: Compat change id reported: 135754954; UID 1000; state: ENABLED
11-07 19:45:04.593  1375  1535 W CameraService_proxy: Could not notify cameraserver, camera service not available.
11-07 19:45:04.593  1375  1535 I CameraService_proxy: Could not notify camera service of user switch, retrying...
11-07 19:45:04.594  1375  1375 D CompatibilityChangeReporter: Compat change id reported: 135634846; UID 10117; state: DISABLED
11-07 19:45:04.594  1375  1375 D CompatibilityChangeReporter: Compat change id reported: 177438394; UID 10117; state: DISABLED
11-07 19:45:04.594  1375  1375 D CompatibilityChangeReporter: Compat change id reported: 135772972; UID 10117; state: DISABLED
11-07 19:45:04.594  1375  1375 D CompatibilityChangeReporter: Compat change id reported: 135754954; UID 10117; state: ENABLED
11-07 19:45:04.604     0     0 I binder  : 2008:2008 ioctl 40046210 7ff3470760 returned -22
11-07 19:45:04.596  1375  1375 D CompatibilityChangeReporter: Compat change id reported: 135634846; UID 1068; state: DISABLED
11-07 19:45:04.599  1375  1375 D CompatibilityChangeReporter: Compat change id reported: 135634846; UID 10124; state: DISABLED
11-07 19:45:04.599  1375  1375 D CompatibilityChangeReporter: Compat change id reported: 177438394; UID 10124; state: DISABLED
11-07 19:45:04.599  1375  1375 D CompatibilityChangeReporter: Compat change id reported: 135772972; UID 10124; state: DISABLED
11-07 19:45:04.599  1375  1375 D CompatibilityChangeReporter: Compat change id reported: 135754954; UID 10124; state: ENABLED
11-07 19:45:04.601  1375  1375 D CompatibilityChangeReporter: Compat change id reported: 135634846; UID 10148; state: DISABLED
11-07 19:45:04.601  1375  1375 D CompatibilityChangeReporter: Compat change id reported: 177438394; UID 10148; state: DISABLED
11-07 19:45:04.601  1375  1375 D CompatibilityChangeReporter: Compat change id reported: 135772972; UID 10148; state: DISABLED
11-07 19:45:04.601  1375  1375 D CompatibilityChangeReporter: Compat change id reported: 135754954; UID 10148; state: ENABLED
11-07 19:45:04.602  1375  2005 V SystemServerTiming: Permission_syncPackages-10 took to complete: 12ms
11-07 19:45:04.602  1375  2005 V SystemServerTiming: Permission_synchronize_permissions-10 took to complete: 68ms
11-07 19:45:04.602  1375  2005 D SystemServerTiming: Permission_onInitialized-10
11-07 19:45:04.602  1375  2005 I PermissionManager: Permission ownership changed. Updating all permissions.
11-07 19:45:04.603  1375  1375 D CompatibilityChangeReporter: Compat change id reported: 135634846; UID 10111; state: DISABLED
11-07 19:45:04.603  1375  1375 D CompatibilityChangeReporter: Compat change id reported: 177438394; UID 10111; state: DISABLED
11-07 19:45:04.603  1375  1375 D CompatibilityChangeReporter: Compat change id reported: 135772972; UID 10111; state: DISABLED
11-07 19:45:04.604  1375  1375 D CompatibilityChangeReporter: Compat change id reported: 135754954; UID 10111; state: ENABLED
11-07 19:45:04.604  1375  1375 V SystemServerTiming: startPersistentApps took to complete: 24ms
11-07 19:45:04.604  1375  1375 D SystemServerTiming: showSystemReadyErrorDialogs
11-07 19:45:04.613  1375  1535 W CameraService_proxy: Could not notify cameraserver, camera service not available.
11-07 19:45:04.613  1375  1535 I CameraService_proxy: Could not notify camera service of user switch, retrying...
11-07 19:45:04.624     0     0 I binder  : 2012:2012 ioctl 40046210 7ff3470760 returned -22
11-07 19:45:04.634  1375  1535 W CameraService_proxy: Could not notify cameraserver, camera service not available.
11-07 19:45:04.634  1375  1535 I CameraService_proxy: Could not notify camera service of user switch, retrying...
11-07 19:45:04.654  1375  1535 W CameraService_proxy: Could not notify cameraserver, camera service not available.
11-07 19:45:04.654  1375  1535 I CameraService_proxy: Could not notify camera service of user switch, retrying...
11-07 19:45:04.675  1375  1535 W CameraService_proxy: Could not notify cameraserver, camera service not available.
11-07 19:45:04.675  1375  1535 I CameraService_proxy: Could not notify camera service of user switch, retrying...
11-07 19:45:04.676  1375  2005 V SystemServerTiming: Permission_onInitialized-10 took to complete: 73ms
11-07 19:45:04.676  1375  2005 W SystemServiceManager: Service com.android.server.policy.PermissionPolicyService took 142 ms in onStartUser-10
11-07 19:45:04.676  1375  2005 V SystemServerTimingAsync: ssm.onStartUser-10_com.android.server.policy.PermissionPolicyService took to complete: 142ms
11-07 19:45:04.676  1375  1416 V SystemServerTimingAsync: ssm.StartUser-10 took to complete: 204ms
11-07 19:45:04.677  1375  1416 D SystemServerTimingAsync: ssm.SwitchUser-10
11-07 19:45:04.677  1375  1416 I SystemServiceManager: Calling onSwitchUser 10 (from 0)
11-07 19:45:04.677  1375  1416 D SystemServerTimingAsync: ssm.onSwitchUser-10_com.android.server.security.FileIntegrityService
11-07 19:45:04.677  1375  1416 V SystemServerTimingAsync: ssm.onSwitchUser-10_com.android.server.security.FileIntegrityService took to complete: 0ms
11-07 19:45:04.677  1375  1416 D SystemServerTimingAsync: ssm.onSwitchUser-10_com.android.server.pm.Installer
11-07 19:45:04.677  1375  1416 V SystemServerTimingAsync: ssm.onSwitchUser-10_com.android.server.pm.Installer took to complete: 0ms
11-07 19:45:04.677  1375  1416 D SystemServerTimingAsync: ssm.onSwitchUser-10_com.android.server.os.DeviceIdentifiersPolicyService
11-07 19:45:04.677  1375  1416 V SystemServerTimingAsync: ssm.onSwitchUser-10_com.android.server.os.DeviceIdentifiersPolicyService took to complete: 0ms
11-07 19:45:04.677  1375  1416 D SystemServerTimingAsync: ssm.onSwitchUser-10_com.android.server.uri.UriGrantsManagerService$Lifecycle
11-07 19:45:04.678  1375  1416 V SystemServerTimingAsync: ssm.onSwitchUser-10_com.android.server.uri.UriGrantsManagerService$Lifecycle took to complete: 0ms
11-07 19:45:04.678  1375  1416 D SystemServerTimingAsync: ssm.onSwitchUser-10_com.android.server.powerstats.PowerStatsService
11-07 19:45:04.678  1375  1416 V SystemServerTimingAsync: ssm.onSwitchUser-10_com.android.server.powerstats.PowerStatsService took to complete: 0ms
11-07 19:45:04.678  1375  1416 D SystemServerTimingAsync: ssm.onSwitchUser-10_com.android.server.permission.access.AccessCheckingService
11-07 19:45:04.678  1375  1416 V SystemServerTimingAsync: ssm.onSwitchUser-10_com.android.server.permission.access.AccessCheckingService took to complete: 0ms
11-07 19:45:04.678  1375  1416 D SystemServerTimingAsync: ssm.onSwitchUser-10_com.android.server.wm.ActivityTaskManagerService$Lifecycle
11-07 19:45:04.678  1375  1416 V SystemServerTimingAsync: ssm.onSwitchUser-10_com.android.server.wm.ActivityTaskManagerService$Lifecycle took to complete: 0ms
11-07 19:45:04.678  1375  1416 D SystemServerTimingAsync: ssm.onSwitchUser-10_com.android.server.am.ActivityManagerService$Lifecycle
11-07 19:45:04.678  1375  1416 V SystemServerTimingAsync: ssm.onSwitchUser-10_com.android.server.am.ActivityManagerService$Lifecycle took to complete: 0ms
11-07 19:45:04.678  1375  1416 D SystemServerTimingAsync: ssm.onSwitchUser-10_com.android.server.pm.DataLoaderManagerService
11-07 19:45:04.678  1375  1416 V SystemServerTimingAsync: ssm.onSwitchUser-10_com.android.server.pm.DataLoaderManagerService took to complete: 0ms
11-07 19:45:04.678  1375  1416 D SystemServerTimingAsync: ssm.onSwitchUser-10_com.android.server.power.PowerManagerService
11-07 19:45:04.678  1375  1416 V SystemServerTimingAsync: ssm.onSwitchUser-10_com.android.server.power.PowerManagerService took to complete: 0ms
11-07 19:45:04.678  1375  1416 D SystemServerTimingAsync: ssm.onSwitchUser-10_com.android.server.power.ThermalManagerService
11-07 19:45:04.678  1375  1416 V SystemServerTimingAsync: ssm.onSwitchUser-10_com.android.server.power.ThermalManagerService took to complete: 0ms
11-07 19:45:04.678  1375  1416 D SystemServerTimingAsync: ssm.onSwitchUser-10_com.android.server.power.hint.HintManagerService
11-07 19:45:04.678  1375  1416 V SystemServerTimingAsync: ssm.onSwitchUser-10_com.android.server.power.hint.HintManagerService took to complete: 0ms
11-07 19:45:04.678  1375  1416 D SystemServerTimingAsync: ssm.onSwitchUser-10_com.android.server.recoverysystem.RecoverySystemService$Lifecycle
11-07 19:45:04.678  1375  1416 V SystemServerTimingAsync: ssm.onSwitchUser-10_com.android.server.recoverysystem.RecoverySystemService$Lifecycle took to complete: 0ms
11-07 19:45:04.678  1375  1416 D SystemServerTimingAsync: ssm.onSwitchUser-10_com.android.server.lights.LightsService
11-07 19:45:04.678  1375  1416 V SystemServerTimingAsync: ssm.onSwitchUser-10_com.android.server.lights.LightsService took to complete: 0ms
11-07 19:45:04.678  1375  1416 D SystemServerTimingAsync: ssm.onSwitchUser-10_com.android.server.display.DisplayManagerService
11-07 19:45:04.678  1375  1416 V SystemServerTimingAsync: ssm.onSwitchUser-10_com.android.server.display.DisplayManagerService took to complete: 1ms
11-07 19:45:04.678  1375  1416 D SystemServerTimingAsync: ssm.onSwitchUser-10_com.android.server.pm.verify.domain.DomainVerificationService
11-07 19:45:04.678  1375  1416 V SystemServerTimingAsync: ssm.onSwitchUser-10_com.android.server.pm.verify.domain.DomainVerificationService took to complete: 0ms
11-07 19:45:04.678  1375  1416 D SystemServerTimingAsync: ssm.onSwitchUser-10_com.android.server.pm.PackageInstallerService$Lifecycle
11-07 19:45:04.679  1375  1416 V SystemServerTimingAsync: ssm.onSwitchUser-10_com.android.server.pm.PackageInstallerService$Lifecycle took to complete: 0ms
11-07 19:45:04.679  1375  1416 D SystemServerTimingAsync: ssm.onSwitchUser-10_com.android.server.pm.UserManagerService$LifeCycle
11-07 19:45:04.679  1375  1416 V SystemServerTimingAsync: ssm.onSwitchUser-10_com.android.server.pm.UserManagerService$LifeCycle took to complete: 0ms
11-07 19:45:04.679  1375  1416 D SystemServerTimingAsync: ssm.onSwitchUser-10_com.android.server.om.OverlayManagerService
11-07 19:45:04.679  1375  1416 V SystemServerTimingAsync: ssm.onSwitchUser-10_com.android.server.om.OverlayManagerService took to complete: 0ms
11-07 19:45:04.679  1375  1416 D SystemServerTimingAsync: ssm.onSwitchUser-10_com.android.server.resources.ResourcesManagerService
11-07 19:45:04.679  1375  1416 V SystemServerTimingAsync: ssm.onSwitchUser-10_com.android.server.resources.ResourcesManagerService took to complete: 0ms
11-07 19:45:04.679  1375  1416 D SystemServerTimingAsync: ssm.onSwitchUser-10_com.android.server.sensorprivacy.SensorPrivacyService
11-07 19:45:04.679  1375  1416 V SystemServerTimingAsync: ssm.onSwitchUser-10_com.android.server.sensorprivacy.SensorPrivacyService took to complete: 0ms
11-07 19:45:04.679  1375  1416 D SystemServerTimingAsync: ssm.onSwitchUser-10_com.android.server.sensors.SensorService
11-07 19:45:04.679  1375  1416 V SystemServerTimingAsync: ssm.onSwitchUser-10_com.android.server.sensors.SensorService took to complete: 0ms
11-07 19:45:04.679  1375  1416 D SystemServerTimingAsync: ssm.onSwitchUser-10_com.android.server.SystemConfigService
11-07 19:45:04.679  1375  1416 V SystemServerTimingAsync: ssm.onSwitchUser-10_com.android.server.SystemConfigService took to complete: 0ms
11-07 19:45:04.679  1375  1416 D SystemServerTimingAsync: ssm.onSwitchUser-10_com.android.server.BatteryService
11-07 19:45:04.679  1375  1416 V SystemServerTimingAsync: ssm.onSwitchUser-10_com.android.server.BatteryService took to complete: 0ms
11-07 19:45:04.679  1375  1416 D SystemServerTimingAsync: ssm.onSwitchUser-10_com.android.server.usage.UsageStatsService
11-07 19:45:04.679  1375  1416 V SystemServerTimingAsync: ssm.onSwitchUser-10_com.android.server.usage.UsageStatsService took to complete: 0ms
11-07 19:45:04.679  1375  1416 D SystemServerTimingAsync: ssm.onSwitchUser-10_com.android.server.webkit.WebViewUpdateService
11-07 19:45:04.679  1375  1416 V SystemServerTimingAsync: ssm.onSwitchUser-10_com.android.server.webkit.WebViewUpdateService took to complete: 0ms
11-07 19:45:04.679  1375  1416 D SystemServerTimingAsync: ssm.onSwitchUser-10_com.android.server.CachedDeviceStateService
11-07 19:45:04.679  1375  1416 V SystemServerTimingAsync: ssm.onSwitchUser-10_com.android.server.CachedDeviceStateService took to complete: 0ms
11-07 19:45:04.679  1375  1416 D SystemServerTimingAsync: ssm.onSwitchUser-10_com.android.server.BinderCallsStatsService$LifeCycle
11-07 19:45:04.679  1375  1416 V SystemServerTimingAsync: ssm.onSwitchUser-10_com.android.server.BinderCallsStatsService$LifeCycle took to complete: 0ms
11-07 19:45:04.679  1375  1416 D SystemServerTimingAsync: ssm.onSwitchUser-10_com.android.server.LooperStatsService$Lifecycle
11-07 19:45:04.679  1375  1416 V SystemServerTimingAsync: ssm.onSwitchUser-10_com.android.server.LooperStatsService$Lifecycle took to complete: 0ms
11-07 19:45:04.679  1375  1416 D SystemServerTimingAsync: ssm.onSwitchUser-10_com.android.server.rollback.RollbackManagerService
11-07 19:45:04.679  1375  1416 V SystemServerTimingAsync: ssm.onSwitchUser-10_com.android.server.rollback.RollbackManagerService took to complete: 0ms
11-07 19:45:04.679  1375  1416 D SystemServerTimingAsync: ssm.onSwitchUser-10_com.android.server.os.NativeTombstoneManagerService
11-07 19:45:04.679  1375  1416 V SystemServerTimingAsync: ssm.onSwitchUser-10_com.android.server.os.NativeTombstoneManagerService took to complete: 0ms
11-07 19:45:04.679  1375  1416 D SystemServerTimingAsync: ssm.onSwitchUser-10_com.android.server.os.BugreportManagerService
11-07 19:45:04.679  1375  1416 V SystemServerTimingAsync: ssm.onSwitchUser-10_com.android.server.os.BugreportManagerService took to complete: 0ms
11-07 19:45:04.679  1375  1416 D SystemServerTimingAsync: ssm.onSwitchUser-10_com.android.server.gpu.GpuService
11-07 19:45:04.679  1375  1416 V SystemServerTimingAsync: ssm.onSwitchUser-10_com.android.server.gpu.GpuService took to complete: 0ms
11-07 19:45:04.679  1375  1416 D SystemServerTimingAsync: ssm.onSwitchUser-10_com.android.server.security.rkp.RemoteProvisioningService
11-07 19:45:04.679  1375  1416 V SystemServerTimingAsync: ssm.onSwitchUser-10_com.android.server.security.rkp.RemoteProvisioningService took to complete: 0ms
11-07 19:45:04.679  1375  1416 D SystemServerTimingAsync: ssm.onSwitchUser-10_com.android.server.cpu.CpuMonitorService
11-07 19:45:04.679  1375  1416 V SystemServerTimingAsync: ssm.onSwitchUser-10_com.android.server.cpu.CpuMonitorService took to complete: 0ms
11-07 19:45:04.679  1375  1416 D SystemServerTimingAsync: ssm.onSwitchUser-10_com.android.server.security.KeyChainSystemService
11-07 19:45:04.679  1375  1416 V SystemServerTimingAsync: ssm.onSwitchUser-10_com.android.server.security.KeyChainSystemService took to complete: 0ms
11-07 19:45:04.679  1375  1416 D SystemServerTimingAsync: ssm.onSwitchUser-10_com.android.server.BinaryTransparencyService
11-07 19:45:04.679  1375  1416 V SystemServerTimingAsync: ssm.onSwitchUser-10_com.android.server.BinaryTransparencyService took to complete: 0ms
11-07 19:45:04.679  1375  1375 V SystemServerTiming: showSystemReadyErrorDialogs took to complete: 76ms
11-07 19:45:04.679  1375  1375 I ActivityManager: Not sending multi-user broadcasts for non-system user 10
11-07 19:45:04.679  1375  1375 D SystemServerTiming: resumeTopActivities
11-07 19:45:04.680  1375  1416 D SystemServerTimingAsync: ssm.onSwitchUser-10_com.android.server.telecom.TelecomLoaderService
11-07 19:45:04.680  1375  1416 V SystemServerTimingAsync: ssm.onSwitchUser-10_com.android.server.telecom.TelecomLoaderService took to complete: 0ms
11-07 19:45:04.680  1375  1416 D SystemServerTimingAsync: ssm.onSwitchUser-10_com.android.server.accounts.AccountManagerService$Lifecycle
11-07 19:45:04.680  1375  1416 V SystemServerTimingAsync: ssm.onSwitchUser-10_com.android.server.accounts.AccountManagerService$Lifecycle took to complete: 0ms
11-07 19:45:04.680  1375  1416 D SystemServerTimingAsync: ssm.onSwitchUser-10_com.android.server.content.ContentService$Lifecycle
11-07 19:45:04.680  1375  1416 V SystemServerTimingAsync: ssm.onSwitchUser-10_com.android.server.content.ContentService$Lifecycle took to complete: 0ms
11-07 19:45:04.680  1375  1416 D SystemServerTimingAsync: ssm.onSwitchUser-10_com.android.server.deviceconfig.DeviceConfigInit$Lifecycle
11-07 19:45:04.680  1375  1416 V SystemServerTimingAsync: ssm.onSwitchUser-10_com.android.server.deviceconfig.DeviceConfigInit$Lifecycle took to complete: 0ms
11-07 19:45:04.680  1375  1416 D SystemServerTimingAsync: ssm.onSwitchUser-10_com.android.server.DropBoxManagerService
11-07 19:45:04.680  1375  1416 V SystemServerTimingAsync: ssm.onSwitchUser-10_com.android.server.DropBoxManagerService took to complete: 0ms
11-07 19:45:04.680  1375  1416 D SystemServerTimingAsync: ssm.onSwitchUser-10_com.android.role.RoleService
11-07 19:45:04.680  1375  1416 V SystemServerTimingAsync: ssm.onSwitchUser-10_com.android.role.RoleService took to complete: 0ms
11-07 19:45:04.680  1375  1416 D SystemServerTimingAsync: ssm.onSwitchUser-10_com.android.server.vibrator.VibratorManagerService$Lifecycle
11-07 19:45:04.680  1375  1416 V SystemServerTimingAsync: ssm.onSwitchUser-10_com.android.server.vibrator.VibratorManagerService$Lifecycle took to complete: 0ms
11-07 19:45:04.680  1375  1416 D SystemServerTimingAsync: ssm.onSwitchUser-10_com.android.server.tare.InternalResourceService
11-07 19:45:04.680  1375  1416 V SystemServerTimingAsync: ssm.onSwitchUser-10_com.android.server.tare.InternalResourceService took to complete: 1ms
11-07 19:45:04.680  1375  1416 D SystemServerTimingAsync: ssm.onSwitchUser-10_com.android.server.alarm.AlarmManagerService
11-07 19:45:04.680  1375  1416 V SystemServerTimingAsync: ssm.onSwitchUser-10_com.android.server.alarm.AlarmManagerService took to complete: 0ms
11-07 19:45:04.680  1375  1416 D SystemServerTimingAsync: ssm.onSwitchUser-10_com.android.server.devicestate.DeviceStateManagerService
11-07 19:45:04.680  1375  1416 V SystemServerTimingAsync: ssm.onSwitchUser-10_com.android.server.devicestate.DeviceStateManagerService took to complete: 0ms
11-07 19:45:04.680  1375  1416 D SystemServerTimingAsync: ssm.onSwitchUser-10_com.android.server.camera.CameraServiceProxy
11-07 19:45:04.681  1375  1416 W CameraService_proxy: Could not notify cameraserver, camera service not available.
11-07 19:45:04.681  1375  1416 I CameraService_proxy: Could not notify camera service of user switch, retrying...
11-07 19:45:04.681  1375  1416 V SystemServerTimingAsync: ssm.onSwitchUser-10_com.android.server.camera.CameraServiceProxy took to complete: 0ms
11-07 19:45:04.681  1375  1416 D SystemServerTimingAsync: ssm.onSwitchUser-10_com.android.server.bluetooth.BluetoothService
11-07 19:45:04.683  1375  1375 V SystemServerTiming: resumeTopActivities took to complete: 3ms
11-07 19:45:04.683  1375  1375 D SystemServerTiming: setBinderProxies
11-07 19:45:04.683  1375  1375 V SystemServerTiming: setBinderProxies took to complete: 0ms
11-07 19:45:04.683  1375  1375 V SystemServerTiming: ActivityManagerStartApps took to complete: 103ms
11-07 19:45:04.683  1375  1375 D SystemServerTiming: componentAlias
11-07 19:45:04.683  1375  1375 D ComponentAliasResolver: Compat listener set.
11-07 19:45:04.683  1375  1375 V SystemServerTiming: componentAlias took to complete: 1ms
11-07 19:45:04.683  1375  1375 V SystemServerTiming: PhaseActivityManagerReady took to complete: 1675ms
11-07 19:45:04.683  1375  1375 D SystemServerTiming: LockSettingsThirdPartyAppsStarted
11-07 19:45:04.683  1375  1375 V SystemServerTiming: LockSettingsThirdPartyAppsStarted took to complete: 0ms
11-07 19:45:04.683  1375  1375 D SystemServerTiming: StartSystemUI
11-07 19:45:04.683  1375  1417 W ActivityManager: Slow operation: 123ms so far, now at startProcess: done updating battery stats
11-07 19:45:04.684  1375  1417 W ActivityManager: Slow operation: 123ms so far, now at startProcess: building log message
11-07 19:45:04.684  1375  1417 I ActivityManager: Start proc 2012:com.android.networkstack.process/1073 for service {com.android.networkstack/com.android.server.NetworkStackService}
11-07 19:45:04.684  1375  1417 W ActivityManager: Slow operation: 123ms so far, now at startProcess: starting to update pids map
11-07 19:45:04.684  1375  1417 W ActivityManager: Slow operation: 123ms so far, now at startProcess: done updating pids map
11-07 19:45:04.684  1375  1417 W ActivityManager: Slow operation: 103ms so far, now at startProcess: asking zygote to start proc
11-07 19:45:04.684  1375  1417 D CompatibilityChangeReporter: Compat change id reported: 143937733; UID 10081; state: ENABLED
11-07 19:45:04.685  1375  1402 D CompatibilityChangeReporter: Compat change id reported: 168419799; UID 1001; state: DISABLED
11-07 19:45:04.685  1375  1402 D CompatibilityChangeReporter: Compat change id reported: 273564678; UID 1001; state: DISABLED
11-07 19:45:04.689  1375  1507 D CompatibilityChangeReporter: Compat change id reported: 265195908; UID 1001; state: ENABLED
11-07 19:45:04.692  1375  1627 D CompatibilityChangeReporter: Compat change id reported: 168419799; UID 1073; state: DISABLED
11-07 19:45:04.692  1375  1417 W ActivityManager: Slow operation: 111ms so far, now at startProcess: returned from zygote!
11-07 19:45:04.692  1375  1627 D CompatibilityChangeReporter: Compat change id reported: 273564678; UID 1073; state: DISABLED
11-07 19:45:04.695  1375  1535 W CameraService_proxy: Could not notify cameraserver, camera service not available.
11-07 19:45:04.695  1375  1535 I CameraService_proxy: Could not notify camera service of user switch, retrying...
11-07 19:45:04.699  1375  1561 D CompatibilityChangeReporter: Compat change id reported: 135634846; UID 1001002; state: DISABLED
11-07 19:45:04.699  1375  1561 D CompatibilityChangeReporter: Compat change id reported: 177438394; UID 1001002; state: DISABLED
11-07 19:45:04.699  1375  1561 D CompatibilityChangeReporter: Compat change id reported: 135772972; UID 1001002; state: DISABLED
11-07 19:45:04.699  1375  1561 D CompatibilityChangeReporter: Compat change id reported: 135754954; UID 1001002; state: ENABLED
11-07 19:45:04.701  1375  1535 W CameraService_proxy: Could not notify cameraserver, camera service not available.
11-07 19:45:04.701  1375  1535 I CameraService_proxy: Could not notify camera service of user switch, retrying...
11-07 19:45:04.701  1375  1409 D CompatibilityChangeReporter: Compat change id reported: 135634846; UID 1001000; state: DISABLED
11-07 19:45:04.701  1375  1409 D CompatibilityChangeReporter: Compat change id reported: 177438394; UID 1001000; state: DISABLED
11-07 19:45:04.701  1375  1409 D CompatibilityChangeReporter: Compat change id reported: 135772972; UID 1001000; state: DISABLED
11-07 19:45:04.701  1375  1409 D CompatibilityChangeReporter: Compat change id reported: 135754954; UID 1001000; state: ENABLED
11-07 19:45:04.703  1375  1416 V SystemServerTimingAsync: ssm.onSwitchUser-10_com.android.server.bluetooth.BluetoothService took to complete: 22ms
11-07 19:45:04.703  1375  1416 D SystemServerTimingAsync: ssm.onSwitchUser-10_com.android.server.connectivity.IpConnectivityMetrics
11-07 19:45:04.703  1375  1416 V SystemServerTimingAsync: ssm.onSwitchUser-10_com.android.server.connectivity.IpConnectivityMetrics took to complete: 0ms
11-07 19:45:04.703  1375  1416 D SystemServerTimingAsync: ssm.onSwitchUser-10_com.android.server.net.watchlist.NetworkWatchlistService$Lifecycle
11-07 19:45:04.703  1375  1416 V SystemServerTimingAsync: ssm.onSwitchUser-10_com.android.server.net.watchlist.NetworkWatchlistService$Lifecycle took to complete: 0ms
11-07 19:45:04.703  1375  1416 D SystemServerTimingAsync: ssm.onSwitchUser-10_com.android.server.PinnerService
11-07 19:45:04.703  1375  1416 V SystemServerTimingAsync: ssm.onSwitchUser-10_com.android.server.PinnerService took to complete: 1ms
11-07 19:45:04.703  1375  1416 D SystemServerTimingAsync: ssm.onSwitchUser-10_com.android.server.ActivityTriggerService
11-07 19:45:04.703  1375  1416 V SystemServerTimingAsync: ssm.onSwitchUser-10_com.android.server.ActivityTriggerService took to complete: 0ms
11-07 19:45:04.703  1375  1416 D SystemServerTimingAsync: ssm.onSwitchUser-10_com.android.server.integrity.AppIntegrityManagerService
11-07 19:45:04.703  1375  1416 V SystemServerTimingAsync: ssm.onSwitchUser-10_com.android.server.integrity.AppIntegrityManagerService took to complete: 0ms
11-07 19:45:04.703  1375  1416 D SystemServerTimingAsync: ssm.onSwitchUser-10_com.android.server.logcat.LogcatManagerService
11-07 19:45:04.703  1375  1416 V SystemServerTimingAsync: ssm.onSwitchUser-10_com.android.server.logcat.LogcatManagerService took to complete: 0ms
11-07 19:45:04.703  1375  1416 D SystemServerTimingAsync: ssm.onSwitchUser-10_com.android.server.inputmethod.InputMethodManagerService$Lifecycle
11-07 19:45:04.704  1375  1417 W ActivityManager: Slow operation: 123ms so far, now at startProcess: done updating battery stats
11-07 19:45:04.704  1375  1417 W ActivityManager: Slow operation: 123ms so far, now at startProcess: building log message
11-07 19:45:04.704  1375  1417 I ActivityManager: Start proc 2040:.qtidataservices/u0a81 for added application .qtidataservices
11-07 19:45:04.704  1375  1417 W ActivityManager: Slow operation: 123ms so far, now at startProcess: starting to update pids map
11-07 19:45:04.704  1375  1417 W ActivityManager: Slow operation: 123ms so far, now at startProcess: done updating pids map
11-07 19:45:04.704  1375  1417 W ActivityManager: Slow operation: 120ms so far, now at startProcess: asking zygote to start proc
11-07 19:45:04.704  1375  1417 D CompatibilityChangeReporter: Compat change id reported: 143937733; UID 10109; state: ENABLED
11-07 19:45:04.705  1375  1416 V SystemServerTimingAsync: ssm.onSwitchUser-10_com.android.server.inputmethod.InputMethodManagerService$Lifecycle took to complete: 1ms
11-07 19:45:04.705  1375  1416 D SystemServerTimingAsync: ssm.onSwitchUser-10_com.android.server.accessibility.AccessibilityManagerService$Lifecycle
11-07 19:45:04.705  1375  1416 V SystemServerTimingAsync: ssm.onSwitchUser-10_com.android.server.accessibility.AccessibilityManagerService$Lifecycle took to complete: 0ms
11-07 19:45:04.705  1375  1416 D SystemServerTimingAsync: ssm.onSwitchUser-10_com.android.server.StorageManagerService$Lifecycle
11-07 19:45:04.705  1375  1416 D StorageManagerService: Attempt remount volumes for user: 10 on unlock
11-07 19:45:04.705  1375  1416 V SystemServerTimingAsync: ssm.onSwitchUser-10_com.android.server.StorageManagerService$Lifecycle took to complete: 0ms
11-07 19:45:04.705  1375  1416 D SystemServerTimingAsync: ssm.onSwitchUser-10_com.android.server.usage.StorageStatsService$Lifecycle
11-07 19:45:04.705  1375  1416 V SystemServerTimingAsync: ssm.onSwitchUser-10_com.android.server.usage.StorageStatsService$Lifecycle took to complete: 0ms
11-07 19:45:04.705  1375  1416 D SystemServerTimingAsync: ssm.onSwitchUser-10_com.android.server.UiModeManagerService
11-07 19:45:04.705  1375  1416 V SystemServerTimingAsync: ssm.onSwitchUser-10_com.android.server.UiModeManagerService took to complete: 0ms
11-07 19:45:04.706  1375  1416 D SystemServerTimingAsync: ssm.onSwitchUser-10_com.android.server.locales.LocaleManagerService
11-07 19:45:04.706  1375  1416 V SystemServerTimingAsync: ssm.onSwitchUser-10_com.android.server.locales.LocaleManagerService took to complete: 0ms
11-07 19:45:04.706  1375  1416 D SystemServerTimingAsync: ssm.onSwitchUser-10_com.android.server.grammaticalinflection.GrammaticalInflectionService
11-07 19:45:04.706  1375  1416 V SystemServerTimingAsync: ssm.onSwitchUser-10_com.android.server.grammaticalinflection.GrammaticalInflectionService took to complete: 0ms
11-07 19:45:04.706  1375  1416 D SystemServerTimingAsync: ssm.onSwitchUser-10_com.android.server.apphibernation.AppHibernationService
11-07 19:45:04.706  1375  1416 V SystemServerTimingAsync: ssm.onSwitchUser-10_com.android.server.apphibernation.AppHibernationService took to complete: 0ms
11-07 19:45:04.706  1375  1416 D SystemServerTimingAsync: ssm.onSwitchUser-10_com.android.server.locksettings.LockSettingsService$Lifecycle
