11-07 19:45:03.636  1375  1375 W SystemServiceManager: Service com.android.server.location.LocationManagerService$Lifecycle took 122 ms in onBootPhase
11-07 19:45:03.636  1375  1375 V SystemServerTiming: OnBootPhase_600_com.android.server.location.LocationManagerService$Lifecycle took to complete: 122ms
11-07 19:45:03.636  1375  1375 D SystemServerTiming: OnBootPhase_600_com.android.server.timezonedetector.TimeZoneDetectorService$Lifecycle
11-07 19:45:03.636  1375  1375 V SystemServerTiming: OnBootPhase_600_com.android.server.timezonedetector.TimeZoneDetectorService$Lifecycle took to complete: 0ms
11-07 19:45:03.636  1375  1375 D SystemServerTiming: OnBootPhase_600_com.android.server.location.altitude.AltitudeService$Lifecycle
11-07 19:45:03.636  1375  1375 V SystemServerTiming: OnBootPhase_600_com.android.server.location.altitude.AltitudeService$Lifecycle took to complete: 0ms
11-07 19:45:03.636  1375  1375 D SystemServerTiming: OnBootPhase_600_com.android.server.timezonedetector.location.LocationTimeZoneManagerService$Lifecycle
11-07 19:45:03.636  1375  1375 V SystemServerTiming: OnBootPhase_600_com.android.server.timezonedetector.location.LocationTimeZoneManagerService$Lifecycle took to complete: 1ms
11-07 19:45:03.636  1375  1375 D SystemServerTiming: OnBootPhase_600_com.android.server.search.SearchManagerService$Lifecycle
11-07 19:45:03.636  1375  1375 V SystemServerTiming: OnBootPhase_600_com.android.server.search.SearchManagerService$Lifecycle took to complete: 0ms
11-07 19:45:03.636  1375  1375 D SystemServerTiming: OnBootPhase_600_com.android.server.wallpapereffectsgeneration.WallpaperEffectsGenerationManagerService
11-07 19:45:03.637  1375  1375 V SystemServerTiming: OnBootPhase_600_com.android.server.wallpapereffectsgeneration.WallpaperEffectsGenerationManagerService took to complete: 0ms
11-07 19:45:03.637  1375  1375 D SystemServerTiming: OnBootPhase_600_com.android.server.audio.AudioService$Lifecycle
11-07 19:45:03.637  1375  1375 V SystemServerTiming: OnBootPhase_600_com.android.server.audio.AudioService$Lifecycle took to complete: 0ms
11-07 19:45:03.637  1375  1375 D SystemServerTiming: OnBootPhase_600_com.android.server.soundtrigger_middleware.SoundTriggerMiddlewareService$Lifecycle
11-07 19:45:03.637  1375  1375 V SystemServerTiming: OnBootPhase_600_com.android.server.soundtrigger_middleware.SoundTriggerMiddlewareService$Lifecycle took to complete: 0ms
11-07 19:45:03.637  1375  1375 D SystemServerTiming: OnBootPhase_600_com.android.server.broadcastradio.BroadcastRadioService
11-07 19:45:03.637  1375  1375 V SystemServerTiming: OnBootPhase_600_com.android.server.broadcastradio.BroadcastRadioService took to complete: 0ms
11-07 19:45:03.637  1375  1375 D SystemServerTiming: OnBootPhase_600_com.android.server.DockObserver
11-07 19:45:03.637  1375  1375 V SystemServerTiming: OnBootPhase_600_com.android.server.DockObserver took to complete: 0ms
11-07 19:45:03.637  1375  1375 D SystemServerTiming: OnBootPhase_600_com.android.server.midi.MidiService$Lifecycle
11-07 19:45:03.637  1375  1375 V SystemServerTiming: OnBootPhase_600_com.android.server.midi.MidiService$Lifecycle took to complete: 0ms
11-07 19:45:03.637  1375  1375 D SystemServerTiming: OnBootPhase_600_com.android.server.adb.AdbService$Lifecycle
11-07 19:45:03.637  1375  1375 V SystemServerTiming: OnBootPhase_600_com.android.server.adb.AdbService$Lifecycle took to complete: 0ms
11-07 19:45:03.637  1375  1375 D SystemServerTiming: OnBootPhase_600_com.android.server.usb.UsbService$Lifecycle
11-07 19:45:03.637  1375  1375 V SystemServerTiming: OnBootPhase_600_com.android.server.usb.UsbService$Lifecycle took to complete: 0ms
11-07 19:45:03.637  1375  1375 D SystemServerTiming: OnBootPhase_600_com.android.server.twilight.TwilightService
11-07 19:45:03.637  1375  1375 V SystemServerTiming: OnBootPhase_600_com.android.server.twilight.TwilightService took to complete: 0ms
11-07 19:45:03.637  1375  1375 D SystemServerTiming: OnBootPhase_600_com.android.server.display.color.ColorDisplayService
11-07 19:45:03.637  1375  1375 V SystemServerTiming: OnBootPhase_600_com.android.server.display.color.ColorDisplayService took to complete: 0ms
11-07 19:45:03.637  1375  1375 D SystemServerTiming: OnBootPhase_600_com.android.server.job.JobSchedulerService
11-07 19:45:03.648     0     0 I msm_vidc: high: 00000001: ....d: Opening video instance: 00000000692eb62d, 1
11-07 19:45:03.655     0     0 I msm_vidc: high: 00000001:  vp9d: Closed video instance: 00000000692eb62d
11-07 19:45:03.649  1375  1375 V SystemServerTiming: OnBootPhase_600_com.android.server.job.JobSchedulerService took to complete: 13ms
11-07 19:45:03.649  1375  1375 D SystemServerTiming: OnBootPhase_600_com.android.server.soundtrigger.SoundTriggerService
11-07 19:45:03.649  1375  1375 D SoundTriggerService: onBootPhase: 600 : false
11-07 19:45:03.653  1375  1375 V SystemServerTiming: OnBootPhase_600_com.android.server.soundtrigger.SoundTriggerService took to complete: 2ms
11-07 19:45:03.653  1375  1375 D SystemServerTiming: OnBootPhase_600_com.android.server.trust.TrustManagerService
11-07 19:45:03.657   538   568 I keystore2: system/security/keystore2/src/authorization.rs:143 - on_lock_screen_event(r#UNLOCK, user_id=0, password.is_some()=false, unlocking_sids=Some([]))
11-07 19:45:03.662   538   568 I keystore2: system/security/keystore2/src/authorization.rs:143 - on_lock_screen_event(r#UNLOCK, user_id=10, password.is_some()=false, unlocking_sids=Some([]))
11-07 19:45:03.663  1375  1375 V SystemServerTiming: OnBootPhase_600_com.android.server.trust.TrustManagerService took to complete: 10ms
11-07 19:45:03.663  1375  1375 D SystemServerTiming: OnBootPhase_600_com.android.server.appwidget.AppWidgetService
11-07 19:45:03.663  1375  1375 V SystemServerTiming: OnBootPhase_600_com.android.server.appwidget.AppWidgetService took to complete: 0ms
11-07 19:45:03.663  1375  1375 D SystemServerTiming: OnBootPhase_600_com.android.server.voiceinteraction.VoiceInteractionManagerService
11-07 19:45:03.664  1375  1375 V SystemServerTiming: OnBootPhase_600_com.android.server.voiceinteraction.VoiceInteractionManagerService took to complete: 2ms
11-07 19:45:03.664  1375  1375 D SystemServerTiming: OnBootPhase_600_com.android.server.GestureLauncherService
11-07 19:45:03.666  1375  1375 V SystemServerTiming: OnBootPhase_600_com.android.server.GestureLauncherService took to complete: 1ms
11-07 19:45:03.666  1375  1375 D SystemServerTiming: OnBootPhase_600_com.android.server.SensorNotificationService
11-07 19:45:03.670  1375  1375 V SystemServerTiming: OnBootPhase_600_com.android.server.SensorNotificationService took to complete: 3ms
11-07 19:45:03.670  1375  1375 D SystemServerTiming: OnBootPhase_600_com.android.server.emergency.EmergencyAffordanceService
11-07 19:45:03.672  1375  1375 V SystemServerTiming: OnBootPhase_600_com.android.server.emergency.EmergencyAffordanceService took to complete: 2ms
11-07 19:45:03.672  1375  1375 D SystemServerTiming: OnBootPhase_600_com.android.server.blob.BlobStoreManagerService
11-07 19:45:03.679  1375  1401 I ActivityManager: Process WebViewLoader-arm64-v8a (pid 1745) has died: psvc PER 
11-07 19:45:03.688     0     0 I msm_vidc: high: 00000001: ....e: Opening video instance: 00000000cbd48bc5, 0
11-07 19:45:03.688     0     0 I msm_vidc: err : 00000001: ....e: Unsupported WxH (320)x(240), max supported is (0)x(0)
11-07 19:45:03.688     0     0 I msm_vidc: err : 00000001: ....e: msm_vidc_check_session_supported: Resolution unsupported
11-07 19:45:03.688     0     0 I msm_vidc: err : 00000001: ....e: msm_venc_s_fmt: session not supported
11-07 19:45:03.688     0     0 I msm_vidc: err : 00000001: ....e: msm_vidc_comm_update_ctrl: failed: control name Video B Frames, min 0, max 0, step 0, default_value 0
11-07 19:45:03.692  1375  1375 V SystemServerTiming: OnBootPhase_600_com.android.server.blob.BlobStoreManagerService took to complete: 20ms
11-07 19:45:03.692  1375  1375 D SystemServerTiming: OnBootPhase_600_com.android.server.dreams.DreamManagerService
11-07 19:45:03.693  1375  1375 V SystemServerTiming: OnBootPhase_600_com.android.server.dreams.DreamManagerService took to complete: 2ms
11-07 19:45:03.693  1375  1375 D SystemServerTiming: OnBootPhase_600_com.android.server.security.AttestationVerificationManagerService
11-07 19:45:03.693  1375  1375 V SystemServerTiming: OnBootPhase_600_com.android.server.security.AttestationVerificationManagerService took to complete: 0ms
11-07 19:45:03.693  1375  1375 D SystemServerTiming: OnBootPhase_600_com.android.server.companion.CompanionDeviceManagerService
11-07 19:45:03.693  1375  1375 V SystemServerTiming: OnBootPhase_600_com.android.server.companion.CompanionDeviceManagerService took to complete: 0ms
11-07 19:45:03.693  1375  1375 D SystemServerTiming: OnBootPhase_600_com.android.server.companion.virtual.VirtualDeviceManagerService
11-07 19:45:03.694  1375  1375 V SystemServerTiming: OnBootPhase_600_com.android.server.companion.virtual.VirtualDeviceManagerService took to complete: 0ms
11-07 19:45:03.694  1375  1375 D SystemServerTiming: OnBootPhase_600_com.android.server.restrictions.RestrictionsManagerService
11-07 19:45:03.694  1375  1375 V SystemServerTiming: OnBootPhase_600_com.android.server.restrictions.RestrictionsManagerService took to complete: 0ms
11-07 19:45:03.694  1375  1375 D SystemServerTiming: OnBootPhase_600_com.android.server.media.MediaSessionService
11-07 19:45:03.694  1375  1375 V SystemServerTiming: OnBootPhase_600_com.android.server.media.MediaSessionService took to complete: 0ms
11-07 19:45:03.694  1375  1375 D SystemServerTiming: OnBootPhase_600_com.android.server.biometrics.BiometricService
11-07 19:45:03.694  1375  1375 V SystemServerTiming: OnBootPhase_600_com.android.server.biometrics.BiometricService took to complete: 0ms
11-07 19:45:03.694  1375  1375 D SystemServerTiming: OnBootPhase_600_com.android.server.biometrics.AuthService
11-07 19:45:03.694  1375  1375 V SystemServerTiming: OnBootPhase_600_com.android.server.biometrics.AuthService took to complete: 0ms
11-07 19:45:03.694  1375  1375 D SystemServerTiming: OnBootPhase_600_com.android.server.pm.ShortcutService$Lifecycle
11-07 19:45:03.694  1375  1375 V SystemServerTiming: OnBootPhase_600_com.android.server.pm.ShortcutService$Lifecycle took to complete: 0ms
11-07 19:45:03.694  1375  1375 D SystemServerTiming: OnBootPhase_600_com.android.server.pm.LauncherAppsService
11-07 19:45:03.694  1375  1375 V SystemServerTiming: OnBootPhase_600_com.android.server.pm.LauncherAppsService took to complete: 0ms
11-07 19:45:03.694  1375  1375 D SystemServerTiming: OnBootPhase_600_com.android.server.pm.CrossProfileAppsService
11-07 19:45:03.694  1375  1375 V SystemServerTiming: OnBootPhase_600_com.android.server.pm.CrossProfileAppsService took to complete: 0ms
11-07 19:45:03.694  1375  1375 D SystemServerTiming: OnBootPhase_600_com.android.server.people.PeopleService
11-07 19:45:03.694  1375  1375 V SystemServerTiming: OnBootPhase_600_com.android.server.people.PeopleService took to complete: 0ms
11-07 19:45:03.694  1375  1375 D SystemServerTiming: OnBootPhase_600_com.android.server.media.metrics.MediaMetricsManagerService
11-07 19:45:03.694  1375  1375 V SystemServerTiming: OnBootPhase_600_com.android.server.media.metrics.MediaMetricsManagerService took to complete: 0ms
11-07 19:45:03.694  1375  1375 D SystemServerTiming: OnBootPhase_600_com.android.server.pm.BackgroundInstallControlService
11-07 19:45:03.694  1375  1375 V SystemServerTiming: OnBootPhase_600_com.android.server.pm.BackgroundInstallControlService took to complete: 0ms
11-07 19:45:03.694  1375  1375 D SystemServerTiming: OnBootPhase_600_com.android.server.media.projection.MediaProjectionManagerService
11-07 19:45:03.694  1375  1375 V SystemServerTiming: OnBootPhase_600_com.android.server.media.projection.MediaProjectionManagerService took to complete: 0ms
11-07 19:45:03.694  1375  1375 D SystemServerTiming: OnBootPhase_600_com.android.server.slice.SliceManagerService$Lifecycle
11-07 19:45:03.694  1375  1375 V SystemServerTiming: OnBootPhase_600_com.android.server.slice.SliceManagerService$Lifecycle took to complete: 0ms
11-07 19:45:03.694  1375  1375 D SystemServerTiming: OnBootPhase_600_com.android.server.stats.StatsCompanion$Lifecycle
11-07 19:45:03.694     0     0 E init    : Control message: Could not find 'vendor.qti.hardware.iop@2.0::IIop/default' for ctl.interface_start from pid: 469 (/system/bin/hwservicemanager)
11-07 19:45:03.694     0     0 I msm_vidc: high: 00000001: h264e: Closed video instance: 00000000cbd48bc5
11-07 19:45:03.711  1375  1375 V SystemServerTiming: OnBootPhase_600_com.android.server.stats.StatsCompanion$Lifecycle took to complete: 17ms
11-07 19:45:03.711  1375  1375 D SystemServerTiming: OnBootPhase_600_com.android.server.scheduling.RebootReadinessManagerService$Lifecycle
11-07 19:45:03.711  1375  1375 V SystemServerTiming: OnBootPhase_600_com.android.server.scheduling.RebootReadinessManagerService$Lifecycle took to complete: 0ms
11-07 19:45:03.711  1375  1375 D SystemServerTiming: OnBootPhase_600_com.android.server.stats.pull.StatsPullAtomService
11-07 19:45:03.711  1375  1375 V SystemServerTiming: OnBootPhase_600_com.android.server.stats.pull.StatsPullAtomService took to complete: 0ms
11-07 19:45:03.711  1375  1375 D SystemServerTiming: OnBootPhase_600_com.android.server.stats.bootstrap.StatsBootstrapAtomService$Lifecycle
11-07 19:45:03.711  1375  1375 V SystemServerTiming: OnBootPhase_600_com.android.server.stats.bootstrap.StatsBootstrapAtomService$Lifecycle took to complete: 0ms
11-07 19:45:03.711  1375  1375 D SystemServerTiming: OnBootPhase_600_com.android.server.incident.IncidentCompanionService
11-07 19:45:03.711  1375  1375 V SystemServerTiming: OnBootPhase_600_com.android.server.incident.IncidentCompanionService took to complete: 0ms
11-07 19:45:03.711  1375  1375 D SystemServerTiming: OnBootPhase_600_com.android.server.sdksandbox.SdkSandboxManagerService$Lifecycle
11-07 19:45:03.711  1375  1375 V SystemServerTiming: OnBootPhase_600_com.android.server.sdksandbox.SdkSandboxManagerService$Lifecycle took to complete: 0ms
11-07 19:45:03.711  1375  1375 D SystemServerTiming: OnBootPhase_600_com.android.server.adservices.AdServicesManagerService$Lifecycle
11-07 19:45:03.712  1375  1375 V SystemServerTiming: OnBootPhase_600_com.android.server.adservices.AdServicesManagerService$Lifecycle took to complete: 0ms
11-07 19:45:03.712  1375  1375 D SystemServerTiming: OnBootPhase_600_com.android.server.ondevicepersonalization.OnDevicePersonalizationSystemService$Lifecycle
11-07 19:45:03.712  1375  1375 V SystemServerTiming: OnBootPhase_600_com.android.server.ondevicepersonalization.OnDevicePersonalizationSystemService$Lifecycle took to complete: 0ms
11-07 19:45:03.712  1375  1375 D SystemServerTiming: OnBootPhase_600_com.android.server.MmsServiceBroker
11-07 19:45:03.712  1375  1375 V SystemServerTiming: OnBootPhase_600_com.android.server.MmsServiceBroker took to complete: 0ms
11-07 19:45:03.712  1375  1375 D SystemServerTiming: OnBootPhase_600_com.android.server.selectiontoolbar.SelectionToolbarManagerService
11-07 19:45:03.712  1375  1415 D StatsPullAtomService: Registering NetworkStats pullers with statsd
11-07 19:45:03.712  1375  1375 V SystemServerTiming: OnBootPhase_600_com.android.server.selectiontoolbar.SelectionToolbarManagerService took to complete: 0ms
11-07 19:45:03.712  1375  1375 D SystemServerTiming: OnBootPhase_600_com.android.server.clipboard.ClipboardService
11-07 19:45:03.712  1375  1375 V SystemServerTiming: OnBootPhase_600_com.android.server.clipboard.ClipboardService took to complete: 0ms
11-07 19:45:03.712  1375  1375 D SystemServerTiming: OnBootPhase_600_com.android.server.appbinding.AppBindingService$Lifecycle
11-07 19:45:03.713  1375  1375 V SystemServerTiming: OnBootPhase_600_com.android.server.appbinding.AppBindingService$Lifecycle took to complete: 0ms
11-07 19:45:03.713  1375  1375 D SystemServerTiming: OnBootPhase_600_com.android.server.tracing.TracingServiceProxy
11-07 19:45:03.713  1375  1375 V SystemServerTiming: OnBootPhase_600_com.android.server.tracing.TracingServiceProxy took to complete: 0ms
11-07 19:45:03.713  1375  1375 D SystemServerTiming: OnBootPhase_600_com.android.server.policy.PermissionPolicyService
11-07 19:45:03.713  1375  1375 V SystemServerTiming: OnBootPhase_600_com.android.server.policy.PermissionPolicyService took to complete: 0ms
11-07 19:45:03.713  1375  1375 D SystemServerTiming: OnBootPhase_600_com.android.server.pm.StagingManager$Lifecycle
11-07 19:45:03.713  1375  1375 V SystemServerTiming: OnBootPhase_600_com.android.server.pm.StagingManager$Lifecycle took to complete: 0ms
11-07 19:45:03.713  1375  1375 D SystemServerTiming: OnBootPhase_600_com.android.server.app.GameManagerService$Lifecycle
11-07 19:45:03.713  1375  1375 V SystemServerTiming: OnBootPhase_600_com.android.server.app.GameManagerService$Lifecycle took to complete: 0ms
11-07 19:45:03.713  1375  1375 D SystemServerTiming: OnBootPhase_600_com.android.safetycenter.SafetyCenterService
11-07 19:45:03.713  1375  1375 V SystemServerTiming: OnBootPhase_600_com.android.safetycenter.SafetyCenterService took to complete: 0ms
11-07 19:45:03.713  1375  1375 D SystemServerTiming: OnBootPhase_600_com.android.server.appsearch.AppSearchModule$Lifecycle
11-07 19:45:03.713  1375  1375 V SystemServerTiming: OnBootPhase_600_com.android.server.appsearch.AppSearchModule$Lifecycle took to complete: 0ms
11-07 19:45:03.713  1375  1375 D SystemServerTiming: OnBootPhase_600_com.android.server.media.MediaCommunicationService
11-07 19:45:03.713  1375  1375 V SystemServerTiming: OnBootPhase_600_com.android.server.media.MediaCommunicationService took to complete: 0ms
11-07 19:45:03.713  1375  1375 D SystemServerTiming: OnBootPhase_600_com.android.server.compat.overrides.AppCompatOverridesService$Lifecycle
11-07 19:45:03.713  1375  1375 V SystemServerTiming: OnBootPhase_600_com.android.server.compat.overrides.AppCompatOverridesService$Lifecycle took to complete: 0ms
11-07 19:45:03.713  1375  1375 D SystemServerTiming: OnBootPhase_600_com.android.server.healthconnect.HealthConnectManagerService
11-07 19:45:03.713  1375  1375 V SystemServerTiming: OnBootPhase_600_com.android.server.healthconnect.HealthConnectManagerService took to complete: 0ms
11-07 19:45:03.713  1375  1375 D SystemServerTiming: OnBootPhase_600_com.android.server.devicelock.DeviceLockService
11-07 19:45:03.713  1375  1375 D DeviceLockService: onBootPhase: 600
11-07 19:45:03.713  1375  1375 V SystemServerTiming: OnBootPhase_600_com.android.server.devicelock.DeviceLockService took to complete: 0ms
11-07 19:45:03.713  1375  1375 D SystemServerTiming: OnBootPhase_600_com.android.internal.car.CarServiceHelperService
11-07 19:45:03.713  1375  1375 D CarServiceHelper: onBootPhase: 600
11-07 19:45:03.713  1375  1375 D CarServiceHelper: onBootPhase.3pApps
11-07 19:45:03.714  1375  1375 D CarServiceHelper: setupAndStartUsers
11-07 19:45:03.714  1375  1375 V CarServiceHelper: setupAndStartUsers took to complete: 0ms
11-07 19:45:03.714  1375  1375 V CarServiceHelper: onBootPhase.3pApps took to complete: 0ms
11-07 19:45:03.714  1375  1375 V SystemServerTiming: OnBootPhase_600_com.android.internal.car.CarServiceHelperService took to complete: 1ms
11-07 19:45:03.714  1375  1375 V SystemServerTiming: OnBootPhase_600 took to complete: 224ms
11-07 19:45:03.714  1375  1375 V SystemServerTiming: PhaseThirdPartyAppsCanStart took to complete: 224ms
11-07 19:45:03.714  1375  1375 D SystemServerTiming: HsumBootUserInitializer.systemRunning
11-07 19:45:03.714  1375  1375 I HsumBootUserInitializer: Unlocking system user
11-07 19:45:03.714  1375  1375 D SystemServerTiming: unlock-system-user
11-07 19:45:03.714  1375  1375 D SystemServerTiming: am.startUser
11-07 19:45:03.714  1375  1375 D SystemServerTiming: UserController.startUser-0-bg-start-mode-2
11-07 19:45:03.715  1375  1375 D SystemServerTiming: getStartedUserState
11-07 19:45:03.715  1375  1375 V SystemServerTiming: getStartedUserState took to complete: 0ms
11-07 19:45:03.715  1375  1375 D SystemServerTiming: getUserInfo
11-07 19:45:03.715  1375  1375 V SystemServerTiming: getUserInfo took to complete: 0ms
11-07 19:45:03.715  1375  1375 D SystemServerTiming: assignUserToDisplayOnStart
11-07 19:45:03.715  1375  1375 V SystemServerTiming: assignUserToDisplayOnStart took to complete: 0ms
11-07 19:45:03.715  1375  1375 D SystemServerTiming: updateStartedUserArrayStarting
11-07 19:45:03.715  1375  1375 V SystemServerTiming: updateStartedUserArrayStarting took to complete: 1ms
11-07 19:45:03.715  1375  1375 D SystemServerTiming: updateConfigurationAndProfileIds
11-07 19:45:03.715  1375  1375 V SystemServerTiming: updateConfigurationAndProfileIds took to complete: 0ms
11-07 19:45:03.715  1375  1375 D SystemServerTiming: updateStateBooting
11-07 19:45:03.716  1375  1375 D SystemServerTiming: onBeforeStartUser-0
11-07 19:45:03.716  1375  1375 D SystemServerTiming: prepareUserData
11-07 19:45:03.716   485   485 D vold    : fscrypt_prepare_user_storage for volume null, user 0, serial 0, flags 1
11-07 19:45:03.716   485   485 D vold    : Preparing: /data/system/users/0
11-07 19:45:03.717   485   485 D vold    : Preparing: /data/misc/profiles/cur/0
11-07 19:45:03.717   485   485 D vold    : Preparing: /data/system_de/0
11-07 19:45:03.718  1755  1755 I CarServiceUtils: Starting HandlerThread:AidlVehicleStub
11-07 19:45:03.718   485   485 I vold    : Verified that /data/system_de/0 has the encryption policy a50e94b462a0f7212666126db14aa965 v2 modes 1/4 flags 0x12
11-07 19:45:03.718   485   485 D vold    : Preparing: /data/vendor_de/0
11-07 19:45:03.718   485   485 I vold    : Verified that /data/vendor_de/0 has the encryption policy a50e94b462a0f7212666126db14aa965 v2 modes 1/4 flags 0x12
11-07 19:45:03.718   485   485 D vold    : Preparing: /data/misc_de/0
11-07 19:45:03.719   485   485 I vold    : Verified that /data/misc_de/0 has the encryption policy a50e94b462a0f7212666126db14aa965 v2 modes 1/4 flags 0x12
11-07 19:45:03.719   485   485 D vold    : Preparing: /data/user_de/0
11-07 19:45:03.719   485   485 I vold    : Verified that /data/user_de/0 has the encryption policy a50e94b462a0f7212666126db14aa965 v2 modes 1/4 flags 0x12
11-07 19:45:03.719   485   485 D vold    : /system/bin/vold_prepare_subdirs
11-07 19:45:03.719   485   485 D vold    :     prepare
11-07 19:45:03.719   485   485 D vold    :     
11-07 19:45:03.719   485   485 D vold    :     0
11-07 19:45:03.719   485   485 D vold    :     1
11-07 19:45:03.722  1755  1755 I CAR.SERVICE: No AIDL vehicle HAL found, fall back to HIDL version
11-07 19:45:03.731     0     0 I binder  : 1755:1755 ioctl 40046210 7ff346f3e4 returned -22
11-07 19:45:03.728  1755  1755 V CAR.InitTiming: getVehicle took to complete: 16ms
11-07 19:45:03.729  1755  1755 I CAR.SERVICE: Connected to android.hardware.automotive.vehicle@2.0::IVehicle
11-07 19:45:03.748  1375  1726 D CompatibilityChangeReporter: Compat change id reported: 135634846; UID 10100; state: DISABLED
11-07 19:45:03.748  1375  1726 D CompatibilityChangeReporter: Compat change id reported: 177438394; UID 10100; state: DISABLED
11-07 19:45:03.748  1375  1726 D CompatibilityChangeReporter: Compat change id reported: 135772972; UID 10100; state: DISABLED
11-07 19:45:03.748  1375  1726 D CompatibilityChangeReporter: Compat change id reported: 135754954; UID 10100; state: ENABLED
11-07 19:45:03.748  1375  1726 D CompatibilityChangeReporter: Compat change id reported: 207557677; UID 10100; state: ENABLED
11-07 19:45:03.755  1755  1755 I CarOemProxyService: Oem Car Service Config. Connection timeout:5000, Service Ready timeout:5000, component Name:
11-07 19:45:03.756  1755  1755 I CarOemProxyService: **CarOemService is disabled.**
11-07 19:45:03.756  1755  1755 V CAR.InitTiming: CarOemProxyService took to complete: 4ms
11-07 19:45:03.756  1755  1755 I CarServiceUtils: Starting HandlerThread:VehicleHal
11-07 19:45:03.765  1755  1755 I CarServiceUtils: Starting HandlerThread:PropertyHalService
11-07 19:45:03.767  1755  1755 I CarServiceUtils: Starting HandlerThread:VmsHalService
11-07 19:45:03.768  1755  1755 I CAR.VmsHalService: Metrics collection disabled
11-07 19:45:03.769  1755  1755 I CarServiceUtils: Starting HandlerThread:UserService
11-07 19:45:03.769  1375  1401 I ActivityManager: Process WebViewLoader-armeabi-v7a (pid 1744) has died: psvc PER 
11-07 19:45:03.772  1375  1407 D DisplayManagerService: Drop pending events for gone uid 1037
11-07 19:45:03.775  1755  1755 V CAR.InitTiming: VehicleHal took to complete: 18ms
11-07 19:45:03.776  1755  1755 D CAR.HidlVehicleStub: Use getAllPropConfigs to fetch all property configs
11-07 19:45:03.780  1755  1755 I CarServiceUtils: Starting HandlerThread:CarFeatureController
11-07 19:45:03.781  1755  1755 I CarFeatureController: mDefaultEnabledFeaturesFromConfig:[car_navigation_service, car_telemetry_service, cluster_service, com.android.car.user.CarUserNoticeService, diagnostic, storage_monitoring, vehicle_map_service],mDisabledFeaturesFromVhal:[]
11-07 19:45:03.782  1375  1375 V UserDataPreparer: Found /data/user_de/0 with serial number 0
11-07 19:45:03.782  1755  1755 I CarFeatureController: Loaded features:[car_device_policy_service, hvac, storage_monitoring, cabin, car-service-test, vehicle_map_service, uxrestriction, com.android.car.user.CarUserNoticeService, car_navigation_service, drivingstate, property, audio, power, projection, diagnostic, car_occupant_zone_service, info, car_bugreport, car_media, app_focus, package, car_watchdog, vendor_extension, car_bluetooth, car_performance, car_user_service, cluster_service, car_activity_service, android.car.input, car_telemetry_service, sensor]
11-07 19:45:03.782  1375  1375 V UserDataPreparer: Found /data/system_de/0 with serial number 0
11-07 19:45:03.783  1755  1755 V CAR.InitTiming: CarFeatureController took to complete: 3ms
11-07 19:45:03.783  1375  1375 V SystemServerTiming: prepareUserData took to complete: 67ms
11-07 19:45:03.783  1375  1375 D SystemServerTiming: reconcileAppsData
11-07 19:45:03.783  1375  1375 V PackageManager: reconcileAppsData for null u0 0x1 migrateAppData=false
11-07 19:45:03.784  1755  1755 I CarServiceUtils: Starting HandlerThread:CarPropertyService
11-07 19:45:03.784  1755  1755 V CAR.InitTiming: CarPropertyService took to complete: 1ms
11-07 19:45:03.785  1755  1755 I CarServiceUtils: Starting HandlerThread:CarDrivingStateService
11-07 19:45:03.785  1755  1755 V CAR.InitTiming: CarDrivingStateService took to complete: 1ms
11-07 19:45:03.786  1375  1375 W PackageManager: Skipping preparing app data for com.android.sdksandbox
11-07 19:45:03.787  1755  1755 I CarServiceUtils: Starting HandlerThread:CarOccupantZoneService
11-07 19:45:03.787  1755  1755 V CAR.InitTiming: CarOccupantZoneService took to complete: 2ms
11-07 19:45:03.788  1755  1755 I CarServiceUtils: Starting HandlerThread:CarUxRestrictionsManagerService
11-07 19:45:03.779     0     0 E init    : Control message: Could not find 'vendor.qti.hardware.iop@2.0::IIop/default' for ctl.interface_start from pid: 469 (/system/bin/hwservicemanager)
11-07 19:45:03.790  1755  1755 V CAR.InitTiming: CarUxRestrictionsManagerService took to complete: 2ms
11-07 19:45:03.791  1755  1755 I CarServiceUtils: Starting HandlerThread:SystemActivityMonitoringService
11-07 19:45:03.792  1755  1755 V CAR.InitTiming: CarActivityService took to complete: 1ms
11-07 19:45:03.793  1755  1755 I CarServiceUtils: Starting HandlerThread:CarPackageManagerService
11-07 19:45:03.795  1755  1755 V CAR.InitTiming: CarPackageManagerService took to complete: 2ms
11-07 19:45:03.798  1755  1755 I CarServiceUtils: Starting HandlerThread:UserService.BG
11-07 19:45:03.801  1755  1755 V CAR.InitTiming: CarUserService took to complete: 5ms
11-07 19:45:03.801  1755  1755 I ICarImpl: VHAL Priority Init Enabled
11-07 19:45:03.801  1755  1755 I ICarImpl: Car User Service Priority Init Enabled
11-07 19:45:03.801  1755  1755 I CAR.HAL : fetchAllPropConfigs already fetched
11-07 19:45:03.810     0     0 I msm_vidc: high: 00000001: ....e: Opening video instance: 000000008bf51aee, 0
11-07 19:45:03.810     0     0 I msm_vidc: err : 00000001: ....e: Unsupported WxH (320)x(240), max supported is (0)x(0)
11-07 19:45:03.810     0     0 I msm_vidc: err : 00000001: ....e: msm_vidc_check_session_supported: Resolution unsupported
11-07 19:45:03.810     0     0 I msm_vidc: err : 00000001: ....e: msm_venc_s_fmt: session not supported
11-07 19:45:03.810     0     0 I msm_vidc: err : 00000001: ....e: msm_vidc_comm_update_ctrl: failed: control name Video B Frames, min 0, max 0, step 0, default_value 0
11-07 19:45:03.805  1755  1755 W CAR.UserHalService: Vehicle HAL does not support user management
11-07 19:45:03.806  1755  1755 D ClusterHalService: initClusterHalService
11-07 19:45:03.806  1755  1755 I CAR.VmsHalService: VmsHalService VHAL property not supported
11-07 19:45:03.808  1755  1755 V CAR.InitTiming: SystemActivityMonitoringService took to complete: 1ms
11-07 19:45:03.810  1755  1755 I CarServiceUtils: Starting HandlerThread:CarPowerManagementService
11-07 19:45:03.814     0     0 I msm_vidc: high: 00000001: h265e: Closed video instance: 000000008bf51aee
11-07 19:45:03.818  1755  1755 W CarPowerManagementService: mEnableBatteryProfile= true
11-07 19:45:03.818  1755  1755 V CAR.InitTiming: CarPowerManagementService took to complete: 10ms
11-07 19:45:03.819  1755  1755 I CarServiceUtils: Starting HandlerThread:CarServiceUtils_COMMON_HANDLER_THREAD
11-07 19:45:03.819  1755  1880 I CAR.InitialUserSetter: Last active user loaded for initial user: 10
11-07 19:45:03.822  1755  1755 V CAR.InitTiming: CarUserNoticeService took to complete: 3ms
11-07 19:45:03.823  1755  1755 I CarServiceUtils: Starting HandlerThread:CarPerUserServiceHelper
11-07 19:45:03.824  1755  1880 I CAR.InitialUserSetter: Setting boot user to: 10
11-07 19:45:03.824  1755  1755 V CAR.InitTiming: CarPerUserServiceHelper took to complete: 1ms
11-07 19:45:03.824  1375  1401 I UserManagerService: setBootUser 10
11-07 19:45:03.824  1755  1755 V CAR.InitTiming: CarBluetoothService took to complete: 1ms
11-07 19:45:03.827  1755  1755 V CAR.InitTiming: CarInputService took to complete: 2ms
11-07 19:45:03.829  1755  1755 V CAR.InitTiming: CarProjectionService took to complete: 2ms
11-07 19:45:03.836     0     0 I msm_vidc: high: 00000001: ....e: Opening video instance: 000000004421a354, 0
11-07 19:45:03.836     0     0 I msm_vidc: err : 00000001: ....e: Unsupported WxH (320)x(240), max supported is (0)x(0)
11-07 19:45:03.836     0     0 I msm_vidc: err : 00000001: ....e: msm_vidc_check_session_supported: Resolution unsupported
11-07 19:45:03.836     0     0 I msm_vidc: err : 00000001: ....e: msm_venc_s_fmt: session not supported
11-07 19:45:03.837     0     0 I msm_vidc: err : 00000001: ....e: msm_vidc_comm_update_ctrl: failed: control name Video B Frames, min 0, max 0, step 0, default_value 0
11-07 19:45:03.841     0     0 I msm_vidc: high: 00000001: h265e: Closed video instance: 000000004421a354
11-07 19:45:03.835  1755  1755 V CAR.InitTiming: GarageModeService took to complete: 6ms
11-07 19:45:03.836  1755  1755 I CarServiceUtils: Starting HandlerThread:AppFocusService
11-07 19:45:03.837  1755  1755 V CAR.InitTiming: AppFocusService took to complete: 1ms
11-07 19:45:03.841  1755  1755 I CarServiceUtils: Starting HandlerThread:CarVolumeCallback
11-07 19:45:03.841  1755  1755 I CarServiceUtils: Starting HandlerThread:CarAudioService
11-07 19:45:03.842  1755  1755 I CarServiceUtils: Starting HandlerThread:CarAudioMediaRequest
11-07 19:45:03.843  1755  1755 I CarServiceUtils: Starting HandlerThread:CarAudioMirrorRequest
11-07 19:45:03.844  1755  1755 V CAR.InitTiming: CarAudioService took to complete: 7ms
11-07 19:45:03.846  1755  1755 V CAR.InitTiming: CarNightService took to complete: 2ms
11-07 19:45:03.847  1755  1755 I CarServiceUtils: Starting HandlerThread:FixedActivityService
11-07 19:45:03.847  1755  1755 V CAR.InitTiming: FixedActivityService took to complete: 1ms
11-07 19:45:03.848  1755  1755 V CAR.InitTiming: ClusterNavigationService took to complete: 1ms
11-07 19:45:03.849  1755  1755 V CAR.InitTiming: InstrumentClusterService took to complete: 1ms
11-07 19:45:03.851  1755  1755 V CAR.InitTiming: CarStatsService took to complete: 1ms
11-07 19:45:03.852  1755  1755 V CAR.InitTiming: VmsBrokerService took to complete: 0ms
11-07 19:45:03.853  1755  1755 V CAR.InitTiming: CarDiagnosticService took to complete: 0ms
11-07 19:45:03.856  1755  1755 V CAR.InitTiming: CarStorageMonitoringService took to complete: 3ms
11-07 19:45:03.857  1755  1755 I CarServiceUtils: Starting HandlerThread:CarLocationService
11-07 19:45:03.859  1755  1755 V CAR.InitTiming: CarLocationService took to complete: 3ms
11-07 19:45:03.860  1755  1755 I CarServiceUtils: Starting HandlerThread:CarMediaService
11-07 19:45:03.863  1755  1755 V CAR.InitTiming: CarMediaService took to complete: 4ms
11-07 19:45:03.864  1755  1755 I CarServiceUtils: Starting HandlerThread:CarBugreportManagerService
11-07 19:45:03.864  1755  1755 V CAR.InitTiming: CarBugreportManagerService took to complete: 1ms
11-07 19:45:03.868  1755  1755 I CarServiceUtils: Starting HandlerThread:CarWatchdogService
11-07 19:45:03.871  1755  1755 V CAR.InitTiming: CarWatchdogService took to complete: 5ms
11-07 19:45:03.872  1755  1755 V CAR.InitTiming: CarPerformanceService took to complete: 1ms
11-07 19:45:03.873  1755  1755 V CAR.InitTiming: CarDevicePolicyService took to complete: 1ms
11-07 19:45:03.875  1755  1755 I CarServiceUtils: Starting HandlerThread:CarTelemetryService
11-07 19:45:03.876  1755  1755 V CAR.InitTiming: CarTelemetryService took to complete: 2ms
11-07 19:45:03.878  1755  1755 V CAR.InitTiming: CarExperimentalFeatureServiceController took to complete: 0ms
11-07 19:45:03.879  1755  1755 I ICarImpl: Initializing CarCellularPowerPolicyHandler
11-07 19:45:03.880  1755  1755 V CAR.InitTiming: ICarImpl.constructor took to complete: 129ms
11-07 19:45:03.880  1755  1755 V CAR.InitTiming: CarOemProxyService took to complete: 0ms
11-07 19:45:03.880  1755  1755 V CAR.InitTiming: VehicleHal took to complete: 0ms
11-07 19:45:03.880  1755  1755 V CAR.InitTiming: CarFeatureController took to complete: 0ms
11-07 19:45:03.882  1755  1755 E CAR.PropertyHalServiceIds: propId is not writable : 0x11100101
11-07 19:45:03.882  1755  1755 E CAR.PropertyHalServiceIds: propId is not writable : 0x11100102
11-07 19:45:03.882  1755  1755 E CAR.PropertyHalServiceIds: propId is not writable : 0x1120030b
11-07 19:45:03.882  1755  1755 E CAR.PropertyHalServiceIds: propId is not writable : 0x11200402
11-07 19:45:03.882  1755  1755 E CAR.PropertyHalServiceIds: propId is not writable : 0x11200405
11-07 19:45:03.882  1755  1755 E CAR.PropertyHalServiceIds: propId is not writable : 0x11200407
11-07 19:45:03.882  1755  1755 E CAR.PropertyHalServiceIds: propId is not writable : 0x11400400
11-07 19:45:03.882  1755  1755 E CAR.PropertyHalServiceIds: propId is not writable : 0x11400401
11-07 19:45:03.882  1755  1755 E CAR.PropertyHalServiceIds: propId is not writable : 0x11400408
11-07 19:45:03.882  1755  1755 E CAR.PropertyHalServiceIds: propId is not writable : 0x11400409
11-07 19:45:03.882  1755  1755 E CAR.PropertyHalServiceIds: propId is not writable : 0x11400e00
11-07 19:45:03.882  1755  1755 E CAR.PropertyHalServiceIds: propId is not writable : 0x11400e01
11-07 19:45:03.882  1755  1755 E CAR.PropertyHalServiceIds: propId is not writable : 0x11400e03
11-07 19:45:03.882  1755  1755 E CAR.PropertyHalServiceIds: propId is not writable : 0x11410105
11-07 19:45:03.882  1755  1755 E CAR.PropertyHalServiceIds: propId is not writable : 0x11410107
11-07 19:45:03.882  1755  1755 E CAR.PropertyHalServiceIds: propId is not writable : 0x11510306
11-07 19:45:03.882  1755  1755 E CAR.PropertyHalServiceIds: propId is not writable : 0x11600104
11-07 19:45:03.882  1755  1755 E CAR.PropertyHalServiceIds: propId is not writable : 0x11600106
11-07 19:45:03.882  1755  1755 E CAR.PropertyHalServiceIds: propId is not writable : 0x11600204
11-07 19:45:03.882  1755  1755 E CAR.PropertyHalServiceIds: propId is not writable : 0x11600207
11-07 19:45:03.882  1755  1755 E CAR.PropertyHalServiceIds: propId is not writable : 0x11600305
11-07 19:45:03.882  1755  1755 E CAR.PropertyHalServiceIds: propId is not writable : 0x11600307
11-07 19:45:03.882  1755  1755 E CAR.PropertyHalServiceIds: propId is not writable : 0x11600309
11-07 19:45:03.882  1755  1755 E CAR.PropertyHalServiceIds: propId is not writable : 0x1160030c
11-07 19:45:03.882  1755  1755 E CAR.PropertyHalServiceIds: propId is not writable : 0x1540010a
11-07 19:45:03.882  1755  1755 E CAR.PropertyHalServiceIds: propId is not writable : 0x17600309
11-07 19:45:03.882  1755  1755 E CAR.PropertyHalServiceIds: propId is not writable : 0x21400f43
11-07 19:45:03.882  1755  1755 E CAR.PropertyHalServiceIds: propId is not writable : 0x21400f46
11-07 19:45:03.882  1755  1755 E CAR.PropertyHalServiceIds: propId is not writable : 0x21400f48
11-07 19:45:03.882  1755  1755 E CAR.PropertyHalServiceIds: propId is not writable : 0x21400f4a
11-07 19:45:03.882  1755  1755 E CAR.PropertyHalServiceIds: propId is not writable : 0x21600f49
11-07 19:45:03.882  1755  1755 E CAR.PropertyHalServiceIds: propId is not writable : 0x21600f50
11-07 19:45:03.883  1755  1755 E CAR.PropertyHalServiceIds: propId is not writable : 0x21600f51
11-07 19:45:03.883  1755  1755 E CAR.PropertyHalServiceIds: propId is not writable : 0x21600f52
11-07 19:45:03.883  1755  1755 E CAR.PropertyHalServiceIds: propId is not writable : 0x21600f53
11-07 19:45:03.883  1755  1755 E CAR.PropertyHalServiceIds: propId is not writable : 0x21600f54
11-07 19:45:03.883  1755  1755 E CAR.PropertyHalServiceIds: propId is not writable : 0x21600f55
11-07 19:45:03.883  1755  1755 E CAR.PropertyHalServiceIds: propId is not writable : 0x27200f4d
11-07 19:45:03.883  1755  1755 E CAR.PropertyHalServiceIds: propId is not writable : 0x27200f4e
11-07 19:45:03.883  1755  1755 E CAR.PropertyHalServiceIds: propId is not writable : 0x27600f4b
11-07 19:45:03.883  1755  1755 E CAR.PropertyHalServiceIds: propId is not writable : 0x27600f4c
11-07 19:45:03.883  1755  1755 V CAR.InitTiming: CarPropertyService took to complete: 3ms
11-07 19:45:03.893  1755  1755 V CAR.InitTiming: CarDrivingStateService took to complete: 11ms
11-07 19:45:03.896  1755  1755 W CarOccupantZoneService: No default display configuration, will assign to zone:0
11-07 19:45:03.896  1755  1755 W CarOccupantZoneService: No input type was defined for displayType:1  and occupantZoneId:0
11-07 19:45:03.898  1755  1755 V CAR.InitTiming: CarOccupantZoneService took to complete: 4ms
11-07 19:45:03.898  1755  1755 I CarUxRestrictionsManagerService: initDisplayIdsLocked: adding display: 0
11-07 19:45:03.898  1755  1755 I CarUxRestrictionsManagerService: initDisplayIdsLocked: setting default display id by zone to {occupantZoneId=0 displayType=1}
11-07 19:45:03.906  1755  1755 V CAR.InitTiming: CarUxRestrictionsManagerService took to complete: 9ms
11-07 19:45:03.906  1755  1755 V CAR.InitTiming: CarActivityService took to complete: 0ms
11-07 19:45:03.907  1755  1755 V CAR.InitTiming: CarPackageManagerService took to complete: 0ms
11-07 19:45:03.907  1755  1755 V CAR.InitTiming: CarUserService took to complete: 0ms
11-07 19:45:03.908  1755  1891 I CAR.VendorServiceController: Found 0 services to be started/bound
11-07 19:45:03.908  1755  1755 V CAR.InitTiming: SystemActivityMonitoringService took to complete: 1ms
11-07 19:45:03.909  1755  1755 W CAR.PolicyReader: Proceed without registered policies: failed to parse /vendor/etc/automotive/power_policy.xml: java.io.FileNotFoundException: /vendor/etc/automotive/power_policy.xml: open failed: ENOENT (No such file or directory)
11-07 19:45:03.910  1755  1755 W CAR.PolicyReader: readPowerPolicyFromXml :: system_power_policy_battery_profile_critical_on
11-07 19:45:03.910  1755  1755 W CAR.PolicyReader: Updated system power policy:: system_power_policy_battery_profile_critical_on
11-07 19:45:03.912  1755  1755 W CAR.PolicyReader: readPowerPolicyFromXml :: system_power_policy_battery_profile_low_on
11-07 19:45:03.912  1755  1755 W CAR.PolicyReader: Updated system power policy:: system_power_policy_battery_profile_low_on
11-07 19:45:03.925  1755  1900 I CarPowerManagementService: doHandlePowerStateChange: newState=WAIT_FOR_VHAL(0)
11-07 19:45:03.925  1755  1900 I CarPowerManagementService: setCurrentState CpmsState canPostpone=false, carPowerStateListenerState=1, mShutdownType=1, CpmsState=WAIT_FOR_VHAL(0)
11-07 19:45:03.926  1755  1900 I CarPowerManagementService: Applying the default power policy for WAIT_FOR_VHAL
11-07 19:45:03.928  1375  1401 I PowerManagerService: Allowing device wake-up from app com.android.car
11-07 19:45:03.930  1755  1755 I DisplayInterface: Refreshing percent brightness(from Setting) to 82
11-07 19:45:03.930  1755  1900 I CAR.POWER: on display 0
11-07 19:45:03.930  1755  1900 E CarPowerManagementService: Failed to notify car power policy daemon: the daemon is not ready
11-07 19:45:03.931  1755  1900 I CarPowerManagementService: The current power policy is system_power_policy_initial_on
11-07 19:45:03.931  1755  1900 W CarPowerManagementService: Failed to cancel system power policy: the current policy is not the system power policy
11-07 19:45:03.931  1755  1900 I CAR.POWER: send wait for vhal
11-07 19:45:03.931  1755  1755 I CAR.POWER: send display brightness = 82
11-07 19:45:03.932  1755  1900 I CAR.POWER: setPowerState=WAIT_FOR_VHAL(1) param=0
11-07 19:45:03.933  1755  1755 I CarPowerManagementService: Connected to car power policy daemon
11-07 19:45:03.933  1755  1755 I CarPowerManagementService: CPMS is taking control from carpowerpolicyd
11-07 19:45:03.934  1755  1755 I CarPowerManagementService: CPMS applied power policy(system_power_policy_initial_on) before connecting to the daemon. Notifying to the daemon...
11-07 19:45:03.934  1755  1755 W CarPowerManagementService: Failed to set power policy group:  is not registered
11-07 19:45:03.934  1755  1755 W CarPowerManagementService: Failed to set power policy group
11-07 19:45:03.934  1755  1755 W CAR.SilentModeHandler: Failed to start monitoring Silent Mode HW state: /sys/power/pm_silentmode_hw_state doesn't exist
11-07 19:45:03.934  1755  1755 V CAR.InitTiming: CarPowerManagementService took to complete: 26ms
11-07 19:45:03.936  1755  1755 V CAR.InitTiming: CarUserNoticeService took to complete: 1ms
11-07 19:45:03.939  1375  1401 D CompatibilityChangeReporter: Compat change id reported: 261072174; UID 1000; state: ENABLED
11-07 19:45:03.939  1755  1755 V CAR.InitTiming: CarPerUserServiceHelper took to complete: 4ms
11-07 19:45:03.939  1755  1755 V CAR.InitTiming: CarBluetoothService took to complete: 0ms
11-07 19:45:03.939  1755  1755 D CAR.INPUT: Hal supports key input.
11-07 19:45:03.940  1755  1755 V CAR.InitTiming: CarInputService took to complete: 1ms
11-07 19:45:03.941  1755  1755 V CAR.InitTiming: CarProjectionService took to complete: 0ms
11-07 19:45:03.941  1755  1755 V CAR.InitTiming: GarageModeService took to complete: 0ms
11-07 19:45:03.941  1755  1755 V CAR.InitTiming: AppFocusService took to complete: 0ms
11-07 19:45:03.941  1755  1755 I CAR.AUDIO: Audio dynamic routing not enabled, run in legacy mode
11-07 19:45:03.943  1755  1867 I CAR.POWER: Received AP_POWER_STATE_REQ=ON(0) param=0
11-07 19:45:03.943  1755  1900 I CarPowerManagementService: doHandlePowerStateChange: newState=ON(1)
11-07 19:45:03.943  1755  1900 I CarPowerManagementService: setCurrentState CpmsState canPostpone=false, carPowerStateListenerState=6, mShutdownType=0, CpmsState=ON(1)
11-07 19:45:03.944  1755  1900 W CarPowerManagementService: Failed to cancel system power policy: the current policy is not the system power policy
11-07 19:45:03.945  1755  1900 W CarPowerManagementService: Failed to cancel system power policy: the current policy is not the system power policy
11-07 19:45:03.945  1755  1900 I CarPowerManagementService: Applying the default power policy for ON
11-07 19:45:03.947  1755  1900 I CarPowerManagementService: The current power policy is system_power_policy_all_on
11-07 19:45:03.947  1755  1900 I CarPowerManagementService: Applying the default power policy for ON
11-07 19:45:03.947  1755  1900 I CarPowerManagementService: The current power policy is system_power_policy_all_on
11-07 19:45:03.948  1755  1900 I CAR.POWER: send on
11-07 19:45:03.948  1755  1900 I CAR.POWER: setPowerState=ON(6) param=0
11-07 19:45:03.948  1755  1900 D CarPowerManagementService: handleOn(): called on boot
11-07 19:45:03.951  1755  1755 V CAR.InitTiming: CarAudioService took to complete: 10ms
11-07 19:45:03.954  1755  1755 W CAR.SENSOR: Failed to get value of NIGHT_MODE
11-07 19:45:03.955  1375  1593 I ActivityTaskManager: Config changes=200 {1.0 ?mcc0mnc [en_US] ldltr sw720dp w720dp h1280dp 160dpi xlrg long port car night finger -keyb/h/h -nav/h winConfig={ mBounds=Rect(0, 0 - 720, 1280) mAppBounds=Rect(0, 0 - 720, 1280) mMaxBounds=Rect(0, 0 - 720, 1280) mDisplayRotation=ROTATION_0 mWindowingMode=fullscreen mDisplayWindowingMode=fullscreen mActivityType=undefined mAlwaysOnTop=undefined mRotation=ROTATION_0} s.10 fontWeightAdjustment=0}
11-07 19:45:03.957  1375  1593 I WindowManager: Override config changes=200 {1.0 ?mcc0mnc [en_US] ldltr sw720dp w720dp h1280dp 160dpi xlrg long port car night finger -keyb/h/h -nav/h winConfig={ mBounds=Rect(0, 0 - 720, 1280) mAppBounds=Rect(0, 0 - 720, 1280) mMaxBounds=Rect(0, 0 - 720, 1280) mDisplayRotation=ROTATION_0 mWindowingMode=fullscreen mDisplayWindowingMode=fullscreen mActivityType=undefined mAlwaysOnTop=undefined mRotation=ROTATION_0} s.10 fontWeightAdjustment=0} for displayId=0
11-07 19:45:03.959  1755  1755 V CAR.InitTiming: CarNightService took to complete: 9ms
11-07 19:45:03.959  1755  1755 V CAR.InitTiming: FixedActivityService took to complete: 0ms
11-07 19:45:03.960  1755  1884 I CAR.SENSOR: Set dayNight Mode as false at timestamp: 0
11-07 19:45:03.960  1755  1755 V CAR.InitTiming: ClusterNavigationService took to complete: 0ms
11-07 19:45:03.961  1375  1593 I ActivityTaskManager: Config changes=200 {1.0 ?mcc0mnc [en_US] ldltr sw720dp w720dp h1280dp 160dpi xlrg long port car finger -keyb/h/h -nav/h winConfig={ mBounds=Rect(0, 0 - 720, 1280) mAppBounds=Rect(0, 0 - 720, 1280) mMaxBounds=Rect(0, 0 - 720, 1280) mDisplayRotation=ROTATION_0 mWindowingMode=fullscreen mDisplayWindowingMode=fullscreen mActivityType=undefined mAlwaysOnTop=undefined mRotation=ROTATION_0} s.13 fontWeightAdjustment=0}
11-07 19:45:03.961  1755  1755 V CAR.InitTiming: InstrumentClusterService took to complete: 2ms
11-07 19:45:03.962  1375  1593 I WindowManager: Override config changes=200 {1.0 ?mcc0mnc [en_US] ldltr sw720dp w720dp h1280dp 160dpi xlrg long port car finger -keyb/h/h -nav/h winConfig={ mBounds=Rect(0, 0 - 720, 1280) mAppBounds=Rect(0, 0 - 720, 1280) mMaxBounds=Rect(0, 0 - 720, 1280) mDisplayRotation=ROTATION_0 mWindowingMode=fullscreen mDisplayWindowingMode=fullscreen mActivityType=undefined mAlwaysOnTop=undefined mRotation=ROTATION_0} s.13 fontWeightAdjustment=0} for displayId=0
11-07 19:45:03.965  1755  1755 V CAR.InitTiming: CarStatsService took to complete: 4ms
11-07 19:45:03.965  1755  1755 V CAR.InitTiming: VmsBrokerService took to complete: 0ms
11-07 19:45:03.965  1755  1755 V CAR.InitTiming: CarDiagnosticService took to complete: 0ms
11-07 19:45:03.965  1755  1755 D CarStorageMonitoringService: CarStorageMonitoringService init()
11-07 19:45:03.967  1755  1755 V CAR.InitTiming: CarStorageMonitoringService took to complete: 1ms
11-07 19:45:03.969  1755  1755 V CAR.InitTiming: CarLocationService took to complete: 2ms
11-07 19:45:03.969  1755  1755 V CAR.InitTiming: CarMediaService took to complete: 1ms
11-07 19:45:03.969  1755  1755 V CAR.InitTiming: CarBugreportManagerService took to complete: 0ms
11-07 19:45:03.977  1755  1755 V CAR.InitTiming: CarWatchdogService took to complete: 7ms
11-07 19:45:03.977  1755  1755 V CAR.InitTiming: CarPerformanceService took to complete: 0ms
11-07 19:45:03.977  1755  1755 D CarDevicePolicyService: init()
11-07 19:45:03.978  1755  1755 V CAR.InitTiming: CarDevicePolicyService took to complete: 1ms
11-07 19:45:03.978  1755  1755 V CAR.InitTiming: CarTelemetryService took to complete: 1ms
11-07 19:45:03.978  1755  1926 I CAR.WatchdogStorage: Deleted 0 user package settings db rows while syncing with alive users
11-07 19:45:03.980  1755  1926 I CarWatchdogService: Read 12 user package settings from database
11-07 19:45:03.981  1375  1401 D CompatibilityChangeReporter: Compat change id reported: 135634846; UID 1000; state: DISABLED
11-07 19:45:03.981  1375  1401 D CompatibilityChangeReporter: Compat change id reported: 177438394; UID 1000; state: DISABLED
11-07 19:45:03.981  1375  1401 D CompatibilityChangeReporter: Compat change id reported: 135772972; UID 1000; state: DISABLED
11-07 19:45:03.981  1375  1401 D CompatibilityChangeReporter: Compat change id reported: 135754954; UID 1000; state: ENABLED
11-07 19:45:03.983  1755  1755 V CAR.InitTiming: CarExperimentalFeatureServiceController took to complete: 4ms
11-07 19:45:03.983  1755  1755 V CAR.InitTiming: CarOemService.initComplete took to complete: 0ms
11-07 19:45:03.983  1755  1755 V CAR.InitTiming: CarService.initAllServices took to complete: 103ms
11-07 19:45:03.983  1755  1926 I CarWatchdogService: Read 0 I/O usage stats from database
11-07 19:45:03.983  1755  1755 V CAR.InitTiming: ICarImpl.init took to complete: 104ms
11-07 19:45:03.986  1755  1926 I CarWatchdogService: Read 1 not forgiven overuse stats from database
11-07 19:45:03.988  1755  1755 V CAR.InitTiming: CarService.onCreate took to complete: 276ms
11-07 19:45:03.996     0     0 I init    : processing action (boot.car_service_created=1) from (/system/etc/init/com.android.car.procfsinspector.rc:7)
